I0607 15:00:40.931219 184164352 cuckoo_watch.h:45] 40ms in ProcessBatch(school_batches/aaaaac.batch) [including 6ms in LoadMessage; 0ms in InitializeTheta; 0ms in CreateRegularizerAgents; 0ms in InitializeSparseNdw; 15ms in InferThetaAndUpdateNwtSparse; 11ms in CalculateScore(PerplexityScore); 0ms in CalculateScore(SparsityThetaScore); 5ms in CalculateScore(^^^ItemsProcessedScore^^^); ]
I0607 15:00:40.932572 215057856 master_component.cc:1455] NormalizeModelArgs: pwt_target_name=pwt, nwt_source_name=nwt, rwt_source_name=
I0607 15:00:40.932591 215057856 master_component.cc:1005] MasterComponent: start normalizing model nwt
I0607 15:00:40.955871 184164352 processor.cc:74] No data in processing queue, waiting...
I0607 15:00:40.962308 215057856 master_component.cc:1033] MasterComponent: complete normalizing model nwt
I0607 15:00:40.975406 215057856 master_component.cc:1479] DisposeModel rwt
I0607 15:00:40.975420 215057856 master_component.cc:1058] FitOffline: ItemsProcessed, num_items=476, num_batches=5, token_weight=160411, token_weight_in_effect=160411
I0607 15:00:40.975608 215057856 c_interface.cc:389] Pass FitOfflineMasterModelArgs, batch_filename_size=5, batch_weight_size=5, num_collection_passes=1, reset_nwt=yes to MN4artm4core15MasterComponentEFvRKNS_25FitOfflineMasterModelArgsEE
I0607 15:00:40.975620 215057856 master_component.cc:1404] ProcessBatchesArgs: nwt_target_name=nwt, batch_filename_size=5, batch_size=0, batch_weight_size=5, pwt_source_name=pwt, num_document_passes=10, reuse_theta=no, opt_for_avx=yes, predict_class_id=, reset_nwt=yes
I0607 15:00:40.981164 185774080 processor.cc:81] Processing queue has data, processing started
I0607 15:00:40.981164 185237504 processor.cc:81] Processing queue has data, processing started
I0607 15:00:40.981199 184164352 processor.cc:81] Processing queue has data, processing started
I0607 15:00:40.981199 184700928 processor.cc:81] Processing queue has data, processing started
I0607 15:00:40.985469 184164352 processor.cc:158] Processor: start processing batch bd24395f-a050-4b09-a2f5-39d337dd02c6 into model nwt
I0607 15:00:40.985752 185774080 processor.cc:158] Processor: start processing batch 33803e03-f25c-44f7-934c-dfe173a3f002 into model nwt
I0607 15:00:40.985811 184700928 processor.cc:158] Processor: start processing batch 11c0f3ec-eb0e-46d1-bdc6-50fb15a8abde into model nwt
I0607 15:00:40.985821 185237504 processor.cc:158] Processor: start processing batch 6564cc74-f9ea-45d0-a876-ffb7bd748f96 into model nwt
I0607 15:00:41.032419 184164352 processor.cc:292] Processor: complete processing batch bd24395f-a050-4b09-a2f5-39d337dd02c6 into model nwt
I0607 15:00:41.035806 184164352 cuckoo_watch.h:45] 54ms in ProcessBatch(school_batches/aaaaae.batch) [including 4ms in LoadMessage; 0ms in InitializeTheta; 0ms in CreateRegularizerAgents; 1ms in InitializeSparseNdw; 20ms in InferThetaAndUpdateNwtSparse; 16ms in CalculateScore(PerplexityScore); 1ms in CalculateScore(SparsityThetaScore); 7ms in CalculateScore(^^^ItemsProcessedScore^^^); ]
I0607 15:00:41.035966 185774080 processor.cc:292] Processor: complete processing batch 33803e03-f25c-44f7-934c-dfe173a3f002 into model nwt
I0607 15:00:41.038292 184700928 processor.cc:292] Processor: complete processing batch 11c0f3ec-eb0e-46d1-bdc6-50fb15a8abde into model nwt
I0607 15:00:41.038772 185237504 processor.cc:292] Processor: complete processing batch 6564cc74-f9ea-45d0-a876-ffb7bd748f96 into model nwt
I0607 15:00:41.039146 185774080 cuckoo_watch.h:45] 57ms in ProcessBatch(school_batches/aaaaad.batch) [including 4ms in LoadMessage; 0ms in InitializeTheta; 0ms in CreateRegularizerAgents; 1ms in InitializeSparseNdw; 22ms in InferThetaAndUpdateNwtSparse; 17ms in CalculateScore(PerplexityScore); 1ms in CalculateScore(SparsityThetaScore); 7ms in CalculateScore(^^^ItemsProcessedScore^^^); ]
I0607 15:00:41.039754 184700928 cuckoo_watch.h:45] 58ms in ProcessBatch(school_batches/aaaaaa.batch) [including 4ms in LoadMessage; 0ms in InitializeTheta; 0ms in CreateRegularizerAgents; 1ms in InitializeSparseNdw; 22ms in InferThetaAndUpdateNwtSparse; 18ms in CalculateScore(PerplexityScore); 1ms in CalculateScore(SparsityThetaScore); 9ms in CalculateScore(^^^ItemsProcessedScore^^^); ]
I0607 15:00:41.040292 185237504 cuckoo_watch.h:45] 59ms in ProcessBatch(school_batches/aaaaab.batch) [including 4ms in LoadMessage; 0ms in InitializeTheta; 0ms in CreateRegularizerAgents; 1ms in InitializeSparseNdw; 22ms in InferThetaAndUpdateNwtSparse; 17ms in CalculateScore(PerplexityScore); 1ms in CalculateScore(SparsityThetaScore); 9ms in CalculateScore(^^^ItemsProcessedScore^^^); ]
I0607 15:00:41.040504 184164352 processor.cc:158] Processor: start processing batch 096fcab4-be9e-49f4-ab02-c5820adc9391 into model nwt
I0607 15:00:41.063513 185774080 processor.cc:74] No data in processing queue, waiting...
I0607 15:00:41.064293 184700928 processor.cc:74] No data in processing queue, waiting...
I0607 15:00:41.064774 185237504 processor.cc:74] No data in processing queue, waiting...
I0607 15:00:41.074285 184164352 processor.cc:292] Processor: complete processing batch 096fcab4-be9e-49f4-ab02-c5820adc9391 into model nwt
I0607 15:00:41.075377 184164352 cuckoo_watch.h:45] 39ms in ProcessBatch(school_batches/aaaaac.batch) [including 4ms in LoadMessage; 0ms in InitializeTheta; 0ms in CreateRegularizerAgents; 0ms in InitializeSparseNdw; 15ms in InferThetaAndUpdateNwtSparse; 11ms in CalculateScore(PerplexityScore); 1ms in CalculateScore(SparsityThetaScore); 5ms in CalculateScore(^^^ItemsProcessedScore^^^); ]
I0607 15:00:41.076503 215057856 master_component.cc:1455] NormalizeModelArgs: pwt_target_name=pwt, nwt_source_name=nwt, rwt_source_name=
I0607 15:00:41.076520 215057856 master_component.cc:1005] MasterComponent: start normalizing model nwt
I0607 15:00:41.099076 184164352 processor.cc:74] No data in processing queue, waiting...
I0607 15:00:41.109551 215057856 master_component.cc:1033] MasterComponent: complete normalizing model nwt
I0607 15:00:41.122943 215057856 master_component.cc:1479] DisposeModel rwt
I0607 15:00:41.122958 215057856 master_component.cc:1058] FitOffline: ItemsProcessed, num_items=476, num_batches=5, token_weight=160411, token_weight_in_effect=160411
I0607 15:00:41.123153 215057856 c_interface.cc:389] Pass FitOfflineMasterModelArgs, batch_filename_size=5, batch_weight_size=5, num_collection_passes=1, reset_nwt=yes to MN4artm4core15MasterComponentEFvRKNS_25FitOfflineMasterModelArgsEE
I0607 15:00:41.123164 215057856 master_component.cc:1404] ProcessBatchesArgs: nwt_target_name=nwt, batch_filename_size=5, batch_size=0, batch_weight_size=5, pwt_source_name=pwt, num_document_passes=10, reuse_theta=no, opt_for_avx=yes, predict_class_id=, reset_nwt=yes
I0607 15:00:41.129406 185774080 processor.cc:81] Processing queue has data, processing started
I0607 15:00:41.129406 184700928 processor.cc:81] Processing queue has data, processing started
I0607 15:00:41.129443 184164352 processor.cc:81] Processing queue has data, processing started
I0607 15:00:41.129442 185237504 processor.cc:81] Processing queue has data, processing started
I0607 15:00:41.133930 185774080 processor.cc:158] Processor: start processing batch 6564cc74-f9ea-45d0-a876-ffb7bd748f96 into model nwt
I0607 15:00:41.134112 185237504 processor.cc:158] Processor: start processing batch bd24395f-a050-4b09-a2f5-39d337dd02c6 into model nwt
I0607 15:00:41.134434 184700928 processor.cc:158] Processor: start processing batch 33803e03-f25c-44f7-934c-dfe173a3f002 into model nwt
I0607 15:00:41.135371 184164352 processor.cc:158] Processor: start processing batch 11c0f3ec-eb0e-46d1-bdc6-50fb15a8abde into model nwt
I0607 15:00:41.181792 185237504 processor.cc:292] Processor: complete processing batch bd24395f-a050-4b09-a2f5-39d337dd02c6 into model nwt
I0607 15:00:41.183616 185237504 cuckoo_watch.h:45] 54ms in ProcessBatch(school_batches/aaaaae.batch) [including 4ms in LoadMessage; 0ms in InitializeTheta; 0ms in CreateRegularizerAgents; 1ms in InitializeSparseNdw; 20ms in InferThetaAndUpdateNwtSparse; 16ms in CalculateScore(PerplexityScore); 1ms in CalculateScore(SparsityThetaScore); 7ms in CalculateScore(^^^ItemsProcessedScore^^^); ]
I0607 15:00:41.184676 185774080 processor.cc:292] Processor: complete processing batch 6564cc74-f9ea-45d0-a876-ffb7bd748f96 into model nwt
I0607 15:00:41.187158 185774080 cuckoo_watch.h:45] 57ms in ProcessBatch(school_batches/aaaaab.batch) [including 4ms in LoadMessage; 0ms in InitializeTheta; 0ms in CreateRegularizerAgents; 1ms in InitializeSparseNdw; 20ms in InferThetaAndUpdateNwtSparse; 18ms in CalculateScore(PerplexityScore); 1ms in CalculateScore(SparsityThetaScore); 8ms in CalculateScore(^^^ItemsProcessedScore^^^); ]
I0607 15:00:41.187400 185237504 processor.cc:158] Processor: start processing batch 096fcab4-be9e-49f4-ab02-c5820adc9391 into model nwt
I0607 15:00:41.194051 184700928 processor.cc:292] Processor: complete processing batch 33803e03-f25c-44f7-934c-dfe173a3f002 into model nwt
I0607 15:00:41.196426 184700928 cuckoo_watch.h:45] 66ms in ProcessBatch(school_batches/aaaaad.batch) [including 4ms in LoadMessage; 0ms in InitializeTheta; 0ms in CreateRegularizerAgents; 1ms in InitializeSparseNdw; 27ms in InferThetaAndUpdateNwtSparse; 18ms in CalculateScore(PerplexityScore); 1ms in CalculateScore(SparsityThetaScore); 10ms in CalculateScore(^^^ItemsProcessedScore^^^); ]
I0607 15:00:41.212137 185774080 processor.cc:74] No data in processing queue, waiting...
I0607 15:00:41.212663 184164352 processor.cc:292] Processor: complete processing batch 11c0f3ec-eb0e-46d1-bdc6-50fb15a8abde into model nwt
I0607 15:00:41.214529 184164352 cuckoo_watch.h:45] 85ms in ProcessBatch(school_batches/aaaaaa.batch) [including 5ms in LoadMessage; 0ms in InitializeTheta; 0ms in CreateRegularizerAgents; 1ms in InitializeSparseNdw; 26ms in InferThetaAndUpdateNwtSparse; 25ms in CalculateScore(PerplexityScore); 2ms in CalculateScore(SparsityThetaScore); 22ms in CalculateScore(^^^ItemsProcessedScore^^^); ]
I0607 15:00:41.222841 184700928 processor.cc:74] No data in processing queue, waiting...
I0607 15:00:41.238996 184164352 processor.cc:74] No data in processing queue, waiting...
I0607 15:00:41.242727 185237504 processor.cc:292] Processor: complete processing batch 096fcab4-be9e-49f4-ab02-c5820adc9391 into model nwt
I0607 15:00:41.243837 185237504 cuckoo_watch.h:45] 60ms in ProcessBatch(school_batches/aaaaac.batch) [including 3ms in LoadMessage; 0ms in InitializeTheta; 0ms in CreateRegularizerAgents; 1ms in InitializeSparseNdw; 31ms in InferThetaAndUpdateNwtSparse; 15ms in CalculateScore(PerplexityScore); 1ms in CalculateScore(SparsityThetaScore); 5ms in CalculateScore(^^^ItemsProcessedScore^^^); ]
I0607 15:00:41.244875 215057856 master_component.cc:1455] NormalizeModelArgs: pwt_target_name=pwt, nwt_source_name=nwt, rwt_source_name=
I0607 15:00:41.244917 215057856 master_component.cc:1005] MasterComponent: start normalizing model nwt
I0607 15:00:41.267158 185237504 processor.cc:74] No data in processing queue, waiting...
I0607 15:00:41.278143 215057856 master_component.cc:1033] MasterComponent: complete normalizing model nwt
I0607 15:00:41.291846 215057856 master_component.cc:1479] DisposeModel rwt
I0607 15:00:41.291862 215057856 master_component.cc:1058] FitOffline: ItemsProcessed, num_items=476, num_batches=5, token_weight=160411, token_weight_in_effect=160411
I0607 15:00:41.292100 215057856 c_interface.cc:389] Pass FitOfflineMasterModelArgs, batch_filename_size=5, batch_weight_size=5, num_collection_passes=1, reset_nwt=yes to MN4artm4core15MasterComponentEFvRKNS_25FitOfflineMasterModelArgsEE
I0607 15:00:41.292111 215057856 master_component.cc:1404] ProcessBatchesArgs: nwt_target_name=nwt, batch_filename_size=5, batch_size=0, batch_weight_size=5, pwt_source_name=pwt, num_document_passes=10, reuse_theta=no, opt_for_avx=yes, predict_class_id=, reset_nwt=yes
I0607 15:00:41.298420 184164352 processor.cc:81] Processing queue has data, processing started
I0607 15:00:41.298418 184700928 processor.cc:81] Processing queue has data, processing started
I0607 15:00:41.298426 185774080 processor.cc:81] Processing queue has data, processing started
I0607 15:00:41.298445 185237504 processor.cc:81] Processing queue has data, processing started
I0607 15:00:41.302734 185774080 processor.cc:158] Processor: start processing batch bd24395f-a050-4b09-a2f5-39d337dd02c6 into model nwt
I0607 15:00:41.302963 184164352 processor.cc:158] Processor: start processing batch 6564cc74-f9ea-45d0-a876-ffb7bd748f96 into model nwt
I0607 15:00:41.302991 184700928 processor.cc:158] Processor: start processing batch 33803e03-f25c-44f7-934c-dfe173a3f002 into model nwt
I0607 15:00:41.303108 185237504 processor.cc:158] Processor: start processing batch 11c0f3ec-eb0e-46d1-bdc6-50fb15a8abde into model nwt
I0607 15:00:41.350745 185774080 processor.cc:292] Processor: complete processing batch bd24395f-a050-4b09-a2f5-39d337dd02c6 into model nwt
I0607 15:00:41.353547 185774080 cuckoo_watch.h:45] 55ms in ProcessBatch(school_batches/aaaaae.batch) [including 4ms in LoadMessage; 0ms in InitializeTheta; 0ms in CreateRegularizerAgents; 1ms in InitializeSparseNdw; 20ms in InferThetaAndUpdateNwtSparse; 17ms in CalculateScore(PerplexityScore); 1ms in CalculateScore(SparsityThetaScore); 7ms in CalculateScore(^^^ItemsProcessedScore^^^); ]
I0607 15:00:41.355877 184700928 processor.cc:292] Processor: complete processing batch 33803e03-f25c-44f7-934c-dfe173a3f002 into model nwt
I0607 15:00:41.360038 184164352 processor.cc:292] Processor: complete processing batch 6564cc74-f9ea-45d0-a876-ffb7bd748f96 into model nwt
I0607 15:00:41.361132 184700928 cuckoo_watch.h:45] 62ms in ProcessBatch(school_batches/aaaaad.batch) [including 4ms in LoadMessage; 0ms in InitializeTheta; 0ms in CreateRegularizerAgents; 1ms in InitializeSparseNdw; 22ms in InferThetaAndUpdateNwtSparse; 19ms in CalculateScore(PerplexityScore); 1ms in CalculateScore(SparsityThetaScore); 8ms in CalculateScore(^^^ItemsProcessedScore^^^); ]
I0607 15:00:41.361555 185774080 processor.cc:158] Processor: start processing batch 096fcab4-be9e-49f4-ab02-c5820adc9391 into model nwt
I0607 15:00:41.363318 184164352 cuckoo_watch.h:45] 64ms in ProcessBatch(school_batches/aaaaab.batch) [including 4ms in LoadMessage; 0ms in InitializeTheta; 0ms in CreateRegularizerAgents; 1ms in InitializeSparseNdw; 23ms in InferThetaAndUpdateNwtSparse; 20ms in CalculateScore(PerplexityScore); 1ms in CalculateScore(SparsityThetaScore); 9ms in CalculateScore(^^^ItemsProcessedScore^^^); ]
I0607 15:00:41.367784 185237504 processor.cc:292] Processor: complete processing batch 11c0f3ec-eb0e-46d1-bdc6-50fb15a8abde into model nwt
I0607 15:00:41.368851 185237504 cuckoo_watch.h:45] 70ms in ProcessBatch(school_batches/aaaaaa.batch) [including 4ms in LoadMessage; 0ms in InitializeTheta; 0ms in CreateRegularizerAgents; 1ms in InitializeSparseNdw; 24ms in InferThetaAndUpdateNwtSparse; 28ms in CalculateScore(PerplexityScore); 2ms in CalculateScore(SparsityThetaScore); 7ms in CalculateScore(^^^ItemsProcessedScore^^^); ]
I0607 15:00:41.384558 184700928 processor.cc:74] No data in processing queue, waiting...
I0607 15:00:41.387039 184164352 processor.cc:74] No data in processing queue, waiting...
I0607 15:00:41.392026 185237504 processor.cc:74] No data in processing queue, waiting...
I0607 15:00:41.398429 185774080 processor.cc:292] Processor: complete processing batch 096fcab4-be9e-49f4-ab02-c5820adc9391 into model nwt
I0607 15:00:41.399565 185774080 cuckoo_watch.h:45] 45ms in ProcessBatch(school_batches/aaaaac.batch) [including 7ms in LoadMessage; 0ms in InitializeTheta; 0ms in CreateRegularizerAgents; 1ms in InitializeSparseNdw; 15ms in InferThetaAndUpdateNwtSparse; 12ms in CalculateScore(PerplexityScore); 0ms in CalculateScore(SparsityThetaScore); 5ms in CalculateScore(^^^ItemsProcessedScore^^^); ]
I0607 15:00:41.400916 215057856 master_component.cc:1455] NormalizeModelArgs: pwt_target_name=pwt, nwt_source_name=nwt, rwt_source_name=
I0607 15:00:41.400956 215057856 master_component.cc:1005] MasterComponent: start normalizing model nwt
I0607 15:00:41.422480 185774080 processor.cc:74] No data in processing queue, waiting...
I0607 15:00:41.433925 215057856 master_component.cc:1033] MasterComponent: complete normalizing model nwt
I0607 15:00:41.447868 215057856 master_component.cc:1479] DisposeModel rwt
I0607 15:00:41.447883 215057856 master_component.cc:1058] FitOffline: ItemsProcessed, num_items=476, num_batches=5, token_weight=160411, token_weight_in_effect=160411
I0607 15:00:41.512928 215057856 c_interface.cc:231] ArtmCopyRequestedMessage is copying 128 bytes...
I0607 15:00:41.515738 215057856 c_interface.cc:231] ArtmCopyRequestedMessage is copying 128 bytes...
I0607 15:00:41.516574 215057856 c_interface.cc:231] ArtmCopyRequestedMessage is copying 128 bytes...
I0607 15:00:41.517575 215057856 c_interface.cc:231] ArtmCopyRequestedMessage is copying 128 bytes...
I0607 15:00:41.519775 215057856 c_interface.cc:231] ArtmCopyRequestedMessage is copying 128 bytes...
I0607 15:00:41.520841 215057856 c_interface.cc:231] ArtmCopyRequestedMessage is copying 655 bytes...
I0607 15:00:42.428012 215057856 c_interface.cc:231] ArtmCopyRequestedMessage is copying 1920 bytes...
I0607 15:00:42.668108 215057856 c_interface.cc:231] ArtmCopyRequestedMessage is copying 128 bytes...
I0607 15:00:42.670847 215057856 c_interface.cc:231] ArtmCopyRequestedMessage is copying 128 bytes...
I0607 15:00:42.673167 215057856 c_interface.cc:231] ArtmCopyRequestedMessage is copying 128 bytes...
I0607 15:00:42.674142 215057856 c_interface.cc:231] ArtmCopyRequestedMessage is copying 128 bytes...
I0607 15:00:42.674912 215057856 c_interface.cc:231] ArtmCopyRequestedMessage is copying 655 bytes...
I0607 15:07:43.331694 215057856 c_interface.cc:231] ArtmCopyRequestedMessage is copying 170286 bytes...
I0607 15:07:43.400735 215057856 c_interface.cc:231] ArtmCopyRequestedMessage is copying 170286 bytes...
I0607 15:07:43.446660 215057856 c_interface.cc:231] ArtmCopyRequestedMessage is copying 170286 bytes...
I0607 15:07:43.491484 215057856 c_interface.cc:231] ArtmCopyRequestedMessage is copying 170286 bytes...
I0607 15:07:43.542187 215057856 c_interface.cc:231] ArtmCopyRequestedMessage is copying 170286 bytes...
I0607 15:07:43.592048 215057856 c_interface.cc:231] ArtmCopyRequestedMessage is copying 170286 bytes...
I0607 15:07:43.638404 215057856 c_interface.cc:231] ArtmCopyRequestedMessage is copying 170286 bytes...
I0607 15:07:43.683272 215057856 c_interface.cc:231] ArtmCopyRequestedMessage is copying 170286 bytes...
I0607 15:07:43.729797 215057856 c_interface.cc:231] ArtmCopyRequestedMessage is copying 170286 bytes...
I0607 15:07:43.784173 215057856 c_interface.cc:231] ArtmCopyRequestedMessage is copying 170286 bytes...
I0607 15:07:43.868727 215057856 c_interface.cc:231] ArtmCopyRequestedMessage is copying 128 bytes...
I0607 15:07:43.871102 215057856 c_interface.cc:231] ArtmCopyRequestedMessage is copying 128 bytes...
I0607 15:07:43.872761 215057856 c_interface.cc:231] ArtmCopyRequestedMessage is copying 128 bytes...
I0607 15:07:43.873590 215057856 c_interface.cc:231] ArtmCopyRequestedMessage is copying 128 bytes...
I0607 15:07:43.874222 215057856 c_interface.cc:231] ArtmCopyRequestedMessage is copying 655 bytes...
I0607 15:09:13.101598 215057856 c_interface.cc:231] ArtmCopyRequestedMessage is copying 170286 bytes...
I0607 15:09:13.160259 215057856 c_interface.cc:231] ArtmCopyRequestedMessage is copying 170286 bytes...
I0607 15:09:13.214429 215057856 c_interface.cc:231] ArtmCopyRequestedMessage is copying 170286 bytes...
I0607 15:09:13.259186 215057856 c_interface.cc:231] ArtmCopyRequestedMessage is copying 170286 bytes...
I0607 15:09:13.306833 215057856 c_interface.cc:231] ArtmCopyRequestedMessage is copying 170286 bytes...
I0607 15:09:13.354882 215057856 c_interface.cc:231] ArtmCopyRequestedMessage is copying 170286 bytes...
I0607 15:09:13.399858 215057856 c_interface.cc:231] ArtmCopyRequestedMessage is copying 170286 bytes...
I0607 15:09:13.443671 215057856 c_interface.cc:231] ArtmCopyRequestedMessage is copying 170286 bytes...
I0607 15:09:13.488409 215057856 c_interface.cc:231] ArtmCopyRequestedMessage is copying 170286 bytes...
I0607 15:09:13.541384 215057856 c_interface.cc:231] ArtmCopyRequestedMessage is copying 170286 bytes...
I0607 15:09:13.589653 215057856 c_interface.cc:231] ArtmCopyRequestedMessage is copying 170286 bytes...
I0607 15:09:13.639065 215057856 c_interface.cc:231] ArtmCopyRequestedMessage is copying 170286 bytes...
I0607 15:09:13.691438 215057856 c_interface.cc:231] ArtmCopyRequestedMessage is copying 170286 bytes...
I0607 15:09:13.742588 215057856 c_interface.cc:231] ArtmCopyRequestedMessage is copying 170286 bytes...
I0607 15:09:13.795735 215057856 c_interface.cc:231] ArtmCopyRequestedMessage is copying 170286 bytes...
I0607 15:09:13.848702 215057856 c_interface.cc:231] ArtmCopyRequestedMessage is copying 170286 bytes...
I0607 15:09:13.895923 215057856 c_interface.cc:231] ArtmCopyRequestedMessage is copying 170286 bytes...
I0607 15:09:13.940590 215057856 c_interface.cc:231] ArtmCopyRequestedMessage is copying 170286 bytes...
I0607 15:09:13.987608 215057856 c_interface.cc:231] ArtmCopyRequestedMessage is copying 170286 bytes...
I0607 15:09:14.075119 215057856 c_interface.cc:231] ArtmCopyRequestedMessage is copying 170286 bytes...
I0607 15:09:14.252419 215057856 c_interface.cc:231] ArtmCopyRequestedMessage is copying 128 bytes...
I0607 15:09:14.262384 215057856 c_interface.cc:231] ArtmCopyRequestedMessage is copying 128 bytes...
I0607 15:09:14.273105 215057856 c_interface.cc:231] ArtmCopyRequestedMessage is copying 128 bytes...
I0607 15:09:14.277746 215057856 c_interface.cc:231] ArtmCopyRequestedMessage is copying 128 bytes...
I0607 15:09:14.278743 215057856 c_interface.cc:231] ArtmCopyRequestedMessage is copying 655 bytes...
I0607 15:09:21.900122 215057856 c_interface.cc:231] ArtmCopyRequestedMessage is copying 170286 bytes...
I0607 15:09:21.954766 215057856 c_interface.cc:231] ArtmCopyRequestedMessage is copying 170286 bytes...
I0607 15:09:22.001206 215057856 c_interface.cc:231] ArtmCopyRequestedMessage is copying 170286 bytes...
I0607 15:09:22.045099 215057856 c_interface.cc:231] ArtmCopyRequestedMessage is copying 170286 bytes...
I0607 15:09:22.090425 215057856 c_interface.cc:231] ArtmCopyRequestedMessage is copying 170286 bytes...
I0607 15:09:22.141741 215057856 c_interface.cc:231] ArtmCopyRequestedMessage is copying 170286 bytes...
I0607 15:09:22.188431 215057856 c_interface.cc:231] ArtmCopyRequestedMessage is copying 170286 bytes...
I0607 15:09:22.247901 215057856 c_interface.cc:231] ArtmCopyRequestedMessage is copying 170286 bytes...
I0607 15:09:22.292975 215057856 c_interface.cc:231] ArtmCopyRequestedMessage is copying 170286 bytes...
I0607 15:09:22.341107 215057856 c_interface.cc:231] ArtmCopyRequestedMessage is copying 170286 bytes...
I0607 15:09:22.389703 215057856 c_interface.cc:231] ArtmCopyRequestedMessage is copying 170286 bytes...
I0607 15:09:22.441195 215057856 c_interface.cc:231] ArtmCopyRequestedMessage is copying 170286 bytes...
I0607 15:09:22.488574 215057856 c_interface.cc:231] ArtmCopyRequestedMessage is copying 170286 bytes...
I0607 15:09:22.537200 215057856 c_interface.cc:231] ArtmCopyRequestedMessage is copying 170286 bytes...
I0607 15:09:22.592118 215057856 c_interface.cc:231] ArtmCopyRequestedMessage is copying 170286 bytes...
I0607 15:09:22.643182 215057856 c_interface.cc:231] ArtmCopyRequestedMessage is copying 170286 bytes...
I0607 15:09:22.690997 215057856 c_interface.cc:231] ArtmCopyRequestedMessage is copying 170286 bytes...
I0607 15:09:22.741704 215057856 c_interface.cc:231] ArtmCopyRequestedMessage is copying 170286 bytes...
I0607 15:09:22.790501 215057856 c_interface.cc:231] ArtmCopyRequestedMessage is copying 170286 bytes...
I0607 15:09:22.844727 215057856 c_interface.cc:231] ArtmCopyRequestedMessage is copying 170286 bytes...
I0607 15:09:22.912950 215057856 c_interface.cc:231] ArtmCopyRequestedMessage is copying 128 bytes...
I0607 15:09:22.915410 215057856 c_interface.cc:231] ArtmCopyRequestedMessage is copying 128 bytes...
I0607 15:09:22.917793 215057856 c_interface.cc:231] ArtmCopyRequestedMessage is copying 128 bytes...
I0607 15:09:22.918637 215057856 c_interface.cc:231] ArtmCopyRequestedMessage is copying 128 bytes...
I0607 15:09:22.919260 215057856 c_interface.cc:231] ArtmCopyRequestedMessage is copying 655 bytes...
I0607 15:09:25.443557 215057856 c_interface.cc:231] ArtmCopyRequestedMessage is copying 170286 bytes...
I0607 15:09:25.496004 215057856 c_interface.cc:231] ArtmCopyRequestedMessage is copying 170286 bytes...
I0607 15:09:25.542692 215057856 c_interface.cc:231] ArtmCopyRequestedMessage is copying 170286 bytes...
I0607 15:09:25.588063 215057856 c_interface.cc:231] ArtmCopyRequestedMessage is copying 170286 bytes...
I0607 15:09:25.633961 215057856 c_interface.cc:231] ArtmCopyRequestedMessage is copying 170286 bytes...
I0607 15:09:25.680645 215057856 c_interface.cc:231] ArtmCopyRequestedMessage is copying 170286 bytes...
I0607 15:09:25.736377 215057856 c_interface.cc:231] ArtmCopyRequestedMessage is copying 170286 bytes...
I0607 15:09:25.783275 215057856 c_interface.cc:231] ArtmCopyRequestedMessage is copying 170286 bytes...
I0607 15:09:25.830425 215057856 c_interface.cc:231] ArtmCopyRequestedMessage is copying 170286 bytes...
I0607 15:09:25.877020 215057856 c_interface.cc:231] ArtmCopyRequestedMessage is copying 170286 bytes...
I0607 15:09:25.929000 215057856 c_interface.cc:231] ArtmCopyRequestedMessage is copying 170286 bytes...
I0607 15:09:25.985234 215057856 c_interface.cc:231] ArtmCopyRequestedMessage is copying 170286 bytes...
I0607 15:09:26.037933 215057856 c_interface.cc:231] ArtmCopyRequestedMessage is copying 170286 bytes...
I0607 15:09:26.086499 215057856 c_interface.cc:231] ArtmCopyRequestedMessage is copying 170286 bytes...
I0607 15:09:26.135444 215057856 c_interface.cc:231] ArtmCopyRequestedMessage is copying 170286 bytes...
I0607 15:09:26.189577 215057856 c_interface.cc:231] ArtmCopyRequestedMessage is copying 170286 bytes...
I0607 15:09:26.241317 215057856 c_interface.cc:231] ArtmCopyRequestedMessage is copying 170286 bytes...
I0607 15:09:26.285138 215057856 c_interface.cc:231] ArtmCopyRequestedMessage is copying 170286 bytes...
I0607 15:09:26.332444 215057856 c_interface.cc:231] ArtmCopyRequestedMessage is copying 170286 bytes...
I0607 15:09:26.401788 215057856 c_interface.cc:231] ArtmCopyRequestedMessage is copying 170286 bytes...
I0607 15:09:26.578395 215057856 c_interface.cc:231] ArtmCopyRequestedMessage is copying 128 bytes...
I0607 15:09:26.587975 215057856 c_interface.cc:231] ArtmCopyRequestedMessage is copying 128 bytes...
I0607 15:09:26.591668 215057856 c_interface.cc:231] ArtmCopyRequestedMessage is copying 128 bytes...
I0607 15:09:26.603711 215057856 c_interface.cc:231] ArtmCopyRequestedMessage is copying 128 bytes...
I0607 15:09:26.604905 215057856 c_interface.cc:231] ArtmCopyRequestedMessage is copying 655 bytes...
I0607 15:09:38.532816 215057856 c_interface.cc:231] ArtmCopyRequestedMessage is copying 170286 bytes...
I0607 15:09:38.585495 215057856 c_interface.cc:231] ArtmCopyRequestedMessage is copying 170286 bytes...
I0607 15:09:38.630008 215057856 c_interface.cc:231] ArtmCopyRequestedMessage is copying 170286 bytes...
I0607 15:09:38.672834 215057856 c_interface.cc:231] ArtmCopyRequestedMessage is copying 170286 bytes...
I0607 15:09:38.719427 215057856 c_interface.cc:231] ArtmCopyRequestedMessage is copying 170286 bytes...
I0607 15:09:38.767262 215057856 c_interface.cc:231] ArtmCopyRequestedMessage is copying 170286 bytes...
I0607 15:09:38.815253 215057856 c_interface.cc:231] ArtmCopyRequestedMessage is copying 170286 bytes...
I0607 15:09:38.859262 215057856 c_interface.cc:231] ArtmCopyRequestedMessage is copying 170286 bytes...
I0607 15:09:38.903676 215057856 c_interface.cc:231] ArtmCopyRequestedMessage is copying 170286 bytes...
I0607 15:09:38.971341 215057856 c_interface.cc:231] ArtmCopyRequestedMessage is copying 170286 bytes...
I0607 15:09:39.021160 215057856 c_interface.cc:231] ArtmCopyRequestedMessage is copying 170286 bytes...
I0607 15:09:39.068783 215057856 c_interface.cc:231] ArtmCopyRequestedMessage is copying 170286 bytes...
I0607 15:09:39.117234 215057856 c_interface.cc:231] ArtmCopyRequestedMessage is copying 170286 bytes...
I0607 15:09:39.163365 215057856 c_interface.cc:231] ArtmCopyRequestedMessage is copying 170286 bytes...
I0607 15:09:39.217706 215057856 c_interface.cc:231] ArtmCopyRequestedMessage is copying 170286 bytes...
I0607 15:09:39.274863 215057856 c_interface.cc:231] ArtmCopyRequestedMessage is copying 170286 bytes...
I0607 15:09:39.323818 215057856 c_interface.cc:231] ArtmCopyRequestedMessage is copying 170286 bytes...
I0607 15:09:39.371665 215057856 c_interface.cc:231] ArtmCopyRequestedMessage is copying 170286 bytes...
I0607 15:09:39.421566 215057856 c_interface.cc:231] ArtmCopyRequestedMessage is copying 170286 bytes...
I0607 15:09:39.474161 215057856 c_interface.cc:231] ArtmCopyRequestedMessage is copying 170286 bytes...
I0607 15:09:39.552388 215057856 c_interface.cc:231] ArtmCopyRequestedMessage is copying 128 bytes...
I0607 15:09:39.554332 215057856 c_interface.cc:231] ArtmCopyRequestedMessage is copying 128 bytes...
I0607 15:09:39.556162 215057856 c_interface.cc:231] ArtmCopyRequestedMessage is copying 128 bytes...
I0607 15:09:39.556982 215057856 c_interface.cc:231] ArtmCopyRequestedMessage is copying 128 bytes...
I0607 15:09:39.557621 215057856 c_interface.cc:231] ArtmCopyRequestedMessage is copying 655 bytes...
I0607 15:11:07.175072 215057856 c_interface.cc:231] ArtmCopyRequestedMessage is copying 128 bytes...
I0607 15:11:07.177031 215057856 c_interface.cc:231] ArtmCopyRequestedMessage is copying 128 bytes...
I0607 15:11:07.178858 215057856 c_interface.cc:231] ArtmCopyRequestedMessage is copying 128 bytes...
I0607 15:11:07.179683 215057856 c_interface.cc:231] ArtmCopyRequestedMessage is copying 128 bytes...
I0607 15:11:07.180243 215057856 c_interface.cc:231] ArtmCopyRequestedMessage is copying 655 bytes...
I0607 15:11:23.494957 215057856 c_interface.cc:231] ArtmCopyRequestedMessage is copying 1473 bytes...
I0607 15:11:23.540823 215057856 c_interface.cc:231] ArtmCopyRequestedMessage is copying 128 bytes...
I0607 15:11:23.542541 215057856 c_interface.cc:231] ArtmCopyRequestedMessage is copying 128 bytes...
I0607 15:11:23.544888 215057856 c_interface.cc:231] ArtmCopyRequestedMessage is copying 128 bytes...
I0607 15:11:23.545850 215057856 c_interface.cc:231] ArtmCopyRequestedMessage is copying 128 bytes...
I0607 15:11:23.546479 215057856 c_interface.cc:231] ArtmCopyRequestedMessage is copying 655 bytes...
I0607 15:11:42.687249 215057856 c_interface.cc:231] ArtmCopyRequestedMessage is copying 1473 bytes...
I0607 15:11:42.695775 215057856 c_interface.cc:231] ArtmCopyRequestedMessage is copying 1440 bytes...
I0607 15:11:42.733078 215057856 c_interface.cc:231] ArtmCopyRequestedMessage is copying 128 bytes...
I0607 15:11:42.735258 215057856 c_interface.cc:231] ArtmCopyRequestedMessage is copying 128 bytes...
I0607 15:11:42.737149 215057856 c_interface.cc:231] ArtmCopyRequestedMessage is copying 128 bytes...
I0607 15:11:42.738008 215057856 c_interface.cc:231] ArtmCopyRequestedMessage is copying 128 bytes...
I0607 15:11:42.738615 215057856 c_interface.cc:231] ArtmCopyRequestedMessage is copying 655 bytes...
I0607 15:13:16.916635 185774080 processor.cc:66] Processor thread stopped
I0607 15:13:16.916730 185774080 processor.cc:67] Total number of processed batches: 52
I0607 15:13:16.917932 185237504 processor.cc:66] Processor thread stopped
I0607 15:13:16.917946 185237504 processor.cc:67] Total number of processed batches: 49
I0607 15:13:16.918622 184700928 processor.cc:66] Processor thread stopped
I0607 15:13:16.918632 184700928 processor.cc:67] Total number of processed batches: 51
I0607 15:13:16.919245 184164352 processor.cc:66] Processor thread stopped
I0607 15:13:16.919253 184164352 processor.cc:67] Total number of processed batches: 48
I0607 15:13:16.947788 215057856 c_interface.cc:339] Disposing MasterComponent (id=2)...
I0607 15:13:16.947929 215057856 c_interface.cc:375] Pass dictionary to MN4artm4core15MasterComponentEFvRKNSt3__112basic_stringIcNS2_11char_traitsIcEENS2_9allocatorIcEEEEE
I0607 15:13:16.951141 215057856 c_interface.cc:339] Disposing MasterComponent (id=3)...
