Log file created at: 2021/06/07 14:49:04
Running on machine: MacBook-Pro-Andrii.local
Log line format: [IWEF]mmdd hh:mm:ss.uuuuuu threadid file:line] msg
I0607 14:49:04.931249 215057856 c_interface.cc:127] Logging enabled to .
I0607 14:49:04.931676 215057856 c_interface.cc:128] BigARTM version: v0.10.0
I0607 14:49:04.931720 215057856 c_interface.cc:271] Pass MasterModelConfig: topic_name_size=0, score_config_size=1, num_processors=0, pwt_name=pwt, nwt_name=nwt, num_document_passes=0, reuse_theta=no, cache_theta=no, opt_for_avx=yes, disk_cache_path= to ArtmCreateMasterModel
I0607 14:49:04.931751 215057856 c_interface.cc:274] Creating MasterModel (id=1)...
I0607 14:49:04.932221 215057856 collection_parser.cc:771] CollectionParserConfig.num_threads is automatically set to 4
W0607 14:49:05.005990 184700928 helpers.cc:221] File already exists: school_batches/aaaaaa.batch
W0607 14:49:05.018275 184164352 helpers.cc:221] File already exists: school_batches/aaaaab.batch
W0607 14:49:05.031705 185237504 helpers.cc:221] File already exists: school_batches/aaaaac.batch
W0607 14:49:05.042241 185774080 helpers.cc:221] File already exists: school_batches/aaaaad.batch
W0607 14:49:05.075261 184700928 helpers.cc:221] File already exists: school_batches/aaaaae.batch
I0607 14:49:05.084821 215057856 c_interface.cc:375] Pass 0af0520a-9214-437c-91e6-240f68cec125 to MN4artm4core15MasterComponentEFvRKNSt3__112basic_stringIcNS2_11char_traitsIcEENS2_9allocatorIcEEEEE
I0607 14:49:05.084939 215057856 c_interface.cc:389] Pass GatherDictionaryArgs: dictionary_target_name=0af0520a-9214-437c-91e6-240f68cec125, data_path=school_batches, symmetric_cooc_values=0 to MN4artm4core15MasterComponentEFvRKNS_20GatherDictionaryArgsEE
I0607 14:49:05.085033 215057856 dictionary_operations.cc:265] Found 5 batches in 'school_batches' folder
I0607 14:49:05.113904 215057856 dictionary_operations.cc:331] Find 16099 unique tokens in 476 items
I0607 14:49:05.140305 215057856 dictionary_operations.cc:611] Dictionary name='0af0520a-9214-437c-91e6-240f68cec125' contains entries: text:16099; 
I0607 14:49:05.149068 215057856 c_interface.cc:375] Pass 0af0520a-9214-437c-91e6-240f68cec125 to MN4artm4core15MasterComponentEFvRKNSt3__112basic_stringIcNS2_11char_traitsIcEENS2_9allocatorIcEEEEE
I0607 14:49:05.154232 215057856 c_interface.cc:339] Disposing MasterComponent (id=1)...
I0607 14:49:05.163580 215057856 c_interface.cc:271] Pass MasterModelConfig: topic_name_size=10, score_config_size=1, num_processors=0, pwt_name=pwt, nwt_name=nwt, num_document_passes=10, reuse_theta=no, cache_theta=no, opt_for_avx=yes, disk_cache_path= to ArtmCreateMasterModel
I0607 14:49:05.163605 215057856 instance.cc:401] MasterModelConfig.processors_count is automatically set to 4
I0607 14:49:05.163656 184164352 processor.cc:58] Processor thread started
I0607 14:49:05.163820 184700928 processor.cc:58] Processor thread started
I0607 14:49:05.163856 185237504 processor.cc:58] Processor thread started
I0607 14:49:05.163887 185774080 processor.cc:58] Processor thread started
I0607 14:49:05.163899 215057856 c_interface.cc:274] Creating MasterModel (id=2)...
I0607 14:49:05.187574 184164352 processor.cc:74] No data in processing queue, waiting...
I0607 14:49:05.187574 185237504 processor.cc:74] No data in processing queue, waiting...
I0607 14:49:05.187929 184700928 processor.cc:74] No data in processing queue, waiting...
I0607 14:49:05.187934 185774080 processor.cc:74] No data in processing queue, waiting...
I0607 14:49:05.215991 215057856 c_interface.cc:389] Pass MasterModelConfig: topic_name_size=10, score_config_size=2, num_processors=0, pwt_name=pwt, nwt_name=nwt, num_document_passes=10, reuse_theta=no, cache_theta=no, opt_for_avx=yes, disk_cache_path= to MN4artm4core15MasterComponentEFvRKNS_17MasterModelConfigEE
I0607 14:49:05.216012 215057856 instance.cc:401] MasterModelConfig.processors_count is automatically set to 4
I0607 14:49:05.216027 215057856 perplexity.cc:27] Perplexity score calculator created: model_type=1, dictionary_name=dictionary
I0607 14:49:05.216372 215057856 c_interface.cc:389] Pass MasterModelConfig: topic_name_size=10, score_config_size=3, num_processors=0, pwt_name=pwt, nwt_name=nwt, num_document_passes=10, reuse_theta=no, cache_theta=no, opt_for_avx=yes, disk_cache_path= to MN4artm4core15MasterComponentEFvRKNS_17MasterModelConfigEE
I0607 14:49:05.216436 215057856 instance.cc:401] MasterModelConfig.processors_count is automatically set to 4
I0607 14:49:05.216455 215057856 perplexity.cc:27] Perplexity score calculator created: model_type=1, dictionary_name=dictionary
I0607 14:49:05.216867 215057856 c_interface.cc:389] Pass MasterModelConfig: topic_name_size=10, score_config_size=4, num_processors=0, pwt_name=pwt, nwt_name=nwt, num_document_passes=10, reuse_theta=no, cache_theta=no, opt_for_avx=yes, disk_cache_path= to MN4artm4core15MasterComponentEFvRKNS_17MasterModelConfigEE
I0607 14:49:05.216886 215057856 instance.cc:401] MasterModelConfig.processors_count is automatically set to 4
I0607 14:49:05.216899 215057856 perplexity.cc:27] Perplexity score calculator created: model_type=1, dictionary_name=dictionary
I0607 14:49:05.217264 215057856 c_interface.cc:389] Pass MasterModelConfig: topic_name_size=10, score_config_size=5, num_processors=0, pwt_name=pwt, nwt_name=nwt, num_document_passes=10, reuse_theta=no, cache_theta=no, opt_for_avx=yes, disk_cache_path= to MN4artm4core15MasterComponentEFvRKNS_17MasterModelConfigEE
I0607 14:49:05.217278 215057856 instance.cc:401] MasterModelConfig.processors_count is automatically set to 4
I0607 14:49:05.217288 215057856 perplexity.cc:27] Perplexity score calculator created: model_type=1, dictionary_name=dictionary
I0607 14:49:05.224666 215057856 c_interface.cc:271] Pass MasterModelConfig: topic_name_size=0, score_config_size=1, num_processors=0, pwt_name=pwt, nwt_name=nwt, num_document_passes=0, reuse_theta=no, cache_theta=no, opt_for_avx=yes, disk_cache_path= to ArtmCreateMasterModel
I0607 14:49:05.224686 215057856 c_interface.cc:274] Creating MasterModel (id=3)...
I0607 14:49:05.224853 215057856 c_interface.cc:375] Pass dictionary to MN4artm4core15MasterComponentEFvRKNSt3__112basic_stringIcNS2_11char_traitsIcEENS2_9allocatorIcEEEEE
I0607 14:49:05.225329 215057856 c_interface.cc:389] Pass GatherDictionaryArgs: dictionary_target_name=dictionary, data_path=school_batches, symmetric_cooc_values=0 to MN4artm4core15MasterComponentEFvRKNS_20GatherDictionaryArgsEE
I0607 14:49:05.225452 215057856 dictionary_operations.cc:265] Found 5 batches in 'school_batches' folder
I0607 14:49:05.277608 215057856 dictionary_operations.cc:331] Find 16099 unique tokens in 476 items
I0607 14:49:05.299868 215057856 dictionary_operations.cc:611] Dictionary name='dictionary' contains entries: text:16099; 
I0607 14:49:05.300202 215057856 c_interface.cc:375] Pass pwt to MN4artm4core15MasterComponentEFvRKNSt3__112basic_stringIcNS2_11char_traitsIcEENS2_9allocatorIcEEEEE
I0607 14:49:05.300246 215057856 c_interface.cc:375] Pass nwt to MN4artm4core15MasterComponentEFvRKNSt3__112basic_stringIcNS2_11char_traitsIcEENS2_9allocatorIcEEEEE
I0607 14:49:05.300549 215057856 c_interface.cc:389] Pass InitializeModelArgs: model_name=pwt, dictionary_name=dictionary, topic_name_size=10, seed=-1 to MN4artm4core15MasterComponentEFvRKNS_19InitializeModelArgsEE
I0607 14:49:05.370435 215057856 master_component.cc:663] InitializeModel() created matrix pwt with 10 topics and 16099 tokens; 
I0607 14:49:05.370981 215057856 c_interface.cc:389] Pass InitializeModelArgs: model_name=nwt, dictionary_name=dictionary, topic_name_size=10, seed=-1 to MN4artm4core15MasterComponentEFvRKNS_19InitializeModelArgsEE
I0607 14:49:05.436858 215057856 master_component.cc:663] InitializeModel() created matrix nwt with 10 topics and 16099 tokens; 
I0607 14:49:05.437166 215057856 c_interface.cc:231] ArtmCopyRequestedMessage is copying 326 bytes...
I0607 14:49:05.569649 215057856 c_interface.cc:231] ArtmCopyRequestedMessage is copying 128 bytes...
I0607 14:49:05.570778 215057856 c_interface.cc:231] ArtmCopyRequestedMessage is copying 655 bytes...
I0607 14:51:17.285758 215057856 c_interface.cc:231] ArtmCopyRequestedMessage is copying 128 bytes...
I0607 14:51:17.333999 215057856 c_interface.cc:231] ArtmCopyRequestedMessage is copying 128 bytes...
I0607 14:51:17.336995 215057856 c_interface.cc:231] ArtmCopyRequestedMessage is copying 128 bytes...
I0607 14:51:17.337342 215057856 c_interface.cc:231] ArtmCopyRequestedMessage is copying 128 bytes...
I0607 14:51:17.338930 215057856 c_interface.cc:231] ArtmCopyRequestedMessage is copying 128 bytes...
I0607 14:51:17.339454 215057856 c_interface.cc:231] ArtmCopyRequestedMessage is copying 128 bytes...
I0607 14:51:17.340337 215057856 c_interface.cc:231] ArtmCopyRequestedMessage is copying 655 bytes...
I0607 14:51:54.079782 215057856 c_interface.cc:231] ArtmCopyRequestedMessage is copying 655 bytes...
I0607 14:51:54.141345 215057856 c_interface.cc:231] ArtmCopyRequestedMessage is copying 128 bytes...
I0607 14:51:54.146508 215057856 c_interface.cc:231] ArtmCopyRequestedMessage is copying 128 bytes...
I0607 14:51:54.146791 215057856 c_interface.cc:231] ArtmCopyRequestedMessage is copying 128 bytes...
I0607 14:51:54.147686 215057856 c_interface.cc:231] ArtmCopyRequestedMessage is copying 128 bytes...
I0607 14:51:54.148571 215057856 c_interface.cc:231] ArtmCopyRequestedMessage is copying 128 bytes...
I0607 14:51:54.149188 215057856 c_interface.cc:231] ArtmCopyRequestedMessage is copying 655 bytes...
I0607 14:52:13.823843 215057856 c_interface.cc:231] ArtmCopyRequestedMessage is copying 128 bytes...
I0607 14:52:13.825989 215057856 c_interface.cc:231] ArtmCopyRequestedMessage is copying 128 bytes...
I0607 14:52:13.826799 215057856 c_interface.cc:231] ArtmCopyRequestedMessage is copying 128 bytes...
I0607 14:52:13.827626 215057856 c_interface.cc:231] ArtmCopyRequestedMessage is copying 128 bytes...
I0607 14:52:13.828584 215057856 c_interface.cc:231] ArtmCopyRequestedMessage is copying 128 bytes...
I0607 14:52:13.829285 215057856 c_interface.cc:231] ArtmCopyRequestedMessage is copying 655 bytes...
I0607 15:00:34.694113 215057856 c_interface.cc:389] Pass FitOfflineMasterModelArgs, batch_filename_size=5, batch_weight_size=5, num_collection_passes=1, reset_nwt=yes to MN4artm4core15MasterComponentEFvRKNS_25FitOfflineMasterModelArgsEE
I0607 15:00:34.695163 215057856 master_component.cc:1404] ProcessBatchesArgs: nwt_target_name=nwt, batch_filename_size=5, batch_size=0, batch_weight_size=5, pwt_source_name=pwt, num_document_passes=10, reuse_theta=no, opt_for_avx=yes, predict_class_id=, reset_nwt=yes
I0607 15:00:34.700152 184700928 processor.cc:81] Processing queue has data, processing started
I0607 15:00:34.700145 185237504 processor.cc:81] Processing queue has data, processing started
I0607 15:00:34.700747 184164352 processor.cc:81] Processing queue has data, processing started
I0607 15:00:34.700769 185774080 processor.cc:81] Processing queue has data, processing started
I0607 15:00:34.704437 185237504 processor.cc:158] Processor: start processing batch 33803e03-f25c-44f7-934c-dfe173a3f002 into model nwt
I0607 15:00:34.705066 185774080 processor.cc:158] Processor: start processing batch 11c0f3ec-eb0e-46d1-bdc6-50fb15a8abde into model nwt
I0607 15:00:34.705150 184700928 processor.cc:158] Processor: start processing batch 6564cc74-f9ea-45d0-a876-ffb7bd748f96 into model nwt
I0607 15:00:34.706332 184164352 processor.cc:158] Processor: start processing batch bd24395f-a050-4b09-a2f5-39d337dd02c6 into model nwt
I0607 15:00:34.781117 184164352 processor.cc:292] Processor: complete processing batch bd24395f-a050-4b09-a2f5-39d337dd02c6 into model nwt
I0607 15:00:34.785585 184700928 processor.cc:292] Processor: complete processing batch 6564cc74-f9ea-45d0-a876-ffb7bd748f96 into model nwt
I0607 15:00:34.786054 184164352 cuckoo_watch.h:45] 85ms in ProcessBatch(school_batches/aaaaae.batch) [including 5ms in LoadMessage; 0ms in InitializeTheta; 0ms in CreateRegularizerAgents; 1ms in InitializeSparseNdw; 37ms in InferThetaAndUpdateNwtSparse; 26ms in CalculateScore(PerplexityScore); 1ms in CalculateScore(SparsityThetaScore); 7ms in CalculateScore(^^^ItemsProcessedScore^^^); ]
I0607 15:00:34.788399 185237504 processor.cc:292] Processor: complete processing batch 33803e03-f25c-44f7-934c-dfe173a3f002 into model nwt
I0607 15:00:34.789110 184700928 cuckoo_watch.h:45] 88ms in ProcessBatch(school_batches/aaaaab.batch) [including 4ms in LoadMessage; 0ms in InitializeTheta; 0ms in CreateRegularizerAgents; 1ms in InitializeSparseNdw; 45ms in InferThetaAndUpdateNwtSparse; 20ms in CalculateScore(PerplexityScore); 1ms in CalculateScore(SparsityThetaScore); 10ms in CalculateScore(^^^ItemsProcessedScore^^^); ]
I0607 15:00:34.790750 185774080 processor.cc:292] Processor: complete processing batch 11c0f3ec-eb0e-46d1-bdc6-50fb15a8abde into model nwt
I0607 15:00:34.790792 184164352 processor.cc:158] Processor: start processing batch 096fcab4-be9e-49f4-ab02-c5820adc9391 into model nwt
I0607 15:00:34.791024 185237504 cuckoo_watch.h:45] 90ms in ProcessBatch(school_batches/aaaaad.batch) [including 4ms in LoadMessage; 0ms in InitializeTheta; 0ms in CreateRegularizerAgents; 2ms in InitializeSparseNdw; 51ms in InferThetaAndUpdateNwtSparse; 17ms in CalculateScore(PerplexityScore); 1ms in CalculateScore(SparsityThetaScore); 8ms in CalculateScore(^^^ItemsProcessedScore^^^); ]
I0607 15:00:34.793190 185774080 cuckoo_watch.h:45] 92ms in ProcessBatch(school_batches/aaaaaa.batch) [including 4ms in LoadMessage; 0ms in InitializeTheta; 0ms in CreateRegularizerAgents; 1ms in InitializeSparseNdw; 50ms in InferThetaAndUpdateNwtSparse; 19ms in CalculateScore(PerplexityScore); 1ms in CalculateScore(SparsityThetaScore); 12ms in CalculateScore(^^^ItemsProcessedScore^^^); ]
I0607 15:00:34.813640 184700928 processor.cc:74] No data in processing queue, waiting...
I0607 15:00:34.815886 185237504 processor.cc:74] No data in processing queue, waiting...
I0607 15:00:34.817155 185774080 processor.cc:74] No data in processing queue, waiting...
I0607 15:00:34.831645 184164352 processor.cc:292] Processor: complete processing batch 096fcab4-be9e-49f4-ab02-c5820adc9391 into model nwt
I0607 15:00:34.832722 184164352 cuckoo_watch.h:45] 46ms in ProcessBatch(school_batches/aaaaac.batch) [including 4ms in LoadMessage; 0ms in InitializeTheta; 0ms in CreateRegularizerAgents; 0ms in InitializeSparseNdw; 20ms in InferThetaAndUpdateNwtSparse; 12ms in CalculateScore(PerplexityScore); 0ms in CalculateScore(SparsityThetaScore); 5ms in CalculateScore(^^^ItemsProcessedScore^^^); ]
I0607 15:00:34.833206 215057856 master_component.cc:1455] NormalizeModelArgs: pwt_target_name=pwt, nwt_source_name=nwt, rwt_source_name=
I0607 15:00:34.834045 215057856 master_component.cc:1005] MasterComponent: start normalizing model nwt
I0607 15:00:34.856976 184164352 processor.cc:74] No data in processing queue, waiting...
I0607 15:00:34.862450 215057856 master_component.cc:1033] MasterComponent: complete normalizing model nwt
I0607 15:00:34.877851 215057856 master_component.cc:1479] DisposeModel rwt
I0607 15:00:34.877868 215057856 master_component.cc:1058] FitOffline: ItemsProcessed, num_items=476, num_batches=5, token_weight=160411, token_weight_in_effect=160411
I0607 15:00:34.878515 215057856 c_interface.cc:389] Pass FitOfflineMasterModelArgs, batch_filename_size=5, batch_weight_size=5, num_collection_passes=1, reset_nwt=yes to MN4artm4core15MasterComponentEFvRKNS_25FitOfflineMasterModelArgsEE
I0607 15:00:34.878527 215057856 master_component.cc:1404] ProcessBatchesArgs: nwt_target_name=nwt, batch_filename_size=5, batch_size=0, batch_weight_size=5, pwt_source_name=pwt, num_document_passes=10, reuse_theta=no, opt_for_avx=yes, predict_class_id=, reset_nwt=yes
I0607 15:00:34.882162 185237504 processor.cc:81] Processing queue has data, processing started
I0607 15:00:34.882164 185774080 processor.cc:81] Processing queue has data, processing started
I0607 15:00:34.882167 184700928 processor.cc:81] Processing queue has data, processing started
I0607 15:00:34.882176 184164352 processor.cc:81] Processing queue has data, processing started
I0607 15:00:34.885707 184700928 processor.cc:158] Processor: start processing batch bd24395f-a050-4b09-a2f5-39d337dd02c6 into model nwt
I0607 15:00:34.886229 185774080 processor.cc:158] Processor: start processing batch 6564cc74-f9ea-45d0-a876-ffb7bd748f96 into model nwt
I0607 15:00:34.886488 185237504 processor.cc:158] Processor: start processing batch 33803e03-f25c-44f7-934c-dfe173a3f002 into model nwt
I0607 15:00:34.889834 184164352 processor.cc:158] Processor: start processing batch 11c0f3ec-eb0e-46d1-bdc6-50fb15a8abde into model nwt
I0607 15:00:34.930378 184700928 processor.cc:292] Processor: complete processing batch bd24395f-a050-4b09-a2f5-39d337dd02c6 into model nwt
I0607 15:00:34.932143 184700928 cuckoo_watch.h:45] 49ms in ProcessBatch(school_batches/aaaaae.batch) [including 3ms in LoadMessage; 0ms in InitializeTheta; 0ms in CreateRegularizerAgents; 1ms in InitializeSparseNdw; 20ms in InferThetaAndUpdateNwtSparse; 13ms in CalculateScore(PerplexityScore); 1ms in CalculateScore(SparsityThetaScore); 7ms in CalculateScore(^^^ItemsProcessedScore^^^); ]
I0607 15:00:34.934928 185774080 processor.cc:292] Processor: complete processing batch 6564cc74-f9ea-45d0-a876-ffb7bd748f96 into model nwt
I0607 15:00:34.935979 184700928 processor.cc:158] Processor: start processing batch 096fcab4-be9e-49f4-ab02-c5820adc9391 into model nwt
I0607 15:00:34.936532 185237504 processor.cc:292] Processor: complete processing batch 33803e03-f25c-44f7-934c-dfe173a3f002 into model nwt
I0607 15:00:34.937896 185774080 cuckoo_watch.h:45] 55ms in ProcessBatch(school_batches/aaaaab.batch) [including 4ms in LoadMessage; 0ms in InitializeTheta; 0ms in CreateRegularizerAgents; 1ms in InitializeSparseNdw; 19ms in InferThetaAndUpdateNwtSparse; 17ms in CalculateScore(PerplexityScore); 2ms in CalculateScore(SparsityThetaScore); 7ms in CalculateScore(^^^ItemsProcessedScore^^^); ]
I0607 15:00:34.938946 185237504 cuckoo_watch.h:45] 56ms in ProcessBatch(school_batches/aaaaad.batch) [including 4ms in LoadMessage; 0ms in InitializeTheta; 0ms in CreateRegularizerAgents; 1ms in InitializeSparseNdw; 18ms in InferThetaAndUpdateNwtSparse; 17ms in CalculateScore(PerplexityScore); 1ms in CalculateScore(SparsityThetaScore); 8ms in CalculateScore(^^^ItemsProcessedScore^^^); ]
I0607 15:00:34.952854 184164352 processor.cc:292] Processor: complete processing batch 11c0f3ec-eb0e-46d1-bdc6-50fb15a8abde into model nwt
I0607 15:00:34.954038 184164352 cuckoo_watch.h:45] 68ms in ProcessBatch(school_batches/aaaaaa.batch) [including 4ms in LoadMessage; 0ms in InitializeTheta; 0ms in CreateRegularizerAgents; 1ms in InitializeSparseNdw; 24ms in InferThetaAndUpdateNwtSparse; 13ms in CalculateScore(PerplexityScore); 0ms in CalculateScore(SparsityThetaScore); 5ms in CalculateScore(^^^ItemsProcessedScore^^^); ]
I0607 15:00:34.969154 184700928 processor.cc:292] Processor: complete processing batch 096fcab4-be9e-49f4-ab02-c5820adc9391 into model nwt
I0607 15:00:34.970170 184700928 cuckoo_watch.h:45] 38ms in ProcessBatch(school_batches/aaaaac.batch) [including 3ms in LoadMessage; 0ms in InitializeTheta; 0ms in CreateRegularizerAgents; 1ms in InitializeSparseNdw; 14ms in InferThetaAndUpdateNwtSparse; 11ms in CalculateScore(PerplexityScore); 0ms in CalculateScore(SparsityThetaScore); 5ms in CalculateScore(^^^ItemsProcessedScore^^^); ]
I0607 15:00:34.970353 215057856 master_component.cc:1455] NormalizeModelArgs: pwt_target_name=pwt, nwt_source_name=nwt, rwt_source_name=
I0607 15:00:34.970366 215057856 master_component.cc:1005] MasterComponent: start normalizing model nwt
I0607 15:00:34.970396 185774080 processor.cc:74] No data in processing queue, waiting...
I0607 15:00:34.970409 185237504 processor.cc:74] No data in processing queue, waiting...
I0607 15:00:34.978546 184164352 processor.cc:74] No data in processing queue, waiting...
I0607 15:00:34.994012 184700928 processor.cc:74] No data in processing queue, waiting...
I0607 15:00:34.994974 215057856 master_component.cc:1033] MasterComponent: complete normalizing model nwt
I0607 15:00:35.009527 215057856 master_component.cc:1479] DisposeModel rwt
I0607 15:00:35.009543 215057856 master_component.cc:1058] FitOffline: ItemsProcessed, num_items=476, num_batches=5, token_weight=160411, token_weight_in_effect=160411
I0607 15:00:35.009838 215057856 c_interface.cc:389] Pass FitOfflineMasterModelArgs, batch_filename_size=5, batch_weight_size=5, num_collection_passes=1, reset_nwt=yes to MN4artm4core15MasterComponentEFvRKNS_25FitOfflineMasterModelArgsEE
I0607 15:00:35.009866 215057856 master_component.cc:1404] ProcessBatchesArgs: nwt_target_name=nwt, batch_filename_size=5, batch_size=0, batch_weight_size=5, pwt_source_name=pwt, num_document_passes=10, reuse_theta=no, opt_for_avx=yes, predict_class_id=, reset_nwt=yes
I0607 15:00:35.015182 185774080 processor.cc:81] Processing queue has data, processing started
I0607 15:00:35.015211 185237504 processor.cc:81] Processing queue has data, processing started
I0607 15:00:35.015533 184700928 processor.cc:81] Processing queue has data, processing started
I0607 15:00:35.015745 184164352 processor.cc:81] Processing queue has data, processing started
I0607 15:00:35.020418 185774080 processor.cc:158] Processor: start processing batch 33803e03-f25c-44f7-934c-dfe173a3f002 into model nwt
I0607 15:00:35.020571 185237504 processor.cc:158] Processor: start processing batch 6564cc74-f9ea-45d0-a876-ffb7bd748f96 into model nwt
I0607 15:00:35.020743 184700928 processor.cc:158] Processor: start processing batch bd24395f-a050-4b09-a2f5-39d337dd02c6 into model nwt
I0607 15:00:35.024264 184164352 processor.cc:158] Processor: start processing batch 11c0f3ec-eb0e-46d1-bdc6-50fb15a8abde into model nwt
I0607 15:00:35.070075 184700928 processor.cc:292] Processor: complete processing batch bd24395f-a050-4b09-a2f5-39d337dd02c6 into model nwt
I0607 15:00:35.072574 185774080 processor.cc:292] Processor: complete processing batch 33803e03-f25c-44f7-934c-dfe173a3f002 into model nwt
I0607 15:00:35.074892 185774080 cuckoo_watch.h:45] 59ms in ProcessBatch(school_batches/aaaaad.batch) [including 5ms in LoadMessage; 0ms in InitializeTheta; 0ms in CreateRegularizerAgents; 1ms in InitializeSparseNdw; 21ms in InferThetaAndUpdateNwtSparse; 19ms in CalculateScore(PerplexityScore); 1ms in CalculateScore(SparsityThetaScore); 7ms in CalculateScore(^^^ItemsProcessedScore^^^); ]
I0607 15:00:35.075314 185237504 processor.cc:292] Processor: complete processing batch 6564cc74-f9ea-45d0-a876-ffb7bd748f96 into model nwt
I0607 15:00:35.075577 184700928 cuckoo_watch.h:45] 60ms in ProcessBatch(school_batches/aaaaae.batch) [including 5ms in LoadMessage; 0ms in InitializeTheta; 0ms in CreateRegularizerAgents; 1ms in InitializeSparseNdw; 21ms in InferThetaAndUpdateNwtSparse; 16ms in CalculateScore(PerplexityScore); 1ms in CalculateScore(SparsityThetaScore); 7ms in CalculateScore(^^^ItemsProcessedScore^^^); ]
I0607 15:00:35.078128 185237504 cuckoo_watch.h:45] 62ms in ProcessBatch(school_batches/aaaaab.batch) [including 5ms in LoadMessage; 0ms in InitializeTheta; 0ms in CreateRegularizerAgents; 1ms in InitializeSparseNdw; 22ms in InferThetaAndUpdateNwtSparse; 18ms in CalculateScore(PerplexityScore); 1ms in CalculateScore(SparsityThetaScore); 10ms in CalculateScore(^^^ItemsProcessedScore^^^); ]
I0607 15:00:35.079514 185774080 processor.cc:158] Processor: start processing batch 096fcab4-be9e-49f4-ab02-c5820adc9391 into model nwt
I0607 15:00:35.081764 184164352 processor.cc:292] Processor: complete processing batch 11c0f3ec-eb0e-46d1-bdc6-50fb15a8abde into model nwt
I0607 15:00:35.082890 184164352 cuckoo_watch.h:45] 67ms in ProcessBatch(school_batches/aaaaaa.batch) [including 8ms in LoadMessage; 0ms in InitializeTheta; 0ms in CreateRegularizerAgents; 1ms in InitializeSparseNdw; 25ms in InferThetaAndUpdateNwtSparse; 21ms in CalculateScore(PerplexityScore); 3ms in CalculateScore(SparsityThetaScore); 6ms in CalculateScore(^^^ItemsProcessedScore^^^); ]
I0607 15:00:35.099457 184700928 processor.cc:74] No data in processing queue, waiting...
I0607 15:00:35.102035 185237504 processor.cc:74] No data in processing queue, waiting...
I0607 15:00:35.106839 184164352 processor.cc:74] No data in processing queue, waiting...
I0607 15:00:35.118760 185774080 processor.cc:292] Processor: complete processing batch 096fcab4-be9e-49f4-ab02-c5820adc9391 into model nwt
I0607 15:00:35.120635 185774080 cuckoo_watch.h:45] 45ms in ProcessBatch(school_batches/aaaaac.batch) [including 4ms in LoadMessage; 0ms in InitializeTheta; 0ms in CreateRegularizerAgents; 0ms in InitializeSparseNdw; 13ms in InferThetaAndUpdateNwtSparse; 11ms in CalculateScore(PerplexityScore); 0ms in CalculateScore(SparsityThetaScore); 12ms in CalculateScore(^^^ItemsProcessedScore^^^); ]
I0607 15:00:35.128502 215057856 master_component.cc:1455] NormalizeModelArgs: pwt_target_name=pwt, nwt_source_name=nwt, rwt_source_name=
I0607 15:00:35.128520 215057856 master_component.cc:1005] MasterComponent: start normalizing model nwt
I0607 15:00:35.188469 185774080 processor.cc:74] No data in processing queue, waiting...
I0607 15:00:35.192991 215057856 master_component.cc:1033] MasterComponent: complete normalizing model nwt
I0607 15:00:35.208073 215057856 master_component.cc:1479] DisposeModel rwt
I0607 15:00:35.208089 215057856 master_component.cc:1058] FitOffline: ItemsProcessed, num_items=476, num_batches=5, token_weight=160411, token_weight_in_effect=160411
I0607 15:00:35.208292 215057856 c_interface.cc:389] Pass FitOfflineMasterModelArgs, batch_filename_size=5, batch_weight_size=5, num_collection_passes=1, reset_nwt=yes to MN4artm4core15MasterComponentEFvRKNS_25FitOfflineMasterModelArgsEE
I0607 15:00:35.208302 215057856 master_component.cc:1404] ProcessBatchesArgs: nwt_target_name=nwt, batch_filename_size=5, batch_size=0, batch_weight_size=5, pwt_source_name=pwt, num_document_passes=10, reuse_theta=no, opt_for_avx=yes, predict_class_id=, reset_nwt=yes
I0607 15:00:35.214074 185237504 processor.cc:81] Processing queue has data, processing started
I0607 15:00:35.214279 184700928 processor.cc:81] Processing queue has data, processing started
I0607 15:00:35.214368 184164352 processor.cc:81] Processing queue has data, processing started
I0607 15:00:35.218183 185237504 processor.cc:158] Processor: start processing batch 33803e03-f25c-44f7-934c-dfe173a3f002 into model nwt
I0607 15:00:35.218677 184700928 processor.cc:158] Processor: start processing batch 6564cc74-f9ea-45d0-a876-ffb7bd748f96 into model nwt
I0607 15:00:35.218744 184164352 processor.cc:158] Processor: start processing batch bd24395f-a050-4b09-a2f5-39d337dd02c6 into model nwt
I0607 15:00:35.227334 185774080 processor.cc:81] Processing queue has data, processing started
I0607 15:00:35.235340 185774080 processor.cc:158] Processor: start processing batch 11c0f3ec-eb0e-46d1-bdc6-50fb15a8abde into model nwt
I0607 15:00:35.272548 185237504 processor.cc:292] Processor: complete processing batch 33803e03-f25c-44f7-934c-dfe173a3f002 into model nwt
I0607 15:00:35.277709 185237504 cuckoo_watch.h:45] 63ms in ProcessBatch(school_batches/aaaaad.batch) [including 4ms in LoadMessage; 0ms in InitializeTheta; 0ms in CreateRegularizerAgents; 1ms in InitializeSparseNdw; 23ms in InferThetaAndUpdateNwtSparse; 18ms in CalculateScore(PerplexityScore); 2ms in CalculateScore(SparsityThetaScore); 8ms in CalculateScore(^^^ItemsProcessedScore^^^); ]
I0607 15:00:35.277809 184700928 processor.cc:292] Processor: complete processing batch 6564cc74-f9ea-45d0-a876-ffb7bd748f96 into model nwt
I0607 15:00:35.280779 184700928 cuckoo_watch.h:45] 66ms in ProcessBatch(school_batches/aaaaab.batch) [including 4ms in LoadMessage; 0ms in InitializeTheta; 0ms in CreateRegularizerAgents; 1ms in InitializeSparseNdw; 25ms in InferThetaAndUpdateNwtSparse; 19ms in CalculateScore(PerplexityScore); 1ms in CalculateScore(SparsityThetaScore); 10ms in CalculateScore(^^^ItemsProcessedScore^^^); ]
I0607 15:00:35.281355 185237504 processor.cc:158] Processor: start processing batch 096fcab4-be9e-49f4-ab02-c5820adc9391 into model nwt
I0607 15:00:35.283529 184164352 processor.cc:292] Processor: complete processing batch bd24395f-a050-4b09-a2f5-39d337dd02c6 into model nwt
I0607 15:00:35.285526 184164352 cuckoo_watch.h:45] 71ms in ProcessBatch(school_batches/aaaaae.batch) [including 4ms in LoadMessage; 0ms in InitializeTheta; 0ms in CreateRegularizerAgents; 1ms in InitializeSparseNdw; 25ms in InferThetaAndUpdateNwtSparse; 25ms in CalculateScore(PerplexityScore); 1ms in CalculateScore(SparsityThetaScore); 11ms in CalculateScore(^^^ItemsProcessedScore^^^); ]
I0607 15:00:35.302497 185774080 processor.cc:292] Processor: complete processing batch 11c0f3ec-eb0e-46d1-bdc6-50fb15a8abde into model nwt
I0607 15:00:35.304345 185774080 cuckoo_watch.h:45] 76ms in ProcessBatch(school_batches/aaaaaa.batch) [including 7ms in LoadMessage; 0ms in InitializeTheta; 0ms in CreateRegularizerAgents; 1ms in InitializeSparseNdw; 29ms in InferThetaAndUpdateNwtSparse; 23ms in CalculateScore(PerplexityScore); 1ms in CalculateScore(SparsityThetaScore); 10ms in CalculateScore(^^^ItemsProcessedScore^^^); ]
I0607 15:00:35.311136 184164352 processor.cc:74] No data in processing queue, waiting...
I0607 15:00:35.311121 184700928 processor.cc:74] No data in processing queue, waiting...
I0607 15:00:35.325711 185237504 processor.cc:292] Processor: complete processing batch 096fcab4-be9e-49f4-ab02-c5820adc9391 into model nwt
I0607 15:00:35.326802 185237504 cuckoo_watch.h:45] 49ms in ProcessBatch(school_batches/aaaaac.batch) [including 3ms in LoadMessage; 0ms in InitializeTheta; 0ms in CreateRegularizerAgents; 1ms in InitializeSparseNdw; 20ms in InferThetaAndUpdateNwtSparse; 15ms in CalculateScore(PerplexityScore); 1ms in CalculateScore(SparsityThetaScore); 5ms in CalculateScore(^^^ItemsProcessedScore^^^); ]
I0607 15:00:35.326825 215057856 master_component.cc:1455] NormalizeModelArgs: pwt_target_name=pwt, nwt_source_name=nwt, rwt_source_name=
I0607 15:00:35.326830 215057856 master_component.cc:1005] MasterComponent: start normalizing model nwt
I0607 15:00:35.327780 185774080 processor.cc:74] No data in processing queue, waiting...
I0607 15:00:35.350304 185237504 processor.cc:74] No data in processing queue, waiting...
I0607 15:00:35.353210 215057856 master_component.cc:1033] MasterComponent: complete normalizing model nwt
I0607 15:00:35.368530 215057856 master_component.cc:1479] DisposeModel rwt
I0607 15:00:35.368549 215057856 master_component.cc:1058] FitOffline: ItemsProcessed, num_items=476, num_batches=5, token_weight=160411, token_weight_in_effect=160411
I0607 15:00:35.368801 215057856 c_interface.cc:389] Pass FitOfflineMasterModelArgs, batch_filename_size=5, batch_weight_size=5, num_collection_passes=1, reset_nwt=yes to MN4artm4core15MasterComponentEFvRKNS_25FitOfflineMasterModelArgsEE
I0607 15:00:35.368875 215057856 master_component.cc:1404] ProcessBatchesArgs: nwt_target_name=nwt, batch_filename_size=5, batch_size=0, batch_weight_size=5, pwt_source_name=pwt, num_document_passes=10, reuse_theta=no, opt_for_avx=yes, predict_class_id=, reset_nwt=yes
I0607 15:00:35.373535 184700928 processor.cc:81] Processing queue has data, processing started
I0607 15:00:35.373572 185774080 processor.cc:81] Processing queue has data, processing started
I0607 15:00:35.373574 184164352 processor.cc:81] Processing queue has data, processing started
I0607 15:00:35.373589 185237504 processor.cc:81] Processing queue has data, processing started
I0607 15:00:35.377276 185774080 processor.cc:158] Processor: start processing batch 6564cc74-f9ea-45d0-a876-ffb7bd748f96 into model nwt
I0607 15:00:35.378290 184164352 processor.cc:158] Processor: start processing batch bd24395f-a050-4b09-a2f5-39d337dd02c6 into model nwt
I0607 15:00:35.378437 184700928 processor.cc:158] Processor: start processing batch 33803e03-f25c-44f7-934c-dfe173a3f002 into model nwt
I0607 15:00:35.378971 185237504 processor.cc:158] Processor: start processing batch 11c0f3ec-eb0e-46d1-bdc6-50fb15a8abde into model nwt
I0607 15:00:35.425565 184164352 processor.cc:292] Processor: complete processing batch bd24395f-a050-4b09-a2f5-39d337dd02c6 into model nwt
I0607 15:00:35.429141 185774080 processor.cc:292] Processor: complete processing batch 6564cc74-f9ea-45d0-a876-ffb7bd748f96 into model nwt
I0607 15:00:35.429268 184700928 processor.cc:292] Processor: complete processing batch 33803e03-f25c-44f7-934c-dfe173a3f002 into model nwt
I0607 15:00:35.429563 184164352 cuckoo_watch.h:45] 55ms in ProcessBatch(school_batches/aaaaae.batch) [including 4ms in LoadMessage; 0ms in InitializeTheta; 0ms in CreateRegularizerAgents; 0ms in InitializeSparseNdw; 18ms in InferThetaAndUpdateNwtSparse; 18ms in CalculateScore(PerplexityScore); 1ms in CalculateScore(SparsityThetaScore); 6ms in CalculateScore(^^^ItemsProcessedScore^^^); ]
I0607 15:00:35.430886 185774080 cuckoo_watch.h:45] 57ms in ProcessBatch(school_batches/aaaaab.batch) [including 3ms in LoadMessage; 0ms in InitializeTheta; 0ms in CreateRegularizerAgents; 1ms in InitializeSparseNdw; 20ms in InferThetaAndUpdateNwtSparse; 19ms in CalculateScore(PerplexityScore); 1ms in CalculateScore(SparsityThetaScore); 7ms in CalculateScore(^^^ItemsProcessedScore^^^); ]
I0607 15:00:35.433523 184700928 cuckoo_watch.h:45] 59ms in ProcessBatch(school_batches/aaaaad.batch) [including 4ms in LoadMessage; 0ms in InitializeTheta; 0ms in CreateRegularizerAgents; 2ms in InitializeSparseNdw; 20ms in InferThetaAndUpdateNwtSparse; 17ms in CalculateScore(PerplexityScore); 1ms in CalculateScore(SparsityThetaScore); 8ms in CalculateScore(^^^ItemsProcessedScore^^^); ]
I0607 15:00:35.437095 184164352 processor.cc:158] Processor: start processing batch 096fcab4-be9e-49f4-ab02-c5820adc9391 into model nwt
I0607 15:00:35.444136 185237504 processor.cc:292] Processor: complete processing batch 11c0f3ec-eb0e-46d1-bdc6-50fb15a8abde into model nwt
I0607 15:00:35.445231 185237504 cuckoo_watch.h:45] 69ms in ProcessBatch(school_batches/aaaaaa.batch) [including 3ms in LoadMessage; 0ms in InitializeTheta; 0ms in CreateRegularizerAgents; 1ms in InitializeSparseNdw; 31ms in InferThetaAndUpdateNwtSparse; 22ms in CalculateScore(PerplexityScore); 1ms in CalculateScore(SparsityThetaScore); 7ms in CalculateScore(^^^ItemsProcessedScore^^^); ]
I0607 15:00:35.461977 185774080 processor.cc:74] No data in processing queue, waiting...
I0607 15:00:35.464496 184700928 processor.cc:74] No data in processing queue, waiting...
I0607 15:00:35.474231 185237504 processor.cc:74] No data in processing queue, waiting...
I0607 15:00:35.474936 184164352 processor.cc:292] Processor: complete processing batch 096fcab4-be9e-49f4-ab02-c5820adc9391 into model nwt
I0607 15:00:35.476454 184164352 cuckoo_watch.h:45] 46ms in ProcessBatch(school_batches/aaaaac.batch) [including 7ms in LoadMessage; 0ms in InitializeTheta; 0ms in CreateRegularizerAgents; 1ms in InitializeSparseNdw; 16ms in InferThetaAndUpdateNwtSparse; 13ms in CalculateScore(PerplexityScore); 0ms in CalculateScore(SparsityThetaScore); 5ms in CalculateScore(^^^ItemsProcessedScore^^^); ]
I0607 15:00:35.476538 215057856 master_component.cc:1455] NormalizeModelArgs: pwt_target_name=pwt, nwt_source_name=nwt, rwt_source_name=
I0607 15:00:35.476547 215057856 master_component.cc:1005] MasterComponent: start normalizing model nwt
I0607 15:00:35.501569 215057856 master_component.cc:1033] MasterComponent: complete normalizing model nwt
I0607 15:00:35.501603 184164352 processor.cc:74] No data in processing queue, waiting...
I0607 15:00:35.517102 215057856 master_component.cc:1479] DisposeModel rwt
I0607 15:00:35.517117 215057856 master_component.cc:1058] FitOffline: ItemsProcessed, num_items=476, num_batches=5, token_weight=160411, token_weight_in_effect=160411
I0607 15:00:35.517318 215057856 c_interface.cc:389] Pass FitOfflineMasterModelArgs, batch_filename_size=5, batch_weight_size=5, num_collection_passes=1, reset_nwt=yes to MN4artm4core15MasterComponentEFvRKNS_25FitOfflineMasterModelArgsEE
I0607 15:00:35.517330 215057856 master_component.cc:1404] ProcessBatchesArgs: nwt_target_name=nwt, batch_filename_size=5, batch_size=0, batch_weight_size=5, pwt_source_name=pwt, num_document_passes=10, reuse_theta=no, opt_for_avx=yes, predict_class_id=, reset_nwt=yes
I0607 15:00:35.520907 184700928 processor.cc:81] Processing queue has data, processing started
I0607 15:00:35.523152 184700928 processor.cc:158] Processor: start processing batch 33803e03-f25c-44f7-934c-dfe173a3f002 into model nwt
I0607 15:00:35.527992 185774080 processor.cc:81] Processing queue has data, processing started
I0607 15:00:35.528002 185237504 processor.cc:81] Processing queue has data, processing started
I0607 15:00:35.528723 184164352 processor.cc:81] Processing queue has data, processing started
I0607 15:00:35.531292 185237504 processor.cc:158] Processor: start processing batch bd24395f-a050-4b09-a2f5-39d337dd02c6 into model nwt
I0607 15:00:35.531677 185774080 processor.cc:158] Processor: start processing batch 6564cc74-f9ea-45d0-a876-ffb7bd748f96 into model nwt
I0607 15:00:35.533488 184164352 processor.cc:158] Processor: start processing batch 11c0f3ec-eb0e-46d1-bdc6-50fb15a8abde into model nwt
I0607 15:00:35.571077 184700928 processor.cc:292] Processor: complete processing batch 33803e03-f25c-44f7-934c-dfe173a3f002 into model nwt
I0607 15:00:35.574347 184700928 cuckoo_watch.h:45] 53ms in ProcessBatch(school_batches/aaaaad.batch) [including 2ms in LoadMessage; 0ms in InitializeTheta; 0ms in CreateRegularizerAgents; 0ms in InitializeSparseNdw; 18ms in InferThetaAndUpdateNwtSparse; 18ms in CalculateScore(PerplexityScore); 1ms in CalculateScore(SparsityThetaScore); 8ms in CalculateScore(^^^ItemsProcessedScore^^^); ]
I0607 15:00:35.578078 184700928 processor.cc:158] Processor: start processing batch 096fcab4-be9e-49f4-ab02-c5820adc9391 into model nwt
I0607 15:00:35.580648 185774080 processor.cc:292] Processor: complete processing batch 6564cc74-f9ea-45d0-a876-ffb7bd748f96 into model nwt
I0607 15:00:35.582026 185237504 processor.cc:292] Processor: complete processing batch bd24395f-a050-4b09-a2f5-39d337dd02c6 into model nwt
I0607 15:00:35.582201 185774080 cuckoo_watch.h:45] 54ms in ProcessBatch(school_batches/aaaaab.batch) [including 3ms in LoadMessage; 0ms in InitializeTheta; 0ms in CreateRegularizerAgents; 1ms in InitializeSparseNdw; 19ms in InferThetaAndUpdateNwtSparse; 18ms in CalculateScore(PerplexityScore); 1ms in CalculateScore(SparsityThetaScore); 7ms in CalculateScore(^^^ItemsProcessedScore^^^); ]
I0607 15:00:35.583894 185237504 cuckoo_watch.h:45] 55ms in ProcessBatch(school_batches/aaaaae.batch) [including 3ms in LoadMessage; 0ms in InitializeTheta; 0ms in CreateRegularizerAgents; 1ms in InitializeSparseNdw; 20ms in InferThetaAndUpdateNwtSparse; 18ms in CalculateScore(PerplexityScore); 2ms in CalculateScore(SparsityThetaScore); 7ms in CalculateScore(^^^ItemsProcessedScore^^^); ]
I0607 15:00:35.596258 184164352 processor.cc:292] Processor: complete processing batch 11c0f3ec-eb0e-46d1-bdc6-50fb15a8abde into model nwt
I0607 15:00:35.598012 184164352 cuckoo_watch.h:45] 69ms in ProcessBatch(school_batches/aaaaaa.batch) [including 4ms in LoadMessage; 0ms in InitializeTheta; 0ms in CreateRegularizerAgents; 1ms in InitializeSparseNdw; 30ms in InferThetaAndUpdateNwtSparse; 23ms in CalculateScore(PerplexityScore); 1ms in CalculateScore(SparsityThetaScore); 6ms in CalculateScore(^^^ItemsProcessedScore^^^); ]
I0607 15:00:35.610343 185774080 processor.cc:74] No data in processing queue, waiting...
I0607 15:00:35.611876 185237504 processor.cc:74] No data in processing queue, waiting...
I0607 15:00:35.617316 184700928 processor.cc:292] Processor: complete processing batch 096fcab4-be9e-49f4-ab02-c5820adc9391 into model nwt
I0607 15:00:35.618367 184700928 cuckoo_watch.h:45] 43ms in ProcessBatch(school_batches/aaaaac.batch) [including 3ms in LoadMessage; 0ms in InitializeTheta; 0ms in CreateRegularizerAgents; 1ms in InitializeSparseNdw; 17ms in InferThetaAndUpdateNwtSparse; 12ms in CalculateScore(PerplexityScore); 0ms in CalculateScore(SparsityThetaScore); 6ms in CalculateScore(^^^ItemsProcessedScore^^^); ]
I0607 15:00:35.618986 215057856 master_component.cc:1455] NormalizeModelArgs: pwt_target_name=pwt, nwt_source_name=nwt, rwt_source_name=
I0607 15:00:35.618995 215057856 master_component.cc:1005] MasterComponent: start normalizing model nwt
I0607 15:00:35.625433 184164352 processor.cc:74] No data in processing queue, waiting...
I0607 15:00:35.643337 184700928 processor.cc:74] No data in processing queue, waiting...
I0607 15:00:35.646046 215057856 master_component.cc:1033] MasterComponent: complete normalizing model nwt
I0607 15:00:35.662734 215057856 master_component.cc:1479] DisposeModel rwt
I0607 15:00:35.662750 215057856 master_component.cc:1058] FitOffline: ItemsProcessed, num_items=476, num_batches=5, token_weight=160411, token_weight_in_effect=160411
I0607 15:00:35.662994 215057856 c_interface.cc:389] Pass FitOfflineMasterModelArgs, batch_filename_size=5, batch_weight_size=5, num_collection_passes=1, reset_nwt=yes to MN4artm4core15MasterComponentEFvRKNS_25FitOfflineMasterModelArgsEE
I0607 15:00:35.663010 215057856 master_component.cc:1404] ProcessBatchesArgs: nwt_target_name=nwt, batch_filename_size=5, batch_size=0, batch_weight_size=5, pwt_source_name=pwt, num_document_passes=10, reuse_theta=no, opt_for_avx=yes, predict_class_id=, reset_nwt=yes
I0607 15:00:35.667492 184164352 processor.cc:81] Processing queue has data, processing started
I0607 15:00:35.667523 185774080 processor.cc:81] Processing queue has data, processing started
I0607 15:00:35.668716 185237504 processor.cc:81] Processing queue has data, processing started
I0607 15:00:35.668720 184700928 processor.cc:81] Processing queue has data, processing started
I0607 15:00:35.670428 185774080 processor.cc:158] Processor: start processing batch 6564cc74-f9ea-45d0-a876-ffb7bd748f96 into model nwt
I0607 15:00:35.671818 184164352 processor.cc:158] Processor: start processing batch 33803e03-f25c-44f7-934c-dfe173a3f002 into model nwt
I0607 15:00:35.672067 185237504 processor.cc:158] Processor: start processing batch bd24395f-a050-4b09-a2f5-39d337dd02c6 into model nwt
I0607 15:00:35.673753 184700928 processor.cc:158] Processor: start processing batch 11c0f3ec-eb0e-46d1-bdc6-50fb15a8abde into model nwt
I0607 15:00:35.723368 185237504 processor.cc:292] Processor: complete processing batch bd24395f-a050-4b09-a2f5-39d337dd02c6 into model nwt
I0607 15:00:35.724795 184164352 processor.cc:292] Processor: complete processing batch 33803e03-f25c-44f7-934c-dfe173a3f002 into model nwt
I0607 15:00:35.726631 185237504 cuckoo_watch.h:45] 57ms in ProcessBatch(school_batches/aaaaae.batch) [including 3ms in LoadMessage; 0ms in InitializeTheta; 0ms in CreateRegularizerAgents; 1ms in InitializeSparseNdw; 18ms in InferThetaAndUpdateNwtSparse; 16ms in CalculateScore(PerplexityScore); 1ms in CalculateScore(SparsityThetaScore); 13ms in CalculateScore(^^^ItemsProcessedScore^^^); ]
I0607 15:00:35.727157 184164352 cuckoo_watch.h:45] 59ms in ProcessBatch(school_batches/aaaaad.batch) [including 4ms in LoadMessage; 0ms in InitializeTheta; 0ms in CreateRegularizerAgents; 1ms in InitializeSparseNdw; 19ms in InferThetaAndUpdateNwtSparse; 18ms in CalculateScore(PerplexityScore); 1ms in CalculateScore(SparsityThetaScore); 12ms in CalculateScore(^^^ItemsProcessedScore^^^); ]
I0607 15:00:35.730115 185774080 processor.cc:292] Processor: complete processing batch 6564cc74-f9ea-45d0-a876-ffb7bd748f96 into model nwt
I0607 15:00:35.731525 185237504 processor.cc:158] Processor: start processing batch 096fcab4-be9e-49f4-ab02-c5820adc9391 into model nwt
I0607 15:00:35.732040 185774080 cuckoo_watch.h:45] 64ms in ProcessBatch(school_batches/aaaaab.batch) [including 2ms in LoadMessage; 0ms in InitializeTheta; 0ms in CreateRegularizerAgents; 1ms in InitializeSparseNdw; 20ms in InferThetaAndUpdateNwtSparse; 19ms in CalculateScore(PerplexityScore); 1ms in CalculateScore(SparsityThetaScore); 16ms in CalculateScore(^^^ItemsProcessedScore^^^); ]
I0607 15:00:35.751722 184700928 processor.cc:292] Processor: complete processing batch 11c0f3ec-eb0e-46d1-bdc6-50fb15a8abde into model nwt
I0607 15:00:35.753465 184700928 cuckoo_watch.h:45] 84ms in ProcessBatch(school_batches/aaaaaa.batch) [including 5ms in LoadMessage; 0ms in InitializeTheta; 0ms in CreateRegularizerAgents; 1ms in InitializeSparseNdw; 33ms in InferThetaAndUpdateNwtSparse; 33ms in CalculateScore(PerplexityScore); 1ms in CalculateScore(SparsityThetaScore); 8ms in CalculateScore(^^^ItemsProcessedScore^^^); ]
I0607 15:00:35.754484 184164352 processor.cc:74] No data in processing queue, waiting...
I0607 15:00:35.758249 185774080 processor.cc:74] No data in processing queue, waiting...
I0607 15:00:35.774682 185237504 processor.cc:292] Processor: complete processing batch 096fcab4-be9e-49f4-ab02-c5820adc9391 into model nwt
I0607 15:00:35.775717 185237504 cuckoo_watch.h:45] 48ms in ProcessBatch(school_batches/aaaaac.batch) [including 4ms in LoadMessage; 0ms in InitializeTheta; 0ms in CreateRegularizerAgents; 1ms in InitializeSparseNdw; 22ms in InferThetaAndUpdateNwtSparse; 12ms in CalculateScore(PerplexityScore); 1ms in CalculateScore(SparsityThetaScore); 5ms in CalculateScore(^^^ItemsProcessedScore^^^); ]
I0607 15:00:35.776899 215057856 master_component.cc:1455] NormalizeModelArgs: pwt_target_name=pwt, nwt_source_name=nwt, rwt_source_name=
I0607 15:00:35.776908 215057856 master_component.cc:1005] MasterComponent: start normalizing model nwt
I0607 15:00:35.776938 184700928 processor.cc:74] No data in processing queue, waiting...
I0607 15:00:35.802976 185237504 processor.cc:74] No data in processing queue, waiting...
I0607 15:00:35.806324 215057856 master_component.cc:1033] MasterComponent: complete normalizing model nwt
I0607 15:00:35.828902 215057856 master_component.cc:1479] DisposeModel rwt
I0607 15:00:35.828919 215057856 master_component.cc:1058] FitOffline: ItemsProcessed, num_items=476, num_batches=5, token_weight=160411, token_weight_in_effect=160411
I0607 15:00:35.829164 215057856 c_interface.cc:389] Pass FitOfflineMasterModelArgs, batch_filename_size=5, batch_weight_size=5, num_collection_passes=1, reset_nwt=yes to MN4artm4core15MasterComponentEFvRKNS_25FitOfflineMasterModelArgsEE
I0607 15:00:35.829178 215057856 master_component.cc:1404] ProcessBatchesArgs: nwt_target_name=nwt, batch_filename_size=5, batch_size=0, batch_weight_size=5, pwt_source_name=pwt, num_document_passes=10, reuse_theta=no, opt_for_avx=yes, predict_class_id=, reset_nwt=yes
I0607 15:00:35.833807 185774080 processor.cc:81] Processing queue has data, processing started
I0607 15:00:35.834148 185237504 processor.cc:81] Processing queue has data, processing started
I0607 15:00:35.834157 184164352 processor.cc:81] Processing queue has data, processing started
I0607 15:00:35.834554 184700928 processor.cc:81] Processing queue has data, processing started
I0607 15:00:35.837697 185774080 processor.cc:158] Processor: start processing batch 33803e03-f25c-44f7-934c-dfe173a3f002 into model nwt
I0607 15:00:35.837906 184164352 processor.cc:158] Processor: start processing batch bd24395f-a050-4b09-a2f5-39d337dd02c6 into model nwt
I0607 15:00:35.838349 185237504 processor.cc:158] Processor: start processing batch 6564cc74-f9ea-45d0-a876-ffb7bd748f96 into model nwt
I0607 15:00:35.839349 184700928 processor.cc:158] Processor: start processing batch 11c0f3ec-eb0e-46d1-bdc6-50fb15a8abde into model nwt
I0607 15:00:35.883813 184164352 processor.cc:292] Processor: complete processing batch bd24395f-a050-4b09-a2f5-39d337dd02c6 into model nwt
I0607 15:00:35.886696 184164352 cuckoo_watch.h:45] 52ms in ProcessBatch(school_batches/aaaaae.batch) [including 3ms in LoadMessage; 0ms in InitializeTheta; 0ms in CreateRegularizerAgents; 1ms in InitializeSparseNdw; 21ms in InferThetaAndUpdateNwtSparse; 15ms in CalculateScore(PerplexityScore); 1ms in CalculateScore(SparsityThetaScore); 6ms in CalculateScore(^^^ItemsProcessedScore^^^); ]
I0607 15:00:35.889093 185774080 processor.cc:292] Processor: complete processing batch 33803e03-f25c-44f7-934c-dfe173a3f002 into model nwt
I0607 15:00:35.891211 185237504 processor.cc:292] Processor: complete processing batch 6564cc74-f9ea-45d0-a876-ffb7bd748f96 into model nwt
I0607 15:00:35.892218 184164352 processor.cc:158] Processor: start processing batch 096fcab4-be9e-49f4-ab02-c5820adc9391 into model nwt
I0607 15:00:35.893972 185237504 cuckoo_watch.h:45] 59ms in ProcessBatch(school_batches/aaaaab.batch) [including 4ms in LoadMessage; 0ms in InitializeTheta; 0ms in CreateRegularizerAgents; 1ms in InitializeSparseNdw; 21ms in InferThetaAndUpdateNwtSparse; 19ms in CalculateScore(PerplexityScore); 1ms in CalculateScore(SparsityThetaScore); 8ms in CalculateScore(^^^ItemsProcessedScore^^^); ]
I0607 15:00:35.894413 185774080 cuckoo_watch.h:45] 60ms in ProcessBatch(school_batches/aaaaad.batch) [including 3ms in LoadMessage; 0ms in InitializeTheta; 0ms in CreateRegularizerAgents; 1ms in InitializeSparseNdw; 21ms in InferThetaAndUpdateNwtSparse; 17ms in CalculateScore(PerplexityScore); 1ms in CalculateScore(SparsityThetaScore); 8ms in CalculateScore(^^^ItemsProcessedScore^^^); ]
I0607 15:00:35.900000 184700928 processor.cc:292] Processor: complete processing batch 11c0f3ec-eb0e-46d1-bdc6-50fb15a8abde into model nwt
I0607 15:00:35.901728 184700928 cuckoo_watch.h:45] 67ms in ProcessBatch(school_batches/aaaaaa.batch) [including 4ms in LoadMessage; 0ms in InitializeTheta; 0ms in CreateRegularizerAgents; 1ms in InitializeSparseNdw; 27ms in InferThetaAndUpdateNwtSparse; 21ms in CalculateScore(PerplexityScore); 4ms in CalculateScore(SparsityThetaScore); 5ms in CalculateScore(^^^ItemsProcessedScore^^^); ]
I0607 15:00:35.918452 185774080 processor.cc:74] No data in processing queue, waiting...
