I0607 15:40:49.174125 284979200 processor.cc:158] Processor: start processing batch ce2a767a-059a-42a9-912f-f1512ee3e388 into model nwt
I0607 15:40:49.174232 285515776 processor.cc:158] Processor: start processing batch a3c2ffb0-2696-4b9b-87f9-f2b7b625a3e8 into model nwt
I0607 15:40:49.223960 284979200 processor.cc:292] Processor: complete processing batch ce2a767a-059a-42a9-912f-f1512ee3e388 into model nwt
I0607 15:40:49.225353 283906048 processor.cc:292] Processor: complete processing batch ac82d179-1596-49c0-8e97-580ce0f5358e into model nwt
I0607 15:40:49.228363 284979200 cuckoo_watch.h:45] 58ms in ProcessBatch(school_batches/aaaaab.batch) [including 4ms in LoadMessage; 0ms in FindReuseThetaCacheEntry; 0ms in InitializeTheta; 0ms in CreateRegularizerAgents; 1ms in InitializeSparseNdw; 15ms in InferThetaAndUpdateNwtSparse; 0ms in UpdateCacheEntry; 20ms in CalculateScore(PerplexityScore); 1ms in CalculateScore(SparsityThetaScore); 9ms in CalculateScore(^^^ItemsProcessedScore^^^); ]
I0607 15:40:49.228698 283906048 cuckoo_watch.h:45] 59ms in ProcessBatch(school_batches/aaaaad.batch) [including 4ms in LoadMessage; 0ms in FindReuseThetaCacheEntry; 0ms in InitializeTheta; 0ms in CreateRegularizerAgents; 1ms in InitializeSparseNdw; 15ms in InferThetaAndUpdateNwtSparse; 0ms in UpdateCacheEntry; 23ms in CalculateScore(PerplexityScore); 1ms in CalculateScore(SparsityThetaScore); 8ms in CalculateScore(^^^ItemsProcessedScore^^^); ]
I0607 15:40:49.231400 284979200 processor.cc:158] Processor: start processing batch bd9aeda7-3c2b-4086-b542-8a9bb13a86c2 into model nwt
I0607 15:40:49.231931 285515776 processor.cc:292] Processor: complete processing batch a3c2ffb0-2696-4b9b-87f9-f2b7b625a3e8 into model nwt
I0607 15:40:49.235060 285515776 cuckoo_watch.h:45] 65ms in ProcessBatch(school_batches/aaaaaa.batch) [including 4ms in LoadMessage; 0ms in FindReuseThetaCacheEntry; 0ms in InitializeTheta; 0ms in CreateRegularizerAgents; 2ms in InitializeSparseNdw; 21ms in InferThetaAndUpdateNwtSparse; 0ms in UpdateCacheEntry; 21ms in CalculateScore(PerplexityScore); 1ms in CalculateScore(SparsityThetaScore); 10ms in CalculateScore(^^^ItemsProcessedScore^^^); ]
I0607 15:40:49.237670 284442624 processor.cc:292] Processor: complete processing batch 5c7b44f6-79b2-4154-8463-9c4c88da0d5c into model nwt
I0607 15:40:49.238788 284442624 cuckoo_watch.h:45] 69ms in ProcessBatch(school_batches/aaaaae.batch) [including 4ms in LoadMessage; 0ms in FindReuseThetaCacheEntry; 0ms in InitializeTheta; 0ms in CreateRegularizerAgents; 1ms in InitializeSparseNdw; 25ms in InferThetaAndUpdateNwtSparse; 0ms in UpdateCacheEntry; 22ms in CalculateScore(PerplexityScore); 5ms in CalculateScore(SparsityThetaScore); 8ms in CalculateScore(^^^ItemsProcessedScore^^^); ]
I0607 15:40:49.252606 283906048 processor.cc:74] No data in processing queue, waiting...
I0607 15:40:49.258792 285515776 processor.cc:74] No data in processing queue, waiting...
I0607 15:40:49.262171 284442624 processor.cc:74] No data in processing queue, waiting...
I0607 15:40:49.268519 284979200 processor.cc:292] Processor: complete processing batch bd9aeda7-3c2b-4086-b542-8a9bb13a86c2 into model nwt
I0607 15:40:49.269930 284979200 cuckoo_watch.h:45] 41ms in ProcessBatch(school_batches/aaaaac.batch) [including 2ms in LoadMessage; 0ms in FindReuseThetaCacheEntry; 0ms in InitializeTheta; 0ms in CreateRegularizerAgents; 0ms in InitializeSparseNdw; 14ms in InferThetaAndUpdateNwtSparse; 0ms in UpdateCacheEntry; 12ms in CalculateScore(PerplexityScore); 1ms in CalculateScore(SparsityThetaScore); 7ms in CalculateScore(^^^ItemsProcessedScore^^^); ]
I0607 15:40:49.270948 72533440 master_component.cc:1442] RegularizeModelArgs: rwt_target_name=rwt, pwt_source_name=pwt, nwt_source_name=nwt
I0607 15:40:49.271003 72533440 master_component.cc:975] MasterComponent: start regularizing model pwt
I0607 15:40:49.293040 284979200 processor.cc:74] No data in processing queue, waiting...
I0607 15:40:49.345067 72533440 master_component.cc:1001] MasterComponent: complete regularizing model pwt
I0607 15:40:49.345083 72533440 master_component.cc:1455] NormalizeModelArgs: pwt_target_name=pwt, nwt_source_name=nwt, rwt_source_name=rwt
I0607 15:40:49.345088 72533440 master_component.cc:1005] MasterComponent: start normalizing model nwt
I0607 15:40:49.395714 72533440 master_component.cc:1033] MasterComponent: complete normalizing model nwt
I0607 15:40:49.412420 72533440 master_component.cc:1479] DisposeModel rwt
I0607 15:40:49.420990 72533440 master_component.cc:1058] FitOffline: ItemsProcessed, num_items=476, num_batches=5, token_weight=160411, token_weight_in_effect=160411
I0607 15:40:49.421253 72533440 c_interface.cc:389] Pass FitOfflineMasterModelArgs, batch_filename_size=5, batch_weight_size=5, num_collection_passes=1, reset_nwt=yes to MN4artm4core15MasterComponentEFvRKNS_25FitOfflineMasterModelArgsEE
I0607 15:40:49.421267 72533440 master_component.cc:1404] ProcessBatchesArgs: nwt_target_name=nwt, batch_filename_size=5, batch_size=0, batch_weight_size=5, pwt_source_name=pwt, num_document_passes=1, regularizer=(name:SparsePhi, tau:-100), reuse_theta=yes, opt_for_avx=yes, predict_class_id=, reset_nwt=yes
I0607 15:40:49.430714 283906048 processor.cc:81] Processing queue has data, processing started
I0607 15:40:49.430846 285515776 processor.cc:81] Processing queue has data, processing started
I0607 15:40:49.431197 284442624 processor.cc:81] Processing queue has data, processing started
I0607 15:40:49.431205 284979200 processor.cc:81] Processing queue has data, processing started
I0607 15:40:49.435155 283906048 processor.cc:158] Processor: start processing batch ac82d179-1596-49c0-8e97-580ce0f5358e into model nwt
I0607 15:40:49.435405 285515776 processor.cc:158] Processor: start processing batch ce2a767a-059a-42a9-912f-f1512ee3e388 into model nwt
I0607 15:40:49.436039 284979200 processor.cc:158] Processor: start processing batch a3c2ffb0-2696-4b9b-87f9-f2b7b625a3e8 into model nwt
I0607 15:40:49.436218 284442624 processor.cc:158] Processor: start processing batch 5c7b44f6-79b2-4154-8463-9c4c88da0d5c into model nwt
I0607 15:40:49.488257 284442624 processor.cc:292] Processor: complete processing batch 5c7b44f6-79b2-4154-8463-9c4c88da0d5c into model nwt
I0607 15:40:49.491664 284442624 cuckoo_watch.h:45] 60ms in ProcessBatch(school_batches/aaaaae.batch) [including 5ms in LoadMessage; 0ms in FindReuseThetaCacheEntry; 0ms in InitializeTheta; 0ms in CreateRegularizerAgents; 1ms in InitializeSparseNdw; 20ms in InferThetaAndUpdateNwtSparse; 0ms in UpdateCacheEntry; 17ms in CalculateScore(PerplexityScore); 3ms in CalculateScore(SparsityThetaScore); 8ms in CalculateScore(^^^ItemsProcessedScore^^^); ]
I0607 15:40:49.494462 283906048 processor.cc:292] Processor: complete processing batch ac82d179-1596-49c0-8e97-580ce0f5358e into model nwt
I0607 15:40:49.496894 285515776 processor.cc:292] Processor: complete processing batch ce2a767a-059a-42a9-912f-f1512ee3e388 into model nwt
I0607 15:40:49.497301 284979200 processor.cc:292] Processor: complete processing batch a3c2ffb0-2696-4b9b-87f9-f2b7b625a3e8 into model nwt
I0607 15:40:49.497459 284442624 processor.cc:158] Processor: start processing batch bd9aeda7-3c2b-4086-b542-8a9bb13a86c2 into model nwt
I0607 15:40:49.498553 283906048 cuckoo_watch.h:45] 67ms in ProcessBatch(school_batches/aaaaad.batch) [including 4ms in LoadMessage; 0ms in FindReuseThetaCacheEntry; 0ms in InitializeTheta; 0ms in CreateRegularizerAgents; 1ms in InitializeSparseNdw; 19ms in InferThetaAndUpdateNwtSparse; 0ms in UpdateCacheEntry; 24ms in CalculateScore(PerplexityScore); 1ms in CalculateScore(SparsityThetaScore); 12ms in CalculateScore(^^^ItemsProcessedScore^^^); ]
I0607 15:40:49.499181 285515776 cuckoo_watch.h:45] 68ms in ProcessBatch(school_batches/aaaaab.batch) [including 4ms in LoadMessage; 0ms in FindReuseThetaCacheEntry; 0ms in InitializeTheta; 0ms in CreateRegularizerAgents; 1ms in InitializeSparseNdw; 26ms in InferThetaAndUpdateNwtSparse; 0ms in UpdateCacheEntry; 21ms in CalculateScore(PerplexityScore); 2ms in CalculateScore(SparsityThetaScore); 9ms in CalculateScore(^^^ItemsProcessedScore^^^); ]
I0607 15:40:49.499696 284979200 cuckoo_watch.h:45] 68ms in ProcessBatch(school_batches/aaaaaa.batch) [including 4ms in LoadMessage; 0ms in FindReuseThetaCacheEntry; 0ms in InitializeTheta; 0ms in CreateRegularizerAgents; 1ms in InitializeSparseNdw; 24ms in InferThetaAndUpdateNwtSparse; 0ms in UpdateCacheEntry; 24ms in CalculateScore(PerplexityScore); 1ms in CalculateScore(SparsityThetaScore); 8ms in CalculateScore(^^^ItemsProcessedScore^^^); ]
I0607 15:40:49.521937 283906048 processor.cc:74] No data in processing queue, waiting...
I0607 15:40:49.524186 284979200 processor.cc:74] No data in processing queue, waiting...
I0607 15:40:49.524201 285515776 processor.cc:74] No data in processing queue, waiting...
I0607 15:40:49.535272 284442624 processor.cc:292] Processor: complete processing batch bd9aeda7-3c2b-4086-b542-8a9bb13a86c2 into model nwt
I0607 15:40:49.536531 284442624 cuckoo_watch.h:45] 44ms in ProcessBatch(school_batches/aaaaac.batch) [including 5ms in LoadMessage; 0ms in FindReuseThetaCacheEntry; 0ms in InitializeTheta; 0ms in CreateRegularizerAgents; 1ms in InitializeSparseNdw; 14ms in InferThetaAndUpdateNwtSparse; 0ms in UpdateCacheEntry; 14ms in CalculateScore(PerplexityScore); 0ms in CalculateScore(SparsityThetaScore); 6ms in CalculateScore(^^^ItemsProcessedScore^^^); ]
I0607 15:40:49.537865 72533440 master_component.cc:1442] RegularizeModelArgs: rwt_target_name=rwt, pwt_source_name=pwt, nwt_source_name=nwt
I0607 15:40:49.537887 72533440 master_component.cc:975] MasterComponent: start regularizing model pwt
I0607 15:40:49.560796 284442624 processor.cc:74] No data in processing queue, waiting...
I0607 15:40:49.589673 72533440 master_component.cc:1001] MasterComponent: complete regularizing model pwt
I0607 15:40:49.589689 72533440 master_component.cc:1455] NormalizeModelArgs: pwt_target_name=pwt, nwt_source_name=nwt, rwt_source_name=rwt
I0607 15:40:49.589695 72533440 master_component.cc:1005] MasterComponent: start normalizing model nwt
I0607 15:40:49.622661 72533440 master_component.cc:1033] MasterComponent: complete normalizing model nwt
I0607 15:40:49.637969 72533440 master_component.cc:1479] DisposeModel rwt
I0607 15:40:49.647576 72533440 master_component.cc:1058] FitOffline: ItemsProcessed, num_items=476, num_batches=5, token_weight=160411, token_weight_in_effect=160411
I0607 15:40:49.647811 72533440 c_interface.cc:389] Pass FitOfflineMasterModelArgs, batch_filename_size=5, batch_weight_size=5, num_collection_passes=1, reset_nwt=yes to MN4artm4core15MasterComponentEFvRKNS_25FitOfflineMasterModelArgsEE
I0607 15:40:49.647825 72533440 master_component.cc:1404] ProcessBatchesArgs: nwt_target_name=nwt, batch_filename_size=5, batch_size=0, batch_weight_size=5, pwt_source_name=pwt, num_document_passes=1, regularizer=(name:SparsePhi, tau:-100), reuse_theta=yes, opt_for_avx=yes, predict_class_id=, reset_nwt=yes
I0607 15:40:49.658232 285515776 processor.cc:81] Processing queue has data, processing started
I0607 15:40:49.658257 283906048 processor.cc:81] Processing queue has data, processing started
I0607 15:40:49.658257 284442624 processor.cc:81] Processing queue has data, processing started
I0607 15:40:49.658274 284979200 processor.cc:81] Processing queue has data, processing started
I0607 15:40:49.663767 283906048 processor.cc:158] Processor: start processing batch ce2a767a-059a-42a9-912f-f1512ee3e388 into model nwt
I0607 15:40:49.664589 285515776 processor.cc:158] Processor: start processing batch ac82d179-1596-49c0-8e97-580ce0f5358e into model nwt
I0607 15:40:49.665048 284442624 processor.cc:158] Processor: start processing batch 5c7b44f6-79b2-4154-8463-9c4c88da0d5c into model nwt
I0607 15:40:49.668709 284979200 processor.cc:158] Processor: start processing batch a3c2ffb0-2696-4b9b-87f9-f2b7b625a3e8 into model nwt
I0607 15:40:49.719224 285515776 processor.cc:292] Processor: complete processing batch ac82d179-1596-49c0-8e97-580ce0f5358e into model nwt
I0607 15:40:49.722870 283906048 processor.cc:292] Processor: complete processing batch ce2a767a-059a-42a9-912f-f1512ee3e388 into model nwt
I0607 15:40:49.723217 285515776 cuckoo_watch.h:45] 64ms in ProcessBatch(school_batches/aaaaad.batch) [including 6ms in LoadMessage; 0ms in FindReuseThetaCacheEntry; 0ms in InitializeTheta; 0ms in CreateRegularizerAgents; 1ms in InitializeSparseNdw; 19ms in InferThetaAndUpdateNwtSparse; 0ms in UpdateCacheEntry; 23ms in CalculateScore(PerplexityScore); 1ms in CalculateScore(SparsityThetaScore); 8ms in CalculateScore(^^^ItemsProcessedScore^^^); ]
I0607 15:40:49.727468 283906048 cuckoo_watch.h:45] 69ms in ProcessBatch(school_batches/aaaaab.batch) [including 5ms in LoadMessage; 0ms in FindReuseThetaCacheEntry; 0ms in InitializeTheta; 0ms in CreateRegularizerAgents; 1ms in InitializeSparseNdw; 20ms in InferThetaAndUpdateNwtSparse; 0ms in UpdateCacheEntry; 26ms in CalculateScore(PerplexityScore); 2ms in CalculateScore(SparsityThetaScore); 8ms in CalculateScore(^^^ItemsProcessedScore^^^); ]
I0607 15:40:49.728654 285515776 processor.cc:158] Processor: start processing batch bd9aeda7-3c2b-4086-b542-8a9bb13a86c2 into model nwt
I0607 15:40:49.729799 284442624 processor.cc:292] Processor: complete processing batch 5c7b44f6-79b2-4154-8463-9c4c88da0d5c into model nwt
I0607 15:40:49.732465 284442624 cuckoo_watch.h:45] 74ms in ProcessBatch(school_batches/aaaaae.batch) [including 6ms in LoadMessage; 0ms in FindReuseThetaCacheEntry; 0ms in InitializeTheta; 0ms in CreateRegularizerAgents; 1ms in InitializeSparseNdw; 23ms in InferThetaAndUpdateNwtSparse; 0ms in UpdateCacheEntry; 29ms in CalculateScore(PerplexityScore); 2ms in CalculateScore(SparsityThetaScore); 7ms in CalculateScore(^^^ItemsProcessedScore^^^); ]
I0607 15:40:49.740671 284979200 processor.cc:292] Processor: complete processing batch a3c2ffb0-2696-4b9b-87f9-f2b7b625a3e8 into model nwt
I0607 15:40:49.742959 284979200 cuckoo_watch.h:45] 83ms in ProcessBatch(school_batches/aaaaaa.batch) [including 9ms in LoadMessage; 0ms in FindReuseThetaCacheEntry; 0ms in InitializeTheta; 0ms in CreateRegularizerAgents; 1ms in InitializeSparseNdw; 21ms in InferThetaAndUpdateNwtSparse; 0ms in UpdateCacheEntry; 40ms in CalculateScore(PerplexityScore); 1ms in CalculateScore(SparsityThetaScore); 6ms in CalculateScore(^^^ItemsProcessedScore^^^); ]
I0607 15:40:49.750545 283906048 processor.cc:74] No data in processing queue, waiting...
I0607 15:40:49.755240 284442624 processor.cc:74] No data in processing queue, waiting...
I0607 15:40:49.765609 284979200 processor.cc:74] No data in processing queue, waiting...
I0607 15:40:49.767151 285515776 processor.cc:292] Processor: complete processing batch bd9aeda7-3c2b-4086-b542-8a9bb13a86c2 into model nwt
I0607 15:40:49.768420 285515776 cuckoo_watch.h:45] 45ms in ProcessBatch(school_batches/aaaaac.batch) [including 5ms in LoadMessage; 0ms in FindReuseThetaCacheEntry; 0ms in InitializeTheta; 0ms in CreateRegularizerAgents; 1ms in InitializeSparseNdw; 14ms in InferThetaAndUpdateNwtSparse; 0ms in UpdateCacheEntry; 14ms in CalculateScore(PerplexityScore); 1ms in CalculateScore(SparsityThetaScore); 6ms in CalculateScore(^^^ItemsProcessedScore^^^); ]
I0607 15:40:49.769162 72533440 master_component.cc:1442] RegularizeModelArgs: rwt_target_name=rwt, pwt_source_name=pwt, nwt_source_name=nwt
I0607 15:40:49.769184 72533440 master_component.cc:975] MasterComponent: start regularizing model pwt
I0607 15:40:49.791668 285515776 processor.cc:74] No data in processing queue, waiting...
I0607 15:40:49.819128 72533440 master_component.cc:1001] MasterComponent: complete regularizing model pwt
I0607 15:40:49.819144 72533440 master_component.cc:1455] NormalizeModelArgs: pwt_target_name=pwt, nwt_source_name=nwt, rwt_source_name=rwt
I0607 15:40:49.819149 72533440 master_component.cc:1005] MasterComponent: start normalizing model nwt
I0607 15:40:49.851305 72533440 master_component.cc:1033] MasterComponent: complete normalizing model nwt
I0607 15:40:49.863883 72533440 master_component.cc:1479] DisposeModel rwt
I0607 15:40:49.871201 72533440 master_component.cc:1058] FitOffline: ItemsProcessed, num_items=476, num_batches=5, token_weight=160411, token_weight_in_effect=160411
I0607 15:40:49.882714 72533440 c_interface.cc:231] ArtmCopyRequestedMessage is copying 227160 bytes...
I0607 15:40:50.002085 72533440 c_interface.cc:231] ArtmCopyRequestedMessage is copying 227160 bytes...
I0607 15:40:50.069489 72533440 c_interface.cc:231] ArtmCopyRequestedMessage is copying 227160 bytes...
I0607 15:40:50.143651 72533440 c_interface.cc:231] ArtmCopyRequestedMessage is copying 227160 bytes...
I0607 15:40:50.308423 72533440 c_interface.cc:231] ArtmCopyRequestedMessage is copying 227160 bytes...
I0607 15:40:50.502177 72533440 c_interface.cc:231] ArtmCopyRequestedMessage is copying 227160 bytes...
I0607 15:40:50.568337 72533440 c_interface.cc:231] ArtmCopyRequestedMessage is copying 227160 bytes...
I0607 15:40:50.633903 72533440 c_interface.cc:231] ArtmCopyRequestedMessage is copying 227160 bytes...
I0607 15:40:50.699111 72533440 c_interface.cc:231] ArtmCopyRequestedMessage is copying 227160 bytes...
I0607 15:40:50.768271 72533440 c_interface.cc:231] ArtmCopyRequestedMessage is copying 227160 bytes...
I0607 15:40:50.834326 72533440 c_interface.cc:231] ArtmCopyRequestedMessage is copying 227160 bytes...
I0607 15:40:50.904249 72533440 c_interface.cc:231] ArtmCopyRequestedMessage is copying 227160 bytes...
I0607 15:40:50.980186 72533440 c_interface.cc:231] ArtmCopyRequestedMessage is copying 227160 bytes...
I0607 15:40:51.052429 72533440 c_interface.cc:231] ArtmCopyRequestedMessage is copying 227160 bytes...
I0607 15:40:51.123883 72533440 c_interface.cc:231] ArtmCopyRequestedMessage is copying 227160 bytes...
I0607 15:40:51.192435 72533440 c_interface.cc:231] ArtmCopyRequestedMessage is copying 227160 bytes...
I0607 15:40:51.265365 72533440 c_interface.cc:231] ArtmCopyRequestedMessage is copying 227160 bytes...
I0607 15:40:51.330399 72533440 c_interface.cc:231] ArtmCopyRequestedMessage is copying 227160 bytes...
I0607 15:40:51.429013 72533440 c_interface.cc:231] ArtmCopyRequestedMessage is copying 227160 bytes...
I0607 15:40:51.502460 72533440 c_interface.cc:231] ArtmCopyRequestedMessage is copying 227160 bytes...
I0607 15:40:51.570366 72533440 c_interface.cc:389] Pass MasterModelConfig: topic_name_size=10, score_config_size=5, num_processors=0, pwt_name=pwt, nwt_name=nwt, num_document_passes=1, regularizer=(SparsePhi:-50000), reuse_theta=yes, cache_theta=yes, opt_for_avx=yes, disk_cache_path= to MN4artm4core15MasterComponentEFvRKNS_17MasterModelConfigEE
I0607 15:40:51.570389 72533440 instance.cc:401] MasterModelConfig.processors_count is automatically set to 4
I0607 15:40:51.570430 72533440 perplexity.cc:27] Perplexity score calculator created: model_type=1, dictionary_name=dictionary
I0607 15:40:51.570461 72533440 instance.cc:232] Regularizer 'SparsePhi' was cold-reconfigured
I0607 15:40:51.570870 72533440 c_interface.cc:389] Pass FitOfflineMasterModelArgs, batch_filename_size=5, batch_weight_size=5, num_collection_passes=1, reset_nwt=yes to MN4artm4core15MasterComponentEFvRKNS_25FitOfflineMasterModelArgsEE
I0607 15:40:51.570886 72533440 master_component.cc:1404] ProcessBatchesArgs: nwt_target_name=nwt, batch_filename_size=5, batch_size=0, batch_weight_size=5, pwt_source_name=pwt, num_document_passes=1, regularizer=(name:SparsePhi, tau:-50000), reuse_theta=yes, opt_for_avx=yes, predict_class_id=, reset_nwt=yes
I0607 15:40:51.579107 284979200 processor.cc:81] Processing queue has data, processing started
I0607 15:40:51.579146 283906048 processor.cc:81] Processing queue has data, processing started
I0607 15:40:51.579144 285515776 processor.cc:81] Processing queue has data, processing started
I0607 15:40:51.579159 284442624 processor.cc:81] Processing queue has data, processing started
I0607 15:40:51.582001 284442624 processor.cc:158] Processor: start processing batch a3c2ffb0-2696-4b9b-87f9-f2b7b625a3e8 into model nwt
I0607 15:40:51.582893 285515776 processor.cc:158] Processor: start processing batch ce2a767a-059a-42a9-912f-f1512ee3e388 into model nwt
I0607 15:40:51.584681 283906048 processor.cc:158] Processor: start processing batch 5c7b44f6-79b2-4154-8463-9c4c88da0d5c into model nwt
I0607 15:40:51.590312 284979200 processor.cc:158] Processor: start processing batch ac82d179-1596-49c0-8e97-580ce0f5358e into model nwt
I0607 15:40:51.625905 283906048 processor.cc:292] Processor: complete processing batch 5c7b44f6-79b2-4154-8463-9c4c88da0d5c into model nwt
I0607 15:40:51.628593 283906048 cuckoo_watch.h:45] 49ms in ProcessBatch(school_batches/aaaaae.batch) [including 5ms in LoadMessage; 0ms in FindReuseThetaCacheEntry; 0ms in InitializeTheta; 0ms in CreateRegularizerAgents; 0ms in InitializeSparseNdw; 16ms in InferThetaAndUpdateNwtSparse; 0ms in UpdateCacheEntry; 13ms in CalculateScore(PerplexityScore); 1ms in CalculateScore(SparsityThetaScore); 9ms in CalculateScore(^^^ItemsProcessedScore^^^); ]
I0607 15:40:51.630203 284979200 processor.cc:292] Processor: complete processing batch ac82d179-1596-49c0-8e97-580ce0f5358e into model nwt
I0607 15:40:51.632776 283906048 processor.cc:158] Processor: start processing batch bd9aeda7-3c2b-4086-b542-8a9bb13a86c2 into model nwt
I0607 15:40:51.636034 284979200 cuckoo_watch.h:45] 56ms in ProcessBatch(school_batches/aaaaad.batch) [including 11ms in LoadMessage; 0ms in FindReuseThetaCacheEntry; 0ms in InitializeTheta; 0ms in CreateRegularizerAgents; 1ms in InitializeSparseNdw; 15ms in InferThetaAndUpdateNwtSparse; 0ms in UpdateCacheEntry; 14ms in CalculateScore(PerplexityScore); 0ms in CalculateScore(SparsityThetaScore); 7ms in CalculateScore(^^^ItemsProcessedScore^^^); ]
I0607 15:40:51.638334 285515776 processor.cc:292] Processor: complete processing batch ce2a767a-059a-42a9-912f-f1512ee3e388 into model nwt
I0607 15:40:51.639505 285515776 cuckoo_watch.h:45] 60ms in ProcessBatch(school_batches/aaaaab.batch) [including 3ms in LoadMessage; 0ms in FindReuseThetaCacheEntry; 0ms in InitializeTheta; 0ms in CreateRegularizerAgents; 0ms in InitializeSparseNdw; 13ms in InferThetaAndUpdateNwtSparse; 0ms in UpdateCacheEntry; 30ms in CalculateScore(PerplexityScore); 1ms in CalculateScore(SparsityThetaScore); 8ms in CalculateScore(^^^ItemsProcessedScore^^^); ]
I0607 15:40:51.655617 284442624 processor.cc:292] Processor: complete processing batch a3c2ffb0-2696-4b9b-87f9-f2b7b625a3e8 into model nwt
I0607 15:40:51.658066 284442624 cuckoo_watch.h:45] 78ms in ProcessBatch(school_batches/aaaaaa.batch) [including 2ms in LoadMessage; 0ms in FindReuseThetaCacheEntry; 0ms in InitializeTheta; 0ms in CreateRegularizerAgents; 1ms in InitializeSparseNdw; 17ms in InferThetaAndUpdateNwtSparse; 0ms in UpdateCacheEntry; 37ms in CalculateScore(PerplexityScore); 1ms in CalculateScore(SparsityThetaScore); 15ms in CalculateScore(^^^ItemsProcessedScore^^^); ]
I0607 15:40:51.665207 284979200 processor.cc:74] No data in processing queue, waiting...
I0607 15:40:51.666466 285515776 processor.cc:74] No data in processing queue, waiting...
I0607 15:40:51.679090 283906048 processor.cc:292] Processor: complete processing batch bd9aeda7-3c2b-4086-b542-8a9bb13a86c2 into model nwt
I0607 15:40:51.680351 283906048 cuckoo_watch.h:45] 51ms in ProcessBatch(school_batches/aaaaac.batch) [including 4ms in LoadMessage; 0ms in FindReuseThetaCacheEntry; 0ms in InitializeTheta; 0ms in CreateRegularizerAgents; 1ms in InitializeSparseNdw; 23ms in InferThetaAndUpdateNwtSparse; 0ms in UpdateCacheEntry; 13ms in CalculateScore(PerplexityScore); 1ms in CalculateScore(SparsityThetaScore); 7ms in CalculateScore(^^^ItemsProcessedScore^^^); ]
I0607 15:40:51.681527 72533440 master_component.cc:1442] RegularizeModelArgs: rwt_target_name=rwt, pwt_source_name=pwt, nwt_source_name=nwt
I0607 15:40:51.681545 72533440 master_component.cc:975] MasterComponent: start regularizing model pwt
I0607 15:40:51.682314 284442624 processor.cc:74] No data in processing queue, waiting...
I0607 15:40:51.704442 283906048 processor.cc:74] No data in processing queue, waiting...
I0607 15:40:51.737893 72533440 master_component.cc:1001] MasterComponent: complete regularizing model pwt
I0607 15:40:51.737946 72533440 master_component.cc:1455] NormalizeModelArgs: pwt_target_name=pwt, nwt_source_name=nwt, rwt_source_name=rwt
I0607 15:40:51.737952 72533440 master_component.cc:1005] MasterComponent: start normalizing model nwt
I0607 15:40:51.770838 72533440 master_component.cc:1033] MasterComponent: complete normalizing model nwt
I0607 15:40:51.782186 72533440 master_component.cc:1479] DisposeModel rwt
I0607 15:40:51.790221 72533440 master_component.cc:1058] FitOffline: ItemsProcessed, num_items=476, num_batches=5, token_weight=160411, token_weight_in_effect=160411
I0607 15:40:51.790434 72533440 c_interface.cc:389] Pass FitOfflineMasterModelArgs, batch_filename_size=5, batch_weight_size=5, num_collection_passes=1, reset_nwt=yes to MN4artm4core15MasterComponentEFvRKNS_25FitOfflineMasterModelArgsEE
I0607 15:40:51.790446 72533440 master_component.cc:1404] ProcessBatchesArgs: nwt_target_name=nwt, batch_filename_size=5, batch_size=0, batch_weight_size=5, pwt_source_name=pwt, num_document_passes=1, regularizer=(name:SparsePhi, tau:-50000), reuse_theta=yes, opt_for_avx=yes, predict_class_id=, reset_nwt=yes
I0607 15:40:51.797004 283906048 processor.cc:81] Processing queue has data, processing started
I0607 15:40:51.797015 285515776 processor.cc:81] Processing queue has data, processing started
I0607 15:40:51.797307 284442624 processor.cc:81] Processing queue has data, processing started
I0607 15:40:51.797312 284979200 processor.cc:81] Processing queue has data, processing started
I0607 15:40:51.801419 285515776 processor.cc:158] Processor: start processing batch ce2a767a-059a-42a9-912f-f1512ee3e388 into model nwt
I0607 15:40:51.801545 283906048 processor.cc:158] Processor: start processing batch ac82d179-1596-49c0-8e97-580ce0f5358e into model nwt
I0607 15:40:51.801715 284442624 processor.cc:158] Processor: start processing batch 5c7b44f6-79b2-4154-8463-9c4c88da0d5c into model nwt
I0607 15:40:51.802057 284979200 processor.cc:158] Processor: start processing batch a3c2ffb0-2696-4b9b-87f9-f2b7b625a3e8 into model nwt
I0607 15:40:51.867558 285515776 processor.cc:292] Processor: complete processing batch ce2a767a-059a-42a9-912f-f1512ee3e388 into model nwt
I0607 15:40:51.868254 284979200 processor.cc:292] Processor: complete processing batch a3c2ffb0-2696-4b9b-87f9-f2b7b625a3e8 into model nwt
I0607 15:40:51.869604 285515776 cuckoo_watch.h:45] 72ms in ProcessBatch(school_batches/aaaaab.batch) [including 4ms in LoadMessage; 0ms in FindReuseThetaCacheEntry; 0ms in InitializeTheta; 0ms in CreateRegularizerAgents; 1ms in InitializeSparseNdw; 25ms in InferThetaAndUpdateNwtSparse; 0ms in UpdateCacheEntry; 27ms in CalculateScore(PerplexityScore); 3ms in CalculateScore(SparsityThetaScore); 7ms in CalculateScore(^^^ItemsProcessedScore^^^); ]
I0607 15:40:51.870561 284979200 cuckoo_watch.h:45] 73ms in ProcessBatch(school_batches/aaaaaa.batch) [including 4ms in LoadMessage; 0ms in FindReuseThetaCacheEntry; 0ms in InitializeTheta; 0ms in CreateRegularizerAgents; 1ms in InitializeSparseNdw; 25ms in InferThetaAndUpdateNwtSparse; 0ms in UpdateCacheEntry; 27ms in CalculateScore(PerplexityScore); 3ms in CalculateScore(SparsityThetaScore); 8ms in CalculateScore(^^^ItemsProcessedScore^^^); ]
I0607 15:40:51.878111 285515776 processor.cc:158] Processor: start processing batch bd9aeda7-3c2b-4086-b542-8a9bb13a86c2 into model nwt
I0607 15:40:51.916870 284979200 processor.cc:74] No data in processing queue, waiting...
I0607 15:40:51.963683 284442624 processor.cc:292] Processor: complete processing batch 5c7b44f6-79b2-4154-8463-9c4c88da0d5c into model nwt
I0607 15:40:51.966639 284442624 cuckoo_watch.h:45] 169ms in ProcessBatch(school_batches/aaaaae.batch) [including 4ms in LoadMessage; 0ms in FindReuseThetaCacheEntry; 0ms in InitializeTheta; 0ms in CreateRegularizerAgents; 1ms in InitializeSparseNdw; 61ms in InferThetaAndUpdateNwtSparse; 0ms in UpdateCacheEntry; 69ms in CalculateScore(PerplexityScore); 1ms in CalculateScore(SparsityThetaScore); 28ms in CalculateScore(^^^ItemsProcessedScore^^^); ]
I0607 15:40:51.982424 285515776 processor.cc:292] Processor: complete processing batch bd9aeda7-3c2b-4086-b542-8a9bb13a86c2 into model nwt
I0607 15:40:51.984489 285515776 cuckoo_watch.h:45] 114ms in ProcessBatch(school_batches/aaaaac.batch) [including 8ms in LoadMessage; 0ms in FindReuseThetaCacheEntry; 0ms in InitializeTheta; 0ms in CreateRegularizerAgents; 1ms in InitializeSparseNdw; 40ms in InferThetaAndUpdateNwtSparse; 0ms in UpdateCacheEntry; 54ms in CalculateScore(PerplexityScore); 1ms in CalculateScore(SparsityThetaScore); 7ms in CalculateScore(^^^ItemsProcessedScore^^^); ]
I0607 15:40:51.989935 283906048 processor.cc:292] Processor: complete processing batch ac82d179-1596-49c0-8e97-580ce0f5358e into model nwt
I0607 15:40:51.991348 283906048 cuckoo_watch.h:45] 194ms in ProcessBatch(school_batches/aaaaad.batch) [including 4ms in LoadMessage; 0ms in FindReuseThetaCacheEntry; 0ms in InitializeTheta; 0ms in CreateRegularizerAgents; 101ms in InitializeSparseNdw; 59ms in InferThetaAndUpdateNwtSparse; 0ms in UpdateCacheEntry; 19ms in CalculateScore(PerplexityScore); 2ms in CalculateScore(SparsityThetaScore); 6ms in CalculateScore(^^^ItemsProcessedScore^^^); ]
I0607 15:40:51.991643 72533440 master_component.cc:1442] RegularizeModelArgs: rwt_target_name=rwt, pwt_source_name=pwt, nwt_source_name=nwt
I0607 15:40:51.991657 72533440 master_component.cc:975] MasterComponent: start regularizing model pwt
I0607 15:40:51.993945 284442624 processor.cc:74] No data in processing queue, waiting...
I0607 15:40:52.007421 285515776 processor.cc:74] No data in processing queue, waiting...
I0607 15:40:52.016027 283906048 processor.cc:74] No data in processing queue, waiting...
I0607 15:40:52.041152 72533440 master_component.cc:1001] MasterComponent: complete regularizing model pwt
I0607 15:40:52.041167 72533440 master_component.cc:1455] NormalizeModelArgs: pwt_target_name=pwt, nwt_source_name=nwt, rwt_source_name=rwt
I0607 15:40:52.041173 72533440 master_component.cc:1005] MasterComponent: start normalizing model nwt
I0607 15:40:52.074088 72533440 master_component.cc:1033] MasterComponent: complete normalizing model nwt
I0607 15:40:52.085111 72533440 master_component.cc:1479] DisposeModel rwt
I0607 15:40:52.093942 72533440 master_component.cc:1058] FitOffline: ItemsProcessed, num_items=476, num_batches=5, token_weight=160411, token_weight_in_effect=160411
I0607 15:40:52.094194 72533440 c_interface.cc:389] Pass FitOfflineMasterModelArgs, batch_filename_size=5, batch_weight_size=5, num_collection_passes=1, reset_nwt=yes to MN4artm4core15MasterComponentEFvRKNS_25FitOfflineMasterModelArgsEE
I0607 15:40:52.094208 72533440 master_component.cc:1404] ProcessBatchesArgs: nwt_target_name=nwt, batch_filename_size=5, batch_size=0, batch_weight_size=5, pwt_source_name=pwt, num_document_passes=1, regularizer=(name:SparsePhi, tau:-50000), reuse_theta=yes, opt_for_avx=yes, predict_class_id=, reset_nwt=yes
I0607 15:40:52.100373 284442624 processor.cc:81] Processing queue has data, processing started
I0607 15:40:52.100373 284979200 processor.cc:81] Processing queue has data, processing started
I0607 15:40:52.100409 285515776 processor.cc:81] Processing queue has data, processing started
I0607 15:40:52.100409 283906048 processor.cc:81] Processing queue has data, processing started
I0607 15:40:52.105796 284979200 processor.cc:158] Processor: start processing batch ac82d179-1596-49c0-8e97-580ce0f5358e into model nwt
I0607 15:40:52.106056 284442624 processor.cc:158] Processor: start processing batch ce2a767a-059a-42a9-912f-f1512ee3e388 into model nwt
I0607 15:40:52.106124 285515776 processor.cc:158] Processor: start processing batch a3c2ffb0-2696-4b9b-87f9-f2b7b625a3e8 into model nwt
I0607 15:40:52.106189 283906048 processor.cc:158] Processor: start processing batch 5c7b44f6-79b2-4154-8463-9c4c88da0d5c into model nwt
I0607 15:40:52.156870 284979200 processor.cc:292] Processor: complete processing batch ac82d179-1596-49c0-8e97-580ce0f5358e into model nwt
I0607 15:40:52.159348 284979200 cuckoo_watch.h:45] 58ms in ProcessBatch(school_batches/aaaaad.batch) [including 5ms in LoadMessage; 0ms in FindReuseThetaCacheEntry; 0ms in InitializeTheta; 0ms in CreateRegularizerAgents; 1ms in InitializeSparseNdw; 17ms in InferThetaAndUpdateNwtSparse; 0ms in UpdateCacheEntry; 22ms in CalculateScore(PerplexityScore); 1ms in CalculateScore(SparsityThetaScore); 8ms in CalculateScore(^^^ItemsProcessedScore^^^); ]
I0607 15:40:52.165045 284979200 processor.cc:158] Processor: start processing batch bd9aeda7-3c2b-4086-b542-8a9bb13a86c2 into model nwt
I0607 15:40:52.168869 284442624 processor.cc:292] Processor: complete processing batch ce2a767a-059a-42a9-912f-f1512ee3e388 into model nwt
I0607 15:40:52.173218 284442624 cuckoo_watch.h:45] 72ms in ProcessBatch(school_batches/aaaaab.batch) [including 5ms in LoadMessage; 0ms in FindReuseThetaCacheEntry; 0ms in InitializeTheta; 0ms in CreateRegularizerAgents; 1ms in InitializeSparseNdw; 23ms in InferThetaAndUpdateNwtSparse; 0ms in UpdateCacheEntry; 25ms in CalculateScore(PerplexityScore); 1ms in CalculateScore(SparsityThetaScore); 10ms in CalculateScore(^^^ItemsProcessedScore^^^); ]
I0607 15:40:52.184130 283906048 processor.cc:292] Processor: complete processing batch 5c7b44f6-79b2-4154-8463-9c4c88da0d5c into model nwt
I0607 15:40:52.187198 283906048 cuckoo_watch.h:45] 86ms in ProcessBatch(school_batches/aaaaae.batch) [including 5ms in LoadMessage; 0ms in FindReuseThetaCacheEntry; 0ms in InitializeTheta; 0ms in CreateRegularizerAgents; 1ms in InitializeSparseNdw; 37ms in InferThetaAndUpdateNwtSparse; 0ms in UpdateCacheEntry; 21ms in CalculateScore(PerplexityScore); 7ms in CalculateScore(SparsityThetaScore); 10ms in CalculateScore(^^^ItemsProcessedScore^^^); ]
I0607 15:40:52.189180 285515776 processor.cc:292] Processor: complete processing batch a3c2ffb0-2696-4b9b-87f9-f2b7b625a3e8 into model nwt
I0607 15:40:52.190524 285515776 cuckoo_watch.h:45] 90ms in ProcessBatch(school_batches/aaaaaa.batch) [including 5ms in LoadMessage; 0ms in FindReuseThetaCacheEntry; 0ms in InitializeTheta; 0ms in CreateRegularizerAgents; 1ms in InitializeSparseNdw; 36ms in InferThetaAndUpdateNwtSparse; 0ms in UpdateCacheEntry; 31ms in CalculateScore(PerplexityScore); 2ms in CalculateScore(SparsityThetaScore); 9ms in CalculateScore(^^^ItemsProcessedScore^^^); ]
I0607 15:40:52.201182 284442624 processor.cc:74] No data in processing queue, waiting...
I0607 15:40:52.211365 283906048 processor.cc:74] No data in processing queue, waiting...
I0607 15:40:52.211426 284979200 processor.cc:292] Processor: complete processing batch bd9aeda7-3c2b-4086-b542-8a9bb13a86c2 into model nwt
I0607 15:40:52.212605 284979200 cuckoo_watch.h:45] 53ms in ProcessBatch(school_batches/aaaaac.batch) [including 5ms in LoadMessage; 0ms in FindReuseThetaCacheEntry; 0ms in InitializeTheta; 0ms in CreateRegularizerAgents; 1ms in InitializeSparseNdw; 23ms in InferThetaAndUpdateNwtSparse; 0ms in UpdateCacheEntry; 13ms in CalculateScore(PerplexityScore); 1ms in CalculateScore(SparsityThetaScore); 6ms in CalculateScore(^^^ItemsProcessedScore^^^); ]
I0607 15:40:52.212646 72533440 master_component.cc:1442] RegularizeModelArgs: rwt_target_name=rwt, pwt_source_name=pwt, nwt_source_name=nwt
I0607 15:40:52.212656 72533440 master_component.cc:975] MasterComponent: start regularizing model pwt
I0607 15:40:52.214604 285515776 processor.cc:74] No data in processing queue, waiting...
I0607 15:40:52.236594 284979200 processor.cc:74] No data in processing queue, waiting...
I0607 15:40:52.262867 72533440 master_component.cc:1001] MasterComponent: complete regularizing model pwt
I0607 15:40:52.262882 72533440 master_component.cc:1455] NormalizeModelArgs: pwt_target_name=pwt, nwt_source_name=nwt, rwt_source_name=rwt
I0607 15:40:52.262888 72533440 master_component.cc:1005] MasterComponent: start normalizing model nwt
I0607 15:40:52.294591 72533440 master_component.cc:1033] MasterComponent: complete normalizing model nwt
I0607 15:40:52.304720 72533440 master_component.cc:1479] DisposeModel rwt
I0607 15:40:52.313482 72533440 master_component.cc:1058] FitOffline: ItemsProcessed, num_items=476, num_batches=5, token_weight=160411, token_weight_in_effect=160411
I0607 15:40:52.313728 72533440 c_interface.cc:389] Pass FitOfflineMasterModelArgs, batch_filename_size=5, batch_weight_size=5, num_collection_passes=1, reset_nwt=yes to MN4artm4core15MasterComponentEFvRKNS_25FitOfflineMasterModelArgsEE
I0607 15:40:52.313741 72533440 master_component.cc:1404] ProcessBatchesArgs: nwt_target_name=nwt, batch_filename_size=5, batch_size=0, batch_weight_size=5, pwt_source_name=pwt, num_document_passes=1, regularizer=(name:SparsePhi, tau:-50000), reuse_theta=yes, opt_for_avx=yes, predict_class_id=, reset_nwt=yes
I0607 15:40:52.319684 284442624 processor.cc:81] Processing queue has data, processing started
I0607 15:40:52.319684 283906048 processor.cc:81] Processing queue has data, processing started
I0607 15:40:52.319717 284979200 processor.cc:81] Processing queue has data, processing started
I0607 15:40:52.319717 285515776 processor.cc:81] Processing queue has data, processing started
I0607 15:40:52.324131 284442624 processor.cc:158] Processor: start processing batch ce2a767a-059a-42a9-912f-f1512ee3e388 into model nwt
I0607 15:40:52.324357 284979200 processor.cc:158] Processor: start processing batch 5c7b44f6-79b2-4154-8463-9c4c88da0d5c into model nwt
I0607 15:40:52.325017 283906048 processor.cc:158] Processor: start processing batch ac82d179-1596-49c0-8e97-580ce0f5358e into model nwt
I0607 15:40:52.327040 285515776 processor.cc:158] Processor: start processing batch a3c2ffb0-2696-4b9b-87f9-f2b7b625a3e8 into model nwt
I0607 15:40:52.372270 284442624 processor.cc:292] Processor: complete processing batch ce2a767a-059a-42a9-912f-f1512ee3e388 into model nwt
I0607 15:40:52.374660 284442624 cuckoo_watch.h:45] 54ms in ProcessBatch(school_batches/aaaaab.batch) [including 4ms in LoadMessage; 0ms in FindReuseThetaCacheEntry; 0ms in InitializeTheta; 0ms in CreateRegularizerAgents; 1ms in InitializeSparseNdw; 16ms in InferThetaAndUpdateNwtSparse; 0ms in UpdateCacheEntry; 19ms in CalculateScore(PerplexityScore); 1ms in CalculateScore(SparsityThetaScore); 9ms in CalculateScore(^^^ItemsProcessedScore^^^); ]
I0607 15:40:52.375552 283906048 processor.cc:292] Processor: complete processing batch ac82d179-1596-49c0-8e97-580ce0f5358e into model nwt
I0607 15:40:52.378263 283906048 cuckoo_watch.h:45] 58ms in ProcessBatch(school_batches/aaaaad.batch) [including 5ms in LoadMessage; 0ms in FindReuseThetaCacheEntry; 0ms in InitializeTheta; 0ms in CreateRegularizerAgents; 1ms in InitializeSparseNdw; 17ms in InferThetaAndUpdateNwtSparse; 0ms in UpdateCacheEntry; 20ms in CalculateScore(PerplexityScore); 2ms in CalculateScore(SparsityThetaScore); 9ms in CalculateScore(^^^ItemsProcessedScore^^^); ]
I0607 15:40:52.380008 284442624 processor.cc:158] Processor: start processing batch bd9aeda7-3c2b-4086-b542-8a9bb13a86c2 into model nwt
I0607 15:40:52.382715 285515776 processor.cc:292] Processor: complete processing batch a3c2ffb0-2696-4b9b-87f9-f2b7b625a3e8 into model nwt
I0607 15:40:52.386198 285515776 cuckoo_watch.h:45] 65ms in ProcessBatch(school_batches/aaaaaa.batch) [including 5ms in LoadMessage; 0ms in FindReuseThetaCacheEntry; 0ms in InitializeTheta; 0ms in CreateRegularizerAgents; 1ms in InitializeSparseNdw; 19ms in InferThetaAndUpdateNwtSparse; 0ms in UpdateCacheEntry; 20ms in CalculateScore(PerplexityScore); 2ms in CalculateScore(SparsityThetaScore); 12ms in CalculateScore(^^^ItemsProcessedScore^^^); ]
I0607 15:40:52.408366 284979200 processor.cc:292] Processor: complete processing batch 5c7b44f6-79b2-4154-8463-9c4c88da0d5c into model nwt
I0607 15:40:52.428898 283906048 processor.cc:74] No data in processing queue, waiting...
I0607 15:40:52.428925 284979200 cuckoo_watch.h:45] 109ms in ProcessBatch(school_batches/aaaaae.batch) [including 4ms in LoadMessage; 0ms in FindReuseThetaCacheEntry; 0ms in InitializeTheta; 0ms in CreateRegularizerAgents; 1ms in InitializeSparseNdw; 22ms in InferThetaAndUpdateNwtSparse; 0ms in UpdateCacheEntry; 24ms in CalculateScore(PerplexityScore); 1ms in CalculateScore(SparsityThetaScore); 33ms in CalculateScore(^^^ItemsProcessedScore^^^); ]
I0607 15:40:52.436935 285515776 processor.cc:74] No data in processing queue, waiting...
I0607 15:40:52.459195 284979200 processor.cc:74] No data in processing queue, waiting...
I0607 15:40:52.494611 284442624 processor.cc:292] Processor: complete processing batch bd9aeda7-3c2b-4086-b542-8a9bb13a86c2 into model nwt
I0607 15:40:52.497293 284442624 cuckoo_watch.h:45] 122ms in ProcessBatch(school_batches/aaaaac.batch) [including 5ms in LoadMessage; 0ms in FindReuseThetaCacheEntry; 0ms in InitializeTheta; 0ms in CreateRegularizerAgents; 1ms in InitializeSparseNdw; 49ms in InferThetaAndUpdateNwtSparse; 0ms in UpdateCacheEntry; 54ms in CalculateScore(PerplexityScore); 1ms in CalculateScore(SparsityThetaScore); 7ms in CalculateScore(^^^ItemsProcessedScore^^^); ]
I0607 15:40:52.497365 72533440 master_component.cc:1442] RegularizeModelArgs: rwt_target_name=rwt, pwt_source_name=pwt, nwt_source_name=nwt
I0607 15:40:52.497382 72533440 master_component.cc:975] MasterComponent: start regularizing model pwt
I0607 15:40:52.522682 284442624 processor.cc:74] No data in processing queue, waiting...
I0607 15:40:52.557108 72533440 master_component.cc:1001] MasterComponent: complete regularizing model pwt
I0607 15:40:52.557124 72533440 master_component.cc:1455] NormalizeModelArgs: pwt_target_name=pwt, nwt_source_name=nwt, rwt_source_name=rwt
I0607 15:40:52.557129 72533440 master_component.cc:1005] MasterComponent: start normalizing model nwt
I0607 15:40:52.587805 72533440 master_component.cc:1033] MasterComponent: complete normalizing model nwt
I0607 15:40:52.597772 72533440 master_component.cc:1479] DisposeModel rwt
I0607 15:40:52.605413 72533440 master_component.cc:1058] FitOffline: ItemsProcessed, num_items=476, num_batches=5, token_weight=160411, token_weight_in_effect=160411
I0607 15:40:52.605625 72533440 c_interface.cc:389] Pass FitOfflineMasterModelArgs, batch_filename_size=5, batch_weight_size=5, num_collection_passes=1, reset_nwt=yes to MN4artm4core15MasterComponentEFvRKNS_25FitOfflineMasterModelArgsEE
I0607 15:40:52.605638 72533440 master_component.cc:1404] ProcessBatchesArgs: nwt_target_name=nwt, batch_filename_size=5, batch_size=0, batch_weight_size=5, pwt_source_name=pwt, num_document_passes=1, regularizer=(name:SparsePhi, tau:-50000), reuse_theta=yes, opt_for_avx=yes, predict_class_id=, reset_nwt=yes
I0607 15:40:52.611927 283906048 processor.cc:81] Processing queue has data, processing started
I0607 15:40:52.612026 285515776 processor.cc:81] Processing queue has data, processing started
I0607 15:40:52.612058 284979200 processor.cc:81] Processing queue has data, processing started
I0607 15:40:52.613236 284442624 processor.cc:81] Processing queue has data, processing started
I0607 15:40:52.615866 284979200 processor.cc:158] Processor: start processing batch 5c7b44f6-79b2-4154-8463-9c4c88da0d5c into model nwt
I0607 15:40:52.616103 283906048 processor.cc:158] Processor: start processing batch ac82d179-1596-49c0-8e97-580ce0f5358e into model nwt
I0607 15:40:52.616246 285515776 processor.cc:158] Processor: start processing batch ce2a767a-059a-42a9-912f-f1512ee3e388 into model nwt
I0607 15:40:52.617087 284442624 processor.cc:158] Processor: start processing batch a3c2ffb0-2696-4b9b-87f9-f2b7b625a3e8 into model nwt
I0607 15:40:52.664790 284979200 processor.cc:292] Processor: complete processing batch 5c7b44f6-79b2-4154-8463-9c4c88da0d5c into model nwt
I0607 15:40:52.667889 284979200 cuckoo_watch.h:45] 55ms in ProcessBatch(school_batches/aaaaae.batch) [including 3ms in LoadMessage; 0ms in FindReuseThetaCacheEntry; 0ms in InitializeTheta; 0ms in CreateRegularizerAgents; 1ms in InitializeSparseNdw; 19ms in InferThetaAndUpdateNwtSparse; 0ms in UpdateCacheEntry; 19ms in CalculateScore(PerplexityScore); 1ms in CalculateScore(SparsityThetaScore); 7ms in CalculateScore(^^^ItemsProcessedScore^^^); ]
I0607 15:40:52.668059 283906048 processor.cc:292] Processor: complete processing batch ac82d179-1596-49c0-8e97-580ce0f5358e into model nwt
I0607 15:40:52.670152 285515776 processor.cc:292] Processor: complete processing batch ce2a767a-059a-42a9-912f-f1512ee3e388 into model nwt
I0607 15:40:52.671145 283906048 cuckoo_watch.h:45] 59ms in ProcessBatch(school_batches/aaaaad.batch) [including 4ms in LoadMessage; 0ms in FindReuseThetaCacheEntry; 0ms in InitializeTheta; 0ms in CreateRegularizerAgents; 1ms in InitializeSparseNdw; 18ms in InferThetaAndUpdateNwtSparse; 0ms in UpdateCacheEntry; 22ms in CalculateScore(PerplexityScore); 1ms in CalculateScore(SparsityThetaScore); 7ms in CalculateScore(^^^ItemsProcessedScore^^^); ]
I0607 15:40:52.673691 285515776 cuckoo_watch.h:45] 61ms in ProcessBatch(school_batches/aaaaab.batch) [including 4ms in LoadMessage; 0ms in FindReuseThetaCacheEntry; 0ms in InitializeTheta; 0ms in CreateRegularizerAgents; 1ms in InitializeSparseNdw; 19ms in InferThetaAndUpdateNwtSparse; 0ms in UpdateCacheEntry; 22ms in CalculateScore(PerplexityScore); 1ms in CalculateScore(SparsityThetaScore); 9ms in CalculateScore(^^^ItemsProcessedScore^^^); ]
I0607 15:40:52.673960 284979200 processor.cc:158] Processor: start processing batch bd9aeda7-3c2b-4086-b542-8a9bb13a86c2 into model nwt
I0607 15:40:52.679769 284442624 processor.cc:292] Processor: complete processing batch a3c2ffb0-2696-4b9b-87f9-f2b7b625a3e8 into model nwt
I0607 15:40:52.680846 284442624 cuckoo_watch.h:45] 67ms in ProcessBatch(school_batches/aaaaaa.batch) [including 3ms in LoadMessage; 0ms in FindReuseThetaCacheEntry; 0ms in InitializeTheta; 0ms in CreateRegularizerAgents; 1ms in InitializeSparseNdw; 29ms in InferThetaAndUpdateNwtSparse; 0ms in UpdateCacheEntry; 22ms in CalculateScore(PerplexityScore); 3ms in CalculateScore(SparsityThetaScore); 6ms in CalculateScore(^^^ItemsProcessedScore^^^); ]
I0607 15:40:52.694772 283906048 processor.cc:74] No data in processing queue, waiting...
I0607 15:40:52.697309 285515776 processor.cc:74] No data in processing queue, waiting...
I0607 15:40:52.704687 284442624 processor.cc:74] No data in processing queue, waiting...
I0607 15:40:52.707132 284979200 processor.cc:292] Processor: complete processing batch bd9aeda7-3c2b-4086-b542-8a9bb13a86c2 into model nwt
I0607 15:40:52.708325 284979200 cuckoo_watch.h:45] 40ms in ProcessBatch(school_batches/aaaaac.batch) [including 6ms in LoadMessage; 0ms in FindReuseThetaCacheEntry; 0ms in InitializeTheta; 0ms in CreateRegularizerAgents; 0ms in InitializeSparseNdw; 12ms in InferThetaAndUpdateNwtSparse; 0ms in UpdateCacheEntry; 13ms in CalculateScore(PerplexityScore); 0ms in CalculateScore(SparsityThetaScore); 6ms in CalculateScore(^^^ItemsProcessedScore^^^); ]
I0607 15:40:52.708359 72533440 master_component.cc:1442] RegularizeModelArgs: rwt_target_name=rwt, pwt_source_name=pwt, nwt_source_name=nwt
I0607 15:40:52.708367 72533440 master_component.cc:975] MasterComponent: start regularizing model pwt
I0607 15:40:52.731578 284979200 processor.cc:74] No data in processing queue, waiting...
I0607 15:40:52.873178 72533440 master_component.cc:1001] MasterComponent: complete regularizing model pwt
I0607 15:40:52.873200 72533440 master_component.cc:1455] NormalizeModelArgs: pwt_target_name=pwt, nwt_source_name=nwt, rwt_source_name=rwt
I0607 15:40:52.873209 72533440 master_component.cc:1005] MasterComponent: start normalizing model nwt
I0607 15:40:52.914317 72533440 master_component.cc:1033] MasterComponent: complete normalizing model nwt
I0607 15:40:52.924854 72533440 master_component.cc:1479] DisposeModel rwt
I0607 15:40:52.933316 72533440 master_component.cc:1058] FitOffline: ItemsProcessed, num_items=476, num_batches=5, token_weight=160411, token_weight_in_effect=160411
I0607 15:40:52.933531 72533440 c_interface.cc:389] Pass FitOfflineMasterModelArgs, batch_filename_size=5, batch_weight_size=5, num_collection_passes=1, reset_nwt=yes to MN4artm4core15MasterComponentEFvRKNS_25FitOfflineMasterModelArgsEE
I0607 15:40:52.933545 72533440 master_component.cc:1404] ProcessBatchesArgs: nwt_target_name=nwt, batch_filename_size=5, batch_size=0, batch_weight_size=5, pwt_source_name=pwt, num_document_passes=1, regularizer=(name:SparsePhi, tau:-50000), reuse_theta=yes, opt_for_avx=yes, predict_class_id=, reset_nwt=yes
I0607 15:40:52.940418 283906048 processor.cc:81] Processing queue has data, processing started
I0607 15:40:52.940655 285515776 processor.cc:81] Processing queue has data, processing started
I0607 15:40:52.940665 284442624 processor.cc:81] Processing queue has data, processing started
I0607 15:40:52.940675 284979200 processor.cc:81] Processing queue has data, processing started
I0607 15:40:52.944675 283906048 processor.cc:158] Processor: start processing batch ac82d179-1596-49c0-8e97-580ce0f5358e into model nwt
I0607 15:40:52.944988 284979200 processor.cc:158] Processor: start processing batch a3c2ffb0-2696-4b9b-87f9-f2b7b625a3e8 into model nwt
I0607 15:40:52.945060 285515776 processor.cc:158] Processor: start processing batch ce2a767a-059a-42a9-912f-f1512ee3e388 into model nwt
I0607 15:40:52.945343 284442624 processor.cc:158] Processor: start processing batch 5c7b44f6-79b2-4154-8463-9c4c88da0d5c into model nwt
I0607 15:40:52.991011 284442624 processor.cc:292] Processor: complete processing batch 5c7b44f6-79b2-4154-8463-9c4c88da0d5c into model nwt
