Log file created at: 2021/06/07 15:13:19
Running on machine: MacBook-Pro-Andrii.local
Log line format: [IWEF]mmdd hh:mm:ss.uuuuuu threadid file:line] msg
I0607 15:13:19.527324 353887680 c_interface.cc:127] Logging enabled to .
I0607 15:13:19.527698 353887680 c_interface.cc:128] BigARTM version: v0.10.0
I0607 15:13:19.527737 353887680 c_interface.cc:271] Pass MasterModelConfig: topic_name_size=0, score_config_size=1, num_processors=0, pwt_name=pwt, nwt_name=nwt, num_document_passes=0, reuse_theta=no, cache_theta=no, opt_for_avx=yes, disk_cache_path= to ArtmCreateMasterModel
I0607 15:13:19.527781 353887680 c_interface.cc:274] Creating MasterModel (id=1)...
I0607 15:13:19.528348 353887680 collection_parser.cc:771] CollectionParserConfig.num_threads is automatically set to 4
W0607 15:13:19.597906 99389440 helpers.cc:221] File already exists: school_batches/aaaaaa.batch
W0607 15:13:19.610462 98852864 helpers.cc:221] File already exists: school_batches/aaaaab.batch
W0607 15:13:19.634652 100462592 helpers.cc:221] File already exists: school_batches/aaaaad.batch
W0607 15:13:19.647572 99926016 helpers.cc:221] File already exists: school_batches/aaaaac.batch
W0607 15:13:19.674536 99389440 helpers.cc:221] File already exists: school_batches/aaaaae.batch
I0607 15:13:19.684263 353887680 c_interface.cc:375] Pass eb00e575-0d6c-4a12-bb9e-648c447d290d to MN4artm4core15MasterComponentEFvRKNSt3__112basic_stringIcNS2_11char_traitsIcEENS2_9allocatorIcEEEEE
I0607 15:13:19.684376 353887680 c_interface.cc:389] Pass GatherDictionaryArgs: dictionary_target_name=eb00e575-0d6c-4a12-bb9e-648c447d290d, data_path=school_batches, symmetric_cooc_values=0 to MN4artm4core15MasterComponentEFvRKNS_20GatherDictionaryArgsEE
I0607 15:13:19.684468 353887680 dictionary_operations.cc:265] Found 5 batches in 'school_batches' folder
I0607 15:13:19.711127 353887680 dictionary_operations.cc:331] Find 16099 unique tokens in 476 items
I0607 15:13:19.726552 353887680 dictionary_operations.cc:611] Dictionary name='eb00e575-0d6c-4a12-bb9e-648c447d290d' contains entries: text:16099; 
I0607 15:13:19.732972 353887680 c_interface.cc:375] Pass eb00e575-0d6c-4a12-bb9e-648c447d290d to MN4artm4core15MasterComponentEFvRKNSt3__112basic_stringIcNS2_11char_traitsIcEENS2_9allocatorIcEEEEE
I0607 15:13:19.737777 353887680 c_interface.cc:339] Disposing MasterComponent (id=1)...
I0607 15:13:19.743430 353887680 c_interface.cc:271] Pass MasterModelConfig: topic_name_size=10, score_config_size=1, num_processors=0, pwt_name=pwt, nwt_name=nwt, num_document_passes=1, reuse_theta=yes, cache_theta=yes, opt_for_avx=yes, disk_cache_path= to ArtmCreateMasterModel
I0607 15:13:19.743449 353887680 instance.cc:401] MasterModelConfig.processors_count is automatically set to 4
I0607 15:13:19.743499 98852864 processor.cc:58] Processor thread started
I0607 15:13:19.743511 99389440 processor.cc:58] Processor thread started
I0607 15:13:19.743527 353887680 c_interface.cc:274] Creating MasterModel (id=2)...
I0607 15:13:19.743531 99926016 processor.cc:58] Processor thread started
I0607 15:13:19.743535 100462592 processor.cc:58] Processor thread started
I0607 15:13:19.767895 99389440 processor.cc:74] No data in processing queue, waiting...
I0607 15:13:19.767895 99926016 processor.cc:74] No data in processing queue, waiting...
I0607 15:13:19.767896 100462592 processor.cc:74] No data in processing queue, waiting...
I0607 15:13:19.767895 98852864 processor.cc:74] No data in processing queue, waiting...
I0607 15:13:19.783392 353887680 c_interface.cc:389] Pass MasterModelConfig: topic_name_size=10, score_config_size=2, num_processors=0, pwt_name=pwt, nwt_name=nwt, num_document_passes=1, reuse_theta=yes, cache_theta=yes, opt_for_avx=yes, disk_cache_path= to MN4artm4core15MasterComponentEFvRKNS_17MasterModelConfigEE
I0607 15:13:19.783411 353887680 instance.cc:401] MasterModelConfig.processors_count is automatically set to 4
I0607 15:13:19.783424 353887680 perplexity.cc:27] Perplexity score calculator created: model_type=1, dictionary_name=dictionary
I0607 15:13:19.783995 353887680 c_interface.cc:389] Pass MasterModelConfig: topic_name_size=10, score_config_size=3, num_processors=0, pwt_name=pwt, nwt_name=nwt, num_document_passes=1, reuse_theta=yes, cache_theta=yes, opt_for_avx=yes, disk_cache_path= to MN4artm4core15MasterComponentEFvRKNS_17MasterModelConfigEE
I0607 15:13:19.784050 353887680 instance.cc:401] MasterModelConfig.processors_count is automatically set to 4
I0607 15:13:19.784070 353887680 perplexity.cc:27] Perplexity score calculator created: model_type=1, dictionary_name=dictionary
I0607 15:13:19.784399 353887680 c_interface.cc:389] Pass MasterModelConfig: topic_name_size=10, score_config_size=4, num_processors=0, pwt_name=pwt, nwt_name=nwt, num_document_passes=1, reuse_theta=yes, cache_theta=yes, opt_for_avx=yes, disk_cache_path= to MN4artm4core15MasterComponentEFvRKNS_17MasterModelConfigEE
I0607 15:13:19.784417 353887680 instance.cc:401] MasterModelConfig.processors_count is automatically set to 4
I0607 15:13:19.784430 353887680 perplexity.cc:27] Perplexity score calculator created: model_type=1, dictionary_name=dictionary
I0607 15:13:19.785187 353887680 c_interface.cc:389] Pass MasterModelConfig: topic_name_size=10, score_config_size=5, num_processors=0, pwt_name=pwt, nwt_name=nwt, num_document_passes=1, reuse_theta=yes, cache_theta=yes, opt_for_avx=yes, disk_cache_path= to MN4artm4core15MasterComponentEFvRKNS_17MasterModelConfigEE
I0607 15:13:19.785205 353887680 instance.cc:401] MasterModelConfig.processors_count is automatically set to 4
I0607 15:13:19.785218 353887680 perplexity.cc:27] Perplexity score calculator created: model_type=1, dictionary_name=dictionary
I0607 15:13:19.790947 353887680 c_interface.cc:271] Pass MasterModelConfig: topic_name_size=0, score_config_size=1, num_processors=0, pwt_name=pwt, nwt_name=nwt, num_document_passes=0, reuse_theta=no, cache_theta=no, opt_for_avx=yes, disk_cache_path= to ArtmCreateMasterModel
I0607 15:13:19.790966 353887680 c_interface.cc:274] Creating MasterModel (id=3)...
I0607 15:13:19.791108 353887680 c_interface.cc:375] Pass dictionary to MN4artm4core15MasterComponentEFvRKNSt3__112basic_stringIcNS2_11char_traitsIcEENS2_9allocatorIcEEEEE
I0607 15:13:19.791188 353887680 c_interface.cc:389] Pass GatherDictionaryArgs: dictionary_target_name=dictionary, data_path=school_batches, symmetric_cooc_values=0 to MN4artm4core15MasterComponentEFvRKNS_20GatherDictionaryArgsEE
I0607 15:13:19.791366 353887680 dictionary_operations.cc:265] Found 5 batches in 'school_batches' folder
I0607 15:13:19.823598 353887680 dictionary_operations.cc:331] Find 16099 unique tokens in 476 items
I0607 15:13:19.836450 353887680 dictionary_operations.cc:611] Dictionary name='dictionary' contains entries: text:16099; 
I0607 15:13:19.836655 353887680 c_interface.cc:375] Pass pwt to MN4artm4core15MasterComponentEFvRKNSt3__112basic_stringIcNS2_11char_traitsIcEENS2_9allocatorIcEEEEE
I0607 15:13:19.836678 353887680 c_interface.cc:375] Pass nwt to MN4artm4core15MasterComponentEFvRKNSt3__112basic_stringIcNS2_11char_traitsIcEENS2_9allocatorIcEEEEE
I0607 15:13:19.836817 353887680 c_interface.cc:389] Pass InitializeModelArgs: model_name=pwt, dictionary_name=dictionary, topic_name_size=10, seed=-1 to MN4artm4core15MasterComponentEFvRKNS_19InitializeModelArgsEE
I0607 15:13:19.894888 353887680 master_component.cc:663] InitializeModel() created matrix pwt with 10 topics and 16099 tokens; 
I0607 15:13:19.895169 353887680 c_interface.cc:389] Pass InitializeModelArgs: model_name=nwt, dictionary_name=dictionary, topic_name_size=10, seed=-1 to MN4artm4core15MasterComponentEFvRKNS_19InitializeModelArgsEE
I0607 15:13:19.992851 353887680 master_component.cc:663] InitializeModel() created matrix nwt with 10 topics and 16099 tokens; 
I0607 15:13:19.993132 353887680 c_interface.cc:231] ArtmCopyRequestedMessage is copying 326 bytes...
I0607 15:13:20.129832 353887680 c_interface.cc:389] Pass FitOfflineMasterModelArgs, batch_filename_size=5, batch_weight_size=5, num_collection_passes=1, reset_nwt=yes to MN4artm4core15MasterComponentEFvRKNS_25FitOfflineMasterModelArgsEE
I0607 15:13:20.129932 353887680 master_component.cc:1404] ProcessBatchesArgs: nwt_target_name=nwt, batch_filename_size=5, batch_size=0, batch_weight_size=5, pwt_source_name=pwt, num_document_passes=1, reuse_theta=yes, opt_for_avx=yes, predict_class_id=, reset_nwt=yes
I0607 15:13:20.136051 99926016 processor.cc:81] Processing queue has data, processing started
I0607 15:13:20.136057 100462592 processor.cc:81] Processing queue has data, processing started
I0607 15:13:20.136070 99389440 processor.cc:81] Processing queue has data, processing started
I0607 15:13:20.136073 98852864 processor.cc:81] Processing queue has data, processing started
I0607 15:13:20.140012 98852864 processor.cc:158] Processor: start processing batch bd332c4a-e676-4df2-83c1-da9a84d98382 into model nwt
I0607 15:13:20.140633 99926016 processor.cc:158] Processor: start processing batch e8caefe5-4bb9-4617-b6f3-078b4ba3c69f into model nwt
I0607 15:13:20.141366 99389440 processor.cc:158] Processor: start processing batch 9647b7eb-ab62-473e-83f9-8522752f4df1 into model nwt
I0607 15:13:20.142037 100462592 processor.cc:158] Processor: start processing batch b9614e10-9769-4e6f-8f73-3a514a925166 into model nwt
I0607 15:13:20.190223 99926016 processor.cc:292] Processor: complete processing batch e8caefe5-4bb9-4617-b6f3-078b4ba3c69f into model nwt
I0607 15:13:20.190369 98852864 processor.cc:292] Processor: complete processing batch bd332c4a-e676-4df2-83c1-da9a84d98382 into model nwt
I0607 15:13:20.192498 98852864 cuckoo_watch.h:45] 56ms in ProcessBatch(school_batches/aaaaae.batch) [including 3ms in LoadMessage; 0ms in FindReuseThetaCacheEntry; 0ms in InitializeTheta; 0ms in CreateRegularizerAgents; 1ms in InitializeSparseNdw; 18ms in InferThetaAndUpdateNwtSparse; 0ms in UpdateCacheEntry; 17ms in CalculateScore(PerplexityScore); 4ms in CalculateScore(SparsityThetaScore); 7ms in CalculateScore(^^^ItemsProcessedScore^^^); ]
I0607 15:13:20.193840 99926016 cuckoo_watch.h:45] 57ms in ProcessBatch(school_batches/aaaaad.batch) [including 4ms in LoadMessage; 0ms in FindReuseThetaCacheEntry; 0ms in InitializeTheta; 0ms in CreateRegularizerAgents; 1ms in InitializeSparseNdw; 13ms in InferThetaAndUpdateNwtSparse; 1ms in UpdateCacheEntry; 21ms in CalculateScore(PerplexityScore); 1ms in CalculateScore(SparsityThetaScore); 9ms in CalculateScore(^^^ItemsProcessedScore^^^); ]
I0607 15:13:20.194691 99389440 processor.cc:292] Processor: complete processing batch 9647b7eb-ab62-473e-83f9-8522752f4df1 into model nwt
I0607 15:13:20.196900 98852864 processor.cc:158] Processor: start processing batch 5bd66d53-b36b-4cbb-90b4-8021e5b537bd into model nwt
I0607 15:13:20.197929 99389440 cuckoo_watch.h:45] 61ms in ProcessBatch(school_batches/aaaaab.batch) [including 5ms in LoadMessage; 0ms in FindReuseThetaCacheEntry; 0ms in InitializeTheta; 0ms in CreateRegularizerAgents; 1ms in InitializeSparseNdw; 15ms in InferThetaAndUpdateNwtSparse; 0ms in UpdateCacheEntry; 25ms in CalculateScore(PerplexityScore); 1ms in CalculateScore(SparsityThetaScore); 8ms in CalculateScore(^^^ItemsProcessedScore^^^); ]
I0607 15:13:20.200842 100462592 processor.cc:292] Processor: complete processing batch b9614e10-9769-4e6f-8f73-3a514a925166 into model nwt
I0607 15:13:20.202040 100462592 cuckoo_watch.h:45] 65ms in ProcessBatch(school_batches/aaaaaa.batch) [including 5ms in LoadMessage; 0ms in FindReuseThetaCacheEntry; 0ms in InitializeTheta; 0ms in CreateRegularizerAgents; 1ms in InitializeSparseNdw; 18ms in InferThetaAndUpdateNwtSparse; 0ms in UpdateCacheEntry; 18ms in CalculateScore(PerplexityScore); 7ms in CalculateScore(SparsityThetaScore); 12ms in CalculateScore(^^^ItemsProcessedScore^^^); ]
I0607 15:13:20.218216 99926016 processor.cc:74] No data in processing queue, waiting...
I0607 15:13:20.221478 99389440 processor.cc:74] No data in processing queue, waiting...
I0607 15:13:20.226135 100462592 processor.cc:74] No data in processing queue, waiting...
I0607 15:13:20.257376 98852864 processor.cc:292] Processor: complete processing batch 5bd66d53-b36b-4cbb-90b4-8021e5b537bd into model nwt
I0607 15:13:20.259289 98852864 cuckoo_watch.h:45] 66ms in ProcessBatch(school_batches/aaaaac.batch) [including 4ms in LoadMessage; 0ms in FindReuseThetaCacheEntry; 0ms in InitializeTheta; 0ms in CreateRegularizerAgents; 1ms in InitializeSparseNdw; 17ms in InferThetaAndUpdateNwtSparse; 0ms in UpdateCacheEntry; 23ms in CalculateScore(PerplexityScore); 1ms in CalculateScore(SparsityThetaScore); 17ms in CalculateScore(^^^ItemsProcessedScore^^^); ]
I0607 15:13:20.259682 353887680 master_component.cc:1455] NormalizeModelArgs: pwt_target_name=pwt, nwt_source_name=nwt, rwt_source_name=
I0607 15:13:20.259722 353887680 master_component.cc:1005] MasterComponent: start normalizing model nwt
I0607 15:13:20.281653 98852864 processor.cc:74] No data in processing queue, waiting...
I0607 15:13:20.316689 353887680 master_component.cc:1033] MasterComponent: complete normalizing model nwt
I0607 15:13:20.337908 353887680 master_component.cc:1479] DisposeModel rwt
I0607 15:13:20.337926 353887680 master_component.cc:1058] FitOffline: ItemsProcessed, num_items=476, num_batches=5, token_weight=160411, token_weight_in_effect=160411
I0607 15:13:20.338235 353887680 c_interface.cc:389] Pass FitOfflineMasterModelArgs, batch_filename_size=5, batch_weight_size=5, num_collection_passes=1, reset_nwt=yes to MN4artm4core15MasterComponentEFvRKNS_25FitOfflineMasterModelArgsEE
I0607 15:13:20.338248 353887680 master_component.cc:1404] ProcessBatchesArgs: nwt_target_name=nwt, batch_filename_size=5, batch_size=0, batch_weight_size=5, pwt_source_name=pwt, num_document_passes=1, reuse_theta=yes, opt_for_avx=yes, predict_class_id=, reset_nwt=yes
I0607 15:13:20.342458 99926016 processor.cc:81] Processing queue has data, processing started
I0607 15:13:20.342458 99389440 processor.cc:81] Processing queue has data, processing started
I0607 15:13:20.342499 100462592 processor.cc:81] Processing queue has data, processing started
I0607 15:13:20.342504 98852864 processor.cc:81] Processing queue has data, processing started
I0607 15:13:20.346581 100462592 processor.cc:158] Processor: start processing batch bd332c4a-e676-4df2-83c1-da9a84d98382 into model nwt
I0607 15:13:20.346911 99926016 processor.cc:158] Processor: start processing batch 9647b7eb-ab62-473e-83f9-8522752f4df1 into model nwt
I0607 15:13:20.348230 98852864 processor.cc:158] Processor: start processing batch b9614e10-9769-4e6f-8f73-3a514a925166 into model nwt
I0607 15:13:20.348594 99389440 processor.cc:158] Processor: start processing batch e8caefe5-4bb9-4617-b6f3-078b4ba3c69f into model nwt
I0607 15:13:20.384582 100462592 processor.cc:292] Processor: complete processing batch bd332c4a-e676-4df2-83c1-da9a84d98382 into model nwt
I0607 15:13:20.388962 100462592 cuckoo_watch.h:45] 46ms in ProcessBatch(school_batches/aaaaae.batch) [including 4ms in LoadMessage; 0ms in FindReuseThetaCacheEntry; 0ms in InitializeTheta; 0ms in CreateRegularizerAgents; 1ms in InitializeSparseNdw; 13ms in InferThetaAndUpdateNwtSparse; 0ms in UpdateCacheEntry; 14ms in CalculateScore(PerplexityScore); 1ms in CalculateScore(SparsityThetaScore); 7ms in CalculateScore(^^^ItemsProcessedScore^^^); ]
I0607 15:13:20.393517 100462592 processor.cc:158] Processor: start processing batch 5bd66d53-b36b-4cbb-90b4-8021e5b537bd into model nwt
I0607 15:13:20.393847 98852864 processor.cc:292] Processor: complete processing batch b9614e10-9769-4e6f-8f73-3a514a925166 into model nwt
I0607 15:13:20.396520 98852864 cuckoo_watch.h:45] 53ms in ProcessBatch(school_batches/aaaaaa.batch) [including 5ms in LoadMessage; 0ms in FindReuseThetaCacheEntry; 0ms in InitializeTheta; 0ms in CreateRegularizerAgents; 1ms in InitializeSparseNdw; 14ms in InferThetaAndUpdateNwtSparse; 0ms in UpdateCacheEntry; 19ms in CalculateScore(PerplexityScore); 2ms in CalculateScore(SparsityThetaScore); 8ms in CalculateScore(^^^ItemsProcessedScore^^^); ]
I0607 15:13:20.397056 99926016 processor.cc:292] Processor: complete processing batch 9647b7eb-ab62-473e-83f9-8522752f4df1 into model nwt
I0607 15:13:20.398696 99389440 processor.cc:292] Processor: complete processing batch e8caefe5-4bb9-4617-b6f3-078b4ba3c69f into model nwt
I0607 15:13:20.399453 99926016 cuckoo_watch.h:45] 56ms in ProcessBatch(school_batches/aaaaab.batch) [including 4ms in LoadMessage; 0ms in FindReuseThetaCacheEntry; 0ms in InitializeTheta; 0ms in CreateRegularizerAgents; 1ms in InitializeSparseNdw; 13ms in InferThetaAndUpdateNwtSparse; 0ms in UpdateCacheEntry; 24ms in CalculateScore(PerplexityScore); 1ms in CalculateScore(SparsityThetaScore); 8ms in CalculateScore(^^^ItemsProcessedScore^^^); ]
I0607 15:13:20.400480 99389440 cuckoo_watch.h:45] 57ms in ProcessBatch(school_batches/aaaaad.batch) [including 6ms in LoadMessage; 0ms in FindReuseThetaCacheEntry; 0ms in InitializeTheta; 0ms in CreateRegularizerAgents; 1ms in InitializeSparseNdw; 14ms in InferThetaAndUpdateNwtSparse; 0ms in UpdateCacheEntry; 21ms in CalculateScore(PerplexityScore); 4ms in CalculateScore(SparsityThetaScore); 8ms in CalculateScore(^^^ItemsProcessedScore^^^); ]
I0607 15:13:20.420758 98852864 processor.cc:74] No data in processing queue, waiting...
I0607 15:13:20.423916 100462592 processor.cc:292] Processor: complete processing batch 5bd66d53-b36b-4cbb-90b4-8021e5b537bd into model nwt
I0607 15:13:20.424060 99926016 processor.cc:74] No data in processing queue, waiting...
I0607 15:13:20.424628 99389440 processor.cc:74] No data in processing queue, waiting...
I0607 15:13:20.424989 100462592 cuckoo_watch.h:45] 36ms in ProcessBatch(school_batches/aaaaac.batch) [including 4ms in LoadMessage; 0ms in FindReuseThetaCacheEntry; 0ms in InitializeTheta; 0ms in CreateRegularizerAgents; 1ms in InitializeSparseNdw; 11ms in InferThetaAndUpdateNwtSparse; 0ms in UpdateCacheEntry; 11ms in CalculateScore(PerplexityScore); 0ms in CalculateScore(SparsityThetaScore); 5ms in CalculateScore(^^^ItemsProcessedScore^^^); ]
I0607 15:13:20.426069 353887680 master_component.cc:1455] NormalizeModelArgs: pwt_target_name=pwt, nwt_source_name=nwt, rwt_source_name=
I0607 15:13:20.426086 353887680 master_component.cc:1005] MasterComponent: start normalizing model nwt
I0607 15:13:20.449183 100462592 processor.cc:74] No data in processing queue, waiting...
I0607 15:13:20.451560 353887680 master_component.cc:1033] MasterComponent: complete normalizing model nwt
I0607 15:13:20.465953 353887680 master_component.cc:1479] DisposeModel rwt
I0607 15:13:20.465968 353887680 master_component.cc:1058] FitOffline: ItemsProcessed, num_items=476, num_batches=5, token_weight=160411, token_weight_in_effect=160411
I0607 15:13:20.466256 353887680 c_interface.cc:389] Pass FitOfflineMasterModelArgs, batch_filename_size=5, batch_weight_size=5, num_collection_passes=1, reset_nwt=yes to MN4artm4core15MasterComponentEFvRKNS_25FitOfflineMasterModelArgsEE
I0607 15:13:20.466269 353887680 master_component.cc:1404] ProcessBatchesArgs: nwt_target_name=nwt, batch_filename_size=5, batch_size=0, batch_weight_size=5, pwt_source_name=pwt, num_document_passes=1, reuse_theta=yes, opt_for_avx=yes, predict_class_id=, reset_nwt=yes
I0607 15:13:20.471096 99389440 processor.cc:81] Processing queue has data, processing started
I0607 15:13:20.471096 98852864 processor.cc:81] Processing queue has data, processing started
I0607 15:13:20.471128 99926016 processor.cc:81] Processing queue has data, processing started
I0607 15:13:20.471128 100462592 processor.cc:81] Processing queue has data, processing started
I0607 15:13:20.475368 99926016 processor.cc:158] Processor: start processing batch bd332c4a-e676-4df2-83c1-da9a84d98382 into model nwt
I0607 15:13:20.475456 99389440 processor.cc:158] Processor: start processing batch e8caefe5-4bb9-4617-b6f3-078b4ba3c69f into model nwt
I0607 15:13:20.475528 98852864 processor.cc:158] Processor: start processing batch 9647b7eb-ab62-473e-83f9-8522752f4df1 into model nwt
I0607 15:13:20.481566 100462592 processor.cc:158] Processor: start processing batch b9614e10-9769-4e6f-8f73-3a514a925166 into model nwt
I0607 15:13:20.512334 99926016 processor.cc:292] Processor: complete processing batch bd332c4a-e676-4df2-83c1-da9a84d98382 into model nwt
I0607 15:13:20.515247 99389440 processor.cc:292] Processor: complete processing batch e8caefe5-4bb9-4617-b6f3-078b4ba3c69f into model nwt
I0607 15:13:20.515748 99926016 cuckoo_watch.h:45] 44ms in ProcessBatch(school_batches/aaaaae.batch) [including 4ms in LoadMessage; 0ms in FindReuseThetaCacheEntry; 0ms in InitializeTheta; 0ms in CreateRegularizerAgents; 1ms in InitializeSparseNdw; 11ms in InferThetaAndUpdateNwtSparse; 0ms in UpdateCacheEntry; 15ms in CalculateScore(PerplexityScore); 1ms in CalculateScore(SparsityThetaScore); 6ms in CalculateScore(^^^ItemsProcessedScore^^^); ]
I0607 15:13:20.518018 98852864 processor.cc:292] Processor: complete processing batch 9647b7eb-ab62-473e-83f9-8522752f4df1 into model nwt
I0607 15:13:20.519634 99926016 processor.cc:158] Processor: start processing batch 5bd66d53-b36b-4cbb-90b4-8021e5b537bd into model nwt
I0607 15:13:20.520032 98852864 cuckoo_watch.h:45] 48ms in ProcessBatch(school_batches/aaaaab.batch) [including 4ms in LoadMessage; 0ms in FindReuseThetaCacheEntry; 0ms in InitializeTheta; 0ms in CreateRegularizerAgents; 1ms in InitializeSparseNdw; 12ms in InferThetaAndUpdateNwtSparse; 0ms in UpdateCacheEntry; 17ms in CalculateScore(PerplexityScore); 1ms in CalculateScore(SparsityThetaScore); 9ms in CalculateScore(^^^ItemsProcessedScore^^^); ]
I0607 15:13:20.520718 99389440 cuckoo_watch.h:45] 49ms in ProcessBatch(school_batches/aaaaad.batch) [including 4ms in LoadMessage; 0ms in FindReuseThetaCacheEntry; 0ms in InitializeTheta; 0ms in CreateRegularizerAgents; 0ms in InitializeSparseNdw; 11ms in InferThetaAndUpdateNwtSparse; 0ms in UpdateCacheEntry; 18ms in CalculateScore(PerplexityScore); 1ms in CalculateScore(SparsityThetaScore); 7ms in CalculateScore(^^^ItemsProcessedScore^^^); ]
I0607 15:13:20.526649 100462592 processor.cc:292] Processor: complete processing batch b9614e10-9769-4e6f-8f73-3a514a925166 into model nwt
I0607 15:13:20.528359 100462592 cuckoo_watch.h:45] 57ms in ProcessBatch(school_batches/aaaaaa.batch) [including 10ms in LoadMessage; 0ms in FindReuseThetaCacheEntry; 0ms in InitializeTheta; 0ms in CreateRegularizerAgents; 1ms in InitializeSparseNdw; 13ms in InferThetaAndUpdateNwtSparse; 0ms in UpdateCacheEntry; 19ms in CalculateScore(PerplexityScore); 4ms in CalculateScore(SparsityThetaScore); 5ms in CalculateScore(^^^ItemsProcessedScore^^^); ]
I0607 15:13:20.548738 98852864 processor.cc:74] No data in processing queue, waiting...
I0607 15:13:20.549033 99926016 processor.cc:292] Processor: complete processing batch 5bd66d53-b36b-4cbb-90b4-8021e5b537bd into model nwt
I0607 15:13:20.550050 99389440 processor.cc:74] No data in processing queue, waiting...
I0607 15:13:20.550144 99926016 cuckoo_watch.h:45] 34ms in ProcessBatch(school_batches/aaaaac.batch) [including 3ms in LoadMessage; 0ms in FindReuseThetaCacheEntry; 0ms in InitializeTheta; 0ms in CreateRegularizerAgents; 1ms in InitializeSparseNdw; 10ms in InferThetaAndUpdateNwtSparse; 0ms in UpdateCacheEntry; 11ms in CalculateScore(PerplexityScore); 0ms in CalculateScore(SparsityThetaScore); 5ms in CalculateScore(^^^ItemsProcessedScore^^^); ]
I0607 15:13:20.551470 353887680 master_component.cc:1455] NormalizeModelArgs: pwt_target_name=pwt, nwt_source_name=nwt, rwt_source_name=
I0607 15:13:20.551512 353887680 master_component.cc:1005] MasterComponent: start normalizing model nwt
I0607 15:13:20.552770 100462592 processor.cc:74] No data in processing queue, waiting...
I0607 15:13:20.574481 99926016 processor.cc:74] No data in processing queue, waiting...
I0607 15:13:20.575877 353887680 master_component.cc:1033] MasterComponent: complete normalizing model nwt
I0607 15:13:20.590278 353887680 master_component.cc:1479] DisposeModel rwt
I0607 15:13:20.590292 353887680 master_component.cc:1058] FitOffline: ItemsProcessed, num_items=476, num_batches=5, token_weight=160411, token_weight_in_effect=160411
I0607 15:13:20.590476 353887680 c_interface.cc:389] Pass FitOfflineMasterModelArgs, batch_filename_size=5, batch_weight_size=5, num_collection_passes=1, reset_nwt=yes to MN4artm4core15MasterComponentEFvRKNS_25FitOfflineMasterModelArgsEE
I0607 15:13:20.590485 353887680 master_component.cc:1404] ProcessBatchesArgs: nwt_target_name=nwt, batch_filename_size=5, batch_size=0, batch_weight_size=5, pwt_source_name=pwt, num_document_passes=1, reuse_theta=yes, opt_for_avx=yes, predict_class_id=, reset_nwt=yes
I0607 15:13:20.595057 98852864 processor.cc:81] Processing queue has data, processing started
I0607 15:13:20.595057 99389440 processor.cc:81] Processing queue has data, processing started
I0607 15:13:20.595088 99926016 processor.cc:81] Processing queue has data, processing started
I0607 15:13:20.595113 100462592 processor.cc:81] Processing queue has data, processing started
I0607 15:13:20.599252 99926016 processor.cc:158] Processor: start processing batch bd332c4a-e676-4df2-83c1-da9a84d98382 into model nwt
I0607 15:13:20.599655 100462592 processor.cc:158] Processor: start processing batch b9614e10-9769-4e6f-8f73-3a514a925166 into model nwt
I0607 15:13:20.599664 98852864 processor.cc:158] Processor: start processing batch 9647b7eb-ab62-473e-83f9-8522752f4df1 into model nwt
I0607 15:13:20.599767 99389440 processor.cc:158] Processor: start processing batch e8caefe5-4bb9-4617-b6f3-078b4ba3c69f into model nwt
I0607 15:13:20.636202 99926016 processor.cc:292] Processor: complete processing batch bd332c4a-e676-4df2-83c1-da9a84d98382 into model nwt
I0607 15:13:20.638167 99926016 cuckoo_watch.h:45] 42ms in ProcessBatch(school_batches/aaaaae.batch) [including 4ms in LoadMessage; 0ms in FindReuseThetaCacheEntry; 0ms in InitializeTheta; 0ms in CreateRegularizerAgents; 1ms in InitializeSparseNdw; 12ms in InferThetaAndUpdateNwtSparse; 0ms in UpdateCacheEntry; 15ms in CalculateScore(PerplexityScore); 1ms in CalculateScore(SparsityThetaScore); 6ms in CalculateScore(^^^ItemsProcessedScore^^^); ]
I0607 15:13:20.640496 99389440 processor.cc:292] Processor: complete processing batch e8caefe5-4bb9-4617-b6f3-078b4ba3c69f into model nwt
I0607 15:13:20.640763 98852864 processor.cc:292] Processor: complete processing batch 9647b7eb-ab62-473e-83f9-8522752f4df1 into model nwt
I0607 15:13:20.641904 99926016 processor.cc:158] Processor: start processing batch 5bd66d53-b36b-4cbb-90b4-8021e5b537bd into model nwt
I0607 15:13:20.642931 98852864 cuckoo_watch.h:45] 47ms in ProcessBatch(school_batches/aaaaab.batch) [including 4ms in LoadMessage; 0ms in FindReuseThetaCacheEntry; 0ms in InitializeTheta; 0ms in CreateRegularizerAgents; 1ms in InitializeSparseNdw; 12ms in InferThetaAndUpdateNwtSparse; 0ms in UpdateCacheEntry; 17ms in CalculateScore(PerplexityScore); 2ms in CalculateScore(SparsityThetaScore); 7ms in CalculateScore(^^^ItemsProcessedScore^^^); ]
I0607 15:13:20.643091 100462592 processor.cc:292] Processor: complete processing batch b9614e10-9769-4e6f-8f73-3a514a925166 into model nwt
I0607 15:13:20.643780 99389440 cuckoo_watch.h:45] 48ms in ProcessBatch(school_batches/aaaaad.batch) [including 4ms in LoadMessage; 0ms in FindReuseThetaCacheEntry; 0ms in InitializeTheta; 0ms in CreateRegularizerAgents; 1ms in InitializeSparseNdw; 12ms in InferThetaAndUpdateNwtSparse; 0ms in UpdateCacheEntry; 17ms in CalculateScore(PerplexityScore); 1ms in CalculateScore(SparsityThetaScore); 8ms in CalculateScore(^^^ItemsProcessedScore^^^); ]
I0607 15:13:20.646555 100462592 cuckoo_watch.h:45] 51ms in ProcessBatch(school_batches/aaaaaa.batch) [including 4ms in LoadMessage; 0ms in FindReuseThetaCacheEntry; 0ms in InitializeTheta; 0ms in CreateRegularizerAgents; 1ms in InitializeSparseNdw; 12ms in InferThetaAndUpdateNwtSparse; 0ms in UpdateCacheEntry; 17ms in CalculateScore(PerplexityScore); 1ms in CalculateScore(SparsityThetaScore); 9ms in CalculateScore(^^^ItemsProcessedScore^^^); ]
I0607 15:13:20.666827 98852864 processor.cc:74] No data in processing queue, waiting...
I0607 15:13:20.668119 99389440 processor.cc:74] No data in processing queue, waiting...
I0607 15:13:20.670709 100462592 processor.cc:74] No data in processing queue, waiting...
I0607 15:13:20.671938 99926016 processor.cc:292] Processor: complete processing batch 5bd66d53-b36b-4cbb-90b4-8021e5b537bd into model nwt
I0607 15:13:20.673024 99926016 cuckoo_watch.h:45] 34ms in ProcessBatch(school_batches/aaaaac.batch) [including 3ms in LoadMessage; 0ms in FindReuseThetaCacheEntry; 0ms in InitializeTheta; 0ms in CreateRegularizerAgents; 1ms in InitializeSparseNdw; 11ms in InferThetaAndUpdateNwtSparse; 0ms in UpdateCacheEntry; 11ms in CalculateScore(PerplexityScore); 0ms in CalculateScore(SparsityThetaScore); 4ms in CalculateScore(^^^ItemsProcessedScore^^^); ]
I0607 15:13:20.673343 353887680 master_component.cc:1455] NormalizeModelArgs: pwt_target_name=pwt, nwt_source_name=nwt, rwt_source_name=
I0607 15:13:20.673398 353887680 master_component.cc:1005] MasterComponent: start normalizing model nwt
I0607 15:13:20.697203 99926016 processor.cc:74] No data in processing queue, waiting...
I0607 15:13:20.698467 353887680 master_component.cc:1033] MasterComponent: complete normalizing model nwt
I0607 15:13:20.712718 353887680 master_component.cc:1479] DisposeModel rwt
I0607 15:13:20.712739 353887680 master_component.cc:1058] FitOffline: ItemsProcessed, num_items=476, num_batches=5, token_weight=160411, token_weight_in_effect=160411
I0607 15:13:20.712924 353887680 c_interface.cc:389] Pass FitOfflineMasterModelArgs, batch_filename_size=5, batch_weight_size=5, num_collection_passes=1, reset_nwt=yes to MN4artm4core15MasterComponentEFvRKNS_25FitOfflineMasterModelArgsEE
I0607 15:13:20.712935 353887680 master_component.cc:1404] ProcessBatchesArgs: nwt_target_name=nwt, batch_filename_size=5, batch_size=0, batch_weight_size=5, pwt_source_name=pwt, num_document_passes=1, reuse_theta=yes, opt_for_avx=yes, predict_class_id=, reset_nwt=yes
I0607 15:13:20.716370 100462592 processor.cc:81] Processing queue has data, processing started
I0607 15:13:20.716408 99389440 processor.cc:81] Processing queue has data, processing started
I0607 15:13:20.716423 98852864 processor.cc:81] Processing queue has data, processing started
I0607 15:13:20.717684 99926016 processor.cc:81] Processing queue has data, processing started
I0607 15:13:20.719197 99389440 processor.cc:158] Processor: start processing batch 9647b7eb-ab62-473e-83f9-8522752f4df1 into model nwt
I0607 15:13:20.720170 100462592 processor.cc:158] Processor: start processing batch e8caefe5-4bb9-4617-b6f3-078b4ba3c69f into model nwt
I0607 15:13:20.720289 98852864 processor.cc:158] Processor: start processing batch bd332c4a-e676-4df2-83c1-da9a84d98382 into model nwt
I0607 15:13:20.721321 99926016 processor.cc:158] Processor: start processing batch b9614e10-9769-4e6f-8f73-3a514a925166 into model nwt
I0607 15:13:20.762555 98852864 processor.cc:292] Processor: complete processing batch bd332c4a-e676-4df2-83c1-da9a84d98382 into model nwt
I0607 15:13:20.765120 100462592 processor.cc:292] Processor: complete processing batch e8caefe5-4bb9-4617-b6f3-078b4ba3c69f into model nwt
I0607 15:13:20.766206 99389440 processor.cc:292] Processor: complete processing batch 9647b7eb-ab62-473e-83f9-8522752f4df1 into model nwt
I0607 15:13:20.766398 98852864 cuckoo_watch.h:45] 49ms in ProcessBatch(school_batches/aaaaae.batch) [including 3ms in LoadMessage; 0ms in FindReuseThetaCacheEntry; 0ms in InitializeTheta; 0ms in CreateRegularizerAgents; 1ms in InitializeSparseNdw; 12ms in InferThetaAndUpdateNwtSparse; 0ms in UpdateCacheEntry; 20ms in CalculateScore(PerplexityScore); 1ms in CalculateScore(SparsityThetaScore); 6ms in CalculateScore(^^^ItemsProcessedScore^^^); ]
I0607 15:13:20.767844 99926016 processor.cc:292] Processor: complete processing batch b9614e10-9769-4e6f-8f73-3a514a925166 into model nwt
I0607 15:13:20.768105 99389440 cuckoo_watch.h:45] 51ms in ProcessBatch(school_batches/aaaaab.batch) [including 2ms in LoadMessage; 0ms in FindReuseThetaCacheEntry; 0ms in InitializeTheta; 0ms in CreateRegularizerAgents; 1ms in InitializeSparseNdw; 13ms in InferThetaAndUpdateNwtSparse; 0ms in UpdateCacheEntry; 20ms in CalculateScore(PerplexityScore); 1ms in CalculateScore(SparsityThetaScore); 10ms in CalculateScore(^^^ItemsProcessedScore^^^); ]
I0607 15:13:20.768430 100462592 cuckoo_watch.h:45] 52ms in ProcessBatch(school_batches/aaaaad.batch) [including 3ms in LoadMessage; 0ms in FindReuseThetaCacheEntry; 0ms in InitializeTheta; 0ms in CreateRegularizerAgents; 1ms in InitializeSparseNdw; 12ms in InferThetaAndUpdateNwtSparse; 0ms in UpdateCacheEntry; 22ms in CalculateScore(PerplexityScore); 1ms in CalculateScore(SparsityThetaScore); 7ms in CalculateScore(^^^ItemsProcessedScore^^^); ]
I0607 15:13:20.769269 99926016 cuckoo_watch.h:45] 51ms in ProcessBatch(school_batches/aaaaaa.batch) [including 3ms in LoadMessage; 0ms in FindReuseThetaCacheEntry; 0ms in InitializeTheta; 0ms in CreateRegularizerAgents; 1ms in InitializeSparseNdw; 13ms in InferThetaAndUpdateNwtSparse; 0ms in UpdateCacheEntry; 21ms in CalculateScore(PerplexityScore); 1ms in CalculateScore(SparsityThetaScore); 9ms in CalculateScore(^^^ItemsProcessedScore^^^); ]
I0607 15:13:20.769505 98852864 processor.cc:158] Processor: start processing batch 5bd66d53-b36b-4cbb-90b4-8021e5b537bd into model nwt
I0607 15:13:20.792493 99389440 processor.cc:74] No data in processing queue, waiting...
I0607 15:13:20.793162 100462592 processor.cc:74] No data in processing queue, waiting...
I0607 15:13:20.793785 99926016 processor.cc:74] No data in processing queue, waiting...
I0607 15:13:20.796867 98852864 processor.cc:292] Processor: complete processing batch 5bd66d53-b36b-4cbb-90b4-8021e5b537bd into model nwt
I0607 15:13:20.798000 98852864 cuckoo_watch.h:45] 31ms in ProcessBatch(school_batches/aaaaac.batch) [including 3ms in LoadMessage; 0ms in FindReuseThetaCacheEntry; 0ms in InitializeTheta; 0ms in CreateRegularizerAgents; 0ms in InitializeSparseNdw; 9ms in InferThetaAndUpdateNwtSparse; 0ms in UpdateCacheEntry; 11ms in CalculateScore(PerplexityScore); 0ms in CalculateScore(SparsityThetaScore); 4ms in CalculateScore(^^^ItemsProcessedScore^^^); ]
I0607 15:13:20.799072 353887680 master_component.cc:1455] NormalizeModelArgs: pwt_target_name=pwt, nwt_source_name=nwt, rwt_source_name=
I0607 15:13:20.799091 353887680 master_component.cc:1005] MasterComponent: start normalizing model nwt
I0607 15:13:20.822329 98852864 processor.cc:74] No data in processing queue, waiting...
I0607 15:13:20.824817 353887680 master_component.cc:1033] MasterComponent: complete normalizing model nwt
I0607 15:13:20.839701 353887680 master_component.cc:1479] DisposeModel rwt
I0607 15:13:20.839716 353887680 master_component.cc:1058] FitOffline: ItemsProcessed, num_items=476, num_batches=5, token_weight=160411, token_weight_in_effect=160411
I0607 15:13:20.839917 353887680 c_interface.cc:389] Pass FitOfflineMasterModelArgs, batch_filename_size=5, batch_weight_size=5, num_collection_passes=1, reset_nwt=yes to MN4artm4core15MasterComponentEFvRKNS_25FitOfflineMasterModelArgsEE
I0607 15:13:20.839927 353887680 master_component.cc:1404] ProcessBatchesArgs: nwt_target_name=nwt, batch_filename_size=5, batch_size=0, batch_weight_size=5, pwt_source_name=pwt, num_document_passes=1, reuse_theta=yes, opt_for_avx=yes, predict_class_id=, reset_nwt=yes
I0607 15:13:20.843458 99389440 processor.cc:81] Processing queue has data, processing started
I0607 15:13:20.843459 98852864 processor.cc:81] Processing queue has data, processing started
I0607 15:13:20.843474 100462592 processor.cc:81] Processing queue has data, processing started
I0607 15:13:20.843504 99926016 processor.cc:81] Processing queue has data, processing started
I0607 15:13:20.847065 100462592 processor.cc:158] Processor: start processing batch bd332c4a-e676-4df2-83c1-da9a84d98382 into model nwt
I0607 15:13:20.847337 98852864 processor.cc:158] Processor: start processing batch 9647b7eb-ab62-473e-83f9-8522752f4df1 into model nwt
I0607 15:13:20.847368 99389440 processor.cc:158] Processor: start processing batch e8caefe5-4bb9-4617-b6f3-078b4ba3c69f into model nwt
I0607 15:13:20.847440 99926016 processor.cc:158] Processor: start processing batch b9614e10-9769-4e6f-8f73-3a514a925166 into model nwt
I0607 15:13:20.884938 100462592 processor.cc:292] Processor: complete processing batch bd332c4a-e676-4df2-83c1-da9a84d98382 into model nwt
I0607 15:13:20.888518 100462592 cuckoo_watch.h:45] 44ms in ProcessBatch(school_batches/aaaaae.batch) [including 3ms in LoadMessage; 0ms in FindReuseThetaCacheEntry; 0ms in InitializeTheta; 0ms in CreateRegularizerAgents; 1ms in InitializeSparseNdw; 12ms in InferThetaAndUpdateNwtSparse; 0ms in UpdateCacheEntry; 15ms in CalculateScore(PerplexityScore); 1ms in CalculateScore(SparsityThetaScore); 6ms in CalculateScore(^^^ItemsProcessedScore^^^); ]
I0607 15:13:20.889204 98852864 processor.cc:292] Processor: complete processing batch 9647b7eb-ab62-473e-83f9-8522752f4df1 into model nwt
I0607 15:13:20.891070 99389440 processor.cc:292] Processor: complete processing batch e8caefe5-4bb9-4617-b6f3-078b4ba3c69f into model nwt
I0607 15:13:20.892448 99926016 processor.cc:292] Processor: complete processing batch b9614e10-9769-4e6f-8f73-3a514a925166 into model nwt
I0607 15:13:20.892913 99389440 cuckoo_watch.h:45] 49ms in ProcessBatch(school_batches/aaaaad.batch) [including 3ms in LoadMessage; 0ms in FindReuseThetaCacheEntry; 0ms in InitializeTheta; 0ms in CreateRegularizerAgents; 1ms in InitializeSparseNdw; 12ms in InferThetaAndUpdateNwtSparse; 0ms in UpdateCacheEntry; 17ms in CalculateScore(PerplexityScore); 1ms in CalculateScore(SparsityThetaScore); 9ms in CalculateScore(^^^ItemsProcessedScore^^^); ]
I0607 15:13:20.893606 98852864 cuckoo_watch.h:45] 50ms in ProcessBatch(school_batches/aaaaab.batch) [including 3ms in LoadMessage; 0ms in FindReuseThetaCacheEntry; 0ms in InitializeTheta; 0ms in CreateRegularizerAgents; 1ms in InitializeSparseNdw; 12ms in InferThetaAndUpdateNwtSparse; 0ms in UpdateCacheEntry; 18ms in CalculateScore(PerplexityScore); 1ms in CalculateScore(SparsityThetaScore); 7ms in CalculateScore(^^^ItemsProcessedScore^^^); ]
I0607 15:13:20.894011 99926016 cuckoo_watch.h:45] 50ms in ProcessBatch(school_batches/aaaaaa.batch) [including 3ms in LoadMessage; 0ms in FindReuseThetaCacheEntry; 0ms in InitializeTheta; 0ms in CreateRegularizerAgents; 1ms in InitializeSparseNdw; 14ms in InferThetaAndUpdateNwtSparse; 0ms in UpdateCacheEntry; 19ms in CalculateScore(PerplexityScore); 1ms in CalculateScore(SparsityThetaScore); 7ms in CalculateScore(^^^ItemsProcessedScore^^^); ]
I0607 15:13:20.895049 100462592 processor.cc:158] Processor: start processing batch 5bd66d53-b36b-4cbb-90b4-8021e5b537bd into model nwt
I0607 15:13:20.917156 99389440 processor.cc:74] No data in processing queue, waiting...
I0607 15:13:20.917912 98852864 processor.cc:74] No data in processing queue, waiting...
I0607 15:13:20.918433 99926016 processor.cc:74] No data in processing queue, waiting...
I0607 15:13:20.922286 100462592 processor.cc:292] Processor: complete processing batch 5bd66d53-b36b-4cbb-90b4-8021e5b537bd into model nwt
I0607 15:13:20.923470 100462592 cuckoo_watch.h:45] 34ms in ProcessBatch(school_batches/aaaaac.batch) [including 6ms in LoadMessage; 0ms in FindReuseThetaCacheEntry; 0ms in InitializeTheta; 0ms in CreateRegularizerAgents; 0ms in InitializeSparseNdw; 9ms in InferThetaAndUpdateNwtSparse; 0ms in UpdateCacheEntry; 11ms in CalculateScore(PerplexityScore); 0ms in CalculateScore(SparsityThetaScore); 4ms in CalculateScore(^^^ItemsProcessedScore^^^); ]
I0607 15:13:20.924453 353887680 master_component.cc:1455] NormalizeModelArgs: pwt_target_name=pwt, nwt_source_name=nwt, rwt_source_name=
I0607 15:13:20.924470 353887680 master_component.cc:1005] MasterComponent: start normalizing model nwt
I0607 15:13:20.947604 100462592 processor.cc:74] No data in processing queue, waiting...
I0607 15:13:20.948644 353887680 master_component.cc:1033] MasterComponent: complete normalizing model nwt
I0607 15:13:20.962960 353887680 master_component.cc:1479] DisposeModel rwt
I0607 15:13:20.962973 353887680 master_component.cc:1058] FitOffline: ItemsProcessed, num_items=476, num_batches=5, token_weight=160411, token_weight_in_effect=160411
I0607 15:13:20.963158 353887680 c_interface.cc:389] Pass FitOfflineMasterModelArgs, batch_filename_size=5, batch_weight_size=5, num_collection_passes=1, reset_nwt=yes to MN4artm4core15MasterComponentEFvRKNS_25FitOfflineMasterModelArgsEE
I0607 15:13:20.963169 353887680 master_component.cc:1404] ProcessBatchesArgs: nwt_target_name=nwt, batch_filename_size=5, batch_size=0, batch_weight_size=5, pwt_source_name=pwt, num_document_passes=1, reuse_theta=yes, opt_for_avx=yes, predict_class_id=, reset_nwt=yes
I0607 15:13:20.966483 98852864 processor.cc:81] Processing queue has data, processing started
I0607 15:13:20.966522 100462592 processor.cc:81] Processing queue has data, processing started
I0607 15:13:20.966522 99389440 processor.cc:81] Processing queue has data, processing started
I0607 15:13:20.966522 99926016 processor.cc:81] Processing queue has data, processing started
I0607 15:13:20.968801 99389440 processor.cc:158] Processor: start processing batch 9647b7eb-ab62-473e-83f9-8522752f4df1 into model nwt
I0607 15:13:20.970294 98852864 processor.cc:158] Processor: start processing batch e8caefe5-4bb9-4617-b6f3-078b4ba3c69f into model nwt
I0607 15:13:20.970342 100462592 processor.cc:158] Processor: start processing batch b9614e10-9769-4e6f-8f73-3a514a925166 into model nwt
I0607 15:13:20.971376 99926016 processor.cc:158] Processor: start processing batch bd332c4a-e676-4df2-83c1-da9a84d98382 into model nwt
I0607 15:13:21.007401 99926016 processor.cc:292] Processor: complete processing batch bd332c4a-e676-4df2-83c1-da9a84d98382 into model nwt
I0607 15:13:21.010377 99926016 cuckoo_watch.h:45] 41ms in ProcessBatch(school_batches/aaaaae.batch) [including 2ms in LoadMessage; 0ms in FindReuseThetaCacheEntry; 0ms in InitializeTheta; 0ms in CreateRegularizerAgents; 1ms in InitializeSparseNdw; 11ms in InferThetaAndUpdateNwtSparse; 0ms in UpdateCacheEntry; 15ms in CalculateScore(PerplexityScore); 1ms in CalculateScore(SparsityThetaScore); 6ms in CalculateScore(^^^ItemsProcessedScore^^^); ]
I0607 15:13:21.010815 98852864 processor.cc:292] Processor: complete processing batch e8caefe5-4bb9-4617-b6f3-078b4ba3c69f into model nwt
I0607 15:13:21.012068 99389440 processor.cc:292] Processor: complete processing batch 9647b7eb-ab62-473e-83f9-8522752f4df1 into model nwt
I0607 15:13:21.013618 98852864 cuckoo_watch.h:45] 47ms in ProcessBatch(school_batches/aaaaad.batch) [including 3ms in LoadMessage; 0ms in FindReuseThetaCacheEntry; 0ms in InitializeTheta; 0ms in CreateRegularizerAgents; 1ms in InitializeSparseNdw; 12ms in InferThetaAndUpdateNwtSparse; 0ms in UpdateCacheEntry; 17ms in CalculateScore(PerplexityScore); 1ms in CalculateScore(SparsityThetaScore); 7ms in CalculateScore(^^^ItemsProcessedScore^^^); ]
I0607 15:13:21.014299 100462592 processor.cc:292] Processor: complete processing batch b9614e10-9769-4e6f-8f73-3a514a925166 into model nwt
I0607 15:13:21.014482 99389440 cuckoo_watch.h:45] 47ms in ProcessBatch(school_batches/aaaaab.batch) [including 2ms in LoadMessage; 0ms in FindReuseThetaCacheEntry; 0ms in InitializeTheta; 0ms in CreateRegularizerAgents; 1ms in InitializeSparseNdw; 12ms in InferThetaAndUpdateNwtSparse; 0ms in UpdateCacheEntry; 16ms in CalculateScore(PerplexityScore); 1ms in CalculateScore(SparsityThetaScore); 9ms in CalculateScore(^^^ItemsProcessedScore^^^); ]
I0607 15:13:21.014487 99926016 processor.cc:158] Processor: start processing batch 5bd66d53-b36b-4cbb-90b4-8021e5b537bd into model nwt
I0607 15:13:21.015467 100462592 cuckoo_watch.h:45] 48ms in ProcessBatch(school_batches/aaaaaa.batch) [including 3ms in LoadMessage; 0ms in FindReuseThetaCacheEntry; 0ms in InitializeTheta; 0ms in CreateRegularizerAgents; 1ms in InitializeSparseNdw; 13ms in InferThetaAndUpdateNwtSparse; 0ms in UpdateCacheEntry; 19ms in CalculateScore(PerplexityScore); 1ms in CalculateScore(SparsityThetaScore); 8ms in CalculateScore(^^^ItemsProcessedScore^^^); ]
I0607 15:13:21.038110 98852864 processor.cc:74] No data in processing queue, waiting...
I0607 15:13:21.038763 99389440 processor.cc:74] No data in processing queue, waiting...
I0607 15:13:21.040051 100462592 processor.cc:74] No data in processing queue, waiting...
I0607 15:13:21.041132 99926016 processor.cc:292] Processor: complete processing batch 5bd66d53-b36b-4cbb-90b4-8021e5b537bd into model nwt
I0607 15:13:21.042234 99926016 cuckoo_watch.h:45] 31ms in ProcessBatch(school_batches/aaaaac.batch) [including 4ms in LoadMessage; 0ms in FindReuseThetaCacheEntry; 0ms in InitializeTheta; 0ms in CreateRegularizerAgents; 0ms in InitializeSparseNdw; 9ms in InferThetaAndUpdateNwtSparse; 0ms in UpdateCacheEntry; 10ms in CalculateScore(PerplexityScore); 0ms in CalculateScore(SparsityThetaScore); 4ms in CalculateScore(^^^ItemsProcessedScore^^^); ]
I0607 15:13:21.042735 353887680 master_component.cc:1455] NormalizeModelArgs: pwt_target_name=pwt, nwt_source_name=nwt, rwt_source_name=
I0607 15:13:21.042819 353887680 master_component.cc:1005] MasterComponent: start normalizing model nwt
I0607 15:13:21.066222 99926016 processor.cc:74] No data in processing queue, waiting...
I0607 15:13:21.066776 353887680 master_component.cc:1033] MasterComponent: complete normalizing model nwt
I0607 15:13:21.080932 353887680 master_component.cc:1479] DisposeModel rwt
I0607 15:13:21.080947 353887680 master_component.cc:1058] FitOffline: ItemsProcessed, num_items=476, num_batches=5, token_weight=160411, token_weight_in_effect=160411
I0607 15:13:21.081123 353887680 c_interface.cc:389] Pass FitOfflineMasterModelArgs, batch_filename_size=5, batch_weight_size=5, num_collection_passes=1, reset_nwt=yes to MN4artm4core15MasterComponentEFvRKNS_25FitOfflineMasterModelArgsEE
I0607 15:13:21.081133 353887680 master_component.cc:1404] ProcessBatchesArgs: nwt_target_name=nwt, batch_filename_size=5, batch_size=0, batch_weight_size=5, pwt_source_name=pwt, num_document_passes=1, reuse_theta=yes, opt_for_avx=yes, predict_class_id=, reset_nwt=yes
I0607 15:13:21.085698 98852864 processor.cc:81] Processing queue has data, processing started
I0607 15:13:21.085736 99389440 processor.cc:81] Processing queue has data, processing started
I0607 15:13:21.085737 100462592 processor.cc:81] Processing queue has data, processing started
I0607 15:13:21.085757 99926016 processor.cc:81] Processing queue has data, processing started
I0607 15:13:21.089880 100462592 processor.cc:158] Processor: start processing batch bd332c4a-e676-4df2-83c1-da9a84d98382 into model nwt
I0607 15:13:21.090092 99389440 processor.cc:158] Processor: start processing batch 9647b7eb-ab62-473e-83f9-8522752f4df1 into model nwt
I0607 15:13:21.090265 98852864 processor.cc:158] Processor: start processing batch e8caefe5-4bb9-4617-b6f3-078b4ba3c69f into model nwt
I0607 15:13:21.090456 99926016 processor.cc:158] Processor: start processing batch b9614e10-9769-4e6f-8f73-3a514a925166 into model nwt
I0607 15:13:21.127413 100462592 processor.cc:292] Processor: complete processing batch bd332c4a-e676-4df2-83c1-da9a84d98382 into model nwt
I0607 15:13:21.131021 100462592 cuckoo_watch.h:45] 45ms in ProcessBatch(school_batches/aaaaae.batch) [including 4ms in LoadMessage; 0ms in FindReuseThetaCacheEntry; 0ms in InitializeTheta; 0ms in CreateRegularizerAgents; 1ms in InitializeSparseNdw; 12ms in InferThetaAndUpdateNwtSparse; 0ms in UpdateCacheEntry; 15ms in CalculateScore(PerplexityScore); 1ms in CalculateScore(SparsityThetaScore); 7ms in CalculateScore(^^^ItemsProcessedScore^^^); ]
I0607 15:13:21.131278 99389440 processor.cc:292] Processor: complete processing batch 9647b7eb-ab62-473e-83f9-8522752f4df1 into model nwt
I0607 15:13:21.132231 98852864 processor.cc:292] Processor: complete processing batch e8caefe5-4bb9-4617-b6f3-078b4ba3c69f into model nwt
I0607 15:13:21.133821 99926016 processor.cc:292] Processor: complete processing batch b9614e10-9769-4e6f-8f73-3a514a925166 into model nwt
I0607 15:13:21.134203 98852864 cuckoo_watch.h:45] 48ms in ProcessBatch(school_batches/aaaaad.batch) [including 4ms in LoadMessage; 0ms in FindReuseThetaCacheEntry; 0ms in InitializeTheta; 0ms in CreateRegularizerAgents; 1ms in InitializeSparseNdw; 12ms in InferThetaAndUpdateNwtSparse; 0ms in UpdateCacheEntry; 17ms in CalculateScore(PerplexityScore); 1ms in CalculateScore(SparsityThetaScore); 9ms in CalculateScore(^^^ItemsProcessedScore^^^); ]
I0607 15:13:21.135355 99389440 cuckoo_watch.h:45] 49ms in ProcessBatch(school_batches/aaaaab.batch) [including 4ms in LoadMessage; 0ms in FindReuseThetaCacheEntry; 0ms in InitializeTheta; 0ms in CreateRegularizerAgents; 1ms in InitializeSparseNdw; 12ms in InferThetaAndUpdateNwtSparse; 0ms in UpdateCacheEntry; 18ms in CalculateScore(PerplexityScore); 1ms in CalculateScore(SparsityThetaScore); 7ms in CalculateScore(^^^ItemsProcessedScore^^^); ]
I0607 15:13:21.137172 99926016 cuckoo_watch.h:45] 51ms in ProcessBatch(school_batches/aaaaaa.batch) [including 4ms in LoadMessage; 0ms in FindReuseThetaCacheEntry; 0ms in InitializeTheta; 0ms in CreateRegularizerAgents; 1ms in InitializeSparseNdw; 12ms in InferThetaAndUpdateNwtSparse; 0ms in UpdateCacheEntry; 20ms in CalculateScore(PerplexityScore); 1ms in CalculateScore(SparsityThetaScore); 7ms in CalculateScore(^^^ItemsProcessedScore^^^); ]
I0607 15:13:21.138640 100462592 processor.cc:158] Processor: start processing batch 5bd66d53-b36b-4cbb-90b4-8021e5b537bd into model nwt
I0607 15:13:21.158612 98852864 processor.cc:74] No data in processing queue, waiting...
I0607 15:13:21.159920 99389440 processor.cc:74] No data in processing queue, waiting...
