Log file created at: 2021/06/07 15:38:01
Running on machine: MacBook-Pro-Andrii.local
Log line format: [IWEF]mmdd hh:mm:ss.uuuuuu threadid file:line] msg
I0607 15:38:01.180387 343057856 c_interface.cc:127] Logging enabled to .
I0607 15:38:01.181592 343057856 c_interface.cc:128] BigARTM version: v0.10.0
I0607 15:38:01.181727 343057856 c_interface.cc:271] Pass MasterModelConfig: topic_name_size=0, score_config_size=1, num_processors=0, pwt_name=pwt, nwt_name=nwt, num_document_passes=0, reuse_theta=no, cache_theta=no, opt_for_avx=yes, disk_cache_path= to ArtmCreateMasterModel
I0607 15:38:01.181811 343057856 c_interface.cc:274] Creating MasterModel (id=1)...
I0607 15:38:01.185668 343057856 collection_parser.cc:771] CollectionParserConfig.num_threads is automatically set to 4
W0607 15:38:01.274878 141647872 helpers.cc:221] File already exists: school_batches/aaaaaa.batch
W0607 15:38:01.373798 142184448 helpers.cc:221] File already exists: school_batches/aaaaab.batch
W0607 15:38:01.397267 142721024 helpers.cc:221] File already exists: school_batches/aaaaac.batch
W0607 15:38:01.415536 141647872 helpers.cc:221] File already exists: school_batches/aaaaae.batch
W0607 15:38:01.462383 143257600 helpers.cc:221] File already exists: school_batches/aaaaad.batch
I0607 15:38:01.479511 343057856 c_interface.cc:375] Pass 15b45e65-c8d0-44da-b76c-a88c9ff7bd61 to MN4artm4core15MasterComponentEFvRKNSt3__112basic_stringIcNS2_11char_traitsIcEENS2_9allocatorIcEEEEE
I0607 15:38:01.479629 343057856 c_interface.cc:389] Pass GatherDictionaryArgs: dictionary_target_name=15b45e65-c8d0-44da-b76c-a88c9ff7bd61, data_path=school_batches, symmetric_cooc_values=0 to MN4artm4core15MasterComponentEFvRKNS_20GatherDictionaryArgsEE
I0607 15:38:01.479723 343057856 dictionary_operations.cc:265] Found 5 batches in 'school_batches' folder
I0607 15:38:01.508455 343057856 dictionary_operations.cc:331] Find 16099 unique tokens in 476 items
I0607 15:38:01.523501 343057856 dictionary_operations.cc:611] Dictionary name='15b45e65-c8d0-44da-b76c-a88c9ff7bd61' contains entries: text:16099; 
I0607 15:38:01.528892 343057856 c_interface.cc:375] Pass 15b45e65-c8d0-44da-b76c-a88c9ff7bd61 to MN4artm4core15MasterComponentEFvRKNSt3__112basic_stringIcNS2_11char_traitsIcEENS2_9allocatorIcEEEEE
I0607 15:38:01.532344 343057856 c_interface.cc:339] Disposing MasterComponent (id=1)...
I0607 15:38:01.570349 343057856 c_interface.cc:271] Pass MasterModelConfig: topic_name_size=10, score_config_size=1, num_processors=0, pwt_name=pwt, nwt_name=nwt, num_document_passes=1, reuse_theta=yes, cache_theta=yes, opt_for_avx=yes, disk_cache_path= to ArtmCreateMasterModel
I0607 15:38:01.570372 343057856 instance.cc:401] MasterModelConfig.processors_count is automatically set to 4
I0607 15:38:01.570428 141647872 processor.cc:58] Processor thread started
I0607 15:38:01.570479 142184448 processor.cc:58] Processor thread started
I0607 15:38:01.570492 343057856 c_interface.cc:274] Creating MasterModel (id=2)...
I0607 15:38:01.570489 142721024 processor.cc:58] Processor thread started
I0607 15:38:01.570513 143257600 processor.cc:58] Processor thread started
I0607 15:38:01.576840 343057856 c_interface.cc:389] Pass MasterModelConfig: topic_name_size=10, score_config_size=2, num_processors=0, pwt_name=pwt, nwt_name=nwt, num_document_passes=1, reuse_theta=yes, cache_theta=yes, opt_for_avx=yes, disk_cache_path= to MN4artm4core15MasterComponentEFvRKNS_17MasterModelConfigEE
I0607 15:38:01.576858 343057856 instance.cc:401] MasterModelConfig.processors_count is automatically set to 4
I0607 15:38:01.576871 343057856 perplexity.cc:27] Perplexity score calculator created: model_type=1, dictionary_name=dictionary
I0607 15:38:01.577251 343057856 c_interface.cc:389] Pass MasterModelConfig: topic_name_size=10, score_config_size=3, num_processors=0, pwt_name=pwt, nwt_name=nwt, num_document_passes=1, reuse_theta=yes, cache_theta=yes, opt_for_avx=yes, disk_cache_path= to MN4artm4core15MasterComponentEFvRKNS_17MasterModelConfigEE
I0607 15:38:01.577267 343057856 instance.cc:401] MasterModelConfig.processors_count is automatically set to 4
I0607 15:38:01.577280 343057856 perplexity.cc:27] Perplexity score calculator created: model_type=1, dictionary_name=dictionary
I0607 15:38:01.578075 343057856 c_interface.cc:389] Pass MasterModelConfig: topic_name_size=10, score_config_size=4, num_processors=0, pwt_name=pwt, nwt_name=nwt, num_document_passes=1, reuse_theta=yes, cache_theta=yes, opt_for_avx=yes, disk_cache_path= to MN4artm4core15MasterComponentEFvRKNS_17MasterModelConfigEE
I0607 15:38:01.578143 343057856 instance.cc:401] MasterModelConfig.processors_count is automatically set to 4
I0607 15:38:01.578155 343057856 perplexity.cc:27] Perplexity score calculator created: model_type=1, dictionary_name=dictionary
I0607 15:38:01.578572 343057856 c_interface.cc:389] Pass MasterModelConfig: topic_name_size=10, score_config_size=5, num_processors=0, pwt_name=pwt, nwt_name=nwt, num_document_passes=1, reuse_theta=yes, cache_theta=yes, opt_for_avx=yes, disk_cache_path= to MN4artm4core15MasterComponentEFvRKNS_17MasterModelConfigEE
I0607 15:38:01.578586 343057856 instance.cc:401] MasterModelConfig.processors_count is automatically set to 4
I0607 15:38:01.578603 343057856 perplexity.cc:27] Perplexity score calculator created: model_type=1, dictionary_name=dictionary
I0607 15:38:01.583997 343057856 c_interface.cc:271] Pass MasterModelConfig: topic_name_size=0, score_config_size=1, num_processors=0, pwt_name=pwt, nwt_name=nwt, num_document_passes=0, reuse_theta=no, cache_theta=no, opt_for_avx=yes, disk_cache_path= to ArtmCreateMasterModel
I0607 15:38:01.584012 343057856 c_interface.cc:274] Creating MasterModel (id=3)...
I0607 15:38:01.584122 343057856 c_interface.cc:375] Pass dictionary to MN4artm4core15MasterComponentEFvRKNSt3__112basic_stringIcNS2_11char_traitsIcEENS2_9allocatorIcEEEEE
I0607 15:38:01.584406 343057856 c_interface.cc:389] Pass GatherDictionaryArgs: dictionary_target_name=dictionary, data_path=school_batches, symmetric_cooc_values=0 to MN4artm4core15MasterComponentEFvRKNS_20GatherDictionaryArgsEE
I0607 15:38:01.584508 343057856 dictionary_operations.cc:265] Found 5 batches in 'school_batches' folder
I0607 15:38:01.593094 142184448 processor.cc:74] No data in processing queue, waiting...
I0607 15:38:01.593112 141647872 processor.cc:74] No data in processing queue, waiting...
I0607 15:38:01.593127 143257600 processor.cc:74] No data in processing queue, waiting...
I0607 15:38:01.593613 142721024 processor.cc:74] No data in processing queue, waiting...
I0607 15:38:01.612967 343057856 dictionary_operations.cc:331] Find 16099 unique tokens in 476 items
I0607 15:38:01.626839 343057856 dictionary_operations.cc:611] Dictionary name='dictionary' contains entries: text:16099; 
I0607 15:38:01.627038 343057856 c_interface.cc:375] Pass pwt to MN4artm4core15MasterComponentEFvRKNSt3__112basic_stringIcNS2_11char_traitsIcEENS2_9allocatorIcEEEEE
I0607 15:38:01.627063 343057856 c_interface.cc:375] Pass nwt to MN4artm4core15MasterComponentEFvRKNSt3__112basic_stringIcNS2_11char_traitsIcEENS2_9allocatorIcEEEEE
I0607 15:38:01.627204 343057856 c_interface.cc:389] Pass InitializeModelArgs: model_name=pwt, dictionary_name=dictionary, topic_name_size=10, seed=-1 to MN4artm4core15MasterComponentEFvRKNS_19InitializeModelArgsEE
I0607 15:38:01.675590 343057856 master_component.cc:663] InitializeModel() created matrix pwt with 10 topics and 16099 tokens; 
I0607 15:38:01.675791 343057856 c_interface.cc:389] Pass InitializeModelArgs: model_name=nwt, dictionary_name=dictionary, topic_name_size=10, seed=-1 to MN4artm4core15MasterComponentEFvRKNS_19InitializeModelArgsEE
I0607 15:38:01.724071 343057856 master_component.cc:663] InitializeModel() created matrix nwt with 10 topics and 16099 tokens; 
I0607 15:38:01.724210 343057856 c_interface.cc:231] ArtmCopyRequestedMessage is copying 326 bytes...
I0607 15:38:01.801791 343057856 c_interface.cc:389] Pass FitOfflineMasterModelArgs, batch_filename_size=5, batch_weight_size=5, num_collection_passes=1, reset_nwt=yes to MN4artm4core15MasterComponentEFvRKNS_25FitOfflineMasterModelArgsEE
I0607 15:38:01.801836 343057856 master_component.cc:1404] ProcessBatchesArgs: nwt_target_name=nwt, batch_filename_size=5, batch_size=0, batch_weight_size=5, pwt_source_name=pwt, num_document_passes=1, reuse_theta=yes, opt_for_avx=yes, predict_class_id=, reset_nwt=yes
I0607 15:38:01.807574 141647872 processor.cc:81] Processing queue has data, processing started
I0607 15:38:01.807587 142721024 processor.cc:81] Processing queue has data, processing started
I0607 15:38:01.807598 143257600 processor.cc:81] Processing queue has data, processing started
I0607 15:38:01.807613 142184448 processor.cc:81] Processing queue has data, processing started
I0607 15:38:01.811978 142184448 processor.cc:158] Processor: start processing batch 209029d3-c311-4a97-8ab6-bacbeecf154d into model nwt
I0607 15:38:01.812016 141647872 processor.cc:158] Processor: start processing batch de8e4981-780c-46d2-a50f-c77d9d86f985 into model nwt
I0607 15:38:01.812059 143257600 processor.cc:158] Processor: start processing batch 8cb5a5b1-0361-455a-b641-f402efef5d2b into model nwt
I0607 15:38:01.812070 142721024 processor.cc:158] Processor: start processing batch 8ac79cec-e218-4eff-a004-e0a5762a26d5 into model nwt
I0607 15:38:01.861775 143257600 processor.cc:292] Processor: complete processing batch 8cb5a5b1-0361-455a-b641-f402efef5d2b into model nwt
I0607 15:38:01.865603 142184448 processor.cc:292] Processor: complete processing batch 209029d3-c311-4a97-8ab6-bacbeecf154d into model nwt
I0607 15:38:01.866005 143257600 cuckoo_watch.h:45] 58ms in ProcessBatch(school_batches/aaaaab.batch) [including 4ms in LoadMessage; 0ms in FindReuseThetaCacheEntry; 0ms in InitializeTheta; 0ms in CreateRegularizerAgents; 1ms in InitializeSparseNdw; 13ms in InferThetaAndUpdateNwtSparse; 0ms in UpdateCacheEntry; 23ms in CalculateScore(PerplexityScore); 1ms in CalculateScore(SparsityThetaScore); 9ms in CalculateScore(^^^ItemsProcessedScore^^^); ]
I0607 15:38:01.867985 142184448 cuckoo_watch.h:45] 60ms in ProcessBatch(school_batches/aaaaaa.batch) [including 4ms in LoadMessage; 0ms in FindReuseThetaCacheEntry; 0ms in InitializeTheta; 0ms in CreateRegularizerAgents; 1ms in InitializeSparseNdw; 13ms in InferThetaAndUpdateNwtSparse; 0ms in UpdateCacheEntry; 26ms in CalculateScore(PerplexityScore); 1ms in CalculateScore(SparsityThetaScore); 10ms in CalculateScore(^^^ItemsProcessedScore^^^); ]
I0607 15:38:01.865603 141647872 processor.cc:292] Processor: complete processing batch de8e4981-780c-46d2-a50f-c77d9d86f985 into model nwt
I0607 15:38:01.868237 142721024 processor.cc:292] Processor: complete processing batch 8ac79cec-e218-4eff-a004-e0a5762a26d5 into model nwt
I0607 15:38:01.869887 141647872 cuckoo_watch.h:45] 62ms in ProcessBatch(school_batches/aaaaad.batch) [including 4ms in LoadMessage; 0ms in FindReuseThetaCacheEntry; 0ms in InitializeTheta; 0ms in CreateRegularizerAgents; 1ms in InitializeSparseNdw; 18ms in InferThetaAndUpdateNwtSparse; 0ms in UpdateCacheEntry; 17ms in CalculateScore(PerplexityScore); 1ms in CalculateScore(SparsityThetaScore); 14ms in CalculateScore(^^^ItemsProcessedScore^^^); ]
I0607 15:38:01.871728 142721024 cuckoo_watch.h:45] 64ms in ProcessBatch(school_batches/aaaaae.batch) [including 4ms in LoadMessage; 0ms in FindReuseThetaCacheEntry; 0ms in InitializeTheta; 0ms in CreateRegularizerAgents; 2ms in InitializeSparseNdw; 20ms in InferThetaAndUpdateNwtSparse; 0ms in UpdateCacheEntry; 22ms in CalculateScore(PerplexityScore); 1ms in CalculateScore(SparsityThetaScore); 9ms in CalculateScore(^^^ItemsProcessedScore^^^); ]
I0607 15:38:01.871767 143257600 processor.cc:158] Processor: start processing batch 20c5ee68-7da4-4c89-b491-d667f089fdc9 into model nwt
I0607 15:38:01.892622 142184448 processor.cc:74] No data in processing queue, waiting...
I0607 15:38:01.893910 141647872 processor.cc:74] No data in processing queue, waiting...
I0607 15:38:01.896437 142721024 processor.cc:74] No data in processing queue, waiting...
I0607 15:38:01.903760 143257600 processor.cc:292] Processor: complete processing batch 20c5ee68-7da4-4c89-b491-d667f089fdc9 into model nwt
I0607 15:38:01.904947 143257600 cuckoo_watch.h:45] 38ms in ProcessBatch(school_batches/aaaaac.batch) [including 5ms in LoadMessage; 0ms in FindReuseThetaCacheEntry; 0ms in InitializeTheta; 0ms in CreateRegularizerAgents; 2ms in InitializeSparseNdw; 12ms in InferThetaAndUpdateNwtSparse; 0ms in UpdateCacheEntry; 11ms in CalculateScore(PerplexityScore); 0ms in CalculateScore(SparsityThetaScore); 5ms in CalculateScore(^^^ItemsProcessedScore^^^); ]
I0607 15:38:01.905514 343057856 master_component.cc:1455] NormalizeModelArgs: pwt_target_name=pwt, nwt_source_name=nwt, rwt_source_name=
I0607 15:38:01.905539 343057856 master_component.cc:1005] MasterComponent: start normalizing model nwt
I0607 15:38:01.929136 143257600 processor.cc:74] No data in processing queue, waiting...
I0607 15:38:01.932744 343057856 master_component.cc:1033] MasterComponent: complete normalizing model nwt
I0607 15:38:01.948451 343057856 master_component.cc:1479] DisposeModel rwt
I0607 15:38:01.948467 343057856 master_component.cc:1058] FitOffline: ItemsProcessed, num_items=476, num_batches=5, token_weight=160411, token_weight_in_effect=160411
I0607 15:38:01.948773 343057856 c_interface.cc:389] Pass FitOfflineMasterModelArgs, batch_filename_size=5, batch_weight_size=5, num_collection_passes=1, reset_nwt=yes to MN4artm4core15MasterComponentEFvRKNS_25FitOfflineMasterModelArgsEE
I0607 15:38:01.948786 343057856 master_component.cc:1404] ProcessBatchesArgs: nwt_target_name=nwt, batch_filename_size=5, batch_size=0, batch_weight_size=5, pwt_source_name=pwt, num_document_passes=1, reuse_theta=yes, opt_for_avx=yes, predict_class_id=, reset_nwt=yes
I0607 15:38:01.954550 142184448 processor.cc:81] Processing queue has data, processing started
I0607 15:38:01.954548 141647872 processor.cc:81] Processing queue has data, processing started
I0607 15:38:01.954733 142721024 processor.cc:81] Processing queue has data, processing started
I0607 15:38:01.954735 143257600 processor.cc:81] Processing queue has data, processing started
I0607 15:38:01.958925 142721024 processor.cc:158] Processor: start processing batch 8ac79cec-e218-4eff-a004-e0a5762a26d5 into model nwt
I0607 15:38:01.959043 141647872 processor.cc:158] Processor: start processing batch de8e4981-780c-46d2-a50f-c77d9d86f985 into model nwt
I0607 15:38:01.959213 142184448 processor.cc:158] Processor: start processing batch 8cb5a5b1-0361-455a-b641-f402efef5d2b into model nwt
I0607 15:38:01.959408 143257600 processor.cc:158] Processor: start processing batch 209029d3-c311-4a97-8ab6-bacbeecf154d into model nwt
I0607 15:38:01.997167 142721024 processor.cc:292] Processor: complete processing batch 8ac79cec-e218-4eff-a004-e0a5762a26d5 into model nwt
I0607 15:38:01.999941 142721024 cuckoo_watch.h:45] 45ms in ProcessBatch(school_batches/aaaaae.batch) [including 4ms in LoadMessage; 0ms in FindReuseThetaCacheEntry; 0ms in InitializeTheta; 0ms in CreateRegularizerAgents; 1ms in InitializeSparseNdw; 13ms in InferThetaAndUpdateNwtSparse; 0ms in UpdateCacheEntry; 15ms in CalculateScore(PerplexityScore); 1ms in CalculateScore(SparsityThetaScore); 7ms in CalculateScore(^^^ItemsProcessedScore^^^); ]
I0607 15:38:02.001502 142184448 processor.cc:292] Processor: complete processing batch 8cb5a5b1-0361-455a-b641-f402efef5d2b into model nwt
I0607 15:38:02.001812 141647872 processor.cc:292] Processor: complete processing batch de8e4981-780c-46d2-a50f-c77d9d86f985 into model nwt
I0607 15:38:02.004016 141647872 cuckoo_watch.h:45] 49ms in ProcessBatch(school_batches/aaaaad.batch) [including 4ms in LoadMessage; 0ms in FindReuseThetaCacheEntry; 0ms in InitializeTheta; 0ms in CreateRegularizerAgents; 1ms in InitializeSparseNdw; 13ms in InferThetaAndUpdateNwtSparse; 0ms in UpdateCacheEntry; 17ms in CalculateScore(PerplexityScore); 2ms in CalculateScore(SparsityThetaScore); 8ms in CalculateScore(^^^ItemsProcessedScore^^^); ]
I0607 15:38:02.005043 142721024 processor.cc:158] Processor: start processing batch 20c5ee68-7da4-4c89-b491-d667f089fdc9 into model nwt
I0607 15:38:02.005470 142184448 cuckoo_watch.h:45] 50ms in ProcessBatch(school_batches/aaaaab.batch) [including 4ms in LoadMessage; 0ms in FindReuseThetaCacheEntry; 0ms in InitializeTheta; 0ms in CreateRegularizerAgents; 1ms in InitializeSparseNdw; 13ms in InferThetaAndUpdateNwtSparse; 0ms in UpdateCacheEntry; 17ms in CalculateScore(PerplexityScore); 1ms in CalculateScore(SparsityThetaScore); 8ms in CalculateScore(^^^ItemsProcessedScore^^^); ]
I0607 15:38:02.006207 143257600 processor.cc:292] Processor: complete processing batch 209029d3-c311-4a97-8ab6-bacbeecf154d into model nwt
I0607 15:38:02.009611 143257600 cuckoo_watch.h:45] 54ms in ProcessBatch(school_batches/aaaaaa.batch) [including 4ms in LoadMessage; 0ms in FindReuseThetaCacheEntry; 0ms in InitializeTheta; 0ms in CreateRegularizerAgents; 1ms in InitializeSparseNdw; 13ms in InferThetaAndUpdateNwtSparse; 0ms in UpdateCacheEntry; 18ms in CalculateScore(PerplexityScore); 1ms in CalculateScore(SparsityThetaScore); 11ms in CalculateScore(^^^ItemsProcessedScore^^^); ]
I0607 15:38:02.028295 141647872 processor.cc:74] No data in processing queue, waiting...
I0607 15:38:02.029611 142184448 processor.cc:74] No data in processing queue, waiting...
I0607 15:38:02.034129 143257600 processor.cc:74] No data in processing queue, waiting...
I0607 15:38:02.034575 142721024 processor.cc:292] Processor: complete processing batch 20c5ee68-7da4-4c89-b491-d667f089fdc9 into model nwt
I0607 15:38:02.035693 142721024 cuckoo_watch.h:45] 35ms in ProcessBatch(school_batches/aaaaac.batch) [including 5ms in LoadMessage; 0ms in FindReuseThetaCacheEntry; 0ms in InitializeTheta; 0ms in CreateRegularizerAgents; 0ms in InitializeSparseNdw; 11ms in InferThetaAndUpdateNwtSparse; 0ms in UpdateCacheEntry; 10ms in CalculateScore(PerplexityScore); 0ms in CalculateScore(SparsityThetaScore); 4ms in CalculateScore(^^^ItemsProcessedScore^^^); ]
I0607 15:38:02.036201 343057856 master_component.cc:1455] NormalizeModelArgs: pwt_target_name=pwt, nwt_source_name=nwt, rwt_source_name=
I0607 15:38:02.036231 343057856 master_component.cc:1005] MasterComponent: start normalizing model nwt
I0607 15:38:02.059933 142721024 processor.cc:74] No data in processing queue, waiting...
I0607 15:38:02.062168 343057856 master_component.cc:1033] MasterComponent: complete normalizing model nwt
I0607 15:38:02.076438 343057856 master_component.cc:1479] DisposeModel rwt
I0607 15:38:02.076452 343057856 master_component.cc:1058] FitOffline: ItemsProcessed, num_items=476, num_batches=5, token_weight=160411, token_weight_in_effect=160411
I0607 15:38:02.076645 343057856 c_interface.cc:389] Pass FitOfflineMasterModelArgs, batch_filename_size=5, batch_weight_size=5, num_collection_passes=1, reset_nwt=yes to MN4artm4core15MasterComponentEFvRKNS_25FitOfflineMasterModelArgsEE
I0607 15:38:02.076663 343057856 master_component.cc:1404] ProcessBatchesArgs: nwt_target_name=nwt, batch_filename_size=5, batch_size=0, batch_weight_size=5, pwt_source_name=pwt, num_document_passes=1, reuse_theta=yes, opt_for_avx=yes, predict_class_id=, reset_nwt=yes
I0607 15:38:02.080790 141647872 processor.cc:81] Processing queue has data, processing started
I0607 15:38:02.080829 142184448 processor.cc:81] Processing queue has data, processing started
I0607 15:38:02.081077 143257600 processor.cc:81] Processing queue has data, processing started
I0607 15:38:02.081084 142721024 processor.cc:81] Processing queue has data, processing started
I0607 15:38:02.085186 143257600 processor.cc:158] Processor: start processing batch 8ac79cec-e218-4eff-a004-e0a5762a26d5 into model nwt
I0607 15:38:02.085278 141647872 processor.cc:158] Processor: start processing batch de8e4981-780c-46d2-a50f-c77d9d86f985 into model nwt
I0607 15:38:02.085465 142721024 processor.cc:158] Processor: start processing batch 209029d3-c311-4a97-8ab6-bacbeecf154d into model nwt
I0607 15:38:02.085474 142184448 processor.cc:158] Processor: start processing batch 8cb5a5b1-0361-455a-b641-f402efef5d2b into model nwt
I0607 15:38:02.124457 141647872 processor.cc:292] Processor: complete processing batch de8e4981-780c-46d2-a50f-c77d9d86f985 into model nwt
I0607 15:38:02.125861 143257600 processor.cc:292] Processor: complete processing batch 8ac79cec-e218-4eff-a004-e0a5762a26d5 into model nwt
I0607 15:38:02.127547 141647872 cuckoo_watch.h:45] 46ms in ProcessBatch(school_batches/aaaaad.batch) [including 4ms in LoadMessage; 0ms in FindReuseThetaCacheEntry; 0ms in InitializeTheta; 0ms in CreateRegularizerAgents; 1ms in InitializeSparseNdw; 12ms in InferThetaAndUpdateNwtSparse; 0ms in UpdateCacheEntry; 15ms in CalculateScore(PerplexityScore); 1ms in CalculateScore(SparsityThetaScore); 7ms in CalculateScore(^^^ItemsProcessedScore^^^); ]
I0607 15:38:02.127912 142184448 processor.cc:292] Processor: complete processing batch 8cb5a5b1-0361-455a-b641-f402efef5d2b into model nwt
I0607 15:38:02.129061 143257600 cuckoo_watch.h:45] 47ms in ProcessBatch(school_batches/aaaaae.batch) [including 4ms in LoadMessage; 0ms in FindReuseThetaCacheEntry; 0ms in InitializeTheta; 0ms in CreateRegularizerAgents; 1ms in InitializeSparseNdw; 13ms in InferThetaAndUpdateNwtSparse; 0ms in UpdateCacheEntry; 17ms in CalculateScore(PerplexityScore); 1ms in CalculateScore(SparsityThetaScore); 6ms in CalculateScore(^^^ItemsProcessedScore^^^); ]
I0607 15:38:02.129148 142721024 processor.cc:292] Processor: complete processing batch 209029d3-c311-4a97-8ab6-bacbeecf154d into model nwt
I0607 15:38:02.129921 142184448 cuckoo_watch.h:45] 49ms in ProcessBatch(school_batches/aaaaab.batch) [including 4ms in LoadMessage; 0ms in FindReuseThetaCacheEntry; 0ms in InitializeTheta; 0ms in CreateRegularizerAgents; 1ms in InitializeSparseNdw; 12ms in InferThetaAndUpdateNwtSparse; 0ms in UpdateCacheEntry; 17ms in CalculateScore(PerplexityScore); 1ms in CalculateScore(SparsityThetaScore); 8ms in CalculateScore(^^^ItemsProcessedScore^^^); ]
I0607 15:38:02.132608 142721024 cuckoo_watch.h:45] 51ms in ProcessBatch(school_batches/aaaaaa.batch) [including 4ms in LoadMessage; 0ms in FindReuseThetaCacheEntry; 0ms in InitializeTheta; 0ms in CreateRegularizerAgents; 1ms in InitializeSparseNdw; 13ms in InferThetaAndUpdateNwtSparse; 0ms in UpdateCacheEntry; 17ms in CalculateScore(PerplexityScore); 2ms in CalculateScore(SparsityThetaScore); 9ms in CalculateScore(^^^ItemsProcessedScore^^^); ]
I0607 15:38:02.133460 141647872 processor.cc:158] Processor: start processing batch 20c5ee68-7da4-4c89-b491-d667f089fdc9 into model nwt
I0607 15:38:02.155184 142184448 processor.cc:74] No data in processing queue, waiting...
I0607 15:38:02.155194 143257600 processor.cc:74] No data in processing queue, waiting...
I0607 15:38:02.157016 142721024 processor.cc:74] No data in processing queue, waiting...
I0607 15:38:02.160622 141647872 processor.cc:292] Processor: complete processing batch 20c5ee68-7da4-4c89-b491-d667f089fdc9 into model nwt
I0607 15:38:02.161756 141647872 cuckoo_watch.h:45] 34ms in ProcessBatch(school_batches/aaaaac.batch) [including 5ms in LoadMessage; 0ms in FindReuseThetaCacheEntry; 0ms in InitializeTheta; 0ms in CreateRegularizerAgents; 0ms in InitializeSparseNdw; 9ms in InferThetaAndUpdateNwtSparse; 0ms in UpdateCacheEntry; 11ms in CalculateScore(PerplexityScore); 0ms in CalculateScore(SparsityThetaScore); 5ms in CalculateScore(^^^ItemsProcessedScore^^^); ]
I0607 15:38:02.163031 343057856 master_component.cc:1455] NormalizeModelArgs: pwt_target_name=pwt, nwt_source_name=nwt, rwt_source_name=
I0607 15:38:02.163053 343057856 master_component.cc:1005] MasterComponent: start normalizing model nwt
I0607 15:38:02.185968 141647872 processor.cc:74] No data in processing queue, waiting...
I0607 15:38:02.186861 343057856 master_component.cc:1033] MasterComponent: complete normalizing model nwt
I0607 15:38:02.201200 343057856 master_component.cc:1479] DisposeModel rwt
I0607 15:38:02.201212 343057856 master_component.cc:1058] FitOffline: ItemsProcessed, num_items=476, num_batches=5, token_weight=160411, token_weight_in_effect=160411
I0607 15:38:02.201395 343057856 c_interface.cc:389] Pass FitOfflineMasterModelArgs, batch_filename_size=5, batch_weight_size=5, num_collection_passes=1, reset_nwt=yes to MN4artm4core15MasterComponentEFvRKNS_25FitOfflineMasterModelArgsEE
I0607 15:38:02.201406 343057856 master_component.cc:1404] ProcessBatchesArgs: nwt_target_name=nwt, batch_filename_size=5, batch_size=0, batch_weight_size=5, pwt_source_name=pwt, num_document_passes=1, reuse_theta=yes, opt_for_avx=yes, predict_class_id=, reset_nwt=yes
I0607 15:38:02.205348 142184448 processor.cc:81] Processing queue has data, processing started
I0607 15:38:02.205396 143257600 processor.cc:81] Processing queue has data, processing started
I0607 15:38:02.205396 141647872 processor.cc:81] Processing queue has data, processing started
I0607 15:38:02.206133 142721024 processor.cc:81] Processing queue has data, processing started
I0607 15:38:02.208782 142184448 processor.cc:158] Processor: start processing batch de8e4981-780c-46d2-a50f-c77d9d86f985 into model nwt
I0607 15:38:02.209267 141647872 processor.cc:158] Processor: start processing batch 8cb5a5b1-0361-455a-b641-f402efef5d2b into model nwt
I0607 15:38:02.209823 143257600 processor.cc:158] Processor: start processing batch 8ac79cec-e218-4eff-a004-e0a5762a26d5 into model nwt
I0607 15:38:02.216558 142721024 processor.cc:158] Processor: start processing batch 209029d3-c311-4a97-8ab6-bacbeecf154d into model nwt
I0607 15:38:02.245426 143257600 processor.cc:292] Processor: complete processing batch 8ac79cec-e218-4eff-a004-e0a5762a26d5 into model nwt
I0607 15:38:02.247356 143257600 cuckoo_watch.h:45] 41ms in ProcessBatch(school_batches/aaaaae.batch) [including 4ms in LoadMessage; 0ms in FindReuseThetaCacheEntry; 0ms in InitializeTheta; 0ms in CreateRegularizerAgents; 0ms in InitializeSparseNdw; 10ms in InferThetaAndUpdateNwtSparse; 0ms in UpdateCacheEntry; 15ms in CalculateScore(PerplexityScore); 1ms in CalculateScore(SparsityThetaScore); 7ms in CalculateScore(^^^ItemsProcessedScore^^^); ]
I0607 15:38:02.250310 143257600 processor.cc:158] Processor: start processing batch 20c5ee68-7da4-4c89-b491-d667f089fdc9 into model nwt
I0607 15:38:02.250317 142184448 processor.cc:292] Processor: complete processing batch de8e4981-780c-46d2-a50f-c77d9d86f985 into model nwt
I0607 15:38:02.253304 142184448 cuckoo_watch.h:45] 47ms in ProcessBatch(school_batches/aaaaad.batch) [including 3ms in LoadMessage; 0ms in FindReuseThetaCacheEntry; 0ms in InitializeTheta; 0ms in CreateRegularizerAgents; 1ms in InitializeSparseNdw; 12ms in InferThetaAndUpdateNwtSparse; 0ms in UpdateCacheEntry; 17ms in CalculateScore(PerplexityScore); 1ms in CalculateScore(SparsityThetaScore); 8ms in CalculateScore(^^^ItemsProcessedScore^^^); ]
I0607 15:38:02.255847 141647872 processor.cc:292] Processor: complete processing batch 8cb5a5b1-0361-455a-b641-f402efef5d2b into model nwt
I0607 15:38:02.259018 142721024 processor.cc:292] Processor: complete processing batch 209029d3-c311-4a97-8ab6-bacbeecf154d into model nwt
I0607 15:38:02.259018 141647872 cuckoo_watch.h:45] 53ms in ProcessBatch(school_batches/aaaaab.batch) [including 3ms in LoadMessage; 0ms in FindReuseThetaCacheEntry; 0ms in InitializeTheta; 0ms in CreateRegularizerAgents; 1ms in InitializeSparseNdw; 12ms in InferThetaAndUpdateNwtSparse; 0ms in UpdateCacheEntry; 18ms in CalculateScore(PerplexityScore); 1ms in CalculateScore(SparsityThetaScore); 12ms in CalculateScore(^^^ItemsProcessedScore^^^); ]
I0607 15:38:02.260090 142721024 cuckoo_watch.h:45] 53ms in ProcessBatch(school_batches/aaaaaa.batch) [including 10ms in LoadMessage; 0ms in FindReuseThetaCacheEntry; 0ms in InitializeTheta; 0ms in CreateRegularizerAgents; 1ms in InitializeSparseNdw; 13ms in InferThetaAndUpdateNwtSparse; 0ms in UpdateCacheEntry; 17ms in CalculateScore(PerplexityScore); 1ms in CalculateScore(SparsityThetaScore); 8ms in CalculateScore(^^^ItemsProcessedScore^^^); ]
I0607 15:38:02.277827 142184448 processor.cc:74] No data in processing queue, waiting...
I0607 15:38:02.279881 143257600 processor.cc:292] Processor: complete processing batch 20c5ee68-7da4-4c89-b491-d667f089fdc9 into model nwt
I0607 15:38:02.280987 143257600 cuckoo_watch.h:45] 33ms in ProcessBatch(school_batches/aaaaac.batch) [including 2ms in LoadMessage; 0ms in FindReuseThetaCacheEntry; 0ms in InitializeTheta; 0ms in CreateRegularizerAgents; 1ms in InitializeSparseNdw; 11ms in InferThetaAndUpdateNwtSparse; 0ms in UpdateCacheEntry; 10ms in CalculateScore(PerplexityScore); 0ms in CalculateScore(SparsityThetaScore); 4ms in CalculateScore(^^^ItemsProcessedScore^^^); ]
I0607 15:38:02.281869 343057856 master_component.cc:1455] NormalizeModelArgs: pwt_target_name=pwt, nwt_source_name=nwt, rwt_source_name=
I0607 15:38:02.281965 343057856 master_component.cc:1005] MasterComponent: start normalizing model nwt
I0607 15:38:02.283175 141647872 processor.cc:74] No data in processing queue, waiting...
I0607 15:38:02.284435 142721024 processor.cc:74] No data in processing queue, waiting...
I0607 15:38:02.305014 343057856 master_component.cc:1033] MasterComponent: complete normalizing model nwt
I0607 15:38:02.305435 143257600 processor.cc:74] No data in processing queue, waiting...
I0607 15:38:02.319321 343057856 master_component.cc:1479] DisposeModel rwt
I0607 15:38:02.319336 343057856 master_component.cc:1058] FitOffline: ItemsProcessed, num_items=476, num_batches=5, token_weight=160411, token_weight_in_effect=160411
I0607 15:38:02.319525 343057856 c_interface.cc:389] Pass FitOfflineMasterModelArgs, batch_filename_size=5, batch_weight_size=5, num_collection_passes=1, reset_nwt=yes to MN4artm4core15MasterComponentEFvRKNS_25FitOfflineMasterModelArgsEE
I0607 15:38:02.319536 343057856 master_component.cc:1404] ProcessBatchesArgs: nwt_target_name=nwt, batch_filename_size=5, batch_size=0, batch_weight_size=5, pwt_source_name=pwt, num_document_passes=1, reuse_theta=yes, opt_for_avx=yes, predict_class_id=, reset_nwt=yes
I0607 15:38:02.322904 142184448 processor.cc:81] Processing queue has data, processing started
I0607 15:38:02.322914 141647872 processor.cc:81] Processing queue has data, processing started
I0607 15:38:02.323514 142721024 processor.cc:81] Processing queue has data, processing started
I0607 15:38:02.324370 143257600 processor.cc:81] Processing queue has data, processing started
I0607 15:38:02.325821 142184448 processor.cc:158] Processor: start processing batch de8e4981-780c-46d2-a50f-c77d9d86f985 into model nwt
I0607 15:38:02.326364 141647872 processor.cc:158] Processor: start processing batch 8cb5a5b1-0361-455a-b641-f402efef5d2b into model nwt
I0607 15:38:02.327088 142721024 processor.cc:158] Processor: start processing batch 8ac79cec-e218-4eff-a004-e0a5762a26d5 into model nwt
I0607 15:38:02.328145 143257600 processor.cc:158] Processor: start processing batch 209029d3-c311-4a97-8ab6-bacbeecf154d into model nwt
I0607 15:38:02.364591 142721024 processor.cc:292] Processor: complete processing batch 8ac79cec-e218-4eff-a004-e0a5762a26d5 into model nwt
I0607 15:38:02.367110 142184448 processor.cc:292] Processor: complete processing batch de8e4981-780c-46d2-a50f-c77d9d86f985 into model nwt
I0607 15:38:02.367558 142721024 cuckoo_watch.h:45] 44ms in ProcessBatch(school_batches/aaaaae.batch) [including 3ms in LoadMessage; 0ms in FindReuseThetaCacheEntry; 0ms in InitializeTheta; 0ms in CreateRegularizerAgents; 1ms in InitializeSparseNdw; 11ms in InferThetaAndUpdateNwtSparse; 0ms in UpdateCacheEntry; 15ms in CalculateScore(PerplexityScore); 1ms in CalculateScore(SparsityThetaScore); 7ms in CalculateScore(^^^ItemsProcessedScore^^^); ]
I0607 15:38:02.369009 142184448 cuckoo_watch.h:45] 46ms in ProcessBatch(school_batches/aaaaad.batch) [including 2ms in LoadMessage; 0ms in FindReuseThetaCacheEntry; 0ms in InitializeTheta; 0ms in CreateRegularizerAgents; 1ms in InitializeSparseNdw; 12ms in InferThetaAndUpdateNwtSparse; 0ms in UpdateCacheEntry; 17ms in CalculateScore(PerplexityScore); 1ms in CalculateScore(SparsityThetaScore); 7ms in CalculateScore(^^^ItemsProcessedScore^^^); ]
I0607 15:38:02.369355 141647872 processor.cc:292] Processor: complete processing batch 8cb5a5b1-0361-455a-b641-f402efef5d2b into model nwt
I0607 15:38:02.370039 143257600 processor.cc:292] Processor: complete processing batch 209029d3-c311-4a97-8ab6-bacbeecf154d into model nwt
I0607 15:38:02.372423 141647872 cuckoo_watch.h:45] 49ms in ProcessBatch(school_batches/aaaaab.batch) [including 3ms in LoadMessage; 0ms in FindReuseThetaCacheEntry; 0ms in InitializeTheta; 0ms in CreateRegularizerAgents; 1ms in InitializeSparseNdw; 12ms in InferThetaAndUpdateNwtSparse; 0ms in UpdateCacheEntry; 17ms in CalculateScore(PerplexityScore); 1ms in CalculateScore(SparsityThetaScore); 9ms in CalculateScore(^^^ItemsProcessedScore^^^); ]
I0607 15:38:02.373039 143257600 cuckoo_watch.h:45] 48ms in ProcessBatch(school_batches/aaaaaa.batch) [including 3ms in LoadMessage; 0ms in FindReuseThetaCacheEntry; 0ms in InitializeTheta; 0ms in CreateRegularizerAgents; 1ms in InitializeSparseNdw; 12ms in InferThetaAndUpdateNwtSparse; 0ms in UpdateCacheEntry; 18ms in CalculateScore(PerplexityScore); 1ms in CalculateScore(SparsityThetaScore); 7ms in CalculateScore(^^^ItemsProcessedScore^^^); ]
I0607 15:38:02.373400 142721024 processor.cc:158] Processor: start processing batch 20c5ee68-7da4-4c89-b491-d667f089fdc9 into model nwt
I0607 15:38:02.393050 142184448 processor.cc:74] No data in processing queue, waiting...
I0607 15:38:02.396934 141647872 processor.cc:74] No data in processing queue, waiting...
I0607 15:38:02.396947 143257600 processor.cc:74] No data in processing queue, waiting...
I0607 15:38:02.402565 142721024 processor.cc:292] Processor: complete processing batch 20c5ee68-7da4-4c89-b491-d667f089fdc9 into model nwt
I0607 15:38:02.403678 142721024 cuckoo_watch.h:45] 36ms in ProcessBatch(school_batches/aaaaac.batch) [including 5ms in LoadMessage; 0ms in FindReuseThetaCacheEntry; 0ms in InitializeTheta; 0ms in CreateRegularizerAgents; 0ms in InitializeSparseNdw; 11ms in InferThetaAndUpdateNwtSparse; 0ms in UpdateCacheEntry; 11ms in CalculateScore(PerplexityScore); 0ms in CalculateScore(SparsityThetaScore); 5ms in CalculateScore(^^^ItemsProcessedScore^^^); ]
I0607 15:38:02.404597 343057856 master_component.cc:1455] NormalizeModelArgs: pwt_target_name=pwt, nwt_source_name=nwt, rwt_source_name=
I0607 15:38:02.404640 343057856 master_component.cc:1005] MasterComponent: start normalizing model nwt
I0607 15:38:02.427342 142721024 processor.cc:74] No data in processing queue, waiting...
I0607 15:38:02.429634 343057856 master_component.cc:1033] MasterComponent: complete normalizing model nwt
I0607 15:38:02.443840 343057856 master_component.cc:1479] DisposeModel rwt
I0607 15:38:02.443856 343057856 master_component.cc:1058] FitOffline: ItemsProcessed, num_items=476, num_batches=5, token_weight=160411, token_weight_in_effect=160411
I0607 15:38:02.444053 343057856 c_interface.cc:389] Pass FitOfflineMasterModelArgs, batch_filename_size=5, batch_weight_size=5, num_collection_passes=1, reset_nwt=yes to MN4artm4core15MasterComponentEFvRKNS_25FitOfflineMasterModelArgsEE
I0607 15:38:02.444064 343057856 master_component.cc:1404] ProcessBatchesArgs: nwt_target_name=nwt, batch_filename_size=5, batch_size=0, batch_weight_size=5, pwt_source_name=pwt, num_document_passes=1, reuse_theta=yes, opt_for_avx=yes, predict_class_id=, reset_nwt=yes
I0607 15:38:02.448935 141647872 processor.cc:81] Processing queue has data, processing started
I0607 15:38:02.448935 142184448 processor.cc:81] Processing queue has data, processing started
I0607 15:38:02.448971 143257600 processor.cc:81] Processing queue has data, processing started
I0607 15:38:02.448982 142721024 processor.cc:81] Processing queue has data, processing started
I0607 15:38:02.453233 143257600 processor.cc:158] Processor: start processing batch 8ac79cec-e218-4eff-a004-e0a5762a26d5 into model nwt
I0607 15:38:02.453472 142721024 processor.cc:158] Processor: start processing batch 209029d3-c311-4a97-8ab6-bacbeecf154d into model nwt
I0607 15:38:02.453486 141647872 processor.cc:158] Processor: start processing batch 8cb5a5b1-0361-455a-b641-f402efef5d2b into model nwt
I0607 15:38:02.453500 142184448 processor.cc:158] Processor: start processing batch de8e4981-780c-46d2-a50f-c77d9d86f985 into model nwt
I0607 15:38:02.491225 142184448 processor.cc:292] Processor: complete processing batch de8e4981-780c-46d2-a50f-c77d9d86f985 into model nwt
I0607 15:38:02.492183 142721024 processor.cc:292] Processor: complete processing batch 209029d3-c311-4a97-8ab6-bacbeecf154d into model nwt
I0607 15:38:02.493960 142721024 cuckoo_watch.h:45] 44ms in ProcessBatch(school_batches/aaaaaa.batch) [including 4ms in LoadMessage; 0ms in FindReuseThetaCacheEntry; 0ms in InitializeTheta; 0ms in CreateRegularizerAgents; 1ms in InitializeSparseNdw; 12ms in InferThetaAndUpdateNwtSparse; 0ms in UpdateCacheEntry; 14ms in CalculateScore(PerplexityScore); 1ms in CalculateScore(SparsityThetaScore); 7ms in CalculateScore(^^^ItemsProcessedScore^^^); ]
I0607 15:38:02.496692 142184448 cuckoo_watch.h:45] 47ms in ProcessBatch(school_batches/aaaaad.batch) [including 4ms in LoadMessage; 0ms in FindReuseThetaCacheEntry; 0ms in InitializeTheta; 0ms in CreateRegularizerAgents; 2ms in InitializeSparseNdw; 11ms in InferThetaAndUpdateNwtSparse; 0ms in UpdateCacheEntry; 14ms in CalculateScore(PerplexityScore); 1ms in CalculateScore(SparsityThetaScore); 7ms in CalculateScore(^^^ItemsProcessedScore^^^); ]
I0607 15:38:02.497144 143257600 processor.cc:292] Processor: complete processing batch 8ac79cec-e218-4eff-a004-e0a5762a26d5 into model nwt
I0607 15:38:02.497218 142721024 processor.cc:158] Processor: start processing batch 20c5ee68-7da4-4c89-b491-d667f089fdc9 into model nwt
I0607 15:38:02.499680 143257600 cuckoo_watch.h:45] 50ms in ProcessBatch(school_batches/aaaaae.batch) [including 4ms in LoadMessage; 0ms in FindReuseThetaCacheEntry; 0ms in InitializeTheta; 0ms in CreateRegularizerAgents; 1ms in InitializeSparseNdw; 12ms in InferThetaAndUpdateNwtSparse; 0ms in UpdateCacheEntry; 21ms in CalculateScore(PerplexityScore); 1ms in CalculateScore(SparsityThetaScore); 6ms in CalculateScore(^^^ItemsProcessedScore^^^); ]
I0607 15:38:02.505175 141647872 processor.cc:292] Processor: complete processing batch 8cb5a5b1-0361-455a-b641-f402efef5d2b into model nwt
I0607 15:38:02.506326 141647872 cuckoo_watch.h:45] 57ms in ProcessBatch(school_batches/aaaaab.batch) [including 4ms in LoadMessage; 0ms in FindReuseThetaCacheEntry; 0ms in InitializeTheta; 0ms in CreateRegularizerAgents; 2ms in InitializeSparseNdw; 13ms in InferThetaAndUpdateNwtSparse; 0ms in UpdateCacheEntry; 27ms in CalculateScore(PerplexityScore); 2ms in CalculateScore(SparsityThetaScore); 5ms in CalculateScore(^^^ItemsProcessedScore^^^); ]
I0607 15:38:02.521731 142184448 processor.cc:74] No data in processing queue, waiting...
I0607 15:38:02.525285 142721024 processor.cc:292] Processor: complete processing batch 20c5ee68-7da4-4c89-b491-d667f089fdc9 into model nwt
I0607 15:38:02.525348 143257600 processor.cc:74] No data in processing queue, waiting...
I0607 15:38:02.526450 142721024 cuckoo_watch.h:45] 32ms in ProcessBatch(school_batches/aaaaac.batch) [including 3ms in LoadMessage; 0ms in FindReuseThetaCacheEntry; 0ms in InitializeTheta; 0ms in CreateRegularizerAgents; 0ms in InitializeSparseNdw; 9ms in InferThetaAndUpdateNwtSparse; 0ms in UpdateCacheEntry; 11ms in CalculateScore(PerplexityScore); 0ms in CalculateScore(SparsityThetaScore); 5ms in CalculateScore(^^^ItemsProcessedScore^^^); ]
I0607 15:38:02.526687 343057856 master_component.cc:1455] NormalizeModelArgs: pwt_target_name=pwt, nwt_source_name=nwt, rwt_source_name=
I0607 15:38:02.526741 343057856 master_component.cc:1005] MasterComponent: start normalizing model nwt
I0607 15:38:02.530284 141647872 processor.cc:74] No data in processing queue, waiting...
I0607 15:38:02.550004 142721024 processor.cc:74] No data in processing queue, waiting...
I0607 15:38:02.551126 343057856 master_component.cc:1033] MasterComponent: complete normalizing model nwt
I0607 15:38:02.565578 343057856 master_component.cc:1479] DisposeModel rwt
I0607 15:38:02.565593 343057856 master_component.cc:1058] FitOffline: ItemsProcessed, num_items=476, num_batches=5, token_weight=160411, token_weight_in_effect=160411
I0607 15:38:02.565773 343057856 c_interface.cc:389] Pass FitOfflineMasterModelArgs, batch_filename_size=5, batch_weight_size=5, num_collection_passes=1, reset_nwt=yes to MN4artm4core15MasterComponentEFvRKNS_25FitOfflineMasterModelArgsEE
I0607 15:38:02.565785 343057856 master_component.cc:1404] ProcessBatchesArgs: nwt_target_name=nwt, batch_filename_size=5, batch_size=0, batch_weight_size=5, pwt_source_name=pwt, num_document_passes=1, reuse_theta=yes, opt_for_avx=yes, predict_class_id=, reset_nwt=yes
I0607 15:38:02.572547 142721024 processor.cc:81] Processing queue has data, processing started
I0607 15:38:02.573020 141647872 processor.cc:81] Processing queue has data, processing started
I0607 15:38:02.573117 142184448 processor.cc:81] Processing queue has data, processing started
I0607 15:38:02.573237 143257600 processor.cc:81] Processing queue has data, processing started
I0607 15:38:02.576814 142184448 processor.cc:158] Processor: start processing batch 8ac79cec-e218-4eff-a004-e0a5762a26d5 into model nwt
I0607 15:38:02.578174 143257600 processor.cc:158] Processor: start processing batch 209029d3-c311-4a97-8ab6-bacbeecf154d into model nwt
I0607 15:38:02.578263 141647872 processor.cc:158] Processor: start processing batch 8cb5a5b1-0361-455a-b641-f402efef5d2b into model nwt
I0607 15:38:02.579857 142721024 processor.cc:158] Processor: start processing batch de8e4981-780c-46d2-a50f-c77d9d86f985 into model nwt
I0607 15:38:02.654539 142184448 processor.cc:292] Processor: complete processing batch 8ac79cec-e218-4eff-a004-e0a5762a26d5 into model nwt
I0607 15:38:02.659101 142184448 cuckoo_watch.h:45] 85ms in ProcessBatch(school_batches/aaaaae.batch) [including 3ms in LoadMessage; 0ms in FindReuseThetaCacheEntry; 0ms in InitializeTheta; 0ms in CreateRegularizerAgents; 1ms in InitializeSparseNdw; 24ms in InferThetaAndUpdateNwtSparse; 0ms in UpdateCacheEntry; 34ms in CalculateScore(PerplexityScore); 6ms in CalculateScore(SparsityThetaScore); 10ms in CalculateScore(^^^ItemsProcessedScore^^^); ]
I0607 15:38:02.666327 142184448 processor.cc:158] Processor: start processing batch 20c5ee68-7da4-4c89-b491-d667f089fdc9 into model nwt
I0607 15:38:02.684245 143257600 processor.cc:292] Processor: complete processing batch 209029d3-c311-4a97-8ab6-bacbeecf154d into model nwt
I0607 15:38:02.687317 143257600 cuckoo_watch.h:45] 114ms in ProcessBatch(school_batches/aaaaaa.batch) [including 4ms in LoadMessage; 0ms in FindReuseThetaCacheEntry; 0ms in InitializeTheta; 0ms in CreateRegularizerAgents; 1ms in InitializeSparseNdw; 29ms in InferThetaAndUpdateNwtSparse; 0ms in UpdateCacheEntry; 41ms in CalculateScore(PerplexityScore); 2ms in CalculateScore(SparsityThetaScore); 32ms in CalculateScore(^^^ItemsProcessedScore^^^); ]
I0607 15:38:02.715162 141647872 processor.cc:292] Processor: complete processing batch 8cb5a5b1-0361-455a-b641-f402efef5d2b into model nwt
I0607 15:38:02.717821 141647872 cuckoo_watch.h:45] 144ms in ProcessBatch(school_batches/aaaaab.batch) [including 5ms in LoadMessage; 0ms in FindReuseThetaCacheEntry; 0ms in InitializeTheta; 0ms in CreateRegularizerAgents; 1ms in InitializeSparseNdw; 26ms in InferThetaAndUpdateNwtSparse; 0ms in UpdateCacheEntry; 84ms in CalculateScore(PerplexityScore); 2ms in CalculateScore(SparsityThetaScore); 21ms in CalculateScore(^^^ItemsProcessedScore^^^); ]
I0607 15:38:02.728379 143257600 processor.cc:74] No data in processing queue, waiting...
I0607 15:38:02.745152 141647872 processor.cc:74] No data in processing queue, waiting...
I0607 15:38:02.745611 142721024 processor.cc:292] Processor: complete processing batch de8e4981-780c-46d2-a50f-c77d9d86f985 into model nwt
I0607 15:38:02.747700 142721024 cuckoo_watch.h:45] 175ms in ProcessBatch(school_batches/aaaaad.batch) [including 7ms in LoadMessage; 0ms in FindReuseThetaCacheEntry; 0ms in InitializeTheta; 0ms in CreateRegularizerAgents; 21ms in InitializeSparseNdw; 58ms in InferThetaAndUpdateNwtSparse; 0ms in UpdateCacheEntry; 59ms in CalculateScore(PerplexityScore); 1ms in CalculateScore(SparsityThetaScore); 23ms in CalculateScore(^^^ItemsProcessedScore^^^); ]
I0607 15:38:02.780421 142184448 processor.cc:292] Processor: complete processing batch 20c5ee68-7da4-4c89-b491-d667f089fdc9 into model nwt
I0607 15:38:02.781002 142721024 processor.cc:74] No data in processing queue, waiting...
I0607 15:38:02.782189 142184448 cuckoo_watch.h:45] 122ms in ProcessBatch(school_batches/aaaaac.batch) [including 7ms in LoadMessage; 0ms in FindReuseThetaCacheEntry; 0ms in InitializeTheta; 0ms in CreateRegularizerAgents; 3ms in InitializeSparseNdw; 38ms in InferThetaAndUpdateNwtSparse; 0ms in UpdateCacheEntry; 44ms in CalculateScore(PerplexityScore); 5ms in CalculateScore(SparsityThetaScore); 21ms in CalculateScore(^^^ItemsProcessedScore^^^); ]
I0607 15:38:02.782858 343057856 master_component.cc:1455] NormalizeModelArgs: pwt_target_name=pwt, nwt_source_name=nwt, rwt_source_name=
I0607 15:38:02.782873 343057856 master_component.cc:1005] MasterComponent: start normalizing model nwt
I0607 15:38:02.812700 142184448 processor.cc:74] No data in processing queue, waiting...
I0607 15:38:02.837575 343057856 master_component.cc:1033] MasterComponent: complete normalizing model nwt
I0607 15:38:02.855482 343057856 master_component.cc:1479] DisposeModel rwt
I0607 15:38:02.855499 343057856 master_component.cc:1058] FitOffline: ItemsProcessed, num_items=476, num_batches=5, token_weight=160411, token_weight_in_effect=160411
I0607 15:38:02.855705 343057856 c_interface.cc:389] Pass FitOfflineMasterModelArgs, batch_filename_size=5, batch_weight_size=5, num_collection_passes=1, reset_nwt=yes to MN4artm4core15MasterComponentEFvRKNS_25FitOfflineMasterModelArgsEE
I0607 15:38:02.855717 343057856 master_component.cc:1404] ProcessBatchesArgs: nwt_target_name=nwt, batch_filename_size=5, batch_size=0, batch_weight_size=5, pwt_source_name=pwt, num_document_passes=1, reuse_theta=yes, opt_for_avx=yes, predict_class_id=, reset_nwt=yes
I0607 15:38:02.860117 141647872 processor.cc:81] Processing queue has data, processing started
I0607 15:38:02.860126 143257600 processor.cc:81] Processing queue has data, processing started
I0607 15:38:02.860126 142184448 processor.cc:81] Processing queue has data, processing started
I0607 15:38:02.860143 142721024 processor.cc:81] Processing queue has data, processing started
I0607 15:38:02.864238 142184448 processor.cc:158] Processor: start processing batch 8ac79cec-e218-4eff-a004-e0a5762a26d5 into model nwt
I0607 15:38:02.864702 143257600 processor.cc:158] Processor: start processing batch de8e4981-780c-46d2-a50f-c77d9d86f985 into model nwt
I0607 15:38:02.864933 141647872 processor.cc:158] Processor: start processing batch 8cb5a5b1-0361-455a-b641-f402efef5d2b into model nwt
I0607 15:38:02.865315 142721024 processor.cc:158] Processor: start processing batch 209029d3-c311-4a97-8ab6-bacbeecf154d into model nwt
I0607 15:38:02.910637 142184448 processor.cc:292] Processor: complete processing batch 8ac79cec-e218-4eff-a004-e0a5762a26d5 into model nwt
I0607 15:38:02.912206 141647872 processor.cc:292] Processor: complete processing batch 8cb5a5b1-0361-455a-b641-f402efef5d2b into model nwt
I0607 15:38:02.912277 143257600 processor.cc:292] Processor: complete processing batch de8e4981-780c-46d2-a50f-c77d9d86f985 into model nwt
I0607 15:38:02.913345 142184448 cuckoo_watch.h:45] 53ms in ProcessBatch(school_batches/aaaaae.batch) [including 4ms in LoadMessage; 0ms in FindReuseThetaCacheEntry; 0ms in InitializeTheta; 0ms in CreateRegularizerAgents; 1ms in InitializeSparseNdw; 14ms in InferThetaAndUpdateNwtSparse; 0ms in UpdateCacheEntry; 20ms in CalculateScore(PerplexityScore); 1ms in CalculateScore(SparsityThetaScore); 7ms in CalculateScore(^^^ItemsProcessedScore^^^); ]
I0607 15:38:02.914844 143257600 cuckoo_watch.h:45] 54ms in ProcessBatch(school_batches/aaaaad.batch) [including 4ms in LoadMessage; 0ms in FindReuseThetaCacheEntry; 0ms in InitializeTheta; 0ms in CreateRegularizerAgents; 1ms in InitializeSparseNdw; 14ms in InferThetaAndUpdateNwtSparse; 0ms in UpdateCacheEntry; 20ms in CalculateScore(PerplexityScore); 2ms in CalculateScore(SparsityThetaScore); 8ms in CalculateScore(^^^ItemsProcessedScore^^^); ]
I0607 15:38:02.916395 142721024 processor.cc:292] Processor: complete processing batch 209029d3-c311-4a97-8ab6-bacbeecf154d into model nwt
I0607 15:38:02.916720 141647872 cuckoo_watch.h:45] 56ms in ProcessBatch(school_batches/aaaaab.batch) [including 4ms in LoadMessage; 0ms in FindReuseThetaCacheEntry; 0ms in InitializeTheta; 0ms in CreateRegularizerAgents; 1ms in InitializeSparseNdw; 14ms in InferThetaAndUpdateNwtSparse; 0ms in UpdateCacheEntry; 21ms in CalculateScore(PerplexityScore); 1ms in CalculateScore(SparsityThetaScore); 8ms in CalculateScore(^^^ItemsProcessedScore^^^); ]
I0607 15:38:02.917631 142721024 cuckoo_watch.h:45] 57ms in ProcessBatch(school_batches/aaaaaa.batch) [including 5ms in LoadMessage; 0ms in FindReuseThetaCacheEntry; 0ms in InitializeTheta; 0ms in CreateRegularizerAgents; 1ms in InitializeSparseNdw; 15ms in InferThetaAndUpdateNwtSparse; 0ms in UpdateCacheEntry; 22ms in CalculateScore(PerplexityScore); 1ms in CalculateScore(SparsityThetaScore); 10ms in CalculateScore(^^^ItemsProcessedScore^^^); ]
I0607 15:38:02.918529 142184448 processor.cc:158] Processor: start processing batch 20c5ee68-7da4-4c89-b491-d667f089fdc9 into model nwt
