I0607 15:13:25.910990 98852864 processor.cc:292] Processor: complete processing batch e8caefe5-4bb9-4617-b6f3-078b4ba3c69f into model nwt
I0607 15:13:25.914691 98852864 cuckoo_watch.h:45] 124ms in ProcessBatch(school_batches/aaaaad.batch) [including 5ms in LoadMessage; 0ms in FindReuseThetaCacheEntry; 0ms in InitializeTheta; 0ms in CreateRegularizerAgents; 1ms in InitializeSparseNdw; 63ms in InferThetaAndUpdateNwtSparse; 0ms in UpdateCacheEntry; 32ms in CalculateScore(PerplexityScore); 2ms in CalculateScore(SparsityThetaScore); 14ms in CalculateScore(^^^ItemsProcessedScore^^^); ]
I0607 15:13:25.939497 100462592 processor.cc:292] Processor: complete processing batch b9614e10-9769-4e6f-8f73-3a514a925166 into model nwt
I0607 15:13:25.941959 98852864 processor.cc:74] No data in processing queue, waiting...
I0607 15:13:25.943126 100462592 cuckoo_watch.h:45] 84ms in ProcessBatch(school_batches/aaaaaa.batch) [including 6ms in LoadMessage; 0ms in FindReuseThetaCacheEntry; 0ms in InitializeTheta; 0ms in CreateRegularizerAgents; 1ms in InitializeSparseNdw; 24ms in InferThetaAndUpdateNwtSparse; 0ms in UpdateCacheEntry; 30ms in CalculateScore(PerplexityScore); 2ms in CalculateScore(SparsityThetaScore); 15ms in CalculateScore(^^^ItemsProcessedScore^^^); ]
I0607 15:13:25.954986 99389440 processor.cc:292] Processor: complete processing batch bd332c4a-e676-4df2-83c1-da9a84d98382 into model nwt
I0607 15:13:25.956674 99389440 cuckoo_watch.h:45] 95ms in ProcessBatch(school_batches/aaaaae.batch) [including 8ms in LoadMessage; 0ms in FindReuseThetaCacheEntry; 0ms in InitializeTheta; 0ms in CreateRegularizerAgents; 1ms in InitializeSparseNdw; 45ms in InferThetaAndUpdateNwtSparse; 0ms in UpdateCacheEntry; 26ms in CalculateScore(PerplexityScore); 1ms in CalculateScore(SparsityThetaScore); 9ms in CalculateScore(^^^ItemsProcessedScore^^^); ]
I0607 15:13:25.967559 100462592 processor.cc:74] No data in processing queue, waiting...
I0607 15:13:25.974701 99926016 processor.cc:292] Processor: complete processing batch 5bd66d53-b36b-4cbb-90b4-8021e5b537bd into model nwt
I0607 15:13:25.976853 99926016 cuckoo_watch.h:45] 73ms in ProcessBatch(school_batches/aaaaac.batch) [including 4ms in LoadMessage; 0ms in FindReuseThetaCacheEntry; 0ms in InitializeTheta; 0ms in CreateRegularizerAgents; 2ms in InitializeSparseNdw; 22ms in InferThetaAndUpdateNwtSparse; 0ms in UpdateCacheEntry; 28ms in CalculateScore(PerplexityScore); 1ms in CalculateScore(SparsityThetaScore); 10ms in CalculateScore(^^^ItemsProcessedScore^^^); ]
I0607 15:13:25.977771 353887680 master_component.cc:1455] NormalizeModelArgs: pwt_target_name=pwt, nwt_source_name=nwt, rwt_source_name=
I0607 15:13:25.977807 353887680 master_component.cc:1005] MasterComponent: start normalizing model nwt
I0607 15:13:25.980149 99389440 processor.cc:74] No data in processing queue, waiting...
I0607 15:13:25.999423 99926016 processor.cc:74] No data in processing queue, waiting...
I0607 15:13:26.022500 353887680 master_component.cc:1033] MasterComponent: complete normalizing model nwt
I0607 15:13:26.041604 353887680 master_component.cc:1479] DisposeModel rwt
I0607 15:13:26.041622 353887680 master_component.cc:1058] FitOffline: ItemsProcessed, num_items=476, num_batches=5, token_weight=160411, token_weight_in_effect=160411
I0607 15:13:26.041836 353887680 c_interface.cc:389] Pass FitOfflineMasterModelArgs, batch_filename_size=5, batch_weight_size=5, num_collection_passes=1, reset_nwt=yes to MN4artm4core15MasterComponentEFvRKNS_25FitOfflineMasterModelArgsEE
I0607 15:13:26.041847 353887680 master_component.cc:1404] ProcessBatchesArgs: nwt_target_name=nwt, batch_filename_size=5, batch_size=0, batch_weight_size=5, pwt_source_name=pwt, num_document_passes=1, reuse_theta=yes, opt_for_avx=yes, predict_class_id=, reset_nwt=yes
I0607 15:13:26.047930 98852864 processor.cc:81] Processing queue has data, processing started
I0607 15:13:26.047950 100462592 processor.cc:81] Processing queue has data, processing started
I0607 15:13:26.047950 99389440 processor.cc:81] Processing queue has data, processing started
I0607 15:13:26.047979 99926016 processor.cc:81] Processing queue has data, processing started
I0607 15:13:26.053850 98852864 processor.cc:158] Processor: start processing batch e8caefe5-4bb9-4617-b6f3-078b4ba3c69f into model nwt
I0607 15:13:26.054139 99926016 processor.cc:158] Processor: start processing batch b9614e10-9769-4e6f-8f73-3a514a925166 into model nwt
I0607 15:13:26.054282 100462592 processor.cc:158] Processor: start processing batch bd332c4a-e676-4df2-83c1-da9a84d98382 into model nwt
I0607 15:13:26.058629 99389440 processor.cc:158] Processor: start processing batch 9647b7eb-ab62-473e-83f9-8522752f4df1 into model nwt
I0607 15:13:26.114354 100462592 processor.cc:292] Processor: complete processing batch bd332c4a-e676-4df2-83c1-da9a84d98382 into model nwt
I0607 15:13:26.115494 98852864 processor.cc:292] Processor: complete processing batch e8caefe5-4bb9-4617-b6f3-078b4ba3c69f into model nwt
I0607 15:13:26.119805 98852864 cuckoo_watch.h:45] 71ms in ProcessBatch(school_batches/aaaaad.batch) [including 5ms in LoadMessage; 0ms in FindReuseThetaCacheEntry; 0ms in InitializeTheta; 0ms in CreateRegularizerAgents; 1ms in InitializeSparseNdw; 18ms in InferThetaAndUpdateNwtSparse; 0ms in UpdateCacheEntry; 28ms in CalculateScore(PerplexityScore); 2ms in CalculateScore(SparsityThetaScore); 10ms in CalculateScore(^^^ItemsProcessedScore^^^); ]
I0607 15:13:26.124222 100462592 cuckoo_watch.h:45] 76ms in ProcessBatch(school_batches/aaaaae.batch) [including 6ms in LoadMessage; 0ms in FindReuseThetaCacheEntry; 0ms in InitializeTheta; 0ms in CreateRegularizerAgents; 1ms in InitializeSparseNdw; 20ms in InferThetaAndUpdateNwtSparse; 0ms in UpdateCacheEntry; 25ms in CalculateScore(PerplexityScore); 2ms in CalculateScore(SparsityThetaScore); 10ms in CalculateScore(^^^ItemsProcessedScore^^^); ]
I0607 15:13:26.125984 98852864 processor.cc:158] Processor: start processing batch 5bd66d53-b36b-4cbb-90b4-8021e5b537bd into model nwt
I0607 15:13:26.156858 100462592 processor.cc:74] No data in processing queue, waiting...
I0607 15:13:26.161464 99926016 processor.cc:292] Processor: complete processing batch b9614e10-9769-4e6f-8f73-3a514a925166 into model nwt
I0607 15:13:26.161495 99389440 processor.cc:292] Processor: complete processing batch 9647b7eb-ab62-473e-83f9-8522752f4df1 into model nwt
I0607 15:13:26.165390 99389440 cuckoo_watch.h:45] 117ms in ProcessBatch(school_batches/aaaaab.batch) [including 10ms in LoadMessage; 0ms in FindReuseThetaCacheEntry; 0ms in InitializeTheta; 0ms in CreateRegularizerAgents; 1ms in InitializeSparseNdw; 36ms in InferThetaAndUpdateNwtSparse; 0ms in UpdateCacheEntry; 39ms in CalculateScore(PerplexityScore); 1ms in CalculateScore(SparsityThetaScore); 23ms in CalculateScore(^^^ItemsProcessedScore^^^); ]
I0607 15:13:26.165488 99926016 cuckoo_watch.h:45] 117ms in ProcessBatch(school_batches/aaaaaa.batch) [including 6ms in LoadMessage; 0ms in FindReuseThetaCacheEntry; 0ms in InitializeTheta; 0ms in CreateRegularizerAgents; 1ms in InitializeSparseNdw; 33ms in InferThetaAndUpdateNwtSparse; 0ms in UpdateCacheEntry; 50ms in CalculateScore(PerplexityScore); 2ms in CalculateScore(SparsityThetaScore); 19ms in CalculateScore(^^^ItemsProcessedScore^^^); ]
I0607 15:13:26.187114 99389440 processor.cc:74] No data in processing queue, waiting...
I0607 15:13:26.187126 99926016 processor.cc:74] No data in processing queue, waiting...
I0607 15:13:26.188735 98852864 processor.cc:292] Processor: complete processing batch 5bd66d53-b36b-4cbb-90b4-8021e5b537bd into model nwt
I0607 15:13:26.190505 98852864 cuckoo_watch.h:45] 70ms in ProcessBatch(school_batches/aaaaac.batch) [including 6ms in LoadMessage; 0ms in FindReuseThetaCacheEntry; 0ms in InitializeTheta; 0ms in CreateRegularizerAgents; 1ms in InitializeSparseNdw; 22ms in InferThetaAndUpdateNwtSparse; 0ms in UpdateCacheEntry; 27ms in CalculateScore(PerplexityScore); 1ms in CalculateScore(SparsityThetaScore); 8ms in CalculateScore(^^^ItemsProcessedScore^^^); ]
I0607 15:13:26.190634 353887680 master_component.cc:1455] NormalizeModelArgs: pwt_target_name=pwt, nwt_source_name=nwt, rwt_source_name=
I0607 15:13:26.190656 353887680 master_component.cc:1005] MasterComponent: start normalizing model nwt
I0607 15:13:26.213275 98852864 processor.cc:74] No data in processing queue, waiting...
I0607 15:13:26.230942 353887680 master_component.cc:1033] MasterComponent: complete normalizing model nwt
I0607 15:13:26.249029 353887680 master_component.cc:1479] DisposeModel rwt
I0607 15:13:26.249075 353887680 master_component.cc:1058] FitOffline: ItemsProcessed, num_items=476, num_batches=5, token_weight=160411, token_weight_in_effect=160411
I0607 15:13:26.249338 353887680 c_interface.cc:389] Pass FitOfflineMasterModelArgs, batch_filename_size=5, batch_weight_size=5, num_collection_passes=1, reset_nwt=yes to MN4artm4core15MasterComponentEFvRKNS_25FitOfflineMasterModelArgsEE
I0607 15:13:26.249353 353887680 master_component.cc:1404] ProcessBatchesArgs: nwt_target_name=nwt, batch_filename_size=5, batch_size=0, batch_weight_size=5, pwt_source_name=pwt, num_document_passes=1, reuse_theta=yes, opt_for_avx=yes, predict_class_id=, reset_nwt=yes
I0607 15:13:26.259651 100462592 processor.cc:81] Processing queue has data, processing started
I0607 15:13:26.259651 99926016 processor.cc:81] Processing queue has data, processing started
I0607 15:13:26.259676 99389440 processor.cc:81] Processing queue has data, processing started
I0607 15:13:26.259685 98852864 processor.cc:81] Processing queue has data, processing started
I0607 15:13:26.264515 100462592 processor.cc:158] Processor: start processing batch e8caefe5-4bb9-4617-b6f3-078b4ba3c69f into model nwt
I0607 15:13:26.266383 99926016 processor.cc:158] Processor: start processing batch 9647b7eb-ab62-473e-83f9-8522752f4df1 into model nwt
I0607 15:13:26.276250 99389440 processor.cc:158] Processor: start processing batch bd332c4a-e676-4df2-83c1-da9a84d98382 into model nwt
I0607 15:13:26.287564 98852864 processor.cc:158] Processor: start processing batch b9614e10-9769-4e6f-8f73-3a514a925166 into model nwt
I0607 15:13:26.344461 100462592 processor.cc:292] Processor: complete processing batch e8caefe5-4bb9-4617-b6f3-078b4ba3c69f into model nwt
I0607 15:13:26.348809 99389440 processor.cc:292] Processor: complete processing batch bd332c4a-e676-4df2-83c1-da9a84d98382 into model nwt
I0607 15:13:26.349740 100462592 cuckoo_watch.h:45] 90ms in ProcessBatch(school_batches/aaaaad.batch) [including 4ms in LoadMessage; 0ms in FindReuseThetaCacheEntry; 0ms in InitializeTheta; 0ms in CreateRegularizerAgents; 1ms in InitializeSparseNdw; 25ms in InferThetaAndUpdateNwtSparse; 0ms in UpdateCacheEntry; 33ms in CalculateScore(PerplexityScore); 3ms in CalculateScore(SparsityThetaScore); 14ms in CalculateScore(^^^ItemsProcessedScore^^^); ]
I0607 15:13:26.354655 99389440 cuckoo_watch.h:45] 93ms in ProcessBatch(school_batches/aaaaae.batch) [including 14ms in LoadMessage; 0ms in FindReuseThetaCacheEntry; 0ms in InitializeTheta; 0ms in CreateRegularizerAgents; 1ms in InitializeSparseNdw; 22ms in InferThetaAndUpdateNwtSparse; 0ms in UpdateCacheEntry; 34ms in CalculateScore(PerplexityScore); 2ms in CalculateScore(SparsityThetaScore); 9ms in CalculateScore(^^^ItemsProcessedScore^^^); ]
I0607 15:13:26.356884 100462592 processor.cc:158] Processor: start processing batch 5bd66d53-b36b-4cbb-90b4-8021e5b537bd into model nwt
I0607 15:13:26.358541 99926016 processor.cc:292] Processor: complete processing batch 9647b7eb-ab62-473e-83f9-8522752f4df1 into model nwt
I0607 15:13:26.360565 99926016 cuckoo_watch.h:45] 100ms in ProcessBatch(school_batches/aaaaab.batch) [including 6ms in LoadMessage; 0ms in FindReuseThetaCacheEntry; 0ms in InitializeTheta; 0ms in CreateRegularizerAgents; 4ms in InitializeSparseNdw; 38ms in InferThetaAndUpdateNwtSparse; 0ms in UpdateCacheEntry; 29ms in CalculateScore(PerplexityScore); 2ms in CalculateScore(SparsityThetaScore); 17ms in CalculateScore(^^^ItemsProcessedScore^^^); ]
I0607 15:13:26.365211 98852864 processor.cc:292] Processor: complete processing batch b9614e10-9769-4e6f-8f73-3a514a925166 into model nwt
I0607 15:13:26.366748 98852864 cuckoo_watch.h:45] 102ms in ProcessBatch(school_batches/aaaaaa.batch) [including 22ms in LoadMessage; 0ms in FindReuseThetaCacheEntry; 0ms in InitializeTheta; 0ms in CreateRegularizerAgents; 2ms in InitializeSparseNdw; 26ms in InferThetaAndUpdateNwtSparse; 0ms in UpdateCacheEntry; 37ms in CalculateScore(PerplexityScore); 2ms in CalculateScore(SparsityThetaScore); 9ms in CalculateScore(^^^ItemsProcessedScore^^^); ]
I0607 15:13:26.380000 99389440 processor.cc:74] No data in processing queue, waiting...
I0607 15:13:26.384042 99926016 processor.cc:74] No data in processing queue, waiting...
I0607 15:13:26.389624 98852864 processor.cc:74] No data in processing queue, waiting...
I0607 15:13:26.407480 100462592 processor.cc:292] Processor: complete processing batch 5bd66d53-b36b-4cbb-90b4-8021e5b537bd into model nwt
I0607 15:13:26.409052 100462592 cuckoo_watch.h:45] 59ms in ProcessBatch(school_batches/aaaaac.batch) [including 7ms in LoadMessage; 0ms in FindReuseThetaCacheEntry; 0ms in InitializeTheta; 0ms in CreateRegularizerAgents; 1ms in InitializeSparseNdw; 17ms in InferThetaAndUpdateNwtSparse; 0ms in UpdateCacheEntry; 19ms in CalculateScore(PerplexityScore); 1ms in CalculateScore(SparsityThetaScore); 9ms in CalculateScore(^^^ItemsProcessedScore^^^); ]
I0607 15:13:26.409271 353887680 master_component.cc:1455] NormalizeModelArgs: pwt_target_name=pwt, nwt_source_name=nwt, rwt_source_name=
I0607 15:13:26.409301 353887680 master_component.cc:1005] MasterComponent: start normalizing model nwt
I0607 15:13:26.432659 100462592 processor.cc:74] No data in processing queue, waiting...
I0607 15:13:26.451297 353887680 master_component.cc:1033] MasterComponent: complete normalizing model nwt
I0607 15:13:26.465037 353887680 master_component.cc:1479] DisposeModel rwt
I0607 15:13:26.465051 353887680 master_component.cc:1058] FitOffline: ItemsProcessed, num_items=476, num_batches=5, token_weight=160411, token_weight_in_effect=160411
I0607 15:13:26.465251 353887680 c_interface.cc:389] Pass FitOfflineMasterModelArgs, batch_filename_size=5, batch_weight_size=5, num_collection_passes=1, reset_nwt=yes to MN4artm4core15MasterComponentEFvRKNS_25FitOfflineMasterModelArgsEE
I0607 15:13:26.465266 353887680 master_component.cc:1404] ProcessBatchesArgs: nwt_target_name=nwt, batch_filename_size=5, batch_size=0, batch_weight_size=5, pwt_source_name=pwt, num_document_passes=1, reuse_theta=yes, opt_for_avx=yes, predict_class_id=, reset_nwt=yes
I0607 15:13:26.470434 99389440 processor.cc:81] Processing queue has data, processing started
I0607 15:13:26.470469 99926016 processor.cc:81] Processing queue has data, processing started
I0607 15:13:26.471597 98852864 processor.cc:81] Processing queue has data, processing started
I0607 15:13:26.471604 100462592 processor.cc:81] Processing queue has data, processing started
I0607 15:13:26.473531 99389440 processor.cc:158] Processor: start processing batch e8caefe5-4bb9-4617-b6f3-078b4ba3c69f into model nwt
I0607 15:13:26.473533 99926016 processor.cc:158] Processor: start processing batch 9647b7eb-ab62-473e-83f9-8522752f4df1 into model nwt
I0607 15:13:26.475159 98852864 processor.cc:158] Processor: start processing batch bd332c4a-e676-4df2-83c1-da9a84d98382 into model nwt
I0607 15:13:26.475368 100462592 processor.cc:158] Processor: start processing batch b9614e10-9769-4e6f-8f73-3a514a925166 into model nwt
I0607 15:13:26.515908 98852864 processor.cc:292] Processor: complete processing batch bd332c4a-e676-4df2-83c1-da9a84d98382 into model nwt
I0607 15:13:26.517899 98852864 cuckoo_watch.h:45] 46ms in ProcessBatch(school_batches/aaaaae.batch) [including 3ms in LoadMessage; 0ms in FindReuseThetaCacheEntry; 0ms in InitializeTheta; 0ms in CreateRegularizerAgents; 1ms in InitializeSparseNdw; 14ms in InferThetaAndUpdateNwtSparse; 0ms in UpdateCacheEntry; 15ms in CalculateScore(PerplexityScore); 1ms in CalculateScore(SparsityThetaScore); 7ms in CalculateScore(^^^ItemsProcessedScore^^^); ]
I0607 15:13:26.519660 99389440 processor.cc:292] Processor: complete processing batch e8caefe5-4bb9-4617-b6f3-078b4ba3c69f into model nwt
I0607 15:13:26.521718 98852864 processor.cc:158] Processor: start processing batch 5bd66d53-b36b-4cbb-90b4-8021e5b537bd into model nwt
I0607 15:13:26.521792 99389440 cuckoo_watch.h:45] 51ms in ProcessBatch(school_batches/aaaaad.batch) [including 3ms in LoadMessage; 0ms in FindReuseThetaCacheEntry; 0ms in InitializeTheta; 0ms in CreateRegularizerAgents; 1ms in InitializeSparseNdw; 16ms in InferThetaAndUpdateNwtSparse; 0ms in UpdateCacheEntry; 18ms in CalculateScore(PerplexityScore); 1ms in CalculateScore(SparsityThetaScore); 7ms in CalculateScore(^^^ItemsProcessedScore^^^); ]
I0607 15:13:26.522887 99926016 processor.cc:292] Processor: complete processing batch 9647b7eb-ab62-473e-83f9-8522752f4df1 into model nwt
I0607 15:13:26.524415 99926016 cuckoo_watch.h:45] 53ms in ProcessBatch(school_batches/aaaaab.batch) [including 3ms in LoadMessage; 0ms in FindReuseThetaCacheEntry; 0ms in InitializeTheta; 0ms in CreateRegularizerAgents; 1ms in InitializeSparseNdw; 17ms in InferThetaAndUpdateNwtSparse; 0ms in UpdateCacheEntry; 19ms in CalculateScore(PerplexityScore); 1ms in CalculateScore(SparsityThetaScore); 8ms in CalculateScore(^^^ItemsProcessedScore^^^); ]
I0607 15:13:26.526495 100462592 processor.cc:292] Processor: complete processing batch b9614e10-9769-4e6f-8f73-3a514a925166 into model nwt
I0607 15:13:26.527963 100462592 cuckoo_watch.h:45] 56ms in ProcessBatch(school_batches/aaaaaa.batch) [including 3ms in LoadMessage; 0ms in FindReuseThetaCacheEntry; 0ms in InitializeTheta; 0ms in CreateRegularizerAgents; 1ms in InitializeSparseNdw; 21ms in InferThetaAndUpdateNwtSparse; 0ms in UpdateCacheEntry; 19ms in CalculateScore(PerplexityScore); 1ms in CalculateScore(SparsityThetaScore); 7ms in CalculateScore(^^^ItemsProcessedScore^^^); ]
I0607 15:13:26.546414 99389440 processor.cc:74] No data in processing queue, waiting...
I0607 15:13:26.548995 99926016 processor.cc:74] No data in processing queue, waiting...
I0607 15:13:26.552315 98852864 processor.cc:292] Processor: complete processing batch 5bd66d53-b36b-4cbb-90b4-8021e5b537bd into model nwt
I0607 15:13:26.552326 100462592 processor.cc:74] No data in processing queue, waiting...
I0607 15:13:26.553452 98852864 cuckoo_watch.h:45] 35ms in ProcessBatch(school_batches/aaaaac.batch) [including 3ms in LoadMessage; 0ms in FindReuseThetaCacheEntry; 0ms in InitializeTheta; 0ms in CreateRegularizerAgents; 0ms in InitializeSparseNdw; 11ms in InferThetaAndUpdateNwtSparse; 0ms in UpdateCacheEntry; 11ms in CalculateScore(PerplexityScore); 0ms in CalculateScore(SparsityThetaScore); 5ms in CalculateScore(^^^ItemsProcessedScore^^^); ]
I0607 15:13:26.554288 353887680 master_component.cc:1455] NormalizeModelArgs: pwt_target_name=pwt, nwt_source_name=nwt, rwt_source_name=
I0607 15:13:26.554307 353887680 master_component.cc:1005] MasterComponent: start normalizing model nwt
I0607 15:13:26.577966 98852864 processor.cc:74] No data in processing queue, waiting...
I0607 15:13:26.582872 353887680 master_component.cc:1033] MasterComponent: complete normalizing model nwt
I0607 15:13:26.595470 353887680 master_component.cc:1479] DisposeModel rwt
I0607 15:13:26.595484 353887680 master_component.cc:1058] FitOffline: ItemsProcessed, num_items=476, num_batches=5, token_weight=160411, token_weight_in_effect=160411
I0607 15:13:26.595683 353887680 c_interface.cc:389] Pass FitOfflineMasterModelArgs, batch_filename_size=5, batch_weight_size=5, num_collection_passes=1, reset_nwt=yes to MN4artm4core15MasterComponentEFvRKNS_25FitOfflineMasterModelArgsEE
I0607 15:13:26.595695 353887680 master_component.cc:1404] ProcessBatchesArgs: nwt_target_name=nwt, batch_filename_size=5, batch_size=0, batch_weight_size=5, pwt_source_name=pwt, num_document_passes=1, reuse_theta=yes, opt_for_avx=yes, predict_class_id=, reset_nwt=yes
I0607 15:13:26.600592 99389440 processor.cc:81] Processing queue has data, processing started
I0607 15:13:26.600638 99926016 processor.cc:81] Processing queue has data, processing started
I0607 15:13:26.601079 98852864 processor.cc:81] Processing queue has data, processing started
I0607 15:13:26.601079 100462592 processor.cc:81] Processing queue has data, processing started
I0607 15:13:26.604323 99389440 processor.cc:158] Processor: start processing batch e8caefe5-4bb9-4617-b6f3-078b4ba3c69f into model nwt
I0607 15:13:26.604324 99926016 processor.cc:158] Processor: start processing batch 9647b7eb-ab62-473e-83f9-8522752f4df1 into model nwt
I0607 15:13:26.604638 98852864 processor.cc:158] Processor: start processing batch bd332c4a-e676-4df2-83c1-da9a84d98382 into model nwt
I0607 15:13:26.605010 100462592 processor.cc:158] Processor: start processing batch b9614e10-9769-4e6f-8f73-3a514a925166 into model nwt
I0607 15:13:26.643865 98852864 processor.cc:292] Processor: complete processing batch bd332c4a-e676-4df2-83c1-da9a84d98382 into model nwt
I0607 15:13:26.647616 99389440 processor.cc:292] Processor: complete processing batch e8caefe5-4bb9-4617-b6f3-078b4ba3c69f into model nwt
I0607 15:13:26.647891 99926016 processor.cc:292] Processor: complete processing batch 9647b7eb-ab62-473e-83f9-8522752f4df1 into model nwt
I0607 15:13:26.648054 98852864 cuckoo_watch.h:45] 46ms in ProcessBatch(school_batches/aaaaae.batch) [including 3ms in LoadMessage; 0ms in FindReuseThetaCacheEntry; 0ms in InitializeTheta; 0ms in CreateRegularizerAgents; 1ms in InitializeSparseNdw; 13ms in InferThetaAndUpdateNwtSparse; 0ms in UpdateCacheEntry; 16ms in CalculateScore(PerplexityScore); 1ms in CalculateScore(SparsityThetaScore); 6ms in CalculateScore(^^^ItemsProcessedScore^^^); ]
I0607 15:13:26.649456 99389440 cuckoo_watch.h:45] 48ms in ProcessBatch(school_batches/aaaaad.batch) [including 3ms in LoadMessage; 0ms in FindReuseThetaCacheEntry; 0ms in InitializeTheta; 0ms in CreateRegularizerAgents; 1ms in InitializeSparseNdw; 14ms in InferThetaAndUpdateNwtSparse; 0ms in UpdateCacheEntry; 18ms in CalculateScore(PerplexityScore); 2ms in CalculateScore(SparsityThetaScore); 7ms in CalculateScore(^^^ItemsProcessedScore^^^); ]
I0607 15:13:26.650874 99926016 cuckoo_watch.h:45] 50ms in ProcessBatch(school_batches/aaaaab.batch) [including 3ms in LoadMessage; 0ms in FindReuseThetaCacheEntry; 0ms in InitializeTheta; 0ms in CreateRegularizerAgents; 1ms in InitializeSparseNdw; 14ms in InferThetaAndUpdateNwtSparse; 0ms in UpdateCacheEntry; 17ms in CalculateScore(PerplexityScore); 1ms in CalculateScore(SparsityThetaScore); 8ms in CalculateScore(^^^ItemsProcessedScore^^^); ]
I0607 15:13:26.652237 100462592 processor.cc:292] Processor: complete processing batch b9614e10-9769-4e6f-8f73-3a514a925166 into model nwt
I0607 15:13:26.652947 98852864 processor.cc:158] Processor: start processing batch 5bd66d53-b36b-4cbb-90b4-8021e5b537bd into model nwt
I0607 15:13:26.653345 100462592 cuckoo_watch.h:45] 52ms in ProcessBatch(school_batches/aaaaaa.batch) [including 3ms in LoadMessage; 0ms in FindReuseThetaCacheEntry; 0ms in InitializeTheta; 0ms in CreateRegularizerAgents; 1ms in InitializeSparseNdw; 14ms in InferThetaAndUpdateNwtSparse; 0ms in UpdateCacheEntry; 19ms in CalculateScore(PerplexityScore); 1ms in CalculateScore(SparsityThetaScore); 10ms in CalculateScore(^^^ItemsProcessedScore^^^); ]
I0607 15:13:26.673770 99389440 processor.cc:74] No data in processing queue, waiting...
I0607 15:13:26.675068 99926016 processor.cc:74] No data in processing queue, waiting...
I0607 15:13:26.677668 100462592 processor.cc:74] No data in processing queue, waiting...
I0607 15:13:26.680986 98852864 processor.cc:292] Processor: complete processing batch 5bd66d53-b36b-4cbb-90b4-8021e5b537bd into model nwt
I0607 15:13:26.682085 98852864 cuckoo_watch.h:45] 33ms in ProcessBatch(school_batches/aaaaac.batch) [including 4ms in LoadMessage; 0ms in FindReuseThetaCacheEntry; 0ms in InitializeTheta; 0ms in CreateRegularizerAgents; 0ms in InitializeSparseNdw; 10ms in InferThetaAndUpdateNwtSparse; 0ms in UpdateCacheEntry; 10ms in CalculateScore(PerplexityScore); 1ms in CalculateScore(SparsityThetaScore); 5ms in CalculateScore(^^^ItemsProcessedScore^^^); ]
I0607 15:13:26.682965 353887680 master_component.cc:1455] NormalizeModelArgs: pwt_target_name=pwt, nwt_source_name=nwt, rwt_source_name=
I0607 15:13:26.683007 353887680 master_component.cc:1005] MasterComponent: start normalizing model nwt
I0607 15:13:26.706638 98852864 processor.cc:74] No data in processing queue, waiting...
I0607 15:13:26.712632 353887680 master_component.cc:1033] MasterComponent: complete normalizing model nwt
I0607 15:13:26.725136 353887680 master_component.cc:1479] DisposeModel rwt
I0607 15:13:26.725149 353887680 master_component.cc:1058] FitOffline: ItemsProcessed, num_items=476, num_batches=5, token_weight=160411, token_weight_in_effect=160411
I0607 15:13:26.733029 353887680 c_interface.cc:231] ArtmCopyRequestedMessage is copying 1920 bytes...
I0607 15:13:26.889134 353887680 c_interface.cc:231] ArtmCopyRequestedMessage is copying 169062 bytes...
I0607 15:13:26.935858 353887680 c_interface.cc:231] ArtmCopyRequestedMessage is copying 169062 bytes...
I0607 15:13:26.995311 353887680 c_interface.cc:231] ArtmCopyRequestedMessage is copying 169062 bytes...
I0607 15:13:27.039892 353887680 c_interface.cc:231] ArtmCopyRequestedMessage is copying 169062 bytes...
I0607 15:13:27.084571 353887680 c_interface.cc:231] ArtmCopyRequestedMessage is copying 169062 bytes...
I0607 15:13:27.129336 353887680 c_interface.cc:231] ArtmCopyRequestedMessage is copying 169062 bytes...
I0607 15:13:27.181792 353887680 c_interface.cc:231] ArtmCopyRequestedMessage is copying 169062 bytes...
I0607 15:13:27.237350 353887680 c_interface.cc:231] ArtmCopyRequestedMessage is copying 169062 bytes...
I0607 15:13:27.296263 353887680 c_interface.cc:231] ArtmCopyRequestedMessage is copying 169062 bytes...
I0607 15:13:27.357834 353887680 c_interface.cc:231] ArtmCopyRequestedMessage is copying 169062 bytes...
I0607 15:13:27.416821 353887680 c_interface.cc:231] ArtmCopyRequestedMessage is copying 169062 bytes...
I0607 15:13:27.466740 353887680 c_interface.cc:231] ArtmCopyRequestedMessage is copying 169062 bytes...
I0607 15:13:27.513300 353887680 c_interface.cc:231] ArtmCopyRequestedMessage is copying 169062 bytes...
I0607 15:13:27.558521 353887680 c_interface.cc:231] ArtmCopyRequestedMessage is copying 169062 bytes...
I0607 15:13:27.605532 353887680 c_interface.cc:231] ArtmCopyRequestedMessage is copying 169062 bytes...
I0607 15:13:27.651180 353887680 c_interface.cc:231] ArtmCopyRequestedMessage is copying 169062 bytes...
I0607 15:13:27.696825 353887680 c_interface.cc:231] ArtmCopyRequestedMessage is copying 169062 bytes...
I0607 15:13:27.741379 353887680 c_interface.cc:231] ArtmCopyRequestedMessage is copying 169062 bytes...
I0607 15:13:27.790549 353887680 c_interface.cc:231] ArtmCopyRequestedMessage is copying 169062 bytes...
I0607 15:13:27.837834 353887680 c_interface.cc:231] ArtmCopyRequestedMessage is copying 169062 bytes...
I0607 15:13:27.891080 353887680 c_interface.cc:231] ArtmCopyRequestedMessage is copying 1460 bytes...
I0607 15:13:27.893532 353887680 c_interface.cc:231] ArtmCopyRequestedMessage is copying 1452 bytes...
I0607 15:13:27.971297 353887680 c_interface.cc:231] ArtmCopyRequestedMessage is copying 128 bytes...
I0607 15:13:27.972187 353887680 c_interface.cc:231] ArtmCopyRequestedMessage is copying 870 bytes...
I0607 15:19:11.629925 353887680 c_interface.cc:231] ArtmCopyRequestedMessage is copying 870 bytes...
I0607 15:19:11.632624 353887680 phi_matrix_operations.cc:81] RetrieveExternalTopicModel() with 10 topics, 16099 tokens
I0607 15:19:11.647936 353887680 c_interface.cc:231] ArtmCopyRequestedMessage is copying 477660 bytes...
I0607 15:19:12.125967 353887680 phi_matrix_operations.cc:81] RetrieveExternalTopicModel() with 10 topics, 16099 tokens
I0607 15:19:12.138355 353887680 c_interface.cc:231] ArtmCopyRequestedMessage is copying 413264 bytes...
I0607 15:19:12.200634 353887680 c_interface.cc:236] ArtmCopyRequestedObject is copying 643960 bytes...
I0607 15:20:25.160265 353887680 c_interface.cc:389] Pass MasterModelConfig: topic_name_size=10, score_config_size=5, num_processors=0, pwt_name=pwt, nwt_name=nwt, num_document_passes=1, regularizer=(SparsePhi:-100), reuse_theta=yes, cache_theta=yes, opt_for_avx=yes, disk_cache_path= to MN4artm4core15MasterComponentEFvRKNS_17MasterModelConfigEE
I0607 15:20:25.160341 353887680 instance.cc:401] MasterModelConfig.processors_count is automatically set to 4
I0607 15:20:25.160492 353887680 perplexity.cc:27] Perplexity score calculator created: model_type=1, dictionary_name=dictionary
I0607 15:20:25.161518 353887680 instance.cc:232] Regularizer 'SparsePhi' was cold-reconfigured
I0607 15:20:25.236182 353887680 c_interface.cc:231] ArtmCopyRequestedMessage is copying 128 bytes...
I0607 15:20:25.237020 353887680 c_interface.cc:231] ArtmCopyRequestedMessage is copying 966 bytes...
I0607 15:20:36.131989 353887680 c_interface.cc:231] ArtmCopyRequestedMessage is copying 966 bytes...
I0607 15:20:56.639904 353887680 c_interface.cc:389] Pass FitOfflineMasterModelArgs, batch_filename_size=5, batch_weight_size=5, num_collection_passes=1, reset_nwt=yes to MN4artm4core15MasterComponentEFvRKNS_25FitOfflineMasterModelArgsEE
I0607 15:20:56.641724 353887680 master_component.cc:1404] ProcessBatchesArgs: nwt_target_name=nwt, batch_filename_size=5, batch_size=0, batch_weight_size=5, pwt_source_name=pwt, num_document_passes=1, regularizer=(name:SparsePhi, tau:-100), reuse_theta=yes, opt_for_avx=yes, predict_class_id=, reset_nwt=yes
I0607 15:20:56.658092 99926016 processor.cc:81] Processing queue has data, processing started
I0607 15:20:56.658087 98852864 processor.cc:81] Processing queue has data, processing started
I0607 15:20:56.658154 99389440 processor.cc:81] Processing queue has data, processing started
I0607 15:20:56.658404 100462592 processor.cc:81] Processing queue has data, processing started
I0607 15:20:56.663600 99389440 processor.cc:158] Processor: start processing batch bd332c4a-e676-4df2-83c1-da9a84d98382 into model nwt
I0607 15:20:56.664893 98852864 processor.cc:158] Processor: start processing batch e8caefe5-4bb9-4617-b6f3-078b4ba3c69f into model nwt
I0607 15:20:56.665802 99926016 processor.cc:158] Processor: start processing batch 9647b7eb-ab62-473e-83f9-8522752f4df1 into model nwt
I0607 15:20:56.666369 100462592 processor.cc:158] Processor: start processing batch b9614e10-9769-4e6f-8f73-3a514a925166 into model nwt
I0607 15:20:56.715695 99389440 processor.cc:292] Processor: complete processing batch bd332c4a-e676-4df2-83c1-da9a84d98382 into model nwt
I0607 15:20:56.719946 98852864 processor.cc:292] Processor: complete processing batch e8caefe5-4bb9-4617-b6f3-078b4ba3c69f into model nwt
I0607 15:20:56.720769 99389440 cuckoo_watch.h:45] 62ms in ProcessBatch(school_batches/aaaaae.batch) [including 5ms in LoadMessage; 0ms in FindReuseThetaCacheEntry; 0ms in InitializeTheta; 0ms in CreateRegularizerAgents; 1ms in InitializeSparseNdw; 17ms in InferThetaAndUpdateNwtSparse; 0ms in UpdateCacheEntry; 22ms in CalculateScore(PerplexityScore); 1ms in CalculateScore(SparsityThetaScore); 8ms in CalculateScore(^^^ItemsProcessedScore^^^); ]
I0607 15:20:56.720834 99926016 processor.cc:292] Processor: complete processing batch 9647b7eb-ab62-473e-83f9-8522752f4df1 into model nwt
I0607 15:20:56.722589 98852864 cuckoo_watch.h:45] 64ms in ProcessBatch(school_batches/aaaaad.batch) [including 6ms in LoadMessage; 0ms in FindReuseThetaCacheEntry; 0ms in InitializeTheta; 0ms in CreateRegularizerAgents; 1ms in InitializeSparseNdw; 16ms in InferThetaAndUpdateNwtSparse; 0ms in UpdateCacheEntry; 25ms in CalculateScore(PerplexityScore); 2ms in CalculateScore(SparsityThetaScore); 8ms in CalculateScore(^^^ItemsProcessedScore^^^); ]
I0607 15:20:56.724216 99926016 cuckoo_watch.h:45] 66ms in ProcessBatch(school_batches/aaaaab.batch) [including 7ms in LoadMessage; 0ms in FindReuseThetaCacheEntry; 0ms in InitializeTheta; 0ms in CreateRegularizerAgents; 1ms in InitializeSparseNdw; 17ms in InferThetaAndUpdateNwtSparse; 0ms in UpdateCacheEntry; 26ms in CalculateScore(PerplexityScore); 1ms in CalculateScore(SparsityThetaScore); 8ms in CalculateScore(^^^ItemsProcessedScore^^^); ]
I0607 15:20:56.726469 100462592 processor.cc:292] Processor: complete processing batch b9614e10-9769-4e6f-8f73-3a514a925166 into model nwt
I0607 15:20:56.727260 99389440 processor.cc:158] Processor: start processing batch 5bd66d53-b36b-4cbb-90b4-8021e5b537bd into model nwt
I0607 15:20:56.727936 100462592 cuckoo_watch.h:45] 69ms in ProcessBatch(school_batches/aaaaaa.batch) [including 7ms in LoadMessage; 0ms in FindReuseThetaCacheEntry; 0ms in InitializeTheta; 0ms in CreateRegularizerAgents; 1ms in InitializeSparseNdw; 18ms in InferThetaAndUpdateNwtSparse; 0ms in UpdateCacheEntry; 27ms in CalculateScore(PerplexityScore); 2ms in CalculateScore(SparsityThetaScore); 9ms in CalculateScore(^^^ItemsProcessedScore^^^); ]
I0607 15:20:56.746556 98852864 processor.cc:74] No data in processing queue, waiting...
I0607 15:20:56.747846 99926016 processor.cc:74] No data in processing queue, waiting...
I0607 15:20:56.751662 100462592 processor.cc:74] No data in processing queue, waiting...
I0607 15:20:56.759932 99389440 processor.cc:292] Processor: complete processing batch 5bd66d53-b36b-4cbb-90b4-8021e5b537bd into model nwt
I0607 15:20:56.761211 99389440 cuckoo_watch.h:45] 40ms in ProcessBatch(school_batches/aaaaac.batch) [including 6ms in LoadMessage; 0ms in FindReuseThetaCacheEntry; 0ms in InitializeTheta; 0ms in CreateRegularizerAgents; 0ms in InitializeSparseNdw; 12ms in InferThetaAndUpdateNwtSparse; 0ms in UpdateCacheEntry; 12ms in CalculateScore(PerplexityScore); 1ms in CalculateScore(SparsityThetaScore); 5ms in CalculateScore(^^^ItemsProcessedScore^^^); ]
I0607 15:20:56.761911 353887680 master_component.cc:1442] RegularizeModelArgs: rwt_target_name=rwt, pwt_source_name=pwt, nwt_source_name=nwt
I0607 15:20:56.761936 353887680 master_component.cc:975] MasterComponent: start regularizing model pwt
I0607 15:20:56.786729 99389440 processor.cc:74] No data in processing queue, waiting...
I0607 15:20:56.809633 353887680 master_component.cc:1001] MasterComponent: complete regularizing model pwt
I0607 15:20:56.809650 353887680 master_component.cc:1455] NormalizeModelArgs: pwt_target_name=pwt, nwt_source_name=nwt, rwt_source_name=rwt
I0607 15:20:56.809656 353887680 master_component.cc:1005] MasterComponent: start normalizing model nwt
I0607 15:20:56.842967 353887680 master_component.cc:1033] MasterComponent: complete normalizing model nwt
I0607 15:20:56.856300 353887680 master_component.cc:1479] DisposeModel rwt
I0607 15:20:56.864639 353887680 master_component.cc:1058] FitOffline: ItemsProcessed, num_items=476, num_batches=5, token_weight=160411, token_weight_in_effect=160411
I0607 15:20:56.864848 353887680 c_interface.cc:389] Pass FitOfflineMasterModelArgs, batch_filename_size=5, batch_weight_size=5, num_collection_passes=1, reset_nwt=yes to MN4artm4core15MasterComponentEFvRKNS_25FitOfflineMasterModelArgsEE
I0607 15:20:56.864861 353887680 master_component.cc:1404] ProcessBatchesArgs: nwt_target_name=nwt, batch_filename_size=5, batch_size=0, batch_weight_size=5, pwt_source_name=pwt, num_document_passes=1, regularizer=(name:SparsePhi, tau:-100), reuse_theta=yes, opt_for_avx=yes, predict_class_id=, reset_nwt=yes
I0607 15:20:56.870026 99926016 processor.cc:81] Processing queue has data, processing started
I0607 15:20:56.870026 98852864 processor.cc:81] Processing queue has data, processing started
I0607 15:20:56.870043 100462592 processor.cc:81] Processing queue has data, processing started
I0607 15:20:56.870043 99389440 processor.cc:81] Processing queue has data, processing started
I0607 15:20:56.874023 100462592 processor.cc:158] Processor: start processing batch bd332c4a-e676-4df2-83c1-da9a84d98382 into model nwt
I0607 15:20:56.874583 98852864 processor.cc:158] Processor: start processing batch 9647b7eb-ab62-473e-83f9-8522752f4df1 into model nwt
I0607 15:20:56.874622 99926016 processor.cc:158] Processor: start processing batch e8caefe5-4bb9-4617-b6f3-078b4ba3c69f into model nwt
I0607 15:20:56.874794 99389440 processor.cc:158] Processor: start processing batch b9614e10-9769-4e6f-8f73-3a514a925166 into model nwt
I0607 15:20:56.944245 100462592 processor.cc:292] Processor: complete processing batch bd332c4a-e676-4df2-83c1-da9a84d98382 into model nwt
I0607 15:20:56.948340 98852864 processor.cc:292] Processor: complete processing batch 9647b7eb-ab62-473e-83f9-8522752f4df1 into model nwt
I0607 15:20:56.948716 100462592 cuckoo_watch.h:45] 78ms in ProcessBatch(school_batches/aaaaae.batch) [including 3ms in LoadMessage; 0ms in FindReuseThetaCacheEntry; 0ms in InitializeTheta; 0ms in CreateRegularizerAgents; 1ms in InitializeSparseNdw; 19ms in InferThetaAndUpdateNwtSparse; 0ms in UpdateCacheEntry; 36ms in CalculateScore(PerplexityScore); 1ms in CalculateScore(SparsityThetaScore); 10ms in CalculateScore(^^^ItemsProcessedScore^^^); ]
I0607 15:20:56.952904 98852864 cuckoo_watch.h:45] 82ms in ProcessBatch(school_batches/aaaaab.batch) [including 4ms in LoadMessage; 0ms in FindReuseThetaCacheEntry; 0ms in InitializeTheta; 0ms in CreateRegularizerAgents; 1ms in InitializeSparseNdw; 18ms in InferThetaAndUpdateNwtSparse; 0ms in UpdateCacheEntry; 41ms in CalculateScore(PerplexityScore); 3ms in CalculateScore(SparsityThetaScore); 9ms in CalculateScore(^^^ItemsProcessedScore^^^); ]
I0607 15:20:56.954352 99926016 processor.cc:292] Processor: complete processing batch e8caefe5-4bb9-4617-b6f3-078b4ba3c69f into model nwt
I0607 15:20:56.955533 99926016 cuckoo_watch.h:45] 85ms in ProcessBatch(school_batches/aaaaad.batch) [including 4ms in LoadMessage; 0ms in FindReuseThetaCacheEntry; 0ms in InitializeTheta; 0ms in CreateRegularizerAgents; 1ms in InitializeSparseNdw; 25ms in InferThetaAndUpdateNwtSparse; 0ms in UpdateCacheEntry; 43ms in CalculateScore(PerplexityScore); 1ms in CalculateScore(SparsityThetaScore); 7ms in CalculateScore(^^^ItemsProcessedScore^^^); ]
I0607 15:20:56.955813 100462592 processor.cc:158] Processor: start processing batch 5bd66d53-b36b-4cbb-90b4-8021e5b537bd into model nwt
I0607 15:20:56.962576 99389440 processor.cc:292] Processor: complete processing batch b9614e10-9769-4e6f-8f73-3a514a925166 into model nwt
I0607 15:20:56.963693 99389440 cuckoo_watch.h:45] 93ms in ProcessBatch(school_batches/aaaaaa.batch) [including 4ms in LoadMessage; 0ms in FindReuseThetaCacheEntry; 0ms in InitializeTheta; 0ms in CreateRegularizerAgents; 1ms in InitializeSparseNdw; 51ms in InferThetaAndUpdateNwtSparse; 0ms in UpdateCacheEntry; 27ms in CalculateScore(PerplexityScore); 1ms in CalculateScore(SparsityThetaScore); 5ms in CalculateScore(^^^ItemsProcessedScore^^^); ]
I0607 15:20:56.977183 98852864 processor.cc:74] No data in processing queue, waiting...
I0607 15:20:56.979760 99926016 processor.cc:74] No data in processing queue, waiting...
I0607 15:20:56.986400 100462592 processor.cc:292] Processor: complete processing batch 5bd66d53-b36b-4cbb-90b4-8021e5b537bd into model nwt
I0607 15:20:56.987438 99389440 processor.cc:74] No data in processing queue, waiting...
I0607 15:20:56.987598 100462592 cuckoo_watch.h:45] 38ms in ProcessBatch(school_batches/aaaaac.batch) [including 7ms in LoadMessage; 0ms in FindReuseThetaCacheEntry; 0ms in InitializeTheta; 0ms in CreateRegularizerAgents; 0ms in InitializeSparseNdw; 12ms in InferThetaAndUpdateNwtSparse; 0ms in UpdateCacheEntry; 11ms in CalculateScore(PerplexityScore); 1ms in CalculateScore(SparsityThetaScore); 5ms in CalculateScore(^^^ItemsProcessedScore^^^); ]
I0607 15:20:56.988899 353887680 master_component.cc:1442] RegularizeModelArgs: rwt_target_name=rwt, pwt_source_name=pwt, nwt_source_name=nwt
I0607 15:20:56.988926 353887680 master_component.cc:975] MasterComponent: start regularizing model pwt
I0607 15:20:57.011755 100462592 processor.cc:74] No data in processing queue, waiting...
I0607 15:20:57.034294 353887680 master_component.cc:1001] MasterComponent: complete regularizing model pwt
I0607 15:20:57.034310 353887680 master_component.cc:1455] NormalizeModelArgs: pwt_target_name=pwt, nwt_source_name=nwt, rwt_source_name=rwt
I0607 15:20:57.034315 353887680 master_component.cc:1005] MasterComponent: start normalizing model nwt
I0607 15:20:57.066157 353887680 master_component.cc:1033] MasterComponent: complete normalizing model nwt
I0607 15:20:57.079263 353887680 master_component.cc:1479] DisposeModel rwt
I0607 15:20:57.086990 353887680 master_component.cc:1058] FitOffline: ItemsProcessed, num_items=476, num_batches=5, token_weight=160411, token_weight_in_effect=160411
I0607 15:20:57.087204 353887680 c_interface.cc:389] Pass FitOfflineMasterModelArgs, batch_filename_size=5, batch_weight_size=5, num_collection_passes=1, reset_nwt=yes to MN4artm4core15MasterComponentEFvRKNS_25FitOfflineMasterModelArgsEE
I0607 15:20:57.087216 353887680 master_component.cc:1404] ProcessBatchesArgs: nwt_target_name=nwt, batch_filename_size=5, batch_size=0, batch_weight_size=5, pwt_source_name=pwt, num_document_passes=1, regularizer=(name:SparsePhi, tau:-100), reuse_theta=yes, opt_for_avx=yes, predict_class_id=, reset_nwt=yes
I0607 15:20:57.093585 99389440 processor.cc:81] Processing queue has data, processing started
I0607 15:20:57.093600 99926016 processor.cc:81] Processing queue has data, processing started
I0607 15:20:57.093597 98852864 processor.cc:81] Processing queue has data, processing started
I0607 15:20:57.093614 100462592 processor.cc:81] Processing queue has data, processing started
I0607 15:20:57.097959 99926016 processor.cc:158] Processor: start processing batch bd332c4a-e676-4df2-83c1-da9a84d98382 into model nwt
I0607 15:20:57.098248 99389440 processor.cc:158] Processor: start processing batch e8caefe5-4bb9-4617-b6f3-078b4ba3c69f into model nwt
I0607 15:20:57.098399 98852864 processor.cc:158] Processor: start processing batch 9647b7eb-ab62-473e-83f9-8522752f4df1 into model nwt
I0607 15:20:57.099202 100462592 processor.cc:158] Processor: start processing batch b9614e10-9769-4e6f-8f73-3a514a925166 into model nwt
I0607 15:20:57.140839 99926016 processor.cc:292] Processor: complete processing batch bd332c4a-e676-4df2-83c1-da9a84d98382 into model nwt
I0607 15:20:57.143627 99926016 cuckoo_watch.h:45] 50ms in ProcessBatch(school_batches/aaaaae.batch) [including 4ms in LoadMessage; 0ms in FindReuseThetaCacheEntry; 0ms in InitializeTheta; 0ms in CreateRegularizerAgents; 1ms in InitializeSparseNdw; 16ms in InferThetaAndUpdateNwtSparse; 0ms in UpdateCacheEntry; 15ms in CalculateScore(PerplexityScore); 1ms in CalculateScore(SparsityThetaScore); 7ms in CalculateScore(^^^ItemsProcessedScore^^^); ]
I0607 15:20:57.148444 98852864 processor.cc:292] Processor: complete processing batch 9647b7eb-ab62-473e-83f9-8522752f4df1 into model nwt
I0607 15:20:57.152979 98852864 cuckoo_watch.h:45] 59ms in ProcessBatch(school_batches/aaaaab.batch) [including 4ms in LoadMessage; 0ms in FindReuseThetaCacheEntry; 0ms in InitializeTheta; 0ms in CreateRegularizerAgents; 1ms in InitializeSparseNdw; 16ms in InferThetaAndUpdateNwtSparse; 0ms in UpdateCacheEntry; 19ms in CalculateScore(PerplexityScore); 1ms in CalculateScore(SparsityThetaScore); 10ms in CalculateScore(^^^ItemsProcessedScore^^^); ]
I0607 15:20:57.169401 99926016 processor.cc:158] Processor: start processing batch 5bd66d53-b36b-4cbb-90b4-8021e5b537bd into model nwt
I0607 15:20:57.206864 99389440 processor.cc:292] Processor: complete processing batch e8caefe5-4bb9-4617-b6f3-078b4ba3c69f into model nwt
I0607 15:20:57.208582 99389440 cuckoo_watch.h:45] 114ms in ProcessBatch(school_batches/aaaaad.batch) [including 4ms in LoadMessage; 0ms in FindReuseThetaCacheEntry; 0ms in InitializeTheta; 0ms in CreateRegularizerAgents; 1ms in InitializeSparseNdw; 16ms in InferThetaAndUpdateNwtSparse; 0ms in UpdateCacheEntry; 19ms in CalculateScore(PerplexityScore); 1ms in CalculateScore(SparsityThetaScore); 70ms in CalculateScore(^^^ItemsProcessedScore^^^); ]
I0607 15:20:57.230577 100462592 processor.cc:292] Processor: complete processing batch b9614e10-9769-4e6f-8f73-3a514a925166 into model nwt
I0607 15:20:57.231848 100462592 cuckoo_watch.h:45] 137ms in ProcessBatch(school_batches/aaaaaa.batch) [including 4ms in LoadMessage; 0ms in FindReuseThetaCacheEntry; 0ms in InitializeTheta; 0ms in CreateRegularizerAgents; 3ms in InitializeSparseNdw; 24ms in InferThetaAndUpdateNwtSparse; 0ms in UpdateCacheEntry; 94ms in CalculateScore(PerplexityScore); 1ms in CalculateScore(SparsityThetaScore); 7ms in CalculateScore(^^^ItemsProcessedScore^^^); ]
I0607 15:20:57.243010 98852864 processor.cc:74] No data in processing queue, waiting...
I0607 15:20:57.244486 99389440 processor.cc:74] No data in processing queue, waiting...
I0607 15:20:57.254554 99926016 processor.cc:292] Processor: complete processing batch 5bd66d53-b36b-4cbb-90b4-8021e5b537bd into model nwt
I0607 15:20:57.255705 99926016 cuckoo_watch.h:45] 112ms in ProcessBatch(school_batches/aaaaac.batch) [including 25ms in LoadMessage; 0ms in FindReuseThetaCacheEntry; 0ms in InitializeTheta; 0ms in CreateRegularizerAgents; 1ms in InitializeSparseNdw; 60ms in InferThetaAndUpdateNwtSparse; 0ms in UpdateCacheEntry; 15ms in CalculateScore(PerplexityScore); 0ms in CalculateScore(SparsityThetaScore); 6ms in CalculateScore(^^^ItemsProcessedScore^^^); ]
I0607 15:20:57.255731 100462592 processor.cc:74] No data in processing queue, waiting...
I0607 15:20:57.255740 353887680 master_component.cc:1442] RegularizeModelArgs: rwt_target_name=rwt, pwt_source_name=pwt, nwt_source_name=nwt
I0607 15:20:57.255749 353887680 master_component.cc:975] MasterComponent: start regularizing model pwt
I0607 15:20:57.285660 99926016 processor.cc:74] No data in processing queue, waiting...
I0607 15:20:57.316581 353887680 master_component.cc:1001] MasterComponent: complete regularizing model pwt
I0607 15:20:57.316596 353887680 master_component.cc:1455] NormalizeModelArgs: pwt_target_name=pwt, nwt_source_name=nwt, rwt_source_name=rwt
I0607 15:20:57.316602 353887680 master_component.cc:1005] MasterComponent: start normalizing model nwt
I0607 15:20:57.351955 353887680 master_component.cc:1033] MasterComponent: complete normalizing model nwt
I0607 15:20:57.365340 353887680 master_component.cc:1479] DisposeModel rwt
I0607 15:20:57.371423 353887680 master_component.cc:1058] FitOffline: ItemsProcessed, num_items=476, num_batches=5, token_weight=160411, token_weight_in_effect=160411
I0607 15:20:57.371871 353887680 c_interface.cc:389] Pass FitOfflineMasterModelArgs, batch_filename_size=5, batch_weight_size=5, num_collection_passes=1, reset_nwt=yes to MN4artm4core15MasterComponentEFvRKNS_25FitOfflineMasterModelArgsEE
I0607 15:20:57.371889 353887680 master_component.cc:1404] ProcessBatchesArgs: nwt_target_name=nwt, batch_filename_size=5, batch_size=0, batch_weight_size=5, pwt_source_name=pwt, num_document_passes=1, regularizer=(name:SparsePhi, tau:-100), reuse_theta=yes, opt_for_avx=yes, predict_class_id=, reset_nwt=yes
I0607 15:20:57.377552 98852864 processor.cc:81] Processing queue has data, processing started
I0607 15:20:57.377552 99389440 processor.cc:81] Processing queue has data, processing started
I0607 15:20:57.377583 100462592 processor.cc:81] Processing queue has data, processing started
I0607 15:20:57.377599 99926016 processor.cc:81] Processing queue has data, processing started
I0607 15:20:57.381562 99389440 processor.cc:158] Processor: start processing batch e8caefe5-4bb9-4617-b6f3-078b4ba3c69f into model nwt
I0607 15:20:57.382333 100462592 processor.cc:158] Processor: start processing batch bd332c4a-e676-4df2-83c1-da9a84d98382 into model nwt
I0607 15:20:57.382442 98852864 processor.cc:158] Processor: start processing batch 9647b7eb-ab62-473e-83f9-8522752f4df1 into model nwt
I0607 15:20:57.382769 99926016 processor.cc:158] Processor: start processing batch b9614e10-9769-4e6f-8f73-3a514a925166 into model nwt
I0607 15:20:57.433686 100462592 processor.cc:292] Processor: complete processing batch bd332c4a-e676-4df2-83c1-da9a84d98382 into model nwt
I0607 15:20:57.436784 98852864 processor.cc:292] Processor: complete processing batch 9647b7eb-ab62-473e-83f9-8522752f4df1 into model nwt
I0607 15:20:57.436935 99389440 processor.cc:292] Processor: complete processing batch e8caefe5-4bb9-4617-b6f3-078b4ba3c69f into model nwt
I0607 15:20:57.437441 100462592 cuckoo_watch.h:45] 59ms in ProcessBatch(school_batches/aaaaae.batch) [including 4ms in LoadMessage; 0ms in FindReuseThetaCacheEntry; 0ms in InitializeTheta; 0ms in CreateRegularizerAgents; 1ms in InitializeSparseNdw; 19ms in InferThetaAndUpdateNwtSparse; 0ms in UpdateCacheEntry; 21ms in CalculateScore(PerplexityScore); 1ms in CalculateScore(SparsityThetaScore); 7ms in CalculateScore(^^^ItemsProcessedScore^^^); ]
I0607 15:20:57.440407 98852864 cuckoo_watch.h:45] 62ms in ProcessBatch(school_batches/aaaaab.batch) [including 4ms in LoadMessage; 0ms in FindReuseThetaCacheEntry; 0ms in InitializeTheta; 0ms in CreateRegularizerAgents; 1ms in InitializeSparseNdw; 19ms in InferThetaAndUpdateNwtSparse; 0ms in UpdateCacheEntry; 22ms in CalculateScore(PerplexityScore); 1ms in CalculateScore(SparsityThetaScore); 9ms in CalculateScore(^^^ItemsProcessedScore^^^); ]
I0607 15:20:57.441059 99389440 cuckoo_watch.h:45] 63ms in ProcessBatch(school_batches/aaaaad.batch) [including 3ms in LoadMessage; 0ms in FindReuseThetaCacheEntry; 0ms in InitializeTheta; 0ms in CreateRegularizerAgents; 1ms in InitializeSparseNdw; 20ms in InferThetaAndUpdateNwtSparse; 0ms in UpdateCacheEntry; 23ms in CalculateScore(PerplexityScore); 1ms in CalculateScore(SparsityThetaScore); 8ms in CalculateScore(^^^ItemsProcessedScore^^^); ]
