I0607 15:38:11.612753 343057856 master_component.cc:1404] ProcessBatchesArgs: nwt_target_name=nwt, batch_filename_size=5, batch_size=0, batch_weight_size=5, pwt_source_name=pwt, num_document_passes=1, regularizer=(name:SparsePhi, tau:-100), reuse_theta=yes, opt_for_avx=yes, predict_class_id=, reset_nwt=yes
I0607 15:38:11.618353 142721024 processor.cc:81] Processing queue has data, processing started
I0607 15:38:11.618355 143257600 processor.cc:81] Processing queue has data, processing started
I0607 15:38:11.618386 141647872 processor.cc:81] Processing queue has data, processing started
I0607 15:38:11.618386 142184448 processor.cc:81] Processing queue has data, processing started
I0607 15:38:11.622404 141647872 processor.cc:158] Processor: start processing batch 8ac79cec-e218-4eff-a004-e0a5762a26d5 into model nwt
I0607 15:38:11.622663 142721024 processor.cc:158] Processor: start processing batch de8e4981-780c-46d2-a50f-c77d9d86f985 into model nwt
I0607 15:38:11.622758 142184448 processor.cc:158] Processor: start processing batch 209029d3-c311-4a97-8ab6-bacbeecf154d into model nwt
I0607 15:38:11.622776 143257600 processor.cc:158] Processor: start processing batch 8cb5a5b1-0361-455a-b641-f402efef5d2b into model nwt
I0607 15:38:11.665506 141647872 processor.cc:292] Processor: complete processing batch 8ac79cec-e218-4eff-a004-e0a5762a26d5 into model nwt
I0607 15:38:11.667162 142721024 processor.cc:292] Processor: complete processing batch de8e4981-780c-46d2-a50f-c77d9d86f985 into model nwt
I0607 15:38:11.669222 142721024 cuckoo_watch.h:45] 50ms in ProcessBatch(school_batches/aaaaad.batch) [including 4ms in LoadMessage; 0ms in FindReuseThetaCacheEntry; 0ms in InitializeTheta; 0ms in CreateRegularizerAgents; 1ms in InitializeSparseNdw; 15ms in InferThetaAndUpdateNwtSparse; 0ms in UpdateCacheEntry; 17ms in CalculateScore(PerplexityScore); 1ms in CalculateScore(SparsityThetaScore); 7ms in CalculateScore(^^^ItemsProcessedScore^^^); ]
I0607 15:38:11.670181 143257600 processor.cc:292] Processor: complete processing batch 8cb5a5b1-0361-455a-b641-f402efef5d2b into model nwt
I0607 15:38:11.670888 141647872 cuckoo_watch.h:45] 52ms in ProcessBatch(school_batches/aaaaae.batch) [including 3ms in LoadMessage; 0ms in FindReuseThetaCacheEntry; 0ms in InitializeTheta; 0ms in CreateRegularizerAgents; 1ms in InitializeSparseNdw; 15ms in InferThetaAndUpdateNwtSparse; 0ms in UpdateCacheEntry; 16ms in CalculateScore(PerplexityScore); 1ms in CalculateScore(SparsityThetaScore); 7ms in CalculateScore(^^^ItemsProcessedScore^^^); ]
I0607 15:38:11.672425 143257600 cuckoo_watch.h:45] 54ms in ProcessBatch(school_batches/aaaaab.batch) [including 4ms in LoadMessage; 0ms in FindReuseThetaCacheEntry; 0ms in InitializeTheta; 0ms in CreateRegularizerAgents; 1ms in InitializeSparseNdw; 15ms in InferThetaAndUpdateNwtSparse; 0ms in UpdateCacheEntry; 18ms in CalculateScore(PerplexityScore); 1ms in CalculateScore(SparsityThetaScore); 9ms in CalculateScore(^^^ItemsProcessedScore^^^); ]
I0607 15:38:11.672713 142721024 processor.cc:158] Processor: start processing batch 20c5ee68-7da4-4c89-b491-d667f089fdc9 into model nwt
I0607 15:38:11.678864 142184448 processor.cc:292] Processor: complete processing batch 209029d3-c311-4a97-8ab6-bacbeecf154d into model nwt
I0607 15:38:11.679980 142184448 cuckoo_watch.h:45] 61ms in ProcessBatch(school_batches/aaaaaa.batch) [including 4ms in LoadMessage; 0ms in FindReuseThetaCacheEntry; 0ms in InitializeTheta; 0ms in CreateRegularizerAgents; 2ms in InitializeSparseNdw; 17ms in InferThetaAndUpdateNwtSparse; 0ms in UpdateCacheEntry; 19ms in CalculateScore(PerplexityScore); 1ms in CalculateScore(SparsityThetaScore); 14ms in CalculateScore(^^^ItemsProcessedScore^^^); ]
I0607 15:38:11.693586 141647872 processor.cc:74] No data in processing queue, waiting...
I0607 15:38:11.694898 143257600 processor.cc:74] No data in processing queue, waiting...
I0607 15:38:11.703348 142184448 processor.cc:74] No data in processing queue, waiting...
I0607 15:38:11.728469 142721024 processor.cc:292] Processor: complete processing batch 20c5ee68-7da4-4c89-b491-d667f089fdc9 into model nwt
I0607 15:38:11.729831 142721024 cuckoo_watch.h:45] 60ms in ProcessBatch(school_batches/aaaaac.batch) [including 3ms in LoadMessage; 0ms in FindReuseThetaCacheEntry; 0ms in InitializeTheta; 0ms in CreateRegularizerAgents; 1ms in InitializeSparseNdw; 14ms in InferThetaAndUpdateNwtSparse; 0ms in UpdateCacheEntry; 23ms in CalculateScore(PerplexityScore); 1ms in CalculateScore(SparsityThetaScore); 13ms in CalculateScore(^^^ItemsProcessedScore^^^); ]
I0607 15:38:11.730911 343057856 master_component.cc:1442] RegularizeModelArgs: rwt_target_name=rwt, pwt_source_name=pwt, nwt_source_name=nwt
I0607 15:38:11.730928 343057856 master_component.cc:975] MasterComponent: start regularizing model pwt
I0607 15:38:11.757735 142721024 processor.cc:74] No data in processing queue, waiting...
I0607 15:38:11.820569 343057856 master_component.cc:1001] MasterComponent: complete regularizing model pwt
I0607 15:38:11.820585 343057856 master_component.cc:1455] NormalizeModelArgs: pwt_target_name=pwt, nwt_source_name=nwt, rwt_source_name=rwt
I0607 15:38:11.820591 343057856 master_component.cc:1005] MasterComponent: start normalizing model nwt
I0607 15:38:11.851006 343057856 master_component.cc:1033] MasterComponent: complete normalizing model nwt
I0607 15:38:11.862304 343057856 master_component.cc:1479] DisposeModel rwt
I0607 15:38:11.869546 343057856 master_component.cc:1058] FitOffline: ItemsProcessed, num_items=476, num_batches=5, token_weight=160411, token_weight_in_effect=160411
I0607 15:38:11.869803 343057856 c_interface.cc:389] Pass FitOfflineMasterModelArgs, batch_filename_size=5, batch_weight_size=5, num_collection_passes=1, reset_nwt=yes to MN4artm4core15MasterComponentEFvRKNS_25FitOfflineMasterModelArgsEE
I0607 15:38:11.869817 343057856 master_component.cc:1404] ProcessBatchesArgs: nwt_target_name=nwt, batch_filename_size=5, batch_size=0, batch_weight_size=5, pwt_source_name=pwt, num_document_passes=1, regularizer=(name:SparsePhi, tau:-100), reuse_theta=yes, opt_for_avx=yes, predict_class_id=, reset_nwt=yes
I0607 15:38:11.875569 141647872 processor.cc:81] Processing queue has data, processing started
I0607 15:38:11.875569 143257600 processor.cc:81] Processing queue has data, processing started
I0607 15:38:11.875603 142184448 processor.cc:81] Processing queue has data, processing started
I0607 15:38:11.875604 142721024 processor.cc:81] Processing queue has data, processing started
I0607 15:38:11.879954 141647872 processor.cc:158] Processor: start processing batch de8e4981-780c-46d2-a50f-c77d9d86f985 into model nwt
I0607 15:38:11.880077 143257600 processor.cc:158] Processor: start processing batch 8cb5a5b1-0361-455a-b641-f402efef5d2b into model nwt
I0607 15:38:11.880410 142184448 processor.cc:158] Processor: start processing batch 8ac79cec-e218-4eff-a004-e0a5762a26d5 into model nwt
I0607 15:38:11.881229 142721024 processor.cc:158] Processor: start processing batch 209029d3-c311-4a97-8ab6-bacbeecf154d into model nwt
I0607 15:38:11.922214 142184448 processor.cc:292] Processor: complete processing batch 8ac79cec-e218-4eff-a004-e0a5762a26d5 into model nwt
I0607 15:38:11.925382 142184448 cuckoo_watch.h:45] 49ms in ProcessBatch(school_batches/aaaaae.batch) [including 4ms in LoadMessage; 0ms in FindReuseThetaCacheEntry; 0ms in InitializeTheta; 0ms in CreateRegularizerAgents; 1ms in InitializeSparseNdw; 15ms in InferThetaAndUpdateNwtSparse; 0ms in UpdateCacheEntry; 16ms in CalculateScore(PerplexityScore); 1ms in CalculateScore(SparsityThetaScore); 7ms in CalculateScore(^^^ItemsProcessedScore^^^); ]
I0607 15:38:11.927547 141647872 processor.cc:292] Processor: complete processing batch de8e4981-780c-46d2-a50f-c77d9d86f985 into model nwt
I0607 15:38:11.928050 143257600 processor.cc:292] Processor: complete processing batch 8cb5a5b1-0361-455a-b641-f402efef5d2b into model nwt
I0607 15:38:11.929421 142184448 processor.cc:158] Processor: start processing batch 20c5ee68-7da4-4c89-b491-d667f089fdc9 into model nwt
I0607 15:38:11.929515 141647872 cuckoo_watch.h:45] 53ms in ProcessBatch(school_batches/aaaaad.batch) [including 4ms in LoadMessage; 0ms in FindReuseThetaCacheEntry; 0ms in InitializeTheta; 0ms in CreateRegularizerAgents; 1ms in InitializeSparseNdw; 16ms in InferThetaAndUpdateNwtSparse; 0ms in UpdateCacheEntry; 18ms in CalculateScore(PerplexityScore); 1ms in CalculateScore(SparsityThetaScore); 9ms in CalculateScore(^^^ItemsProcessedScore^^^); ]
I0607 15:38:11.931808 143257600 cuckoo_watch.h:45] 56ms in ProcessBatch(school_batches/aaaaab.batch) [including 4ms in LoadMessage; 0ms in FindReuseThetaCacheEntry; 0ms in InitializeTheta; 0ms in CreateRegularizerAgents; 1ms in InitializeSparseNdw; 16ms in InferThetaAndUpdateNwtSparse; 0ms in UpdateCacheEntry; 20ms in CalculateScore(PerplexityScore); 1ms in CalculateScore(SparsityThetaScore); 7ms in CalculateScore(^^^ItemsProcessedScore^^^); ]
I0607 15:38:11.936888 142721024 processor.cc:292] Processor: complete processing batch 209029d3-c311-4a97-8ab6-bacbeecf154d into model nwt
I0607 15:38:11.937948 142721024 cuckoo_watch.h:45] 61ms in ProcessBatch(school_batches/aaaaaa.batch) [including 4ms in LoadMessage; 0ms in FindReuseThetaCacheEntry; 0ms in InitializeTheta; 0ms in CreateRegularizerAgents; 1ms in InitializeSparseNdw; 18ms in InferThetaAndUpdateNwtSparse; 0ms in UpdateCacheEntry; 25ms in CalculateScore(PerplexityScore); 2ms in CalculateScore(SparsityThetaScore); 9ms in CalculateScore(^^^ItemsProcessedScore^^^); ]
I0607 15:38:11.953326 141647872 processor.cc:74] No data in processing queue, waiting...
I0607 15:38:11.955791 143257600 processor.cc:74] No data in processing queue, waiting...
I0607 15:38:11.961982 142184448 processor.cc:292] Processor: complete processing batch 20c5ee68-7da4-4c89-b491-d667f089fdc9 into model nwt
I0607 15:38:11.962553 142721024 processor.cc:74] No data in processing queue, waiting...
I0607 15:38:11.963075 142184448 cuckoo_watch.h:45] 37ms in ProcessBatch(school_batches/aaaaac.batch) [including 4ms in LoadMessage; 0ms in FindReuseThetaCacheEntry; 0ms in InitializeTheta; 0ms in CreateRegularizerAgents; 1ms in InitializeSparseNdw; 11ms in InferThetaAndUpdateNwtSparse; 0ms in UpdateCacheEntry; 13ms in CalculateScore(PerplexityScore); 1ms in CalculateScore(SparsityThetaScore); 5ms in CalculateScore(^^^ItemsProcessedScore^^^); ]
I0607 15:38:11.963703 343057856 master_component.cc:1442] RegularizeModelArgs: rwt_target_name=rwt, pwt_source_name=pwt, nwt_source_name=nwt
I0607 15:38:11.963724 343057856 master_component.cc:975] MasterComponent: start regularizing model pwt
I0607 15:38:11.987258 142184448 processor.cc:74] No data in processing queue, waiting...
I0607 15:38:12.010948 343057856 master_component.cc:1001] MasterComponent: complete regularizing model pwt
I0607 15:38:12.010965 343057856 master_component.cc:1455] NormalizeModelArgs: pwt_target_name=pwt, nwt_source_name=nwt, rwt_source_name=rwt
I0607 15:38:12.010972 343057856 master_component.cc:1005] MasterComponent: start normalizing model nwt
I0607 15:38:12.040865 343057856 master_component.cc:1033] MasterComponent: complete normalizing model nwt
I0607 15:38:12.052158 343057856 master_component.cc:1479] DisposeModel rwt
I0607 15:38:12.059252 343057856 master_component.cc:1058] FitOffline: ItemsProcessed, num_items=476, num_batches=5, token_weight=160411, token_weight_in_effect=160411
I0607 15:38:12.059466 343057856 c_interface.cc:389] Pass FitOfflineMasterModelArgs, batch_filename_size=5, batch_weight_size=5, num_collection_passes=1, reset_nwt=yes to MN4artm4core15MasterComponentEFvRKNS_25FitOfflineMasterModelArgsEE
I0607 15:38:12.059478 343057856 master_component.cc:1404] ProcessBatchesArgs: nwt_target_name=nwt, batch_filename_size=5, batch_size=0, batch_weight_size=5, pwt_source_name=pwt, num_document_passes=1, regularizer=(name:SparsePhi, tau:-100), reuse_theta=yes, opt_for_avx=yes, predict_class_id=, reset_nwt=yes
I0607 15:38:12.064168 141647872 processor.cc:81] Processing queue has data, processing started
I0607 15:38:12.064168 143257600 processor.cc:81] Processing queue has data, processing started
I0607 15:38:12.064182 142721024 processor.cc:81] Processing queue has data, processing started
I0607 15:38:12.064954 142184448 processor.cc:81] Processing queue has data, processing started
I0607 15:38:12.067262 142721024 processor.cc:158] Processor: start processing batch 8ac79cec-e218-4eff-a004-e0a5762a26d5 into model nwt
I0607 15:38:12.068156 141647872 processor.cc:158] Processor: start processing batch de8e4981-780c-46d2-a50f-c77d9d86f985 into model nwt
I0607 15:38:12.068230 143257600 processor.cc:158] Processor: start processing batch 8cb5a5b1-0361-455a-b641-f402efef5d2b into model nwt
I0607 15:38:12.069010 142184448 processor.cc:158] Processor: start processing batch 209029d3-c311-4a97-8ab6-bacbeecf154d into model nwt
I0607 15:38:12.112634 142721024 processor.cc:292] Processor: complete processing batch 8ac79cec-e218-4eff-a004-e0a5762a26d5 into model nwt
I0607 15:38:12.113440 143257600 processor.cc:292] Processor: complete processing batch 8cb5a5b1-0361-455a-b641-f402efef5d2b into model nwt
I0607 15:38:12.114140 141647872 processor.cc:292] Processor: complete processing batch de8e4981-780c-46d2-a50f-c77d9d86f985 into model nwt
I0607 15:38:12.115084 142721024 cuckoo_watch.h:45] 50ms in ProcessBatch(school_batches/aaaaae.batch) [including 3ms in LoadMessage; 0ms in FindReuseThetaCacheEntry; 0ms in InitializeTheta; 0ms in CreateRegularizerAgents; 1ms in InitializeSparseNdw; 16ms in InferThetaAndUpdateNwtSparse; 0ms in UpdateCacheEntry; 17ms in CalculateScore(PerplexityScore); 1ms in CalculateScore(SparsityThetaScore); 7ms in CalculateScore(^^^ItemsProcessedScore^^^); ]
I0607 15:38:12.116130 143257600 cuckoo_watch.h:45] 51ms in ProcessBatch(school_batches/aaaaab.batch) [including 4ms in LoadMessage; 0ms in FindReuseThetaCacheEntry; 0ms in InitializeTheta; 0ms in CreateRegularizerAgents; 1ms in InitializeSparseNdw; 15ms in InferThetaAndUpdateNwtSparse; 0ms in UpdateCacheEntry; 18ms in CalculateScore(PerplexityScore); 1ms in CalculateScore(SparsityThetaScore); 8ms in CalculateScore(^^^ItemsProcessedScore^^^); ]
I0607 15:38:12.116853 141647872 cuckoo_watch.h:45] 52ms in ProcessBatch(school_batches/aaaaad.batch) [including 3ms in LoadMessage; 0ms in FindReuseThetaCacheEntry; 0ms in InitializeTheta; 0ms in CreateRegularizerAgents; 1ms in InitializeSparseNdw; 15ms in InferThetaAndUpdateNwtSparse; 0ms in UpdateCacheEntry; 19ms in CalculateScore(PerplexityScore); 1ms in CalculateScore(SparsityThetaScore); 7ms in CalculateScore(^^^ItemsProcessedScore^^^); ]
I0607 15:38:12.117620 142184448 processor.cc:292] Processor: complete processing batch 209029d3-c311-4a97-8ab6-bacbeecf154d into model nwt
I0607 15:38:12.118221 142721024 processor.cc:158] Processor: start processing batch 20c5ee68-7da4-4c89-b491-d667f089fdc9 into model nwt
I0607 15:38:12.118719 142184448 cuckoo_watch.h:45] 53ms in ProcessBatch(school_batches/aaaaaa.batch) [including 4ms in LoadMessage; 0ms in FindReuseThetaCacheEntry; 0ms in InitializeTheta; 0ms in CreateRegularizerAgents; 1ms in InitializeSparseNdw; 15ms in InferThetaAndUpdateNwtSparse; 0ms in UpdateCacheEntry; 18ms in CalculateScore(PerplexityScore); 2ms in CalculateScore(SparsityThetaScore); 10ms in CalculateScore(^^^ItemsProcessedScore^^^); ]
I0607 15:38:12.139377 143257600 processor.cc:74] No data in processing queue, waiting...
I0607 15:38:12.140537 141647872 processor.cc:74] No data in processing queue, waiting...
I0607 15:38:12.141842 142184448 processor.cc:74] No data in processing queue, waiting...
I0607 15:38:12.149825 142721024 processor.cc:292] Processor: complete processing batch 20c5ee68-7da4-4c89-b491-d667f089fdc9 into model nwt
I0607 15:38:12.151003 142721024 cuckoo_watch.h:45] 35ms in ProcessBatch(school_batches/aaaaac.batch) [including 3ms in LoadMessage; 0ms in FindReuseThetaCacheEntry; 0ms in InitializeTheta; 0ms in CreateRegularizerAgents; 0ms in InitializeSparseNdw; 11ms in InferThetaAndUpdateNwtSparse; 0ms in UpdateCacheEntry; 12ms in CalculateScore(PerplexityScore); 0ms in CalculateScore(SparsityThetaScore); 5ms in CalculateScore(^^^ItemsProcessedScore^^^); ]
I0607 15:38:12.151999 343057856 master_component.cc:1442] RegularizeModelArgs: rwt_target_name=rwt, pwt_source_name=pwt, nwt_source_name=nwt
I0607 15:38:12.152021 343057856 master_component.cc:975] MasterComponent: start regularizing model pwt
I0607 15:38:12.174376 142721024 processor.cc:74] No data in processing queue, waiting...
I0607 15:38:12.215036 343057856 master_component.cc:1001] MasterComponent: complete regularizing model pwt
I0607 15:38:12.215052 343057856 master_component.cc:1455] NormalizeModelArgs: pwt_target_name=pwt, nwt_source_name=nwt, rwt_source_name=rwt
I0607 15:38:12.215057 343057856 master_component.cc:1005] MasterComponent: start normalizing model nwt
I0607 15:38:12.277010 343057856 master_component.cc:1033] MasterComponent: complete normalizing model nwt
I0607 15:38:12.304961 343057856 master_component.cc:1479] DisposeModel rwt
I0607 15:38:12.320580 343057856 master_component.cc:1058] FitOffline: ItemsProcessed, num_items=476, num_batches=5, token_weight=160411, token_weight_in_effect=160411
I0607 15:38:12.330720 343057856 c_interface.cc:231] ArtmCopyRequestedMessage is copying 227152 bytes...
I0607 15:38:12.395179 343057856 c_interface.cc:231] ArtmCopyRequestedMessage is copying 227152 bytes...
I0607 15:38:12.458269 343057856 c_interface.cc:231] ArtmCopyRequestedMessage is copying 227152 bytes...
I0607 15:38:12.519081 343057856 c_interface.cc:231] ArtmCopyRequestedMessage is copying 227152 bytes...
I0607 15:38:12.582284 343057856 c_interface.cc:231] ArtmCopyRequestedMessage is copying 227152 bytes...
I0607 15:38:12.642200 343057856 c_interface.cc:231] ArtmCopyRequestedMessage is copying 227152 bytes...
I0607 15:38:12.705765 343057856 c_interface.cc:231] ArtmCopyRequestedMessage is copying 227152 bytes...
I0607 15:38:12.789295 343057856 c_interface.cc:231] ArtmCopyRequestedMessage is copying 227152 bytes...
I0607 15:38:12.891208 343057856 c_interface.cc:231] ArtmCopyRequestedMessage is copying 227152 bytes...
I0607 15:38:12.952334 343057856 c_interface.cc:231] ArtmCopyRequestedMessage is copying 227152 bytes...
I0607 15:38:13.016548 343057856 c_interface.cc:231] ArtmCopyRequestedMessage is copying 227152 bytes...
I0607 15:38:13.080344 343057856 c_interface.cc:231] ArtmCopyRequestedMessage is copying 227152 bytes...
I0607 15:38:13.143136 343057856 c_interface.cc:231] ArtmCopyRequestedMessage is copying 227152 bytes...
I0607 15:38:13.204435 343057856 c_interface.cc:231] ArtmCopyRequestedMessage is copying 227152 bytes...
I0607 15:38:13.266850 343057856 c_interface.cc:231] ArtmCopyRequestedMessage is copying 227152 bytes...
I0607 15:38:13.381603 343057856 c_interface.cc:231] ArtmCopyRequestedMessage is copying 227152 bytes...
I0607 15:38:13.463109 343057856 c_interface.cc:231] ArtmCopyRequestedMessage is copying 227152 bytes...
I0607 15:38:13.536459 343057856 c_interface.cc:231] ArtmCopyRequestedMessage is copying 227152 bytes...
I0607 15:38:13.600034 343057856 c_interface.cc:231] ArtmCopyRequestedMessage is copying 227152 bytes...
I0607 15:38:13.662104 343057856 c_interface.cc:231] ArtmCopyRequestedMessage is copying 227152 bytes...
I0607 15:38:13.729743 343057856 c_interface.cc:389] Pass MasterModelConfig: topic_name_size=10, score_config_size=5, num_processors=0, pwt_name=pwt, nwt_name=nwt, num_document_passes=1, regularizer=(SparsePhi:-50000), reuse_theta=yes, cache_theta=yes, opt_for_avx=yes, disk_cache_path= to MN4artm4core15MasterComponentEFvRKNS_17MasterModelConfigEE
I0607 15:38:13.729763 343057856 instance.cc:401] MasterModelConfig.processors_count is automatically set to 4
I0607 15:38:13.729799 343057856 perplexity.cc:27] Perplexity score calculator created: model_type=1, dictionary_name=dictionary
I0607 15:38:13.729856 343057856 instance.cc:232] Regularizer 'SparsePhi' was cold-reconfigured
I0607 15:38:13.730540 343057856 c_interface.cc:389] Pass FitOfflineMasterModelArgs, batch_filename_size=5, batch_weight_size=5, num_collection_passes=1, reset_nwt=yes to MN4artm4core15MasterComponentEFvRKNS_25FitOfflineMasterModelArgsEE
I0607 15:38:13.730556 343057856 master_component.cc:1404] ProcessBatchesArgs: nwt_target_name=nwt, batch_filename_size=5, batch_size=0, batch_weight_size=5, pwt_source_name=pwt, num_document_passes=1, regularizer=(name:SparsePhi, tau:-50000), reuse_theta=yes, opt_for_avx=yes, predict_class_id=, reset_nwt=yes
I0607 15:38:13.737614 142184448 processor.cc:81] Processing queue has data, processing started
I0607 15:38:13.737651 141647872 processor.cc:81] Processing queue has data, processing started
I0607 15:38:13.738431 142721024 processor.cc:81] Processing queue has data, processing started
I0607 15:38:13.738736 143257600 processor.cc:81] Processing queue has data, processing started
I0607 15:38:13.740811 141647872 processor.cc:158] Processor: start processing batch 8cb5a5b1-0361-455a-b641-f402efef5d2b into model nwt
I0607 15:38:13.741122 142184448 processor.cc:158] Processor: start processing batch de8e4981-780c-46d2-a50f-c77d9d86f985 into model nwt
I0607 15:38:13.742691 143257600 processor.cc:158] Processor: start processing batch 209029d3-c311-4a97-8ab6-bacbeecf154d into model nwt
I0607 15:38:13.742714 142721024 processor.cc:158] Processor: start processing batch 8ac79cec-e218-4eff-a004-e0a5762a26d5 into model nwt
I0607 15:38:13.790038 142184448 processor.cc:292] Processor: complete processing batch de8e4981-780c-46d2-a50f-c77d9d86f985 into model nwt
I0607 15:38:13.790644 141647872 processor.cc:292] Processor: complete processing batch 8cb5a5b1-0361-455a-b641-f402efef5d2b into model nwt
I0607 15:38:13.792739 143257600 processor.cc:292] Processor: complete processing batch 209029d3-c311-4a97-8ab6-bacbeecf154d into model nwt
I0607 15:38:13.793753 142184448 cuckoo_watch.h:45] 56ms in ProcessBatch(school_batches/aaaaad.batch) [including 3ms in LoadMessage; 0ms in FindReuseThetaCacheEntry; 0ms in InitializeTheta; 0ms in CreateRegularizerAgents; 1ms in InitializeSparseNdw; 17ms in InferThetaAndUpdateNwtSparse; 0ms in UpdateCacheEntry; 18ms in CalculateScore(PerplexityScore); 1ms in CalculateScore(SparsityThetaScore); 9ms in CalculateScore(^^^ItemsProcessedScore^^^); ]
I0607 15:38:13.793797 141647872 cuckoo_watch.h:45] 56ms in ProcessBatch(school_batches/aaaaab.batch) [including 3ms in LoadMessage; 0ms in FindReuseThetaCacheEntry; 0ms in InitializeTheta; 0ms in CreateRegularizerAgents; 1ms in InitializeSparseNdw; 15ms in InferThetaAndUpdateNwtSparse; 0ms in UpdateCacheEntry; 21ms in CalculateScore(PerplexityScore); 1ms in CalculateScore(SparsityThetaScore); 9ms in CalculateScore(^^^ItemsProcessedScore^^^); ]
I0607 15:38:13.795894 142721024 processor.cc:292] Processor: complete processing batch 8ac79cec-e218-4eff-a004-e0a5762a26d5 into model nwt
I0607 15:38:13.796186 143257600 cuckoo_watch.h:45] 57ms in ProcessBatch(school_batches/aaaaaa.batch) [including 3ms in LoadMessage; 0ms in FindReuseThetaCacheEntry; 0ms in InitializeTheta; 0ms in CreateRegularizerAgents; 1ms in InitializeSparseNdw; 16ms in InferThetaAndUpdateNwtSparse; 0ms in UpdateCacheEntry; 21ms in CalculateScore(PerplexityScore); 2ms in CalculateScore(SparsityThetaScore); 8ms in CalculateScore(^^^ItemsProcessedScore^^^); ]
I0607 15:38:13.796989 142721024 cuckoo_watch.h:45] 58ms in ProcessBatch(school_batches/aaaaae.batch) [including 4ms in LoadMessage; 0ms in FindReuseThetaCacheEntry; 0ms in InitializeTheta; 0ms in CreateRegularizerAgents; 1ms in InitializeSparseNdw; 22ms in InferThetaAndUpdateNwtSparse; 0ms in UpdateCacheEntry; 18ms in CalculateScore(PerplexityScore); 1ms in CalculateScore(SparsityThetaScore); 8ms in CalculateScore(^^^ItemsProcessedScore^^^); ]
I0607 15:38:13.798059 142184448 processor.cc:158] Processor: start processing batch 20c5ee68-7da4-4c89-b491-d667f089fdc9 into model nwt
I0607 15:38:13.818681 141647872 processor.cc:74] No data in processing queue, waiting...
I0607 15:38:13.820120 143257600 processor.cc:74] No data in processing queue, waiting...
I0607 15:38:13.821240 142721024 processor.cc:74] No data in processing queue, waiting...
I0607 15:38:13.860150 142184448 processor.cc:292] Processor: complete processing batch 20c5ee68-7da4-4c89-b491-d667f089fdc9 into model nwt
I0607 15:38:13.861968 142184448 cuckoo_watch.h:45] 68ms in ProcessBatch(school_batches/aaaaac.batch) [including 4ms in LoadMessage; 0ms in FindReuseThetaCacheEntry; 0ms in InitializeTheta; 0ms in CreateRegularizerAgents; 0ms in InitializeSparseNdw; 21ms in InferThetaAndUpdateNwtSparse; 0ms in UpdateCacheEntry; 24ms in CalculateScore(PerplexityScore); 1ms in CalculateScore(SparsityThetaScore); 13ms in CalculateScore(^^^ItemsProcessedScore^^^); ]
I0607 15:38:13.863013 343057856 master_component.cc:1442] RegularizeModelArgs: rwt_target_name=rwt, pwt_source_name=pwt, nwt_source_name=nwt
I0607 15:38:13.863049 343057856 master_component.cc:975] MasterComponent: start regularizing model pwt
I0607 15:38:13.885386 142184448 processor.cc:74] No data in processing queue, waiting...
I0607 15:38:13.934293 343057856 master_component.cc:1001] MasterComponent: complete regularizing model pwt
I0607 15:38:13.934367 343057856 master_component.cc:1455] NormalizeModelArgs: pwt_target_name=pwt, nwt_source_name=nwt, rwt_source_name=rwt
I0607 15:38:13.934383 343057856 master_component.cc:1005] MasterComponent: start normalizing model nwt
I0607 15:38:13.991564 343057856 master_component.cc:1033] MasterComponent: complete normalizing model nwt
I0607 15:38:14.016804 343057856 master_component.cc:1479] DisposeModel rwt
I0607 15:38:14.035753 343057856 master_component.cc:1058] FitOffline: ItemsProcessed, num_items=476, num_batches=5, token_weight=160411, token_weight_in_effect=160411
I0607 15:38:14.036204 343057856 c_interface.cc:389] Pass FitOfflineMasterModelArgs, batch_filename_size=5, batch_weight_size=5, num_collection_passes=1, reset_nwt=yes to MN4artm4core15MasterComponentEFvRKNS_25FitOfflineMasterModelArgsEE
I0607 15:38:14.036221 343057856 master_component.cc:1404] ProcessBatchesArgs: nwt_target_name=nwt, batch_filename_size=5, batch_size=0, batch_weight_size=5, pwt_source_name=pwt, num_document_passes=1, regularizer=(name:SparsePhi, tau:-50000), reuse_theta=yes, opt_for_avx=yes, predict_class_id=, reset_nwt=yes
I0607 15:38:14.045884 142184448 processor.cc:81] Processing queue has data, processing started
I0607 15:38:14.046684 143257600 processor.cc:81] Processing queue has data, processing started
I0607 15:38:14.046684 141647872 processor.cc:81] Processing queue has data, processing started
I0607 15:38:14.046703 142721024 processor.cc:81] Processing queue has data, processing started
I0607 15:38:14.050835 142184448 processor.cc:158] Processor: start processing batch de8e4981-780c-46d2-a50f-c77d9d86f985 into model nwt
I0607 15:38:14.052330 141647872 processor.cc:158] Processor: start processing batch 8cb5a5b1-0361-455a-b641-f402efef5d2b into model nwt
I0607 15:38:14.052330 143257600 processor.cc:158] Processor: start processing batch 8ac79cec-e218-4eff-a004-e0a5762a26d5 into model nwt
I0607 15:38:14.054728 142721024 processor.cc:158] Processor: start processing batch 209029d3-c311-4a97-8ab6-bacbeecf154d into model nwt
I0607 15:38:14.166828 143257600 processor.cc:292] Processor: complete processing batch 8ac79cec-e218-4eff-a004-e0a5762a26d5 into model nwt
I0607 15:38:14.170388 143257600 cuckoo_watch.h:45] 123ms in ProcessBatch(school_batches/aaaaae.batch) [including 5ms in LoadMessage; 0ms in FindReuseThetaCacheEntry; 0ms in InitializeTheta; 0ms in CreateRegularizerAgents; 3ms in InitializeSparseNdw; 40ms in InferThetaAndUpdateNwtSparse; 0ms in UpdateCacheEntry; 49ms in CalculateScore(PerplexityScore); 1ms in CalculateScore(SparsityThetaScore); 15ms in CalculateScore(^^^ItemsProcessedScore^^^); ]
I0607 15:38:14.174619 143257600 processor.cc:158] Processor: start processing batch 20c5ee68-7da4-4c89-b491-d667f089fdc9 into model nwt
I0607 15:38:14.177547 142721024 processor.cc:292] Processor: complete processing batch 209029d3-c311-4a97-8ab6-bacbeecf154d into model nwt
I0607 15:38:14.181028 141647872 processor.cc:292] Processor: complete processing batch 8cb5a5b1-0361-455a-b641-f402efef5d2b into model nwt
I0607 15:38:14.182528 142721024 cuckoo_watch.h:45] 135ms in ProcessBatch(school_batches/aaaaaa.batch) [including 7ms in LoadMessage; 0ms in FindReuseThetaCacheEntry; 0ms in InitializeTheta; 0ms in CreateRegularizerAgents; 1ms in InitializeSparseNdw; 55ms in InferThetaAndUpdateNwtSparse; 0ms in UpdateCacheEntry; 47ms in CalculateScore(PerplexityScore); 2ms in CalculateScore(SparsityThetaScore); 15ms in CalculateScore(^^^ItemsProcessedScore^^^); ]
I0607 15:38:14.183101 141647872 cuckoo_watch.h:45] 136ms in ProcessBatch(school_batches/aaaaab.batch) [including 5ms in LoadMessage; 0ms in FindReuseThetaCacheEntry; 0ms in InitializeTheta; 0ms in CreateRegularizerAgents; 2ms in InitializeSparseNdw; 54ms in InferThetaAndUpdateNwtSparse; 0ms in UpdateCacheEntry; 61ms in CalculateScore(PerplexityScore); 2ms in CalculateScore(SparsityThetaScore); 8ms in CalculateScore(^^^ItemsProcessedScore^^^); ]
I0607 15:38:14.194039 142184448 processor.cc:292] Processor: complete processing batch de8e4981-780c-46d2-a50f-c77d9d86f985 into model nwt
I0607 15:38:14.196661 142184448 cuckoo_watch.h:45] 150ms in ProcessBatch(school_batches/aaaaad.batch) [including 4ms in LoadMessage; 0ms in FindReuseThetaCacheEntry; 0ms in InitializeTheta; 0ms in CreateRegularizerAgents; 29ms in InitializeSparseNdw; 68ms in InferThetaAndUpdateNwtSparse; 0ms in UpdateCacheEntry; 35ms in CalculateScore(PerplexityScore); 1ms in CalculateScore(SparsityThetaScore); 8ms in CalculateScore(^^^ItemsProcessedScore^^^); ]
I0607 15:38:14.206502 142721024 processor.cc:74] No data in processing queue, waiting...
I0607 15:38:14.206496 141647872 processor.cc:74] No data in processing queue, waiting...
I0607 15:38:14.215262 143257600 processor.cc:292] Processor: complete processing batch 20c5ee68-7da4-4c89-b491-d667f089fdc9 into model nwt
I0607 15:38:14.216377 143257600 cuckoo_watch.h:45] 45ms in ProcessBatch(school_batches/aaaaac.batch) [including 4ms in LoadMessage; 0ms in FindReuseThetaCacheEntry; 0ms in InitializeTheta; 0ms in CreateRegularizerAgents; 2ms in InitializeSparseNdw; 17ms in InferThetaAndUpdateNwtSparse; 0ms in UpdateCacheEntry; 14ms in CalculateScore(PerplexityScore); 0ms in CalculateScore(SparsityThetaScore); 5ms in CalculateScore(^^^ItemsProcessedScore^^^); ]
I0607 15:38:14.216637 343057856 master_component.cc:1442] RegularizeModelArgs: rwt_target_name=rwt, pwt_source_name=pwt, nwt_source_name=nwt
I0607 15:38:14.216658 343057856 master_component.cc:975] MasterComponent: start regularizing model pwt
I0607 15:38:14.220329 142184448 processor.cc:74] No data in processing queue, waiting...
I0607 15:38:14.240571 143257600 processor.cc:74] No data in processing queue, waiting...
I0607 15:38:14.260707 343057856 master_component.cc:1001] MasterComponent: complete regularizing model pwt
I0607 15:38:14.260722 343057856 master_component.cc:1455] NormalizeModelArgs: pwt_target_name=pwt, nwt_source_name=nwt, rwt_source_name=rwt
I0607 15:38:14.260727 343057856 master_component.cc:1005] MasterComponent: start normalizing model nwt
I0607 15:38:14.288276 343057856 master_component.cc:1033] MasterComponent: complete normalizing model nwt
I0607 15:38:14.298377 343057856 master_component.cc:1479] DisposeModel rwt
I0607 15:38:14.307261 343057856 master_component.cc:1058] FitOffline: ItemsProcessed, num_items=476, num_batches=5, token_weight=160411, token_weight_in_effect=160411
I0607 15:38:14.307611 343057856 c_interface.cc:389] Pass FitOfflineMasterModelArgs, batch_filename_size=5, batch_weight_size=5, num_collection_passes=1, reset_nwt=yes to MN4artm4core15MasterComponentEFvRKNS_25FitOfflineMasterModelArgsEE
I0607 15:38:14.307651 343057856 master_component.cc:1404] ProcessBatchesArgs: nwt_target_name=nwt, batch_filename_size=5, batch_size=0, batch_weight_size=5, pwt_source_name=pwt, num_document_passes=1, regularizer=(name:SparsePhi, tau:-50000), reuse_theta=yes, opt_for_avx=yes, predict_class_id=, reset_nwt=yes
I0607 15:38:14.314709 142184448 processor.cc:81] Processing queue has data, processing started
I0607 15:38:14.314709 142721024 processor.cc:81] Processing queue has data, processing started
I0607 15:38:14.314709 141647872 processor.cc:81] Processing queue has data, processing started
I0607 15:38:14.314743 143257600 processor.cc:81] Processing queue has data, processing started
I0607 15:38:14.319208 143257600 processor.cc:158] Processor: start processing batch 209029d3-c311-4a97-8ab6-bacbeecf154d into model nwt
I0607 15:38:14.319360 142184448 processor.cc:158] Processor: start processing batch 8cb5a5b1-0361-455a-b641-f402efef5d2b into model nwt
I0607 15:38:14.319599 142721024 processor.cc:158] Processor: start processing batch de8e4981-780c-46d2-a50f-c77d9d86f985 into model nwt
I0607 15:38:14.319605 141647872 processor.cc:158] Processor: start processing batch 8ac79cec-e218-4eff-a004-e0a5762a26d5 into model nwt
I0607 15:38:14.361799 141647872 processor.cc:292] Processor: complete processing batch 8ac79cec-e218-4eff-a004-e0a5762a26d5 into model nwt
I0607 15:38:14.364629 142721024 processor.cc:292] Processor: complete processing batch de8e4981-780c-46d2-a50f-c77d9d86f985 into model nwt
I0607 15:38:14.365092 142184448 processor.cc:292] Processor: complete processing batch 8cb5a5b1-0361-455a-b641-f402efef5d2b into model nwt
I0607 15:38:14.366180 142184448 cuckoo_watch.h:45] 51ms in ProcessBatch(school_batches/aaaaab.batch) [including 4ms in LoadMessage; 0ms in FindReuseThetaCacheEntry; 0ms in InitializeTheta; 0ms in CreateRegularizerAgents; 1ms in InitializeSparseNdw; 16ms in InferThetaAndUpdateNwtSparse; 0ms in UpdateCacheEntry; 19ms in CalculateScore(PerplexityScore); 0ms in CalculateScore(SparsityThetaScore); 7ms in CalculateScore(^^^ItemsProcessedScore^^^); ]
I0607 15:38:14.368942 141647872 cuckoo_watch.h:45] 54ms in ProcessBatch(school_batches/aaaaae.batch) [including 4ms in LoadMessage; 0ms in FindReuseThetaCacheEntry; 0ms in InitializeTheta; 0ms in CreateRegularizerAgents; 1ms in InitializeSparseNdw; 15ms in InferThetaAndUpdateNwtSparse; 0ms in UpdateCacheEntry; 16ms in CalculateScore(PerplexityScore); 1ms in CalculateScore(SparsityThetaScore); 7ms in CalculateScore(^^^ItemsProcessedScore^^^); ]
I0607 15:38:14.369153 142184448 processor.cc:158] Processor: start processing batch 20c5ee68-7da4-4c89-b491-d667f089fdc9 into model nwt
I0607 15:38:14.371178 143257600 processor.cc:292] Processor: complete processing batch 209029d3-c311-4a97-8ab6-bacbeecf154d into model nwt
I0607 15:38:14.372007 142721024 cuckoo_watch.h:45] 57ms in ProcessBatch(school_batches/aaaaad.batch) [including 4ms in LoadMessage; 0ms in FindReuseThetaCacheEntry; 0ms in InitializeTheta; 0ms in CreateRegularizerAgents; 1ms in InitializeSparseNdw; 17ms in InferThetaAndUpdateNwtSparse; 0ms in UpdateCacheEntry; 17ms in CalculateScore(PerplexityScore); 1ms in CalculateScore(SparsityThetaScore); 7ms in CalculateScore(^^^ItemsProcessedScore^^^); ]
I0607 15:38:14.372746 143257600 cuckoo_watch.h:45] 57ms in ProcessBatch(school_batches/aaaaaa.batch) [including 4ms in LoadMessage; 0ms in FindReuseThetaCacheEntry; 0ms in InitializeTheta; 0ms in CreateRegularizerAgents; 1ms in InitializeSparseNdw; 16ms in InferThetaAndUpdateNwtSparse; 0ms in UpdateCacheEntry; 22ms in CalculateScore(PerplexityScore); 1ms in CalculateScore(SparsityThetaScore); 9ms in CalculateScore(^^^ItemsProcessedScore^^^); ]
I0607 15:38:14.394265 141647872 processor.cc:74] No data in processing queue, waiting...
I0607 15:38:14.395579 142721024 processor.cc:74] No data in processing queue, waiting...
I0607 15:38:14.396685 143257600 processor.cc:74] No data in processing queue, waiting...
I0607 15:38:14.400756 142184448 processor.cc:292] Processor: complete processing batch 20c5ee68-7da4-4c89-b491-d667f089fdc9 into model nwt
I0607 15:38:14.401922 142184448 cuckoo_watch.h:45] 35ms in ProcessBatch(school_batches/aaaaac.batch) [including 2ms in LoadMessage; 0ms in FindReuseThetaCacheEntry; 0ms in InitializeTheta; 0ms in CreateRegularizerAgents; 0ms in InitializeSparseNdw; 12ms in InferThetaAndUpdateNwtSparse; 0ms in UpdateCacheEntry; 12ms in CalculateScore(PerplexityScore); 0ms in CalculateScore(SparsityThetaScore); 5ms in CalculateScore(^^^ItemsProcessedScore^^^); ]
I0607 15:38:14.403219 343057856 master_component.cc:1442] RegularizeModelArgs: rwt_target_name=rwt, pwt_source_name=pwt, nwt_source_name=nwt
I0607 15:38:14.403259 343057856 master_component.cc:975] MasterComponent: start regularizing model pwt
I0607 15:38:14.425882 142184448 processor.cc:74] No data in processing queue, waiting...
I0607 15:38:14.447645 343057856 master_component.cc:1001] MasterComponent: complete regularizing model pwt
I0607 15:38:14.447657 343057856 master_component.cc:1455] NormalizeModelArgs: pwt_target_name=pwt, nwt_source_name=nwt, rwt_source_name=rwt
I0607 15:38:14.447690 343057856 master_component.cc:1005] MasterComponent: start normalizing model nwt
I0607 15:38:14.474920 343057856 master_component.cc:1033] MasterComponent: complete normalizing model nwt
I0607 15:38:14.484133 343057856 master_component.cc:1479] DisposeModel rwt
I0607 15:38:14.490155 343057856 master_component.cc:1058] FitOffline: ItemsProcessed, num_items=476, num_batches=5, token_weight=160411, token_weight_in_effect=160411
I0607 15:38:14.490370 343057856 c_interface.cc:389] Pass FitOfflineMasterModelArgs, batch_filename_size=5, batch_weight_size=5, num_collection_passes=1, reset_nwt=yes to MN4artm4core15MasterComponentEFvRKNS_25FitOfflineMasterModelArgsEE
I0607 15:38:14.490381 343057856 master_component.cc:1404] ProcessBatchesArgs: nwt_target_name=nwt, batch_filename_size=5, batch_size=0, batch_weight_size=5, pwt_source_name=pwt, num_document_passes=1, regularizer=(name:SparsePhi, tau:-50000), reuse_theta=yes, opt_for_avx=yes, predict_class_id=, reset_nwt=yes
I0607 15:38:14.496485 141647872 processor.cc:81] Processing queue has data, processing started
I0607 15:38:14.496485 142721024 processor.cc:81] Processing queue has data, processing started
I0607 15:38:14.496518 142184448 processor.cc:81] Processing queue has data, processing started
I0607 15:38:14.496520 143257600 processor.cc:81] Processing queue has data, processing started
I0607 15:38:14.500223 142721024 processor.cc:158] Processor: start processing batch 8cb5a5b1-0361-455a-b641-f402efef5d2b into model nwt
I0607 15:38:14.500913 142184448 processor.cc:158] Processor: start processing batch 8ac79cec-e218-4eff-a004-e0a5762a26d5 into model nwt
I0607 15:38:14.501266 141647872 processor.cc:158] Processor: start processing batch de8e4981-780c-46d2-a50f-c77d9d86f985 into model nwt
I0607 15:38:14.502254 143257600 processor.cc:158] Processor: start processing batch 209029d3-c311-4a97-8ab6-bacbeecf154d into model nwt
I0607 15:38:14.547065 142184448 processor.cc:292] Processor: complete processing batch 8ac79cec-e218-4eff-a004-e0a5762a26d5 into model nwt
I0607 15:38:14.548667 142721024 processor.cc:292] Processor: complete processing batch 8cb5a5b1-0361-455a-b641-f402efef5d2b into model nwt
I0607 15:38:14.549410 141647872 processor.cc:292] Processor: complete processing batch de8e4981-780c-46d2-a50f-c77d9d86f985 into model nwt
I0607 15:38:14.549702 143257600 processor.cc:292] Processor: complete processing batch 209029d3-c311-4a97-8ab6-bacbeecf154d into model nwt
I0607 15:38:14.550396 142184448 cuckoo_watch.h:45] 53ms in ProcessBatch(school_batches/aaaaae.batch) [including 4ms in LoadMessage; 0ms in FindReuseThetaCacheEntry; 0ms in InitializeTheta; 0ms in CreateRegularizerAgents; 1ms in InitializeSparseNdw; 18ms in InferThetaAndUpdateNwtSparse; 0ms in UpdateCacheEntry; 17ms in CalculateScore(PerplexityScore); 1ms in CalculateScore(SparsityThetaScore); 6ms in CalculateScore(^^^ItemsProcessedScore^^^); ]
I0607 15:38:14.551476 142721024 cuckoo_watch.h:45] 54ms in ProcessBatch(school_batches/aaaaab.batch) [including 3ms in LoadMessage; 0ms in FindReuseThetaCacheEntry; 0ms in InitializeTheta; 0ms in CreateRegularizerAgents; 1ms in InitializeSparseNdw; 17ms in InferThetaAndUpdateNwtSparse; 0ms in UpdateCacheEntry; 18ms in CalculateScore(PerplexityScore); 2ms in CalculateScore(SparsityThetaScore); 8ms in CalculateScore(^^^ItemsProcessedScore^^^); ]
I0607 15:38:14.551643 141647872 cuckoo_watch.h:45] 55ms in ProcessBatch(school_batches/aaaaad.batch) [including 4ms in LoadMessage; 0ms in FindReuseThetaCacheEntry; 0ms in InitializeTheta; 0ms in CreateRegularizerAgents; 1ms in InitializeSparseNdw; 16ms in InferThetaAndUpdateNwtSparse; 0ms in UpdateCacheEntry; 18ms in CalculateScore(PerplexityScore); 1ms in CalculateScore(SparsityThetaScore); 9ms in CalculateScore(^^^ItemsProcessedScore^^^); ]
I0607 15:38:14.553550 143257600 cuckoo_watch.h:45] 55ms in ProcessBatch(school_batches/aaaaaa.batch) [including 4ms in LoadMessage; 0ms in FindReuseThetaCacheEntry; 0ms in InitializeTheta; 0ms in CreateRegularizerAgents; 1ms in InitializeSparseNdw; 16ms in InferThetaAndUpdateNwtSparse; 0ms in UpdateCacheEntry; 19ms in CalculateScore(PerplexityScore); 1ms in CalculateScore(SparsityThetaScore); 7ms in CalculateScore(^^^ItemsProcessedScore^^^); ]
I0607 15:38:14.556653 142184448 processor.cc:158] Processor: start processing batch 20c5ee68-7da4-4c89-b491-d667f089fdc9 into model nwt
I0607 15:38:14.572609 141647872 processor.cc:74] No data in processing queue, waiting...
I0607 15:38:14.572788 142721024 processor.cc:74] No data in processing queue, waiting...
I0607 15:38:14.574874 143257600 processor.cc:74] No data in processing queue, waiting...
I0607 15:38:14.591126 142184448 processor.cc:292] Processor: complete processing batch 20c5ee68-7da4-4c89-b491-d667f089fdc9 into model nwt
I0607 15:38:14.592257 142184448 cuckoo_watch.h:45] 41ms in ProcessBatch(school_batches/aaaaac.batch) [including 6ms in LoadMessage; 0ms in FindReuseThetaCacheEntry; 0ms in InitializeTheta; 0ms in CreateRegularizerAgents; 1ms in InitializeSparseNdw; 13ms in InferThetaAndUpdateNwtSparse; 0ms in UpdateCacheEntry; 12ms in CalculateScore(PerplexityScore); 1ms in CalculateScore(SparsityThetaScore); 5ms in CalculateScore(^^^ItemsProcessedScore^^^); ]
I0607 15:38:14.592988 343057856 master_component.cc:1442] RegularizeModelArgs: rwt_target_name=rwt, pwt_source_name=pwt, nwt_source_name=nwt
I0607 15:38:14.593012 343057856 master_component.cc:975] MasterComponent: start regularizing model pwt
I0607 15:38:14.616446 142184448 processor.cc:74] No data in processing queue, waiting...
I0607 15:38:14.636931 343057856 master_component.cc:1001] MasterComponent: complete regularizing model pwt
I0607 15:38:14.636945 343057856 master_component.cc:1455] NormalizeModelArgs: pwt_target_name=pwt, nwt_source_name=nwt, rwt_source_name=rwt
I0607 15:38:14.636950 343057856 master_component.cc:1005] MasterComponent: start normalizing model nwt
I0607 15:38:14.664762 343057856 master_component.cc:1033] MasterComponent: complete normalizing model nwt
I0607 15:38:14.674191 343057856 master_component.cc:1479] DisposeModel rwt
I0607 15:38:14.682602 343057856 master_component.cc:1058] FitOffline: ItemsProcessed, num_items=476, num_batches=5, token_weight=160411, token_weight_in_effect=160411
I0607 15:38:14.682855 343057856 c_interface.cc:389] Pass FitOfflineMasterModelArgs, batch_filename_size=5, batch_weight_size=5, num_collection_passes=1, reset_nwt=yes to MN4artm4core15MasterComponentEFvRKNS_25FitOfflineMasterModelArgsEE
I0607 15:38:14.682868 343057856 master_component.cc:1404] ProcessBatchesArgs: nwt_target_name=nwt, batch_filename_size=5, batch_size=0, batch_weight_size=5, pwt_source_name=pwt, num_document_passes=1, regularizer=(name:SparsePhi, tau:-50000), reuse_theta=yes, opt_for_avx=yes, predict_class_id=, reset_nwt=yes
I0607 15:38:14.689404 141647872 processor.cc:81] Processing queue has data, processing started
I0607 15:38:14.689399 142721024 processor.cc:81] Processing queue has data, processing started
I0607 15:38:14.689410 143257600 processor.cc:81] Processing queue has data, processing started
I0607 15:38:14.689415 142184448 processor.cc:81] Processing queue has data, processing started
I0607 15:38:14.693832 143257600 processor.cc:158] Processor: start processing batch 8ac79cec-e218-4eff-a004-e0a5762a26d5 into model nwt
I0607 15:38:14.694037 142184448 processor.cc:158] Processor: start processing batch 209029d3-c311-4a97-8ab6-bacbeecf154d into model nwt
I0607 15:38:14.694049 141647872 processor.cc:158] Processor: start processing batch 8cb5a5b1-0361-455a-b641-f402efef5d2b into model nwt
I0607 15:38:14.694594 142721024 processor.cc:158] Processor: start processing batch de8e4981-780c-46d2-a50f-c77d9d86f985 into model nwt
I0607 15:38:14.735929 143257600 processor.cc:292] Processor: complete processing batch 8ac79cec-e218-4eff-a004-e0a5762a26d5 into model nwt
I0607 15:38:14.737936 143257600 cuckoo_watch.h:45] 48ms in ProcessBatch(school_batches/aaaaae.batch) [including 4ms in LoadMessage; 0ms in FindReuseThetaCacheEntry; 0ms in InitializeTheta; 0ms in CreateRegularizerAgents; 1ms in InitializeSparseNdw; 15ms in InferThetaAndUpdateNwtSparse; 0ms in UpdateCacheEntry; 17ms in CalculateScore(PerplexityScore); 1ms in CalculateScore(SparsityThetaScore); 6ms in CalculateScore(^^^ItemsProcessedScore^^^); ]
I0607 15:38:14.739892 142721024 processor.cc:292] Processor: complete processing batch de8e4981-780c-46d2-a50f-c77d9d86f985 into model nwt
I0607 15:38:14.741634 143257600 processor.cc:158] Processor: start processing batch 20c5ee68-7da4-4c89-b491-d667f089fdc9 into model nwt
I0607 15:38:14.743152 142721024 cuckoo_watch.h:45] 53ms in ProcessBatch(school_batches/aaaaad.batch) [including 5ms in LoadMessage; 0ms in FindReuseThetaCacheEntry; 0ms in InitializeTheta; 0ms in CreateRegularizerAgents; 1ms in InitializeSparseNdw; 15ms in InferThetaAndUpdateNwtSparse; 0ms in UpdateCacheEntry; 18ms in CalculateScore(PerplexityScore); 1ms in CalculateScore(SparsityThetaScore); 8ms in CalculateScore(^^^ItemsProcessedScore^^^); ]
I0607 15:38:14.744181 141647872 processor.cc:292] Processor: complete processing batch 8cb5a5b1-0361-455a-b641-f402efef5d2b into model nwt
I0607 15:38:14.745429 142184448 processor.cc:292] Processor: complete processing batch 209029d3-c311-4a97-8ab6-bacbeecf154d into model nwt
I0607 15:38:14.746176 141647872 cuckoo_watch.h:45] 56ms in ProcessBatch(school_batches/aaaaab.batch) [including 4ms in LoadMessage; 0ms in FindReuseThetaCacheEntry; 0ms in InitializeTheta; 0ms in CreateRegularizerAgents; 1ms in InitializeSparseNdw; 17ms in InferThetaAndUpdateNwtSparse; 0ms in UpdateCacheEntry; 19ms in CalculateScore(PerplexityScore); 1ms in CalculateScore(SparsityThetaScore); 9ms in CalculateScore(^^^ItemsProcessedScore^^^); ]
I0607 15:38:14.747017 142184448 cuckoo_watch.h:45] 57ms in ProcessBatch(school_batches/aaaaaa.batch) [including 4ms in LoadMessage; 0ms in FindReuseThetaCacheEntry; 0ms in InitializeTheta; 0ms in CreateRegularizerAgents; 1ms in InitializeSparseNdw; 16ms in InferThetaAndUpdateNwtSparse; 0ms in UpdateCacheEntry; 23ms in CalculateScore(PerplexityScore); 1ms in CalculateScore(SparsityThetaScore); 7ms in CalculateScore(^^^ItemsProcessedScore^^^); ]
I0607 15:38:14.767375 142721024 processor.cc:74] No data in processing queue, waiting...
I0607 15:38:14.770607 141647872 processor.cc:74] No data in processing queue, waiting...
I0607 15:38:14.771173 142184448 processor.cc:74] No data in processing queue, waiting...
I0607 15:38:14.774279 143257600 processor.cc:292] Processor: complete processing batch 20c5ee68-7da4-4c89-b491-d667f089fdc9 into model nwt
I0607 15:38:14.775403 143257600 cuckoo_watch.h:45] 37ms in ProcessBatch(school_batches/aaaaac.batch) [including 3ms in LoadMessage; 0ms in FindReuseThetaCacheEntry; 0ms in InitializeTheta; 0ms in CreateRegularizerAgents; 1ms in InitializeSparseNdw; 12ms in InferThetaAndUpdateNwtSparse; 0ms in UpdateCacheEntry; 12ms in CalculateScore(PerplexityScore); 1ms in CalculateScore(SparsityThetaScore); 5ms in CalculateScore(^^^ItemsProcessedScore^^^); ]
I0607 15:38:14.776119 343057856 master_component.cc:1442] RegularizeModelArgs: rwt_target_name=rwt, pwt_source_name=pwt, nwt_source_name=nwt
I0607 15:38:14.776140 343057856 master_component.cc:975] MasterComponent: start regularizing model pwt
I0607 15:38:14.799250 143257600 processor.cc:74] No data in processing queue, waiting...
I0607 15:38:14.821085 343057856 master_component.cc:1001] MasterComponent: complete regularizing model pwt
I0607 15:38:14.821099 343057856 master_component.cc:1455] NormalizeModelArgs: pwt_target_name=pwt, nwt_source_name=nwt, rwt_source_name=rwt
I0607 15:38:14.821105 343057856 master_component.cc:1005] MasterComponent: start normalizing model nwt
I0607 15:38:14.849113 343057856 master_component.cc:1033] MasterComponent: complete normalizing model nwt
I0607 15:38:14.858403 343057856 master_component.cc:1479] DisposeModel rwt
I0607 15:38:14.866248 343057856 master_component.cc:1058] FitOffline: ItemsProcessed, num_items=476, num_batches=5, token_weight=160411, token_weight_in_effect=160411
I0607 15:38:14.866451 343057856 c_interface.cc:389] Pass FitOfflineMasterModelArgs, batch_filename_size=5, batch_weight_size=5, num_collection_passes=1, reset_nwt=yes to MN4artm4core15MasterComponentEFvRKNS_25FitOfflineMasterModelArgsEE
I0607 15:38:14.866493 343057856 master_component.cc:1404] ProcessBatchesArgs: nwt_target_name=nwt, batch_filename_size=5, batch_size=0, batch_weight_size=5, pwt_source_name=pwt, num_document_passes=1, regularizer=(name:SparsePhi, tau:-50000), reuse_theta=yes, opt_for_avx=yes, predict_class_id=, reset_nwt=yes
I0607 15:38:14.872956 142184448 processor.cc:81] Processing queue has data, processing started
I0607 15:38:14.872953 141647872 processor.cc:81] Processing queue has data, processing started
