I0607 15:38:09.688448 142184448 cuckoo_watch.h:45] 56ms in ProcessBatch(school_batches/aaaaad.batch) [including 4ms in LoadMessage; 0ms in FindReuseThetaCacheEntry; 0ms in InitializeTheta; 0ms in CreateRegularizerAgents; 1ms in InitializeSparseNdw; 16ms in InferThetaAndUpdateNwtSparse; 0ms in UpdateCacheEntry; 17ms in CalculateScore(PerplexityScore); 1ms in CalculateScore(SparsityThetaScore); 9ms in CalculateScore(^^^ItemsProcessedScore^^^); ]
I0607 15:38:09.691987 143257600 processor.cc:292] Processor: complete processing batch 209029d3-c311-4a97-8ab6-bacbeecf154d into model nwt
I0607 15:38:09.693361 143257600 cuckoo_watch.h:45] 60ms in ProcessBatch(school_batches/aaaaaa.batch) [including 9ms in LoadMessage; 0ms in FindReuseThetaCacheEntry; 0ms in InitializeTheta; 0ms in CreateRegularizerAgents; 1ms in InitializeSparseNdw; 17ms in InferThetaAndUpdateNwtSparse; 0ms in UpdateCacheEntry; 20ms in CalculateScore(PerplexityScore); 1ms in CalculateScore(SparsityThetaScore); 9ms in CalculateScore(^^^ItemsProcessedScore^^^); ]
I0607 15:38:09.712044 142721024 processor.cc:74] No data in processing queue, waiting...
I0607 15:38:09.712972 142184448 processor.cc:74] No data in processing queue, waiting...
I0607 15:38:09.717037 143257600 processor.cc:74] No data in processing queue, waiting...
I0607 15:38:09.719395 141647872 processor.cc:292] Processor: complete processing batch 20c5ee68-7da4-4c89-b491-d667f089fdc9 into model nwt
I0607 15:38:09.720587 141647872 cuckoo_watch.h:45] 36ms in ProcessBatch(school_batches/aaaaac.batch) [including 3ms in LoadMessage; 0ms in FindReuseThetaCacheEntry; 0ms in InitializeTheta; 0ms in CreateRegularizerAgents; 0ms in InitializeSparseNdw; 11ms in InferThetaAndUpdateNwtSparse; 0ms in UpdateCacheEntry; 12ms in CalculateScore(PerplexityScore); 0ms in CalculateScore(SparsityThetaScore); 5ms in CalculateScore(^^^ItemsProcessedScore^^^); ]
I0607 15:38:09.720713 343057856 master_component.cc:1442] RegularizeModelArgs: rwt_target_name=rwt, pwt_source_name=pwt, nwt_source_name=nwt
I0607 15:38:09.720726 343057856 master_component.cc:975] MasterComponent: start regularizing model pwt
I0607 15:38:09.744653 141647872 processor.cc:74] No data in processing queue, waiting...
I0607 15:38:09.764075 343057856 master_component.cc:1001] MasterComponent: complete regularizing model pwt
I0607 15:38:09.764089 343057856 master_component.cc:1455] NormalizeModelArgs: pwt_target_name=pwt, nwt_source_name=nwt, rwt_source_name=rwt
I0607 15:38:09.764094 343057856 master_component.cc:1005] MasterComponent: start normalizing model nwt
I0607 15:38:09.792227 343057856 master_component.cc:1033] MasterComponent: complete normalizing model nwt
I0607 15:38:09.806092 343057856 master_component.cc:1479] DisposeModel rwt
I0607 15:38:09.814379 343057856 master_component.cc:1058] FitOffline: ItemsProcessed, num_items=476, num_batches=5, token_weight=160411, token_weight_in_effect=160411
I0607 15:38:09.814594 343057856 c_interface.cc:389] Pass FitOfflineMasterModelArgs, batch_filename_size=5, batch_weight_size=5, num_collection_passes=1, reset_nwt=yes to MN4artm4core15MasterComponentEFvRKNS_25FitOfflineMasterModelArgsEE
I0607 15:38:09.814606 343057856 master_component.cc:1404] ProcessBatchesArgs: nwt_target_name=nwt, batch_filename_size=5, batch_size=0, batch_weight_size=5, pwt_source_name=pwt, num_document_passes=1, regularizer=(name:SparsePhi, tau:-100), reuse_theta=yes, opt_for_avx=yes, predict_class_id=, reset_nwt=yes
I0607 15:38:09.820010 143257600 processor.cc:81] Processing queue has data, processing started
I0607 15:38:09.820048 142184448 processor.cc:81] Processing queue has data, processing started
I0607 15:38:09.820047 142721024 processor.cc:81] Processing queue has data, processing started
I0607 15:38:09.820061 141647872 processor.cc:81] Processing queue has data, processing started
I0607 15:38:09.823930 142721024 processor.cc:158] Processor: start processing batch 8cb5a5b1-0361-455a-b641-f402efef5d2b into model nwt
I0607 15:38:09.824061 143257600 processor.cc:158] Processor: start processing batch de8e4981-780c-46d2-a50f-c77d9d86f985 into model nwt
I0607 15:38:09.824087 141647872 processor.cc:158] Processor: start processing batch 209029d3-c311-4a97-8ab6-bacbeecf154d into model nwt
I0607 15:38:09.824223 142184448 processor.cc:158] Processor: start processing batch 8ac79cec-e218-4eff-a004-e0a5762a26d5 into model nwt
I0607 15:38:09.861302 142184448 processor.cc:292] Processor: complete processing batch 8ac79cec-e218-4eff-a004-e0a5762a26d5 into model nwt
I0607 15:38:09.866030 142184448 cuckoo_watch.h:45] 45ms in ProcessBatch(school_batches/aaaaae.batch) [including 4ms in LoadMessage; 0ms in FindReuseThetaCacheEntry; 0ms in InitializeTheta; 0ms in CreateRegularizerAgents; 1ms in InitializeSparseNdw; 14ms in InferThetaAndUpdateNwtSparse; 0ms in UpdateCacheEntry; 15ms in CalculateScore(PerplexityScore); 0ms in CalculateScore(SparsityThetaScore); 4ms in CalculateScore(^^^ItemsProcessedScore^^^); ]
I0607 15:38:09.868532 143257600 processor.cc:292] Processor: complete processing batch de8e4981-780c-46d2-a50f-c77d9d86f985 into model nwt
I0607 15:38:09.871124 142184448 processor.cc:158] Processor: start processing batch 20c5ee68-7da4-4c89-b491-d667f089fdc9 into model nwt
I0607 15:38:09.871966 142721024 processor.cc:292] Processor: complete processing batch 8cb5a5b1-0361-455a-b641-f402efef5d2b into model nwt
I0607 15:38:09.872926 143257600 cuckoo_watch.h:45] 52ms in ProcessBatch(school_batches/aaaaad.batch) [including 4ms in LoadMessage; 0ms in FindReuseThetaCacheEntry; 0ms in InitializeTheta; 0ms in CreateRegularizerAgents; 1ms in InitializeSparseNdw; 15ms in InferThetaAndUpdateNwtSparse; 0ms in UpdateCacheEntry; 18ms in CalculateScore(PerplexityScore); 1ms in CalculateScore(SparsityThetaScore); 7ms in CalculateScore(^^^ItemsProcessedScore^^^); ]
I0607 15:38:09.875360 142721024 cuckoo_watch.h:45] 55ms in ProcessBatch(school_batches/aaaaab.batch) [including 3ms in LoadMessage; 0ms in FindReuseThetaCacheEntry; 0ms in InitializeTheta; 0ms in CreateRegularizerAgents; 1ms in InitializeSparseNdw; 14ms in InferThetaAndUpdateNwtSparse; 0ms in UpdateCacheEntry; 19ms in CalculateScore(PerplexityScore); 1ms in CalculateScore(SparsityThetaScore); 10ms in CalculateScore(^^^ItemsProcessedScore^^^); ]
I0607 15:38:09.884512 141647872 processor.cc:292] Processor: complete processing batch 209029d3-c311-4a97-8ab6-bacbeecf154d into model nwt
I0607 15:38:09.885772 141647872 cuckoo_watch.h:45] 65ms in ProcessBatch(school_batches/aaaaaa.batch) [including 4ms in LoadMessage; 0ms in FindReuseThetaCacheEntry; 0ms in InitializeTheta; 0ms in CreateRegularizerAgents; 1ms in InitializeSparseNdw; 20ms in InferThetaAndUpdateNwtSparse; 0ms in UpdateCacheEntry; 31ms in CalculateScore(PerplexityScore); 1ms in CalculateScore(SparsityThetaScore); 5ms in CalculateScore(^^^ItemsProcessedScore^^^); ]
I0607 15:38:09.899293 143257600 processor.cc:74] No data in processing queue, waiting...
I0607 15:38:09.901165 142184448 processor.cc:292] Processor: complete processing batch 20c5ee68-7da4-4c89-b491-d667f089fdc9 into model nwt
I0607 15:38:09.901886 142721024 processor.cc:74] No data in processing queue, waiting...
I0607 15:38:09.902465 142184448 cuckoo_watch.h:45] 36ms in ProcessBatch(school_batches/aaaaac.batch) [including 5ms in LoadMessage; 0ms in FindReuseThetaCacheEntry; 0ms in InitializeTheta; 0ms in CreateRegularizerAgents; 1ms in InitializeSparseNdw; 11ms in InferThetaAndUpdateNwtSparse; 0ms in UpdateCacheEntry; 11ms in CalculateScore(PerplexityScore); 0ms in CalculateScore(SparsityThetaScore); 5ms in CalculateScore(^^^ItemsProcessedScore^^^); ]
I0607 15:38:09.903312 343057856 master_component.cc:1442] RegularizeModelArgs: rwt_target_name=rwt, pwt_source_name=pwt, nwt_source_name=nwt
I0607 15:38:09.903335 343057856 master_component.cc:975] MasterComponent: start regularizing model pwt
I0607 15:38:09.910430 141647872 processor.cc:74] No data in processing queue, waiting...
I0607 15:38:09.926445 142184448 processor.cc:74] No data in processing queue, waiting...
I0607 15:38:09.947064 343057856 master_component.cc:1001] MasterComponent: complete regularizing model pwt
I0607 15:38:09.947077 343057856 master_component.cc:1455] NormalizeModelArgs: pwt_target_name=pwt, nwt_source_name=nwt, rwt_source_name=rwt
I0607 15:38:09.947082 343057856 master_component.cc:1005] MasterComponent: start normalizing model nwt
I0607 15:38:09.976922 343057856 master_component.cc:1033] MasterComponent: complete normalizing model nwt
I0607 15:38:09.989205 343057856 master_component.cc:1479] DisposeModel rwt
I0607 15:38:09.998023 343057856 master_component.cc:1058] FitOffline: ItemsProcessed, num_items=476, num_batches=5, token_weight=160411, token_weight_in_effect=160411
I0607 15:38:09.998241 343057856 c_interface.cc:389] Pass FitOfflineMasterModelArgs, batch_filename_size=5, batch_weight_size=5, num_collection_passes=1, reset_nwt=yes to MN4artm4core15MasterComponentEFvRKNS_25FitOfflineMasterModelArgsEE
I0607 15:38:09.998255 343057856 master_component.cc:1404] ProcessBatchesArgs: nwt_target_name=nwt, batch_filename_size=5, batch_size=0, batch_weight_size=5, pwt_source_name=pwt, num_document_passes=1, regularizer=(name:SparsePhi, tau:-100), reuse_theta=yes, opt_for_avx=yes, predict_class_id=, reset_nwt=yes
I0607 15:38:10.005187 142721024 processor.cc:81] Processing queue has data, processing started
I0607 15:38:10.005187 143257600 processor.cc:81] Processing queue has data, processing started
I0607 15:38:10.005208 142184448 processor.cc:81] Processing queue has data, processing started
I0607 15:38:10.005672 141647872 processor.cc:81] Processing queue has data, processing started
I0607 15:38:10.010000 143257600 processor.cc:158] Processor: start processing batch de8e4981-780c-46d2-a50f-c77d9d86f985 into model nwt
I0607 15:38:10.010676 142721024 processor.cc:158] Processor: start processing batch 8cb5a5b1-0361-455a-b641-f402efef5d2b into model nwt
I0607 15:38:10.013445 142184448 processor.cc:158] Processor: start processing batch 8ac79cec-e218-4eff-a004-e0a5762a26d5 into model nwt
I0607 15:38:10.014605 141647872 processor.cc:158] Processor: start processing batch 209029d3-c311-4a97-8ab6-bacbeecf154d into model nwt
I0607 15:38:10.096983 143257600 processor.cc:292] Processor: complete processing batch de8e4981-780c-46d2-a50f-c77d9d86f985 into model nwt
I0607 15:38:10.101087 143257600 cuckoo_watch.h:45] 95ms in ProcessBatch(school_batches/aaaaad.batch) [including 4ms in LoadMessage; 0ms in FindReuseThetaCacheEntry; 0ms in InitializeTheta; 0ms in CreateRegularizerAgents; 1ms in InitializeSparseNdw; 27ms in InferThetaAndUpdateNwtSparse; 0ms in UpdateCacheEntry; 42ms in CalculateScore(PerplexityScore); 1ms in CalculateScore(SparsityThetaScore); 13ms in CalculateScore(^^^ItemsProcessedScore^^^); ]
I0607 15:38:10.111137 143257600 processor.cc:158] Processor: start processing batch 20c5ee68-7da4-4c89-b491-d667f089fdc9 into model nwt
I0607 15:38:10.117040 142721024 processor.cc:292] Processor: complete processing batch 8cb5a5b1-0361-455a-b641-f402efef5d2b into model nwt
I0607 15:38:10.121663 142721024 cuckoo_watch.h:45] 116ms in ProcessBatch(school_batches/aaaaab.batch) [including 5ms in LoadMessage; 0ms in FindReuseThetaCacheEntry; 0ms in InitializeTheta; 0ms in CreateRegularizerAgents; 2ms in InitializeSparseNdw; 28ms in InferThetaAndUpdateNwtSparse; 0ms in UpdateCacheEntry; 49ms in CalculateScore(PerplexityScore); 1ms in CalculateScore(SparsityThetaScore); 23ms in CalculateScore(^^^ItemsProcessedScore^^^); ]
I0607 15:38:10.126991 142184448 processor.cc:292] Processor: complete processing batch 8ac79cec-e218-4eff-a004-e0a5762a26d5 into model nwt
I0607 15:38:10.128911 142184448 cuckoo_watch.h:45] 122ms in ProcessBatch(school_batches/aaaaae.batch) [including 6ms in LoadMessage; 0ms in FindReuseThetaCacheEntry; 0ms in InitializeTheta; 0ms in CreateRegularizerAgents; 1ms in InitializeSparseNdw; 46ms in InferThetaAndUpdateNwtSparse; 0ms in UpdateCacheEntry; 45ms in CalculateScore(PerplexityScore); 5ms in CalculateScore(SparsityThetaScore); 15ms in CalculateScore(^^^ItemsProcessedScore^^^); ]
I0607 15:38:10.149152 142721024 processor.cc:74] No data in processing queue, waiting...
I0607 15:38:10.153014 141647872 processor.cc:292] Processor: complete processing batch 209029d3-c311-4a97-8ab6-bacbeecf154d into model nwt
I0607 15:38:10.155117 142184448 processor.cc:74] No data in processing queue, waiting...
I0607 15:38:10.156345 141647872 cuckoo_watch.h:45] 146ms in ProcessBatch(school_batches/aaaaaa.batch) [including 4ms in LoadMessage; 0ms in FindReuseThetaCacheEntry; 0ms in InitializeTheta; 0ms in CreateRegularizerAgents; 1ms in InitializeSparseNdw; 62ms in InferThetaAndUpdateNwtSparse; 0ms in UpdateCacheEntry; 50ms in CalculateScore(PerplexityScore); 1ms in CalculateScore(SparsityThetaScore); 21ms in CalculateScore(^^^ItemsProcessedScore^^^); ]
I0607 15:38:10.180279 141647872 processor.cc:74] No data in processing queue, waiting...
I0607 15:38:10.189553 143257600 processor.cc:292] Processor: complete processing batch 20c5ee68-7da4-4c89-b491-d667f089fdc9 into model nwt
I0607 15:38:10.190728 143257600 cuckoo_watch.h:45] 88ms in ProcessBatch(school_batches/aaaaac.batch) [including 9ms in LoadMessage; 0ms in FindReuseThetaCacheEntry; 0ms in InitializeTheta; 0ms in CreateRegularizerAgents; 1ms in InitializeSparseNdw; 44ms in InferThetaAndUpdateNwtSparse; 0ms in UpdateCacheEntry; 22ms in CalculateScore(PerplexityScore); 1ms in CalculateScore(SparsityThetaScore); 8ms in CalculateScore(^^^ItemsProcessedScore^^^); ]
I0607 15:38:10.191131 343057856 master_component.cc:1442] RegularizeModelArgs: rwt_target_name=rwt, pwt_source_name=pwt, nwt_source_name=nwt
I0607 15:38:10.191143 343057856 master_component.cc:975] MasterComponent: start regularizing model pwt
I0607 15:38:10.214324 143257600 processor.cc:74] No data in processing queue, waiting...
I0607 15:38:10.237623 343057856 master_component.cc:1001] MasterComponent: complete regularizing model pwt
I0607 15:38:10.237637 343057856 master_component.cc:1455] NormalizeModelArgs: pwt_target_name=pwt, nwt_source_name=nwt, rwt_source_name=rwt
I0607 15:38:10.237643 343057856 master_component.cc:1005] MasterComponent: start normalizing model nwt
I0607 15:38:10.266551 343057856 master_component.cc:1033] MasterComponent: complete normalizing model nwt
I0607 15:38:10.278592 343057856 master_component.cc:1479] DisposeModel rwt
I0607 15:38:10.285254 343057856 master_component.cc:1058] FitOffline: ItemsProcessed, num_items=476, num_batches=5, token_weight=160411, token_weight_in_effect=160411
I0607 15:38:10.285550 343057856 c_interface.cc:389] Pass FitOfflineMasterModelArgs, batch_filename_size=5, batch_weight_size=5, num_collection_passes=1, reset_nwt=yes to MN4artm4core15MasterComponentEFvRKNS_25FitOfflineMasterModelArgsEE
I0607 15:38:10.285565 343057856 master_component.cc:1404] ProcessBatchesArgs: nwt_target_name=nwt, batch_filename_size=5, batch_size=0, batch_weight_size=5, pwt_source_name=pwt, num_document_passes=1, regularizer=(name:SparsePhi, tau:-100), reuse_theta=yes, opt_for_avx=yes, predict_class_id=, reset_nwt=yes
I0607 15:38:10.291923 142721024 processor.cc:81] Processing queue has data, processing started
I0607 15:38:10.291956 142184448 processor.cc:81] Processing queue has data, processing started
I0607 15:38:10.291957 143257600 processor.cc:81] Processing queue has data, processing started
I0607 15:38:10.291975 141647872 processor.cc:81] Processing queue has data, processing started
I0607 15:38:10.297354 142184448 processor.cc:158] Processor: start processing batch 8cb5a5b1-0361-455a-b641-f402efef5d2b into model nwt
I0607 15:38:10.297447 142721024 processor.cc:158] Processor: start processing batch de8e4981-780c-46d2-a50f-c77d9d86f985 into model nwt
I0607 15:38:10.297749 143257600 processor.cc:158] Processor: start processing batch 8ac79cec-e218-4eff-a004-e0a5762a26d5 into model nwt
I0607 15:38:10.299544 141647872 processor.cc:158] Processor: start processing batch 209029d3-c311-4a97-8ab6-bacbeecf154d into model nwt
I0607 15:38:10.343813 143257600 processor.cc:292] Processor: complete processing batch 8ac79cec-e218-4eff-a004-e0a5762a26d5 into model nwt
I0607 15:38:10.345769 142184448 processor.cc:292] Processor: complete processing batch 8cb5a5b1-0361-455a-b641-f402efef5d2b into model nwt
I0607 15:38:10.347829 142721024 processor.cc:292] Processor: complete processing batch de8e4981-780c-46d2-a50f-c77d9d86f985 into model nwt
I0607 15:38:10.347824 143257600 cuckoo_watch.h:45] 55ms in ProcessBatch(school_batches/aaaaae.batch) [including 5ms in LoadMessage; 0ms in FindReuseThetaCacheEntry; 0ms in InitializeTheta; 0ms in CreateRegularizerAgents; 1ms in InitializeSparseNdw; 17ms in InferThetaAndUpdateNwtSparse; 0ms in UpdateCacheEntry; 18ms in CalculateScore(PerplexityScore); 2ms in CalculateScore(SparsityThetaScore); 7ms in CalculateScore(^^^ItemsProcessedScore^^^); ]
I0607 15:38:10.348026 141647872 processor.cc:292] Processor: complete processing batch 209029d3-c311-4a97-8ab6-bacbeecf154d into model nwt
I0607 15:38:10.349346 142184448 cuckoo_watch.h:45] 57ms in ProcessBatch(school_batches/aaaaab.batch) [including 5ms in LoadMessage; 0ms in FindReuseThetaCacheEntry; 0ms in InitializeTheta; 0ms in CreateRegularizerAgents; 1ms in InitializeSparseNdw; 17ms in InferThetaAndUpdateNwtSparse; 0ms in UpdateCacheEntry; 18ms in CalculateScore(PerplexityScore); 2ms in CalculateScore(SparsityThetaScore); 8ms in CalculateScore(^^^ItemsProcessedScore^^^); ]
I0607 15:38:10.351048 142721024 cuckoo_watch.h:45] 59ms in ProcessBatch(school_batches/aaaaad.batch) [including 5ms in LoadMessage; 0ms in FindReuseThetaCacheEntry; 0ms in InitializeTheta; 0ms in CreateRegularizerAgents; 1ms in InitializeSparseNdw; 18ms in InferThetaAndUpdateNwtSparse; 0ms in UpdateCacheEntry; 18ms in CalculateScore(PerplexityScore); 1ms in CalculateScore(SparsityThetaScore); 9ms in CalculateScore(^^^ItemsProcessedScore^^^); ]
I0607 15:38:10.351688 141647872 cuckoo_watch.h:45] 56ms in ProcessBatch(school_batches/aaaaaa.batch) [including 4ms in LoadMessage; 0ms in FindReuseThetaCacheEntry; 0ms in InitializeTheta; 0ms in CreateRegularizerAgents; 1ms in InitializeSparseNdw; 18ms in InferThetaAndUpdateNwtSparse; 0ms in UpdateCacheEntry; 18ms in CalculateScore(PerplexityScore); 2ms in CalculateScore(SparsityThetaScore); 8ms in CalculateScore(^^^ItemsProcessedScore^^^); ]
I0607 15:38:10.352495 143257600 processor.cc:158] Processor: start processing batch 20c5ee68-7da4-4c89-b491-d667f089fdc9 into model nwt
I0607 15:38:10.373442 142184448 processor.cc:74] No data in processing queue, waiting...
I0607 15:38:10.375200 142721024 processor.cc:74] No data in processing queue, waiting...
I0607 15:38:10.375880 141647872 processor.cc:74] No data in processing queue, waiting...
I0607 15:38:10.382483 143257600 processor.cc:292] Processor: complete processing batch 20c5ee68-7da4-4c89-b491-d667f089fdc9 into model nwt
I0607 15:38:10.383615 143257600 cuckoo_watch.h:45] 35ms in ProcessBatch(school_batches/aaaaac.batch) [including 4ms in LoadMessage; 0ms in FindReuseThetaCacheEntry; 0ms in InitializeTheta; 0ms in CreateRegularizerAgents; 0ms in InitializeSparseNdw; 11ms in InferThetaAndUpdateNwtSparse; 0ms in UpdateCacheEntry; 11ms in CalculateScore(PerplexityScore); 1ms in CalculateScore(SparsityThetaScore); 5ms in CalculateScore(^^^ItemsProcessedScore^^^); ]
I0607 15:38:10.384801 343057856 master_component.cc:1442] RegularizeModelArgs: rwt_target_name=rwt, pwt_source_name=pwt, nwt_source_name=nwt
I0607 15:38:10.384829 343057856 master_component.cc:975] MasterComponent: start regularizing model pwt
I0607 15:38:10.407938 143257600 processor.cc:74] No data in processing queue, waiting...
I0607 15:38:10.429792 343057856 master_component.cc:1001] MasterComponent: complete regularizing model pwt
I0607 15:38:10.429806 343057856 master_component.cc:1455] NormalizeModelArgs: pwt_target_name=pwt, nwt_source_name=nwt, rwt_source_name=rwt
I0607 15:38:10.429811 343057856 master_component.cc:1005] MasterComponent: start normalizing model nwt
I0607 15:38:10.457954 343057856 master_component.cc:1033] MasterComponent: complete normalizing model nwt
I0607 15:38:10.469738 343057856 master_component.cc:1479] DisposeModel rwt
I0607 15:38:10.477833 343057856 master_component.cc:1058] FitOffline: ItemsProcessed, num_items=476, num_batches=5, token_weight=160411, token_weight_in_effect=160411
I0607 15:38:10.478113 343057856 c_interface.cc:389] Pass FitOfflineMasterModelArgs, batch_filename_size=5, batch_weight_size=5, num_collection_passes=1, reset_nwt=yes to MN4artm4core15MasterComponentEFvRKNS_25FitOfflineMasterModelArgsEE
I0607 15:38:10.478130 343057856 master_component.cc:1404] ProcessBatchesArgs: nwt_target_name=nwt, batch_filename_size=5, batch_size=0, batch_weight_size=5, pwt_source_name=pwt, num_document_passes=1, regularizer=(name:SparsePhi, tau:-100), reuse_theta=yes, opt_for_avx=yes, predict_class_id=, reset_nwt=yes
I0607 15:38:10.484567 142184448 processor.cc:81] Processing queue has data, processing started
I0607 15:38:10.484567 142721024 processor.cc:81] Processing queue has data, processing started
I0607 15:38:10.484603 141647872 processor.cc:81] Processing queue has data, processing started
I0607 15:38:10.484603 143257600 processor.cc:81] Processing queue has data, processing started
I0607 15:38:10.488968 142721024 processor.cc:158] Processor: start processing batch 8cb5a5b1-0361-455a-b641-f402efef5d2b into model nwt
I0607 15:38:10.489516 142184448 processor.cc:158] Processor: start processing batch de8e4981-780c-46d2-a50f-c77d9d86f985 into model nwt
I0607 15:38:10.489542 141647872 processor.cc:158] Processor: start processing batch 8ac79cec-e218-4eff-a004-e0a5762a26d5 into model nwt
I0607 15:38:10.489567 143257600 processor.cc:158] Processor: start processing batch 209029d3-c311-4a97-8ab6-bacbeecf154d into model nwt
I0607 15:38:10.533759 142721024 processor.cc:292] Processor: complete processing batch 8cb5a5b1-0361-455a-b641-f402efef5d2b into model nwt
I0607 15:38:10.537436 142721024 cuckoo_watch.h:45] 52ms in ProcessBatch(school_batches/aaaaab.batch) [including 4ms in LoadMessage; 0ms in FindReuseThetaCacheEntry; 0ms in InitializeTheta; 0ms in CreateRegularizerAgents; 1ms in InitializeSparseNdw; 18ms in InferThetaAndUpdateNwtSparse; 0ms in UpdateCacheEntry; 18ms in CalculateScore(PerplexityScore); 1ms in CalculateScore(SparsityThetaScore); 5ms in CalculateScore(^^^ItemsProcessedScore^^^); ]
I0607 15:38:10.538451 141647872 processor.cc:292] Processor: complete processing batch 8ac79cec-e218-4eff-a004-e0a5762a26d5 into model nwt
I0607 15:38:10.538650 142184448 processor.cc:292] Processor: complete processing batch de8e4981-780c-46d2-a50f-c77d9d86f985 into model nwt
I0607 15:38:10.540881 142184448 cuckoo_watch.h:45] 56ms in ProcessBatch(school_batches/aaaaad.batch) [including 4ms in LoadMessage; 0ms in FindReuseThetaCacheEntry; 0ms in InitializeTheta; 0ms in CreateRegularizerAgents; 1ms in InitializeSparseNdw; 18ms in InferThetaAndUpdateNwtSparse; 0ms in UpdateCacheEntry; 19ms in CalculateScore(PerplexityScore); 1ms in CalculateScore(SparsityThetaScore); 8ms in CalculateScore(^^^ItemsProcessedScore^^^); ]
I0607 15:38:10.541690 141647872 cuckoo_watch.h:45] 57ms in ProcessBatch(school_batches/aaaaae.batch) [including 4ms in LoadMessage; 0ms in FindReuseThetaCacheEntry; 0ms in InitializeTheta; 0ms in CreateRegularizerAgents; 1ms in InitializeSparseNdw; 19ms in InferThetaAndUpdateNwtSparse; 0ms in UpdateCacheEntry; 17ms in CalculateScore(PerplexityScore); 1ms in CalculateScore(SparsityThetaScore); 8ms in CalculateScore(^^^ItemsProcessedScore^^^); ]
I0607 15:38:10.543152 142721024 processor.cc:158] Processor: start processing batch 20c5ee68-7da4-4c89-b491-d667f089fdc9 into model nwt
I0607 15:38:10.547170 143257600 processor.cc:292] Processor: complete processing batch 209029d3-c311-4a97-8ab6-bacbeecf154d into model nwt
I0607 15:38:10.548563 143257600 cuckoo_watch.h:45] 63ms in ProcessBatch(school_batches/aaaaaa.batch) [including 4ms in LoadMessage; 0ms in FindReuseThetaCacheEntry; 0ms in InitializeTheta; 0ms in CreateRegularizerAgents; 1ms in InitializeSparseNdw; 20ms in InferThetaAndUpdateNwtSparse; 0ms in UpdateCacheEntry; 27ms in CalculateScore(PerplexityScore); 1ms in CalculateScore(SparsityThetaScore); 5ms in CalculateScore(^^^ItemsProcessedScore^^^); ]
I0607 15:38:10.565997 142184448 processor.cc:74] No data in processing queue, waiting...
I0607 15:38:10.565992 141647872 processor.cc:74] No data in processing queue, waiting...
I0607 15:38:10.572803 143257600 processor.cc:74] No data in processing queue, waiting...
I0607 15:38:10.589313 142721024 processor.cc:292] Processor: complete processing batch 20c5ee68-7da4-4c89-b491-d667f089fdc9 into model nwt
I0607 15:38:10.590521 142721024 cuckoo_watch.h:45] 53ms in ProcessBatch(school_batches/aaaaac.batch) [including 5ms in LoadMessage; 0ms in FindReuseThetaCacheEntry; 0ms in InitializeTheta; 0ms in CreateRegularizerAgents; 1ms in InitializeSparseNdw; 13ms in InferThetaAndUpdateNwtSparse; 0ms in UpdateCacheEntry; 20ms in CalculateScore(PerplexityScore); 1ms in CalculateScore(SparsityThetaScore); 9ms in CalculateScore(^^^ItemsProcessedScore^^^); ]
I0607 15:38:10.591135 343057856 master_component.cc:1442] RegularizeModelArgs: rwt_target_name=rwt, pwt_source_name=pwt, nwt_source_name=nwt
I0607 15:38:10.591146 343057856 master_component.cc:975] MasterComponent: start regularizing model pwt
I0607 15:38:10.621742 142721024 processor.cc:74] No data in processing queue, waiting...
I0607 15:38:10.684973 343057856 master_component.cc:1001] MasterComponent: complete regularizing model pwt
I0607 15:38:10.684988 343057856 master_component.cc:1455] NormalizeModelArgs: pwt_target_name=pwt, nwt_source_name=nwt, rwt_source_name=rwt
I0607 15:38:10.684994 343057856 master_component.cc:1005] MasterComponent: start normalizing model nwt
I0607 15:38:10.738226 343057856 master_component.cc:1033] MasterComponent: complete normalizing model nwt
I0607 15:38:10.754048 343057856 master_component.cc:1479] DisposeModel rwt
I0607 15:38:10.762674 343057856 master_component.cc:1058] FitOffline: ItemsProcessed, num_items=476, num_batches=5, token_weight=160411, token_weight_in_effect=160411
I0607 15:38:10.762890 343057856 c_interface.cc:389] Pass FitOfflineMasterModelArgs, batch_filename_size=5, batch_weight_size=5, num_collection_passes=1, reset_nwt=yes to MN4artm4core15MasterComponentEFvRKNS_25FitOfflineMasterModelArgsEE
I0607 15:38:10.762902 343057856 master_component.cc:1404] ProcessBatchesArgs: nwt_target_name=nwt, batch_filename_size=5, batch_size=0, batch_weight_size=5, pwt_source_name=pwt, num_document_passes=1, regularizer=(name:SparsePhi, tau:-100), reuse_theta=yes, opt_for_avx=yes, predict_class_id=, reset_nwt=yes
I0607 15:38:10.768718 141647872 processor.cc:81] Processing queue has data, processing started
I0607 15:38:10.768766 142184448 processor.cc:81] Processing queue has data, processing started
I0607 15:38:10.769100 143257600 processor.cc:81] Processing queue has data, processing started
I0607 15:38:10.769289 142721024 processor.cc:81] Processing queue has data, processing started
I0607 15:38:10.773231 143257600 processor.cc:158] Processor: start processing batch 8ac79cec-e218-4eff-a004-e0a5762a26d5 into model nwt
I0607 15:38:10.773558 141647872 processor.cc:158] Processor: start processing batch de8e4981-780c-46d2-a50f-c77d9d86f985 into model nwt
I0607 15:38:10.773640 142184448 processor.cc:158] Processor: start processing batch 8cb5a5b1-0361-455a-b641-f402efef5d2b into model nwt
I0607 15:38:10.774039 142721024 processor.cc:158] Processor: start processing batch 209029d3-c311-4a97-8ab6-bacbeecf154d into model nwt
I0607 15:38:10.820130 143257600 processor.cc:292] Processor: complete processing batch 8ac79cec-e218-4eff-a004-e0a5762a26d5 into model nwt
I0607 15:38:10.822214 143257600 cuckoo_watch.h:45] 53ms in ProcessBatch(school_batches/aaaaae.batch) [including 4ms in LoadMessage; 0ms in FindReuseThetaCacheEntry; 0ms in InitializeTheta; 0ms in CreateRegularizerAgents; 1ms in InitializeSparseNdw; 16ms in InferThetaAndUpdateNwtSparse; 0ms in UpdateCacheEntry; 20ms in CalculateScore(PerplexityScore); 1ms in CalculateScore(SparsityThetaScore); 7ms in CalculateScore(^^^ItemsProcessedScore^^^); ]
I0607 15:38:10.822886 141647872 processor.cc:292] Processor: complete processing batch de8e4981-780c-46d2-a50f-c77d9d86f985 into model nwt
I0607 15:38:10.824800 142184448 processor.cc:292] Processor: complete processing batch 8cb5a5b1-0361-455a-b641-f402efef5d2b into model nwt
I0607 15:38:10.826378 141647872 cuckoo_watch.h:45] 57ms in ProcessBatch(school_batches/aaaaad.batch) [including 4ms in LoadMessage; 0ms in FindReuseThetaCacheEntry; 0ms in InitializeTheta; 0ms in CreateRegularizerAgents; 1ms in InitializeSparseNdw; 15ms in InferThetaAndUpdateNwtSparse; 0ms in UpdateCacheEntry; 22ms in CalculateScore(PerplexityScore); 1ms in CalculateScore(SparsityThetaScore); 8ms in CalculateScore(^^^ItemsProcessedScore^^^); ]
I0607 15:38:10.826529 143257600 processor.cc:158] Processor: start processing batch 20c5ee68-7da4-4c89-b491-d667f089fdc9 into model nwt
I0607 15:38:10.826776 142184448 cuckoo_watch.h:45] 57ms in ProcessBatch(school_batches/aaaaab.batch) [including 4ms in LoadMessage; 0ms in FindReuseThetaCacheEntry; 0ms in InitializeTheta; 0ms in CreateRegularizerAgents; 1ms in InitializeSparseNdw; 16ms in InferThetaAndUpdateNwtSparse; 0ms in UpdateCacheEntry; 22ms in CalculateScore(PerplexityScore); 1ms in CalculateScore(SparsityThetaScore); 9ms in CalculateScore(^^^ItemsProcessedScore^^^); ]
I0607 15:38:10.827741 142721024 processor.cc:292] Processor: complete processing batch 209029d3-c311-4a97-8ab6-bacbeecf154d into model nwt
I0607 15:38:10.828872 142721024 cuckoo_watch.h:45] 59ms in ProcessBatch(school_batches/aaaaaa.batch) [including 4ms in LoadMessage; 0ms in FindReuseThetaCacheEntry; 0ms in InitializeTheta; 0ms in CreateRegularizerAgents; 1ms in InitializeSparseNdw; 16ms in InferThetaAndUpdateNwtSparse; 0ms in UpdateCacheEntry; 24ms in CalculateScore(PerplexityScore); 2ms in CalculateScore(SparsityThetaScore); 8ms in CalculateScore(^^^ItemsProcessedScore^^^); ]
I0607 15:38:10.850682 141647872 processor.cc:74] No data in processing queue, waiting...
I0607 15:38:10.851246 142184448 processor.cc:74] No data in processing queue, waiting...
I0607 15:38:10.853281 142721024 processor.cc:74] No data in processing queue, waiting...
I0607 15:38:10.856959 143257600 processor.cc:292] Processor: complete processing batch 20c5ee68-7da4-4c89-b491-d667f089fdc9 into model nwt
I0607 15:38:10.858110 143257600 cuckoo_watch.h:45] 35ms in ProcessBatch(school_batches/aaaaac.batch) [including 4ms in LoadMessage; 0ms in FindReuseThetaCacheEntry; 0ms in InitializeTheta; 0ms in CreateRegularizerAgents; 0ms in InitializeSparseNdw; 11ms in InferThetaAndUpdateNwtSparse; 0ms in UpdateCacheEntry; 11ms in CalculateScore(PerplexityScore); 1ms in CalculateScore(SparsityThetaScore); 5ms in CalculateScore(^^^ItemsProcessedScore^^^); ]
I0607 15:38:10.858592 343057856 master_component.cc:1442] RegularizeModelArgs: rwt_target_name=rwt, pwt_source_name=pwt, nwt_source_name=nwt
I0607 15:38:10.858613 343057856 master_component.cc:975] MasterComponent: start regularizing model pwt
I0607 15:38:10.881920 143257600 processor.cc:74] No data in processing queue, waiting...
I0607 15:38:10.902894 343057856 master_component.cc:1001] MasterComponent: complete regularizing model pwt
I0607 15:38:10.902909 343057856 master_component.cc:1455] NormalizeModelArgs: pwt_target_name=pwt, nwt_source_name=nwt, rwt_source_name=rwt
I0607 15:38:10.902913 343057856 master_component.cc:1005] MasterComponent: start normalizing model nwt
I0607 15:38:10.930639 343057856 master_component.cc:1033] MasterComponent: complete normalizing model nwt
I0607 15:38:10.942277 343057856 master_component.cc:1479] DisposeModel rwt
I0607 15:38:10.950107 343057856 master_component.cc:1058] FitOffline: ItemsProcessed, num_items=476, num_batches=5, token_weight=160411, token_weight_in_effect=160411
I0607 15:38:10.950322 343057856 c_interface.cc:389] Pass FitOfflineMasterModelArgs, batch_filename_size=5, batch_weight_size=5, num_collection_passes=1, reset_nwt=yes to MN4artm4core15MasterComponentEFvRKNS_25FitOfflineMasterModelArgsEE
I0607 15:38:10.950335 343057856 master_component.cc:1404] ProcessBatchesArgs: nwt_target_name=nwt, batch_filename_size=5, batch_size=0, batch_weight_size=5, pwt_source_name=pwt, num_document_passes=1, regularizer=(name:SparsePhi, tau:-100), reuse_theta=yes, opt_for_avx=yes, predict_class_id=, reset_nwt=yes
I0607 15:38:10.955837 142721024 processor.cc:81] Processing queue has data, processing started
I0607 15:38:10.955871 143257600 processor.cc:81] Processing queue has data, processing started
I0607 15:38:10.956341 141647872 processor.cc:81] Processing queue has data, processing started
I0607 15:38:10.958631 142721024 processor.cc:158] Processor: start processing batch de8e4981-780c-46d2-a50f-c77d9d86f985 into model nwt
I0607 15:38:10.959996 142184448 processor.cc:81] Processing queue has data, processing started
I0607 15:38:10.960193 143257600 processor.cc:158] Processor: start processing batch 8cb5a5b1-0361-455a-b641-f402efef5d2b into model nwt
I0607 15:38:10.960402 141647872 processor.cc:158] Processor: start processing batch 8ac79cec-e218-4eff-a004-e0a5762a26d5 into model nwt
I0607 15:38:10.963661 142184448 processor.cc:158] Processor: start processing batch 209029d3-c311-4a97-8ab6-bacbeecf154d into model nwt
I0607 15:38:11.003072 141647872 processor.cc:292] Processor: complete processing batch 8ac79cec-e218-4eff-a004-e0a5762a26d5 into model nwt
I0607 15:38:11.005102 142721024 processor.cc:292] Processor: complete processing batch de8e4981-780c-46d2-a50f-c77d9d86f985 into model nwt
I0607 15:38:11.008008 142721024 cuckoo_watch.h:45] 52ms in ProcessBatch(school_batches/aaaaad.batch) [including 2ms in LoadMessage; 0ms in FindReuseThetaCacheEntry; 0ms in InitializeTheta; 0ms in CreateRegularizerAgents; 0ms in InitializeSparseNdw; 16ms in InferThetaAndUpdateNwtSparse; 0ms in UpdateCacheEntry; 17ms in CalculateScore(PerplexityScore); 1ms in CalculateScore(SparsityThetaScore); 9ms in CalculateScore(^^^ItemsProcessedScore^^^); ]
I0607 15:38:11.008838 143257600 processor.cc:292] Processor: complete processing batch 8cb5a5b1-0361-455a-b641-f402efef5d2b into model nwt
I0607 15:38:11.009007 141647872 cuckoo_watch.h:45] 52ms in ProcessBatch(school_batches/aaaaae.batch) [including 4ms in LoadMessage; 0ms in FindReuseThetaCacheEntry; 0ms in InitializeTheta; 0ms in CreateRegularizerAgents; 1ms in InitializeSparseNdw; 14ms in InferThetaAndUpdateNwtSparse; 0ms in UpdateCacheEntry; 16ms in CalculateScore(PerplexityScore); 1ms in CalculateScore(SparsityThetaScore); 9ms in CalculateScore(^^^ItemsProcessedScore^^^); ]
I0607 15:38:11.012845 143257600 cuckoo_watch.h:45] 56ms in ProcessBatch(school_batches/aaaaab.batch) [including 4ms in LoadMessage; 0ms in FindReuseThetaCacheEntry; 0ms in InitializeTheta; 0ms in CreateRegularizerAgents; 1ms in InitializeSparseNdw; 15ms in InferThetaAndUpdateNwtSparse; 0ms in UpdateCacheEntry; 18ms in CalculateScore(PerplexityScore); 1ms in CalculateScore(SparsityThetaScore); 11ms in CalculateScore(^^^ItemsProcessedScore^^^); ]
I0607 15:38:11.014060 142184448 processor.cc:292] Processor: complete processing batch 209029d3-c311-4a97-8ab6-bacbeecf154d into model nwt
I0607 15:38:11.017408 142721024 processor.cc:158] Processor: start processing batch 20c5ee68-7da4-4c89-b491-d667f089fdc9 into model nwt
I0607 15:38:11.017645 142184448 cuckoo_watch.h:45] 57ms in ProcessBatch(school_batches/aaaaaa.batch) [including 3ms in LoadMessage; 0ms in FindReuseThetaCacheEntry; 0ms in InitializeTheta; 0ms in CreateRegularizerAgents; 1ms in InitializeSparseNdw; 16ms in InferThetaAndUpdateNwtSparse; 0ms in UpdateCacheEntry; 20ms in CalculateScore(PerplexityScore); 4ms in CalculateScore(SparsityThetaScore); 7ms in CalculateScore(^^^ItemsProcessedScore^^^); ]
I0607 15:38:11.032562 141647872 processor.cc:74] No data in processing queue, waiting...
I0607 15:38:11.036360 143257600 processor.cc:74] No data in processing queue, waiting...
I0607 15:38:11.041384 142184448 processor.cc:74] No data in processing queue, waiting...
I0607 15:38:11.050231 142721024 processor.cc:292] Processor: complete processing batch 20c5ee68-7da4-4c89-b491-d667f089fdc9 into model nwt
I0607 15:38:11.051668 142721024 cuckoo_watch.h:45] 43ms in ProcessBatch(school_batches/aaaaac.batch) [including 9ms in LoadMessage; 0ms in FindReuseThetaCacheEntry; 0ms in InitializeTheta; 0ms in CreateRegularizerAgents; 0ms in InitializeSparseNdw; 12ms in InferThetaAndUpdateNwtSparse; 0ms in UpdateCacheEntry; 13ms in CalculateScore(PerplexityScore); 1ms in CalculateScore(SparsityThetaScore); 5ms in CalculateScore(^^^ItemsProcessedScore^^^); ]
I0607 15:38:11.052902 343057856 master_component.cc:1442] RegularizeModelArgs: rwt_target_name=rwt, pwt_source_name=pwt, nwt_source_name=nwt
I0607 15:38:11.052922 343057856 master_component.cc:975] MasterComponent: start regularizing model pwt
I0607 15:38:11.075868 142721024 processor.cc:74] No data in processing queue, waiting...
I0607 15:38:11.097573 343057856 master_component.cc:1001] MasterComponent: complete regularizing model pwt
I0607 15:38:11.097586 343057856 master_component.cc:1455] NormalizeModelArgs: pwt_target_name=pwt, nwt_source_name=nwt, rwt_source_name=rwt
I0607 15:38:11.097591 343057856 master_component.cc:1005] MasterComponent: start normalizing model nwt
I0607 15:38:11.139320 343057856 master_component.cc:1033] MasterComponent: complete normalizing model nwt
I0607 15:38:11.162794 343057856 master_component.cc:1479] DisposeModel rwt
I0607 15:38:11.173476 343057856 master_component.cc:1058] FitOffline: ItemsProcessed, num_items=476, num_batches=5, token_weight=160411, token_weight_in_effect=160411
I0607 15:38:11.173738 343057856 c_interface.cc:389] Pass FitOfflineMasterModelArgs, batch_filename_size=5, batch_weight_size=5, num_collection_passes=1, reset_nwt=yes to MN4artm4core15MasterComponentEFvRKNS_25FitOfflineMasterModelArgsEE
I0607 15:38:11.173753 343057856 master_component.cc:1404] ProcessBatchesArgs: nwt_target_name=nwt, batch_filename_size=5, batch_size=0, batch_weight_size=5, pwt_source_name=pwt, num_document_passes=1, regularizer=(name:SparsePhi, tau:-100), reuse_theta=yes, opt_for_avx=yes, predict_class_id=, reset_nwt=yes
I0607 15:38:11.182981 141647872 processor.cc:81] Processing queue has data, processing started
I0607 15:38:11.182982 142184448 processor.cc:81] Processing queue has data, processing started
I0607 15:38:11.183007 143257600 processor.cc:81] Processing queue has data, processing started
I0607 15:38:11.183562 142721024 processor.cc:81] Processing queue has data, processing started
I0607 15:38:11.188463 141647872 processor.cc:158] Processor: start processing batch de8e4981-780c-46d2-a50f-c77d9d86f985 into model nwt
I0607 15:38:11.189067 142184448 processor.cc:158] Processor: start processing batch 8cb5a5b1-0361-455a-b641-f402efef5d2b into model nwt
I0607 15:38:11.211717 142721024 processor.cc:158] Processor: start processing batch 209029d3-c311-4a97-8ab6-bacbeecf154d into model nwt
I0607 15:38:11.214375 143257600 processor.cc:158] Processor: start processing batch 8ac79cec-e218-4eff-a004-e0a5762a26d5 into model nwt
I0607 15:38:11.270141 141647872 processor.cc:292] Processor: complete processing batch de8e4981-780c-46d2-a50f-c77d9d86f985 into model nwt
I0607 15:38:11.272298 141647872 cuckoo_watch.h:45] 89ms in ProcessBatch(school_batches/aaaaad.batch) [including 5ms in LoadMessage; 0ms in FindReuseThetaCacheEntry; 0ms in InitializeTheta; 0ms in CreateRegularizerAgents; 4ms in InitializeSparseNdw; 23ms in InferThetaAndUpdateNwtSparse; 0ms in UpdateCacheEntry; 33ms in CalculateScore(PerplexityScore); 1ms in CalculateScore(SparsityThetaScore); 17ms in CalculateScore(^^^ItemsProcessedScore^^^); ]
I0607 15:38:11.272687 142184448 processor.cc:292] Processor: complete processing batch 8cb5a5b1-0361-455a-b641-f402efef5d2b into model nwt
I0607 15:38:11.275831 142184448 cuckoo_watch.h:45] 92ms in ProcessBatch(school_batches/aaaaab.batch) [including 6ms in LoadMessage; 0ms in FindReuseThetaCacheEntry; 0ms in InitializeTheta; 0ms in CreateRegularizerAgents; 3ms in InitializeSparseNdw; 24ms in InferThetaAndUpdateNwtSparse; 0ms in UpdateCacheEntry; 33ms in CalculateScore(PerplexityScore); 1ms in CalculateScore(SparsityThetaScore); 18ms in CalculateScore(^^^ItemsProcessedScore^^^); ]
I0607 15:38:11.277688 141647872 processor.cc:158] Processor: start processing batch 20c5ee68-7da4-4c89-b491-d667f089fdc9 into model nwt
I0607 15:38:11.301872 142184448 processor.cc:74] No data in processing queue, waiting...
I0607 15:38:11.321455 143257600 processor.cc:292] Processor: complete processing batch 8ac79cec-e218-4eff-a004-e0a5762a26d5 into model nwt
I0607 15:38:11.323376 143257600 cuckoo_watch.h:45] 139ms in ProcessBatch(school_batches/aaaaae.batch) [including 30ms in LoadMessage; 0ms in FindReuseThetaCacheEntry; 0ms in InitializeTheta; 0ms in CreateRegularizerAgents; 1ms in InitializeSparseNdw; 71ms in InferThetaAndUpdateNwtSparse; 0ms in UpdateCacheEntry; 25ms in CalculateScore(PerplexityScore); 2ms in CalculateScore(SparsityThetaScore); 6ms in CalculateScore(^^^ItemsProcessedScore^^^); ]
I0607 15:38:11.324141 142721024 processor.cc:292] Processor: complete processing batch 209029d3-c311-4a97-8ab6-bacbeecf154d into model nwt
I0607 15:38:11.325249 142721024 cuckoo_watch.h:45] 136ms in ProcessBatch(school_batches/aaaaaa.batch) [including 22ms in LoadMessage; 0ms in FindReuseThetaCacheEntry; 0ms in InitializeTheta; 0ms in CreateRegularizerAgents; 1ms in InitializeSparseNdw; 71ms in InferThetaAndUpdateNwtSparse; 0ms in UpdateCacheEntry; 30ms in CalculateScore(PerplexityScore); 1ms in CalculateScore(SparsityThetaScore); 7ms in CalculateScore(^^^ItemsProcessedScore^^^); ]
I0607 15:38:11.329890 141647872 processor.cc:292] Processor: complete processing batch 20c5ee68-7da4-4c89-b491-d667f089fdc9 into model nwt
I0607 15:38:11.331416 141647872 cuckoo_watch.h:45] 59ms in ProcessBatch(school_batches/aaaaac.batch) [including 5ms in LoadMessage; 0ms in FindReuseThetaCacheEntry; 0ms in InitializeTheta; 0ms in CreateRegularizerAgents; 1ms in InitializeSparseNdw; 23ms in InferThetaAndUpdateNwtSparse; 0ms in UpdateCacheEntry; 18ms in CalculateScore(PerplexityScore); 2ms in CalculateScore(SparsityThetaScore); 5ms in CalculateScore(^^^ItemsProcessedScore^^^); ]
I0607 15:38:11.331612 343057856 master_component.cc:1442] RegularizeModelArgs: rwt_target_name=rwt, pwt_source_name=pwt, nwt_source_name=nwt
I0607 15:38:11.331646 343057856 master_component.cc:975] MasterComponent: start regularizing model pwt
I0607 15:38:11.346355 143257600 processor.cc:74] No data in processing queue, waiting...
I0607 15:38:11.348848 142721024 processor.cc:74] No data in processing queue, waiting...
I0607 15:38:11.354954 141647872 processor.cc:74] No data in processing queue, waiting...
I0607 15:38:11.378154 343057856 master_component.cc:1001] MasterComponent: complete regularizing model pwt
I0607 15:38:11.378167 343057856 master_component.cc:1455] NormalizeModelArgs: pwt_target_name=pwt, nwt_source_name=nwt, rwt_source_name=rwt
I0607 15:38:11.378172 343057856 master_component.cc:1005] MasterComponent: start normalizing model nwt
I0607 15:38:11.406265 343057856 master_component.cc:1033] MasterComponent: complete normalizing model nwt
I0607 15:38:11.417322 343057856 master_component.cc:1479] DisposeModel rwt
I0607 15:38:11.424371 343057856 master_component.cc:1058] FitOffline: ItemsProcessed, num_items=476, num_batches=5, token_weight=160411, token_weight_in_effect=160411
I0607 15:38:11.424584 343057856 c_interface.cc:389] Pass FitOfflineMasterModelArgs, batch_filename_size=5, batch_weight_size=5, num_collection_passes=1, reset_nwt=yes to MN4artm4core15MasterComponentEFvRKNS_25FitOfflineMasterModelArgsEE
I0607 15:38:11.424597 343057856 master_component.cc:1404] ProcessBatchesArgs: nwt_target_name=nwt, batch_filename_size=5, batch_size=0, batch_weight_size=5, pwt_source_name=pwt, num_document_passes=1, regularizer=(name:SparsePhi, tau:-100), reuse_theta=yes, opt_for_avx=yes, predict_class_id=, reset_nwt=yes
I0607 15:38:11.431088 142184448 processor.cc:81] Processing queue has data, processing started
I0607 15:38:11.431087 142721024 processor.cc:81] Processing queue has data, processing started
I0607 15:38:11.431120 143257600 processor.cc:81] Processing queue has data, processing started
I0607 15:38:11.431120 141647872 processor.cc:81] Processing queue has data, processing started
I0607 15:38:11.435612 141647872 processor.cc:158] Processor: start processing batch 8ac79cec-e218-4eff-a004-e0a5762a26d5 into model nwt
I0607 15:38:11.435807 142184448 processor.cc:158] Processor: start processing batch 8cb5a5b1-0361-455a-b641-f402efef5d2b into model nwt
I0607 15:38:11.435940 143257600 processor.cc:158] Processor: start processing batch 209029d3-c311-4a97-8ab6-bacbeecf154d into model nwt
I0607 15:38:11.435977 142721024 processor.cc:158] Processor: start processing batch de8e4981-780c-46d2-a50f-c77d9d86f985 into model nwt
I0607 15:38:11.478041 142184448 processor.cc:292] Processor: complete processing batch 8cb5a5b1-0361-455a-b641-f402efef5d2b into model nwt
I0607 15:38:11.480914 142184448 cuckoo_watch.h:45] 49ms in ProcessBatch(school_batches/aaaaab.batch) [including 4ms in LoadMessage; 0ms in FindReuseThetaCacheEntry; 0ms in InitializeTheta; 0ms in CreateRegularizerAgents; 1ms in InitializeSparseNdw; 15ms in InferThetaAndUpdateNwtSparse; 0ms in UpdateCacheEntry; 15ms in CalculateScore(PerplexityScore); 1ms in CalculateScore(SparsityThetaScore); 8ms in CalculateScore(^^^ItemsProcessedScore^^^); ]
I0607 15:38:11.481761 143257600 processor.cc:292] Processor: complete processing batch 209029d3-c311-4a97-8ab6-bacbeecf154d into model nwt
I0607 15:38:11.482180 142721024 processor.cc:292] Processor: complete processing batch de8e4981-780c-46d2-a50f-c77d9d86f985 into model nwt
I0607 15:38:11.484068 142721024 cuckoo_watch.h:45] 52ms in ProcessBatch(school_batches/aaaaad.batch) [including 4ms in LoadMessage; 0ms in FindReuseThetaCacheEntry; 0ms in InitializeTheta; 0ms in CreateRegularizerAgents; 1ms in InitializeSparseNdw; 15ms in InferThetaAndUpdateNwtSparse; 0ms in UpdateCacheEntry; 18ms in CalculateScore(PerplexityScore); 1ms in CalculateScore(SparsityThetaScore); 8ms in CalculateScore(^^^ItemsProcessedScore^^^); ]
I0607 15:38:11.485085 142184448 processor.cc:158] Processor: start processing batch 20c5ee68-7da4-4c89-b491-d667f089fdc9 into model nwt
I0607 15:38:11.485903 143257600 cuckoo_watch.h:45] 54ms in ProcessBatch(school_batches/aaaaaa.batch) [including 4ms in LoadMessage; 0ms in FindReuseThetaCacheEntry; 0ms in InitializeTheta; 0ms in CreateRegularizerAgents; 2ms in InitializeSparseNdw; 15ms in InferThetaAndUpdateNwtSparse; 0ms in UpdateCacheEntry; 17ms in CalculateScore(PerplexityScore); 1ms in CalculateScore(SparsityThetaScore); 7ms in CalculateScore(^^^ItemsProcessedScore^^^); ]
I0607 15:38:11.489439 141647872 processor.cc:292] Processor: complete processing batch 8ac79cec-e218-4eff-a004-e0a5762a26d5 into model nwt
I0607 15:38:11.491408 141647872 cuckoo_watch.h:45] 60ms in ProcessBatch(school_batches/aaaaae.batch) [including 4ms in LoadMessage; 0ms in FindReuseThetaCacheEntry; 0ms in InitializeTheta; 0ms in CreateRegularizerAgents; 1ms in InitializeSparseNdw; 15ms in InferThetaAndUpdateNwtSparse; 0ms in UpdateCacheEntry; 26ms in CalculateScore(PerplexityScore); 1ms in CalculateScore(SparsityThetaScore); 8ms in CalculateScore(^^^ItemsProcessedScore^^^); ]
I0607 15:38:11.507783 142721024 processor.cc:74] No data in processing queue, waiting...
I0607 15:38:11.510339 143257600 processor.cc:74] No data in processing queue, waiting...
I0607 15:38:11.515470 141647872 processor.cc:74] No data in processing queue, waiting...
I0607 15:38:11.520239 142184448 processor.cc:292] Processor: complete processing batch 20c5ee68-7da4-4c89-b491-d667f089fdc9 into model nwt
I0607 15:38:11.521410 142184448 cuckoo_watch.h:45] 40ms in ProcessBatch(school_batches/aaaaac.batch) [including 4ms in LoadMessage; 0ms in FindReuseThetaCacheEntry; 0ms in InitializeTheta; 0ms in CreateRegularizerAgents; 1ms in InitializeSparseNdw; 12ms in InferThetaAndUpdateNwtSparse; 0ms in UpdateCacheEntry; 15ms in CalculateScore(PerplexityScore); 1ms in CalculateScore(SparsityThetaScore); 5ms in CalculateScore(^^^ItemsProcessedScore^^^); ]
I0607 15:38:11.521790 343057856 master_component.cc:1442] RegularizeModelArgs: rwt_target_name=rwt, pwt_source_name=pwt, nwt_source_name=nwt
I0607 15:38:11.521811 343057856 master_component.cc:975] MasterComponent: start regularizing model pwt
I0607 15:38:11.545536 142184448 processor.cc:74] No data in processing queue, waiting...
I0607 15:38:11.565850 343057856 master_component.cc:1001] MasterComponent: complete regularizing model pwt
I0607 15:38:11.565863 343057856 master_component.cc:1455] NormalizeModelArgs: pwt_target_name=pwt, nwt_source_name=nwt, rwt_source_name=rwt
I0607 15:38:11.565868 343057856 master_component.cc:1005] MasterComponent: start normalizing model nwt
I0607 15:38:11.593982 343057856 master_component.cc:1033] MasterComponent: complete normalizing model nwt
I0607 15:38:11.605401 343057856 master_component.cc:1479] DisposeModel rwt
I0607 15:38:11.612517 343057856 master_component.cc:1058] FitOffline: ItemsProcessed, num_items=476, num_batches=5, token_weight=160411, token_weight_in_effect=160411
I0607 15:38:11.612740 343057856 c_interface.cc:389] Pass FitOfflineMasterModelArgs, batch_filename_size=5, batch_weight_size=5, num_collection_passes=1, reset_nwt=yes to MN4artm4core15MasterComponentEFvRKNS_25FitOfflineMasterModelArgsEE
