I0607 15:40:54.642670 72533440 master_component.cc:975] MasterComponent: start regularizing model pwt
I0607 15:40:54.666055 285515776 processor.cc:74] No data in processing queue, waiting...
I0607 15:40:54.686723 72533440 master_component.cc:1001] MasterComponent: complete regularizing model pwt
I0607 15:40:54.686738 72533440 master_component.cc:1455] NormalizeModelArgs: pwt_target_name=pwt, nwt_source_name=nwt, rwt_source_name=rwt
I0607 15:40:54.686743 72533440 master_component.cc:1005] MasterComponent: start normalizing model nwt
I0607 15:40:54.714576 72533440 master_component.cc:1033] MasterComponent: complete normalizing model nwt
I0607 15:40:54.726248 72533440 master_component.cc:1479] DisposeModel rwt
I0607 15:40:54.742090 72533440 master_component.cc:1058] FitOffline: ItemsProcessed, num_items=476, num_batches=5, token_weight=160411, token_weight_in_effect=160411
I0607 15:40:54.742341 72533440 c_interface.cc:389] Pass FitOfflineMasterModelArgs, batch_filename_size=5, batch_weight_size=5, num_collection_passes=1, reset_nwt=yes to MN4artm4core15MasterComponentEFvRKNS_25FitOfflineMasterModelArgsEE
I0607 15:40:54.742357 72533440 master_component.cc:1404] ProcessBatchesArgs: nwt_target_name=nwt, batch_filename_size=5, batch_size=0, batch_weight_size=5, pwt_source_name=pwt, num_document_passes=1, regularizer=(name:SparsePhi, tau:-50000), reuse_theta=yes, opt_for_avx=yes, predict_class_id=, reset_nwt=yes
I0607 15:40:54.751242 284442624 processor.cc:81] Processing queue has data, processing started
I0607 15:40:54.751263 284979200 processor.cc:81] Processing queue has data, processing started
I0607 15:40:54.752015 283906048 processor.cc:81] Processing queue has data, processing started
I0607 15:40:54.753893 285515776 processor.cc:81] Processing queue has data, processing started
I0607 15:40:54.756814 284442624 processor.cc:158] Processor: start processing batch ac82d179-1596-49c0-8e97-580ce0f5358e into model nwt
I0607 15:40:54.757272 283906048 processor.cc:158] Processor: start processing batch 5c7b44f6-79b2-4154-8463-9c4c88da0d5c into model nwt
I0607 15:40:54.758352 284979200 processor.cc:158] Processor: start processing batch ce2a767a-059a-42a9-912f-f1512ee3e388 into model nwt
I0607 15:40:54.760764 285515776 processor.cc:158] Processor: start processing batch a3c2ffb0-2696-4b9b-87f9-f2b7b625a3e8 into model nwt
I0607 15:40:54.884413 284442624 processor.cc:292] Processor: complete processing batch ac82d179-1596-49c0-8e97-580ce0f5358e into model nwt
I0607 15:40:54.901033 283906048 processor.cc:292] Processor: complete processing batch 5c7b44f6-79b2-4154-8463-9c4c88da0d5c into model nwt
I0607 15:40:54.902253 284442624 cuckoo_watch.h:45] 150ms in ProcessBatch(school_batches/aaaaad.batch) [including 5ms in LoadMessage; 0ms in FindReuseThetaCacheEntry; 0ms in InitializeTheta; 0ms in CreateRegularizerAgents; 1ms in InitializeSparseNdw; 48ms in InferThetaAndUpdateNwtSparse; 0ms in UpdateCacheEntry; 44ms in CalculateScore(PerplexityScore); 17ms in CalculateScore(SparsityThetaScore); 16ms in CalculateScore(^^^ItemsProcessedScore^^^); ]
I0607 15:40:54.907055 283906048 cuckoo_watch.h:45] 155ms in ProcessBatch(school_batches/aaaaae.batch) [including 5ms in LoadMessage; 0ms in FindReuseThetaCacheEntry; 0ms in InitializeTheta; 0ms in CreateRegularizerAgents; 1ms in InitializeSparseNdw; 27ms in InferThetaAndUpdateNwtSparse; 0ms in UpdateCacheEntry; 63ms in CalculateScore(PerplexityScore); 2ms in CalculateScore(SparsityThetaScore); 48ms in CalculateScore(^^^ItemsProcessedScore^^^); ]
I0607 15:40:54.910804 284442624 processor.cc:158] Processor: start processing batch bd9aeda7-3c2b-4086-b542-8a9bb13a86c2 into model nwt
I0607 15:40:54.918354 284979200 processor.cc:292] Processor: complete processing batch ce2a767a-059a-42a9-912f-f1512ee3e388 into model nwt
I0607 15:40:54.921201 284979200 cuckoo_watch.h:45] 169ms in ProcessBatch(school_batches/aaaaab.batch) [including 7ms in LoadMessage; 0ms in FindReuseThetaCacheEntry; 0ms in InitializeTheta; 0ms in CreateRegularizerAgents; 1ms in InitializeSparseNdw; 43ms in InferThetaAndUpdateNwtSparse; 0ms in UpdateCacheEntry; 79ms in CalculateScore(PerplexityScore); 2ms in CalculateScore(SparsityThetaScore); 32ms in CalculateScore(^^^ItemsProcessedScore^^^); ]
I0607 15:40:54.929101 285515776 processor.cc:292] Processor: complete processing batch a3c2ffb0-2696-4b9b-87f9-f2b7b625a3e8 into model nwt
I0607 15:40:54.934018 285515776 cuckoo_watch.h:45] 180ms in ProcessBatch(school_batches/aaaaaa.batch) [including 6ms in LoadMessage; 0ms in FindReuseThetaCacheEntry; 0ms in InitializeTheta; 0ms in CreateRegularizerAgents; 3ms in InitializeSparseNdw; 84ms in InferThetaAndUpdateNwtSparse; 0ms in UpdateCacheEntry; 63ms in CalculateScore(PerplexityScore); 4ms in CalculateScore(SparsityThetaScore); 12ms in CalculateScore(^^^ItemsProcessedScore^^^); ]
I0607 15:40:54.941255 283906048 processor.cc:74] No data in processing queue, waiting...
I0607 15:40:54.949384 284979200 processor.cc:74] No data in processing queue, waiting...
I0607 15:40:54.959265 285515776 processor.cc:74] No data in processing queue, waiting...
I0607 15:40:54.974119 284442624 processor.cc:292] Processor: complete processing batch bd9aeda7-3c2b-4086-b542-8a9bb13a86c2 into model nwt
I0607 15:40:54.975493 284442624 cuckoo_watch.h:45] 73ms in ProcessBatch(school_batches/aaaaac.batch) [including 8ms in LoadMessage; 0ms in FindReuseThetaCacheEntry; 0ms in InitializeTheta; 0ms in CreateRegularizerAgents; 3ms in InitializeSparseNdw; 29ms in InferThetaAndUpdateNwtSparse; 0ms in UpdateCacheEntry; 19ms in CalculateScore(PerplexityScore); 2ms in CalculateScore(SparsityThetaScore); 9ms in CalculateScore(^^^ItemsProcessedScore^^^); ]
I0607 15:40:54.976378 72533440 master_component.cc:1442] RegularizeModelArgs: rwt_target_name=rwt, pwt_source_name=pwt, nwt_source_name=nwt
I0607 15:40:54.976408 72533440 master_component.cc:975] MasterComponent: start regularizing model pwt
I0607 15:40:54.998648 284442624 processor.cc:74] No data in processing queue, waiting...
I0607 15:40:55.030251 72533440 master_component.cc:1001] MasterComponent: complete regularizing model pwt
I0607 15:40:55.030267 72533440 master_component.cc:1455] NormalizeModelArgs: pwt_target_name=pwt, nwt_source_name=nwt, rwt_source_name=rwt
I0607 15:40:55.030273 72533440 master_component.cc:1005] MasterComponent: start normalizing model nwt
I0607 15:40:55.058416 72533440 master_component.cc:1033] MasterComponent: complete normalizing model nwt
I0607 15:40:55.067484 72533440 master_component.cc:1479] DisposeModel rwt
I0607 15:40:55.075462 72533440 master_component.cc:1058] FitOffline: ItemsProcessed, num_items=476, num_batches=5, token_weight=160411, token_weight_in_effect=160411
I0607 15:40:55.082592 72533440 c_interface.cc:231] ArtmCopyRequestedMessage is copying 271752 bytes...
I0607 15:40:55.153998 72533440 c_interface.cc:231] ArtmCopyRequestedMessage is copying 271752 bytes...
I0607 15:40:55.224921 72533440 c_interface.cc:231] ArtmCopyRequestedMessage is copying 271752 bytes...
I0607 15:40:55.297199 72533440 c_interface.cc:231] ArtmCopyRequestedMessage is copying 271752 bytes...
I0607 15:40:55.368880 72533440 c_interface.cc:231] ArtmCopyRequestedMessage is copying 271752 bytes...
I0607 15:40:55.441710 72533440 c_interface.cc:231] ArtmCopyRequestedMessage is copying 271752 bytes...
I0607 15:40:55.517421 72533440 c_interface.cc:231] ArtmCopyRequestedMessage is copying 271752 bytes...
I0607 15:40:55.588812 72533440 c_interface.cc:231] ArtmCopyRequestedMessage is copying 271752 bytes...
I0607 15:40:55.660209 72533440 c_interface.cc:231] ArtmCopyRequestedMessage is copying 271752 bytes...
I0607 15:40:55.737509 72533440 c_interface.cc:231] ArtmCopyRequestedMessage is copying 271752 bytes...
I0607 15:40:55.814424 72533440 c_interface.cc:231] ArtmCopyRequestedMessage is copying 2570 bytes...
I0607 15:40:55.817020 72533440 c_interface.cc:231] ArtmCopyRequestedMessage is copying 2562 bytes...
I0607 15:40:55.893988 72533440 c_interface.cc:231] ArtmCopyRequestedMessage is copying 128 bytes...
I0607 15:40:55.895062 72533440 c_interface.cc:231] ArtmCopyRequestedMessage is copying 960 bytes...
I0607 15:41:09.241016 72533440 c_interface.cc:389] Pass MasterModelConfig: topic_name_size=10, score_config_size=5, num_processors=0, pwt_name=pwt, nwt_name=nwt, num_document_passes=1, regularizer=(SparsePhi:-20000), reuse_theta=yes, cache_theta=yes, opt_for_avx=yes, disk_cache_path= to MN4artm4core15MasterComponentEFvRKNS_17MasterModelConfigEE
I0607 15:41:09.241137 72533440 instance.cc:401] MasterModelConfig.processors_count is automatically set to 4
I0607 15:41:09.241163 72533440 perplexity.cc:27] Perplexity score calculator created: model_type=1, dictionary_name=dictionary
I0607 15:41:09.241197 72533440 instance.cc:232] Regularizer 'SparsePhi' was cold-reconfigured
I0607 15:41:09.243835 72533440 c_interface.cc:389] Pass FitOfflineMasterModelArgs, batch_filename_size=5, batch_weight_size=5, num_collection_passes=1, reset_nwt=yes to MN4artm4core15MasterComponentEFvRKNS_25FitOfflineMasterModelArgsEE
I0607 15:41:09.243939 72533440 master_component.cc:1404] ProcessBatchesArgs: nwt_target_name=nwt, batch_filename_size=5, batch_size=0, batch_weight_size=5, pwt_source_name=pwt, num_document_passes=1, regularizer=(name:SparsePhi, tau:-20000), reuse_theta=yes, opt_for_avx=yes, predict_class_id=, reset_nwt=yes
I0607 15:41:09.259084 283906048 processor.cc:81] Processing queue has data, processing started
I0607 15:41:09.259119 284442624 processor.cc:81] Processing queue has data, processing started
I0607 15:41:09.259120 285515776 processor.cc:81] Processing queue has data, processing started
I0607 15:41:09.259122 284979200 processor.cc:81] Processing queue has data, processing started
I0607 15:41:09.262933 284442624 processor.cc:158] Processor: start processing batch 5c7b44f6-79b2-4154-8463-9c4c88da0d5c into model nwt
I0607 15:41:09.262995 283906048 processor.cc:158] Processor: start processing batch ac82d179-1596-49c0-8e97-580ce0f5358e into model nwt
I0607 15:41:09.263106 285515776 processor.cc:158] Processor: start processing batch ce2a767a-059a-42a9-912f-f1512ee3e388 into model nwt
I0607 15:41:09.263284 284979200 processor.cc:158] Processor: start processing batch a3c2ffb0-2696-4b9b-87f9-f2b7b625a3e8 into model nwt
I0607 15:41:09.311873 283906048 processor.cc:292] Processor: complete processing batch ac82d179-1596-49c0-8e97-580ce0f5358e into model nwt
I0607 15:41:09.312507 284442624 processor.cc:292] Processor: complete processing batch 5c7b44f6-79b2-4154-8463-9c4c88da0d5c into model nwt
I0607 15:41:09.314288 283906048 cuckoo_watch.h:45] 55ms in ProcessBatch(school_batches/aaaaad.batch) [including 3ms in LoadMessage; 0ms in FindReuseThetaCacheEntry; 0ms in InitializeTheta; 0ms in CreateRegularizerAgents; 1ms in InitializeSparseNdw; 16ms in InferThetaAndUpdateNwtSparse; 0ms in UpdateCacheEntry; 20ms in CalculateScore(PerplexityScore); 1ms in CalculateScore(SparsityThetaScore); 8ms in CalculateScore(^^^ItemsProcessedScore^^^); ]
I0607 15:41:09.315701 284442624 cuckoo_watch.h:45] 56ms in ProcessBatch(school_batches/aaaaae.batch) [including 3ms in LoadMessage; 0ms in FindReuseThetaCacheEntry; 0ms in InitializeTheta; 0ms in CreateRegularizerAgents; 1ms in InitializeSparseNdw; 18ms in InferThetaAndUpdateNwtSparse; 0ms in UpdateCacheEntry; 19ms in CalculateScore(PerplexityScore); 1ms in CalculateScore(SparsityThetaScore); 8ms in CalculateScore(^^^ItemsProcessedScore^^^); ]
I0607 15:41:09.318006 285515776 processor.cc:292] Processor: complete processing batch ce2a767a-059a-42a9-912f-f1512ee3e388 into model nwt
I0607 15:41:09.318164 283906048 processor.cc:158] Processor: start processing batch bd9aeda7-3c2b-4086-b542-8a9bb13a86c2 into model nwt
I0607 15:41:09.319962 284979200 processor.cc:292] Processor: complete processing batch a3c2ffb0-2696-4b9b-87f9-f2b7b625a3e8 into model nwt
I0607 15:41:09.320497 285515776 cuckoo_watch.h:45] 61ms in ProcessBatch(school_batches/aaaaab.batch) [including 3ms in LoadMessage; 0ms in FindReuseThetaCacheEntry; 0ms in InitializeTheta; 0ms in CreateRegularizerAgents; 1ms in InitializeSparseNdw; 17ms in InferThetaAndUpdateNwtSparse; 0ms in UpdateCacheEntry; 23ms in CalculateScore(PerplexityScore); 2ms in CalculateScore(SparsityThetaScore); 9ms in CalculateScore(^^^ItemsProcessedScore^^^); ]
I0607 15:41:09.321974 284979200 cuckoo_watch.h:45] 62ms in ProcessBatch(school_batches/aaaaaa.batch) [including 4ms in LoadMessage; 0ms in FindReuseThetaCacheEntry; 0ms in InitializeTheta; 0ms in CreateRegularizerAgents; 2ms in InitializeSparseNdw; 18ms in InferThetaAndUpdateNwtSparse; 0ms in UpdateCacheEntry; 20ms in CalculateScore(PerplexityScore); 2ms in CalculateScore(SparsityThetaScore); 13ms in CalculateScore(^^^ItemsProcessedScore^^^); ]
I0607 15:41:09.338932 284442624 processor.cc:74] No data in processing queue, waiting...
I0607 15:41:09.344002 285515776 processor.cc:74] No data in processing queue, waiting...
I0607 15:41:09.345258 284979200 processor.cc:74] No data in processing queue, waiting...
I0607 15:41:09.359077 283906048 processor.cc:292] Processor: complete processing batch bd9aeda7-3c2b-4086-b542-8a9bb13a86c2 into model nwt
I0607 15:41:09.360232 283906048 cuckoo_watch.h:45] 45ms in ProcessBatch(school_batches/aaaaac.batch) [including 3ms in LoadMessage; 0ms in FindReuseThetaCacheEntry; 0ms in InitializeTheta; 0ms in CreateRegularizerAgents; 1ms in InitializeSparseNdw; 16ms in InferThetaAndUpdateNwtSparse; 0ms in UpdateCacheEntry; 15ms in CalculateScore(PerplexityScore); 0ms in CalculateScore(SparsityThetaScore); 5ms in CalculateScore(^^^ItemsProcessedScore^^^); ]
I0607 15:41:09.360496 72533440 master_component.cc:1442] RegularizeModelArgs: rwt_target_name=rwt, pwt_source_name=pwt, nwt_source_name=nwt
I0607 15:41:09.360553 72533440 master_component.cc:975] MasterComponent: start regularizing model pwt
I0607 15:41:09.384729 283906048 processor.cc:74] No data in processing queue, waiting...
I0607 15:41:09.409317 72533440 master_component.cc:1001] MasterComponent: complete regularizing model pwt
I0607 15:41:09.409333 72533440 master_component.cc:1455] NormalizeModelArgs: pwt_target_name=pwt, nwt_source_name=nwt, rwt_source_name=rwt
I0607 15:41:09.409338 72533440 master_component.cc:1005] MasterComponent: start normalizing model nwt
I0607 15:41:09.456423 72533440 master_component.cc:1033] MasterComponent: complete normalizing model nwt
I0607 15:41:09.466363 72533440 master_component.cc:1479] DisposeModel rwt
I0607 15:41:09.474460 72533440 master_component.cc:1058] FitOffline: ItemsProcessed, num_items=476, num_batches=5, token_weight=160411, token_weight_in_effect=160411
I0607 15:41:09.474676 72533440 c_interface.cc:389] Pass FitOfflineMasterModelArgs, batch_filename_size=5, batch_weight_size=5, num_collection_passes=1, reset_nwt=yes to MN4artm4core15MasterComponentEFvRKNS_25FitOfflineMasterModelArgsEE
I0607 15:41:09.474689 72533440 master_component.cc:1404] ProcessBatchesArgs: nwt_target_name=nwt, batch_filename_size=5, batch_size=0, batch_weight_size=5, pwt_source_name=pwt, num_document_passes=1, regularizer=(name:SparsePhi, tau:-20000), reuse_theta=yes, opt_for_avx=yes, predict_class_id=, reset_nwt=yes
I0607 15:41:09.480796 284979200 processor.cc:81] Processing queue has data, processing started
I0607 15:41:09.480792 283906048 processor.cc:81] Processing queue has data, processing started
I0607 15:41:09.480792 285515776 processor.cc:81] Processing queue has data, processing started
I0607 15:41:09.480816 284442624 processor.cc:81] Processing queue has data, processing started
I0607 15:41:09.485358 284442624 processor.cc:158] Processor: start processing batch a3c2ffb0-2696-4b9b-87f9-f2b7b625a3e8 into model nwt
I0607 15:41:09.485484 284979200 processor.cc:158] Processor: start processing batch 5c7b44f6-79b2-4154-8463-9c4c88da0d5c into model nwt
I0607 15:41:09.485814 283906048 processor.cc:158] Processor: start processing batch ac82d179-1596-49c0-8e97-580ce0f5358e into model nwt
I0607 15:41:09.486027 285515776 processor.cc:158] Processor: start processing batch ce2a767a-059a-42a9-912f-f1512ee3e388 into model nwt
I0607 15:41:09.527561 284979200 processor.cc:292] Processor: complete processing batch 5c7b44f6-79b2-4154-8463-9c4c88da0d5c into model nwt
I0607 15:41:09.529462 284979200 cuckoo_watch.h:45] 48ms in ProcessBatch(school_batches/aaaaae.batch) [including 4ms in LoadMessage; 0ms in FindReuseThetaCacheEntry; 0ms in InitializeTheta; 0ms in CreateRegularizerAgents; 1ms in InitializeSparseNdw; 15ms in InferThetaAndUpdateNwtSparse; 0ms in UpdateCacheEntry; 16ms in CalculateScore(PerplexityScore); 1ms in CalculateScore(SparsityThetaScore); 7ms in CalculateScore(^^^ItemsProcessedScore^^^); ]
I0607 15:41:09.531955 284442624 processor.cc:292] Processor: complete processing batch a3c2ffb0-2696-4b9b-87f9-f2b7b625a3e8 into model nwt
I0607 15:41:09.534219 285515776 processor.cc:292] Processor: complete processing batch ce2a767a-059a-42a9-912f-f1512ee3e388 into model nwt
I0607 15:41:09.534742 284979200 processor.cc:158] Processor: start processing batch bd9aeda7-3c2b-4086-b542-8a9bb13a86c2 into model nwt
I0607 15:41:09.535774 284442624 cuckoo_watch.h:45] 54ms in ProcessBatch(school_batches/aaaaaa.batch) [including 4ms in LoadMessage; 0ms in FindReuseThetaCacheEntry; 0ms in InitializeTheta; 0ms in CreateRegularizerAgents; 1ms in InitializeSparseNdw; 16ms in InferThetaAndUpdateNwtSparse; 0ms in UpdateCacheEntry; 18ms in CalculateScore(PerplexityScore); 1ms in CalculateScore(SparsityThetaScore); 8ms in CalculateScore(^^^ItemsProcessedScore^^^); ]
I0607 15:41:09.536130 285515776 cuckoo_watch.h:45] 55ms in ProcessBatch(school_batches/aaaaab.batch) [including 5ms in LoadMessage; 0ms in FindReuseThetaCacheEntry; 0ms in InitializeTheta; 0ms in CreateRegularizerAgents; 1ms in InitializeSparseNdw; 15ms in InferThetaAndUpdateNwtSparse; 0ms in UpdateCacheEntry; 20ms in CalculateScore(PerplexityScore); 1ms in CalculateScore(SparsityThetaScore); 9ms in CalculateScore(^^^ItemsProcessedScore^^^); ]
I0607 15:41:09.540480 283906048 processor.cc:292] Processor: complete processing batch ac82d179-1596-49c0-8e97-580ce0f5358e into model nwt
I0607 15:41:09.541638 283906048 cuckoo_watch.h:45] 60ms in ProcessBatch(school_batches/aaaaad.batch) [including 4ms in LoadMessage; 0ms in FindReuseThetaCacheEntry; 0ms in InitializeTheta; 0ms in CreateRegularizerAgents; 1ms in InitializeSparseNdw; 24ms in InferThetaAndUpdateNwtSparse; 0ms in UpdateCacheEntry; 20ms in CalculateScore(PerplexityScore); 1ms in CalculateScore(SparsityThetaScore); 6ms in CalculateScore(^^^ItemsProcessedScore^^^); ]
I0607 15:41:09.560706 284442624 processor.cc:74] No data in processing queue, waiting...
I0607 15:41:09.564482 285515776 processor.cc:74] No data in processing queue, waiting...
I0607 15:41:09.578359 284979200 processor.cc:292] Processor: complete processing batch bd9aeda7-3c2b-4086-b542-8a9bb13a86c2 into model nwt
I0607 15:41:09.581172 284979200 cuckoo_watch.h:45] 51ms in ProcessBatch(school_batches/aaaaac.batch) [including 5ms in LoadMessage; 0ms in FindReuseThetaCacheEntry; 0ms in InitializeTheta; 0ms in CreateRegularizerAgents; 1ms in InitializeSparseNdw; 11ms in InferThetaAndUpdateNwtSparse; 0ms in UpdateCacheEntry; 15ms in CalculateScore(PerplexityScore); 1ms in CalculateScore(SparsityThetaScore); 13ms in CalculateScore(^^^ItemsProcessedScore^^^); ]
I0607 15:41:09.613029 284979200 processor.cc:74] No data in processing queue, waiting...
I0607 15:41:09.615928 72533440 master_component.cc:1442] RegularizeModelArgs: rwt_target_name=rwt, pwt_source_name=pwt, nwt_source_name=nwt
I0607 15:41:09.615955 72533440 master_component.cc:975] MasterComponent: start regularizing model pwt
I0607 15:41:09.624405 283906048 processor.cc:74] No data in processing queue, waiting...
I0607 15:41:09.665042 72533440 master_component.cc:1001] MasterComponent: complete regularizing model pwt
I0607 15:41:09.665057 72533440 master_component.cc:1455] NormalizeModelArgs: pwt_target_name=pwt, nwt_source_name=nwt, rwt_source_name=rwt
I0607 15:41:09.665063 72533440 master_component.cc:1005] MasterComponent: start normalizing model nwt
I0607 15:41:09.694415 72533440 master_component.cc:1033] MasterComponent: complete normalizing model nwt
I0607 15:41:09.703842 72533440 master_component.cc:1479] DisposeModel rwt
I0607 15:41:09.711361 72533440 master_component.cc:1058] FitOffline: ItemsProcessed, num_items=476, num_batches=5, token_weight=160411, token_weight_in_effect=160411
I0607 15:41:09.711572 72533440 c_interface.cc:389] Pass FitOfflineMasterModelArgs, batch_filename_size=5, batch_weight_size=5, num_collection_passes=1, reset_nwt=yes to MN4artm4core15MasterComponentEFvRKNS_25FitOfflineMasterModelArgsEE
I0607 15:41:09.711591 72533440 master_component.cc:1404] ProcessBatchesArgs: nwt_target_name=nwt, batch_filename_size=5, batch_size=0, batch_weight_size=5, pwt_source_name=pwt, num_document_passes=1, regularizer=(name:SparsePhi, tau:-20000), reuse_theta=yes, opt_for_avx=yes, predict_class_id=, reset_nwt=yes
I0607 15:41:09.717945 284442624 processor.cc:81] Processing queue has data, processing started
I0607 15:41:09.717950 285515776 processor.cc:81] Processing queue has data, processing started
I0607 15:41:09.717958 284979200 processor.cc:81] Processing queue has data, processing started
I0607 15:41:09.717963 283906048 processor.cc:81] Processing queue has data, processing started
I0607 15:41:09.722643 283906048 processor.cc:158] Processor: start processing batch a3c2ffb0-2696-4b9b-87f9-f2b7b625a3e8 into model nwt
I0607 15:41:09.722781 284442624 processor.cc:158] Processor: start processing batch ac82d179-1596-49c0-8e97-580ce0f5358e into model nwt
I0607 15:41:09.722873 285515776 processor.cc:158] Processor: start processing batch ce2a767a-059a-42a9-912f-f1512ee3e388 into model nwt
I0607 15:41:09.723151 284979200 processor.cc:158] Processor: start processing batch 5c7b44f6-79b2-4154-8463-9c4c88da0d5c into model nwt
I0607 15:41:09.772109 284979200 processor.cc:292] Processor: complete processing batch 5c7b44f6-79b2-4154-8463-9c4c88da0d5c into model nwt
I0607 15:41:09.772655 285515776 processor.cc:292] Processor: complete processing batch ce2a767a-059a-42a9-912f-f1512ee3e388 into model nwt
I0607 15:41:09.773378 284442624 processor.cc:292] Processor: complete processing batch ac82d179-1596-49c0-8e97-580ce0f5358e into model nwt
I0607 15:41:09.775974 284442624 cuckoo_watch.h:45] 57ms in ProcessBatch(school_batches/aaaaad.batch) [including 4ms in LoadMessage; 0ms in FindReuseThetaCacheEntry; 0ms in InitializeTheta; 0ms in CreateRegularizerAgents; 1ms in InitializeSparseNdw; 17ms in InferThetaAndUpdateNwtSparse; 0ms in UpdateCacheEntry; 19ms in CalculateScore(PerplexityScore); 1ms in CalculateScore(SparsityThetaScore); 10ms in CalculateScore(^^^ItemsProcessedScore^^^); ]
I0607 15:41:09.776060 284979200 cuckoo_watch.h:45] 58ms in ProcessBatch(school_batches/aaaaae.batch) [including 5ms in LoadMessage; 0ms in FindReuseThetaCacheEntry; 0ms in InitializeTheta; 0ms in CreateRegularizerAgents; 1ms in InitializeSparseNdw; 20ms in InferThetaAndUpdateNwtSparse; 0ms in UpdateCacheEntry; 17ms in CalculateScore(PerplexityScore); 2ms in CalculateScore(SparsityThetaScore); 7ms in CalculateScore(^^^ItemsProcessedScore^^^); ]
I0607 15:41:09.776067 285515776 cuckoo_watch.h:45] 58ms in ProcessBatch(school_batches/aaaaab.batch) [including 4ms in LoadMessage; 0ms in FindReuseThetaCacheEntry; 0ms in InitializeTheta; 0ms in CreateRegularizerAgents; 1ms in InitializeSparseNdw; 15ms in InferThetaAndUpdateNwtSparse; 0ms in UpdateCacheEntry; 22ms in CalculateScore(PerplexityScore); 2ms in CalculateScore(SparsityThetaScore); 7ms in CalculateScore(^^^ItemsProcessedScore^^^); ]
I0607 15:41:09.776126 283906048 processor.cc:292] Processor: complete processing batch a3c2ffb0-2696-4b9b-87f9-f2b7b625a3e8 into model nwt
I0607 15:41:09.777743 283906048 cuckoo_watch.h:45] 59ms in ProcessBatch(school_batches/aaaaaa.batch) [including 4ms in LoadMessage; 0ms in FindReuseThetaCacheEntry; 0ms in InitializeTheta; 0ms in CreateRegularizerAgents; 3ms in InitializeSparseNdw; 16ms in InferThetaAndUpdateNwtSparse; 0ms in UpdateCacheEntry; 21ms in CalculateScore(PerplexityScore); 1ms in CalculateScore(SparsityThetaScore); 9ms in CalculateScore(^^^ItemsProcessedScore^^^); ]
I0607 15:41:09.779253 284442624 processor.cc:158] Processor: start processing batch bd9aeda7-3c2b-4086-b542-8a9bb13a86c2 into model nwt
I0607 15:41:09.798601 285515776 processor.cc:74] No data in processing queue, waiting...
I0607 15:41:09.798606 284979200 processor.cc:74] No data in processing queue, waiting...
I0607 15:41:09.801167 283906048 processor.cc:74] No data in processing queue, waiting...
I0607 15:41:09.812548 284442624 processor.cc:292] Processor: complete processing batch bd9aeda7-3c2b-4086-b542-8a9bb13a86c2 into model nwt
I0607 15:41:09.814327 284442624 cuckoo_watch.h:45] 38ms in ProcessBatch(school_batches/aaaaac.batch) [including 3ms in LoadMessage; 0ms in FindReuseThetaCacheEntry; 0ms in InitializeTheta; 0ms in CreateRegularizerAgents; 0ms in InitializeSparseNdw; 12ms in InferThetaAndUpdateNwtSparse; 0ms in UpdateCacheEntry; 13ms in CalculateScore(PerplexityScore); 1ms in CalculateScore(SparsityThetaScore); 5ms in CalculateScore(^^^ItemsProcessedScore^^^); ]
I0607 15:41:09.814389 72533440 master_component.cc:1442] RegularizeModelArgs: rwt_target_name=rwt, pwt_source_name=pwt, nwt_source_name=nwt
I0607 15:41:09.814399 72533440 master_component.cc:975] MasterComponent: start regularizing model pwt
I0607 15:41:09.837546 284442624 processor.cc:74] No data in processing queue, waiting...
I0607 15:41:09.861539 72533440 master_component.cc:1001] MasterComponent: complete regularizing model pwt
I0607 15:41:09.861554 72533440 master_component.cc:1455] NormalizeModelArgs: pwt_target_name=pwt, nwt_source_name=nwt, rwt_source_name=rwt
I0607 15:41:09.861559 72533440 master_component.cc:1005] MasterComponent: start normalizing model nwt
I0607 15:41:09.910068 72533440 master_component.cc:1033] MasterComponent: complete normalizing model nwt
I0607 15:41:09.930783 72533440 master_component.cc:1479] DisposeModel rwt
I0607 15:41:09.940213 72533440 master_component.cc:1058] FitOffline: ItemsProcessed, num_items=476, num_batches=5, token_weight=160411, token_weight_in_effect=160411
I0607 15:41:09.940490 72533440 c_interface.cc:389] Pass FitOfflineMasterModelArgs, batch_filename_size=5, batch_weight_size=5, num_collection_passes=1, reset_nwt=yes to MN4artm4core15MasterComponentEFvRKNS_25FitOfflineMasterModelArgsEE
I0607 15:41:09.940503 72533440 master_component.cc:1404] ProcessBatchesArgs: nwt_target_name=nwt, batch_filename_size=5, batch_size=0, batch_weight_size=5, pwt_source_name=pwt, num_document_passes=1, regularizer=(name:SparsePhi, tau:-20000), reuse_theta=yes, opt_for_avx=yes, predict_class_id=, reset_nwt=yes
I0607 15:41:09.946470 284979200 processor.cc:81] Processing queue has data, processing started
I0607 15:41:09.946470 285515776 processor.cc:81] Processing queue has data, processing started
I0607 15:41:09.946502 283906048 processor.cc:81] Processing queue has data, processing started
I0607 15:41:09.946518 284442624 processor.cc:81] Processing queue has data, processing started
I0607 15:41:09.948966 283906048 processor.cc:158] Processor: start processing batch 5c7b44f6-79b2-4154-8463-9c4c88da0d5c into model nwt
I0607 15:41:09.950629 284442624 processor.cc:158] Processor: start processing batch a3c2ffb0-2696-4b9b-87f9-f2b7b625a3e8 into model nwt
I0607 15:41:09.950940 284979200 processor.cc:158] Processor: start processing batch ac82d179-1596-49c0-8e97-580ce0f5358e into model nwt
I0607 15:41:09.953292 285515776 processor.cc:158] Processor: start processing batch ce2a767a-059a-42a9-912f-f1512ee3e388 into model nwt
I0607 15:41:09.991861 283906048 processor.cc:292] Processor: complete processing batch 5c7b44f6-79b2-4154-8463-9c4c88da0d5c into model nwt
I0607 15:41:09.994661 283906048 cuckoo_watch.h:45] 48ms in ProcessBatch(school_batches/aaaaae.batch) [including 2ms in LoadMessage; 0ms in FindReuseThetaCacheEntry; 0ms in InitializeTheta; 0ms in CreateRegularizerAgents; 0ms in InitializeSparseNdw; 16ms in InferThetaAndUpdateNwtSparse; 0ms in UpdateCacheEntry; 16ms in CalculateScore(PerplexityScore); 1ms in CalculateScore(SparsityThetaScore); 7ms in CalculateScore(^^^ItemsProcessedScore^^^); ]
I0607 15:41:09.998443 283906048 processor.cc:158] Processor: start processing batch bd9aeda7-3c2b-4086-b542-8a9bb13a86c2 into model nwt
I0607 15:41:10.002823 284979200 processor.cc:292] Processor: complete processing batch ac82d179-1596-49c0-8e97-580ce0f5358e into model nwt
I0607 15:41:10.003504 285515776 processor.cc:292] Processor: complete processing batch ce2a767a-059a-42a9-912f-f1512ee3e388 into model nwt
I0607 15:41:10.004926 284979200 cuckoo_watch.h:45] 58ms in ProcessBatch(school_batches/aaaaad.batch) [including 4ms in LoadMessage; 0ms in FindReuseThetaCacheEntry; 0ms in InitializeTheta; 0ms in CreateRegularizerAgents; 1ms in InitializeSparseNdw; 18ms in InferThetaAndUpdateNwtSparse; 0ms in UpdateCacheEntry; 20ms in CalculateScore(PerplexityScore); 2ms in CalculateScore(SparsityThetaScore); 8ms in CalculateScore(^^^ItemsProcessedScore^^^); ]
I0607 15:41:10.006894 284442624 processor.cc:292] Processor: complete processing batch a3c2ffb0-2696-4b9b-87f9-f2b7b625a3e8 into model nwt
I0607 15:41:10.006913 285515776 cuckoo_watch.h:45] 60ms in ProcessBatch(school_batches/aaaaab.batch) [including 6ms in LoadMessage; 0ms in FindReuseThetaCacheEntry; 0ms in InitializeTheta; 0ms in CreateRegularizerAgents; 1ms in InitializeSparseNdw; 16ms in InferThetaAndUpdateNwtSparse; 0ms in UpdateCacheEntry; 21ms in CalculateScore(PerplexityScore); 1ms in CalculateScore(SparsityThetaScore); 9ms in CalculateScore(^^^ItemsProcessedScore^^^); ]
I0607 15:41:10.007966 284442624 cuckoo_watch.h:45] 61ms in ProcessBatch(school_batches/aaaaaa.batch) [including 4ms in LoadMessage; 0ms in FindReuseThetaCacheEntry; 0ms in InitializeTheta; 0ms in CreateRegularizerAgents; 1ms in InitializeSparseNdw; 19ms in InferThetaAndUpdateNwtSparse; 0ms in UpdateCacheEntry; 23ms in CalculateScore(PerplexityScore); 1ms in CalculateScore(SparsityThetaScore); 10ms in CalculateScore(^^^ItemsProcessedScore^^^); ]
I0607 15:41:10.028255 284979200 processor.cc:74] No data in processing queue, waiting...
I0607 15:41:10.030129 285515776 processor.cc:74] No data in processing queue, waiting...
I0607 15:41:10.031430 284442624 processor.cc:74] No data in processing queue, waiting...
I0607 15:41:10.033601 283906048 processor.cc:292] Processor: complete processing batch bd9aeda7-3c2b-4086-b542-8a9bb13a86c2 into model nwt
I0607 15:41:10.034776 283906048 cuckoo_watch.h:45] 40ms in ProcessBatch(school_batches/aaaaac.batch) [including 3ms in LoadMessage; 0ms in FindReuseThetaCacheEntry; 0ms in InitializeTheta; 0ms in CreateRegularizerAgents; 1ms in InitializeSparseNdw; 14ms in InferThetaAndUpdateNwtSparse; 0ms in UpdateCacheEntry; 13ms in CalculateScore(PerplexityScore); 0ms in CalculateScore(SparsityThetaScore); 5ms in CalculateScore(^^^ItemsProcessedScore^^^); ]
I0607 15:41:10.035841 72533440 master_component.cc:1442] RegularizeModelArgs: rwt_target_name=rwt, pwt_source_name=pwt, nwt_source_name=nwt
I0607 15:41:10.035858 72533440 master_component.cc:975] MasterComponent: start regularizing model pwt
I0607 15:41:10.058287 283906048 processor.cc:74] No data in processing queue, waiting...
I0607 15:41:10.081027 72533440 master_component.cc:1001] MasterComponent: complete regularizing model pwt
I0607 15:41:10.081041 72533440 master_component.cc:1455] NormalizeModelArgs: pwt_target_name=pwt, nwt_source_name=nwt, rwt_source_name=rwt
I0607 15:41:10.081046 72533440 master_component.cc:1005] MasterComponent: start normalizing model nwt
I0607 15:41:10.110723 72533440 master_component.cc:1033] MasterComponent: complete normalizing model nwt
I0607 15:41:10.120456 72533440 master_component.cc:1479] DisposeModel rwt
I0607 15:41:10.128671 72533440 master_component.cc:1058] FitOffline: ItemsProcessed, num_items=476, num_batches=5, token_weight=160411, token_weight_in_effect=160411
I0607 15:41:10.128878 72533440 c_interface.cc:389] Pass FitOfflineMasterModelArgs, batch_filename_size=5, batch_weight_size=5, num_collection_passes=1, reset_nwt=yes to MN4artm4core15MasterComponentEFvRKNS_25FitOfflineMasterModelArgsEE
I0607 15:41:10.128891 72533440 master_component.cc:1404] ProcessBatchesArgs: nwt_target_name=nwt, batch_filename_size=5, batch_size=0, batch_weight_size=5, pwt_source_name=pwt, num_document_passes=1, regularizer=(name:SparsePhi, tau:-20000), reuse_theta=yes, opt_for_avx=yes, predict_class_id=, reset_nwt=yes
I0607 15:41:10.134743 285515776 processor.cc:81] Processing queue has data, processing started
I0607 15:41:10.134743 284979200 processor.cc:81] Processing queue has data, processing started
I0607 15:41:10.134776 283906048 processor.cc:81] Processing queue has data, processing started
I0607 15:41:10.134775 284442624 processor.cc:81] Processing queue has data, processing started
I0607 15:41:10.139317 285515776 processor.cc:158] Processor: start processing batch ce2a767a-059a-42a9-912f-f1512ee3e388 into model nwt
I0607 15:41:10.139405 284979200 processor.cc:158] Processor: start processing batch ac82d179-1596-49c0-8e97-580ce0f5358e into model nwt
I0607 15:41:10.139420 284442624 processor.cc:158] Processor: start processing batch 5c7b44f6-79b2-4154-8463-9c4c88da0d5c into model nwt
I0607 15:41:10.139632 283906048 processor.cc:158] Processor: start processing batch a3c2ffb0-2696-4b9b-87f9-f2b7b625a3e8 into model nwt
I0607 15:41:10.181586 284442624 processor.cc:292] Processor: complete processing batch 5c7b44f6-79b2-4154-8463-9c4c88da0d5c into model nwt
I0607 15:41:10.184810 284442624 cuckoo_watch.h:45] 49ms in ProcessBatch(school_batches/aaaaae.batch) [including 4ms in LoadMessage; 0ms in FindReuseThetaCacheEntry; 0ms in InitializeTheta; 0ms in CreateRegularizerAgents; 1ms in InitializeSparseNdw; 14ms in InferThetaAndUpdateNwtSparse; 0ms in UpdateCacheEntry; 16ms in CalculateScore(PerplexityScore); 1ms in CalculateScore(SparsityThetaScore); 7ms in CalculateScore(^^^ItemsProcessedScore^^^); ]
I0607 15:41:10.185920 284979200 processor.cc:292] Processor: complete processing batch ac82d179-1596-49c0-8e97-580ce0f5358e into model nwt
I0607 15:41:10.191067 285515776 processor.cc:292] Processor: complete processing batch ce2a767a-059a-42a9-912f-f1512ee3e388 into model nwt
I0607 15:41:10.191473 284442624 processor.cc:158] Processor: start processing batch bd9aeda7-3c2b-4086-b542-8a9bb13a86c2 into model nwt
I0607 15:41:10.191905 284979200 cuckoo_watch.h:45] 57ms in ProcessBatch(school_batches/aaaaad.batch) [including 4ms in LoadMessage; 0ms in FindReuseThetaCacheEntry; 0ms in InitializeTheta; 0ms in CreateRegularizerAgents; 1ms in InitializeSparseNdw; 15ms in InferThetaAndUpdateNwtSparse; 0ms in UpdateCacheEntry; 19ms in CalculateScore(PerplexityScore); 1ms in CalculateScore(SparsityThetaScore); 8ms in CalculateScore(^^^ItemsProcessedScore^^^); ]
I0607 15:41:10.192777 285515776 cuckoo_watch.h:45] 57ms in ProcessBatch(school_batches/aaaaab.batch) [including 4ms in LoadMessage; 0ms in FindReuseThetaCacheEntry; 0ms in InitializeTheta; 0ms in CreateRegularizerAgents; 1ms in InitializeSparseNdw; 17ms in InferThetaAndUpdateNwtSparse; 0ms in UpdateCacheEntry; 20ms in CalculateScore(PerplexityScore); 1ms in CalculateScore(SparsityThetaScore); 10ms in CalculateScore(^^^ItemsProcessedScore^^^); ]
I0607 15:41:10.195448 283906048 processor.cc:292] Processor: complete processing batch a3c2ffb0-2696-4b9b-87f9-f2b7b625a3e8 into model nwt
I0607 15:41:10.196827 283906048 cuckoo_watch.h:45] 62ms in ProcessBatch(school_batches/aaaaaa.batch) [including 4ms in LoadMessage; 0ms in FindReuseThetaCacheEntry; 0ms in InitializeTheta; 0ms in CreateRegularizerAgents; 2ms in InitializeSparseNdw; 20ms in InferThetaAndUpdateNwtSparse; 0ms in UpdateCacheEntry; 22ms in CalculateScore(PerplexityScore); 1ms in CalculateScore(SparsityThetaScore); 8ms in CalculateScore(^^^ItemsProcessedScore^^^); ]
I0607 15:41:10.215257 284979200 processor.cc:74] No data in processing queue, waiting...
I0607 15:41:10.216547 285515776 processor.cc:74] No data in processing queue, waiting...
I0607 15:41:10.220361 283906048 processor.cc:74] No data in processing queue, waiting...
I0607 15:41:10.223902 284442624 processor.cc:292] Processor: complete processing batch bd9aeda7-3c2b-4086-b542-8a9bb13a86c2 into model nwt
I0607 15:41:10.225147 284442624 cuckoo_watch.h:45] 40ms in ProcessBatch(school_batches/aaaaac.batch) [including 6ms in LoadMessage; 0ms in FindReuseThetaCacheEntry; 0ms in InitializeTheta; 0ms in CreateRegularizerAgents; 1ms in InitializeSparseNdw; 11ms in InferThetaAndUpdateNwtSparse; 0ms in UpdateCacheEntry; 13ms in CalculateScore(PerplexityScore); 1ms in CalculateScore(SparsityThetaScore); 5ms in CalculateScore(^^^ItemsProcessedScore^^^); ]
I0607 15:41:10.225178 72533440 master_component.cc:1442] RegularizeModelArgs: rwt_target_name=rwt, pwt_source_name=pwt, nwt_source_name=nwt
I0607 15:41:10.225193 72533440 master_component.cc:975] MasterComponent: start regularizing model pwt
I0607 15:41:10.248245 284442624 processor.cc:74] No data in processing queue, waiting...
I0607 15:41:10.272780 72533440 master_component.cc:1001] MasterComponent: complete regularizing model pwt
I0607 15:41:10.272794 72533440 master_component.cc:1455] NormalizeModelArgs: pwt_target_name=pwt, nwt_source_name=nwt, rwt_source_name=rwt
I0607 15:41:10.272799 72533440 master_component.cc:1005] MasterComponent: start normalizing model nwt
I0607 15:41:10.300474 72533440 master_component.cc:1033] MasterComponent: complete normalizing model nwt
I0607 15:41:10.308944 72533440 master_component.cc:1479] DisposeModel rwt
I0607 15:41:10.316547 72533440 master_component.cc:1058] FitOffline: ItemsProcessed, num_items=476, num_batches=5, token_weight=160411, token_weight_in_effect=160411
I0607 15:41:10.316758 72533440 c_interface.cc:389] Pass FitOfflineMasterModelArgs, batch_filename_size=5, batch_weight_size=5, num_collection_passes=1, reset_nwt=yes to MN4artm4core15MasterComponentEFvRKNS_25FitOfflineMasterModelArgsEE
I0607 15:41:10.316771 72533440 master_component.cc:1404] ProcessBatchesArgs: nwt_target_name=nwt, batch_filename_size=5, batch_size=0, batch_weight_size=5, pwt_source_name=pwt, num_document_passes=1, regularizer=(name:SparsePhi, tau:-20000), reuse_theta=yes, opt_for_avx=yes, predict_class_id=, reset_nwt=yes
I0607 15:41:10.322937 284979200 processor.cc:81] Processing queue has data, processing started
I0607 15:41:10.322937 285515776 processor.cc:81] Processing queue has data, processing started
I0607 15:41:10.322970 284442624 processor.cc:81] Processing queue has data, processing started
I0607 15:41:10.322970 283906048 processor.cc:81] Processing queue has data, processing started
I0607 15:41:10.327280 284442624 processor.cc:158] Processor: start processing batch 5c7b44f6-79b2-4154-8463-9c4c88da0d5c into model nwt
I0607 15:41:10.327677 283906048 processor.cc:158] Processor: start processing batch a3c2ffb0-2696-4b9b-87f9-f2b7b625a3e8 into model nwt
I0607 15:41:10.327695 285515776 processor.cc:158] Processor: start processing batch ce2a767a-059a-42a9-912f-f1512ee3e388 into model nwt
I0607 15:41:10.327790 284979200 processor.cc:158] Processor: start processing batch ac82d179-1596-49c0-8e97-580ce0f5358e into model nwt
I0607 15:41:10.371439 285515776 processor.cc:292] Processor: complete processing batch ce2a767a-059a-42a9-912f-f1512ee3e388 into model nwt
I0607 15:41:10.372613 284979200 processor.cc:292] Processor: complete processing batch ac82d179-1596-49c0-8e97-580ce0f5358e into model nwt
I0607 15:41:10.373365 285515776 cuckoo_watch.h:45] 50ms in ProcessBatch(school_batches/aaaaab.batch) [including 4ms in LoadMessage; 0ms in FindReuseThetaCacheEntry; 0ms in InitializeTheta; 0ms in CreateRegularizerAgents; 1ms in InitializeSparseNdw; 15ms in InferThetaAndUpdateNwtSparse; 0ms in UpdateCacheEntry; 16ms in CalculateScore(PerplexityScore); 1ms in CalculateScore(SparsityThetaScore); 8ms in CalculateScore(^^^ItemsProcessedScore^^^); ]
I0607 15:41:10.374142 284442624 processor.cc:292] Processor: complete processing batch 5c7b44f6-79b2-4154-8463-9c4c88da0d5c into model nwt
I0607 15:41:10.374527 284979200 cuckoo_watch.h:45] 51ms in ProcessBatch(school_batches/aaaaad.batch) [including 4ms in LoadMessage; 0ms in FindReuseThetaCacheEntry; 0ms in InitializeTheta; 0ms in CreateRegularizerAgents; 1ms in InitializeSparseNdw; 15ms in InferThetaAndUpdateNwtSparse; 0ms in UpdateCacheEntry; 18ms in CalculateScore(PerplexityScore); 2ms in CalculateScore(SparsityThetaScore); 7ms in CalculateScore(^^^ItemsProcessedScore^^^); ]
I0607 15:41:10.374866 283906048 processor.cc:292] Processor: complete processing batch a3c2ffb0-2696-4b9b-87f9-f2b7b625a3e8 into model nwt
I0607 15:41:10.376451 283906048 cuckoo_watch.h:45] 53ms in ProcessBatch(school_batches/aaaaaa.batch) [including 4ms in LoadMessage; 0ms in FindReuseThetaCacheEntry; 0ms in InitializeTheta; 0ms in CreateRegularizerAgents; 1ms in InitializeSparseNdw; 16ms in InferThetaAndUpdateNwtSparse; 0ms in UpdateCacheEntry; 19ms in CalculateScore(PerplexityScore); 1ms in CalculateScore(SparsityThetaScore); 8ms in CalculateScore(^^^ItemsProcessedScore^^^); ]
I0607 15:41:10.376619 284442624 cuckoo_watch.h:45] 53ms in ProcessBatch(school_batches/aaaaae.batch) [including 4ms in LoadMessage; 0ms in FindReuseThetaCacheEntry; 0ms in InitializeTheta; 0ms in CreateRegularizerAgents; 1ms in InitializeSparseNdw; 15ms in InferThetaAndUpdateNwtSparse; 0ms in UpdateCacheEntry; 22ms in CalculateScore(PerplexityScore); 1ms in CalculateScore(SparsityThetaScore); 6ms in CalculateScore(^^^ItemsProcessedScore^^^); ]
I0607 15:41:10.377002 285515776 processor.cc:158] Processor: start processing batch bd9aeda7-3c2b-4086-b542-8a9bb13a86c2 into model nwt
I0607 15:41:10.398524 284979200 processor.cc:74] No data in processing queue, waiting...
I0607 15:41:10.400856 283906048 processor.cc:74] No data in processing queue, waiting...
I0607 15:41:10.400862 284442624 processor.cc:74] No data in processing queue, waiting...
I0607 15:41:10.408677 285515776 processor.cc:292] Processor: complete processing batch bd9aeda7-3c2b-4086-b542-8a9bb13a86c2 into model nwt
I0607 15:41:10.409790 285515776 cuckoo_watch.h:45] 36ms in ProcessBatch(school_batches/aaaaac.batch) [including 3ms in LoadMessage; 0ms in FindReuseThetaCacheEntry; 0ms in InitializeTheta; 0ms in CreateRegularizerAgents; 0ms in InitializeSparseNdw; 11ms in InferThetaAndUpdateNwtSparse; 0ms in UpdateCacheEntry; 11ms in CalculateScore(PerplexityScore); 1ms in CalculateScore(SparsityThetaScore); 6ms in CalculateScore(^^^ItemsProcessedScore^^^); ]
I0607 15:41:10.411185 72533440 master_component.cc:1442] RegularizeModelArgs: rwt_target_name=rwt, pwt_source_name=pwt, nwt_source_name=nwt
I0607 15:41:10.411208 72533440 master_component.cc:975] MasterComponent: start regularizing model pwt
I0607 15:41:10.433739 285515776 processor.cc:74] No data in processing queue, waiting...
I0607 15:41:10.459367 72533440 master_component.cc:1001] MasterComponent: complete regularizing model pwt
I0607 15:41:10.459383 72533440 master_component.cc:1455] NormalizeModelArgs: pwt_target_name=pwt, nwt_source_name=nwt, rwt_source_name=rwt
I0607 15:41:10.459388 72533440 master_component.cc:1005] MasterComponent: start normalizing model nwt
I0607 15:41:10.487985 72533440 master_component.cc:1033] MasterComponent: complete normalizing model nwt
I0607 15:41:10.496310 72533440 master_component.cc:1479] DisposeModel rwt
I0607 15:41:10.503027 72533440 master_component.cc:1058] FitOffline: ItemsProcessed, num_items=476, num_batches=5, token_weight=160411, token_weight_in_effect=160411
I0607 15:41:10.503232 72533440 c_interface.cc:389] Pass FitOfflineMasterModelArgs, batch_filename_size=5, batch_weight_size=5, num_collection_passes=1, reset_nwt=yes to MN4artm4core15MasterComponentEFvRKNS_25FitOfflineMasterModelArgsEE
I0607 15:41:10.503244 72533440 master_component.cc:1404] ProcessBatchesArgs: nwt_target_name=nwt, batch_filename_size=5, batch_size=0, batch_weight_size=5, pwt_source_name=pwt, num_document_passes=1, regularizer=(name:SparsePhi, tau:-20000), reuse_theta=yes, opt_for_avx=yes, predict_class_id=, reset_nwt=yes
I0607 15:41:10.508383 285515776 processor.cc:81] Processing queue has data, processing started
I0607 15:41:10.508404 284979200 processor.cc:81] Processing queue has data, processing started
I0607 15:41:10.508477 283906048 processor.cc:81] Processing queue has data, processing started
I0607 15:41:10.508749 284442624 processor.cc:81] Processing queue has data, processing started
I0607 15:41:10.512173 283906048 processor.cc:158] Processor: start processing batch 5c7b44f6-79b2-4154-8463-9c4c88da0d5c into model nwt
I0607 15:41:10.512349 285515776 processor.cc:158] Processor: start processing batch ac82d179-1596-49c0-8e97-580ce0f5358e into model nwt
I0607 15:41:10.512677 284979200 processor.cc:158] Processor: start processing batch ce2a767a-059a-42a9-912f-f1512ee3e388 into model nwt
I0607 15:41:10.517789 284442624 processor.cc:158] Processor: start processing batch a3c2ffb0-2696-4b9b-87f9-f2b7b625a3e8 into model nwt
I0607 15:41:10.556435 283906048 processor.cc:292] Processor: complete processing batch 5c7b44f6-79b2-4154-8463-9c4c88da0d5c into model nwt
I0607 15:41:10.558548 283906048 cuckoo_watch.h:45] 50ms in ProcessBatch(school_batches/aaaaae.batch) [including 3ms in LoadMessage; 0ms in FindReuseThetaCacheEntry; 0ms in InitializeTheta; 0ms in CreateRegularizerAgents; 1ms in InitializeSparseNdw; 13ms in InferThetaAndUpdateNwtSparse; 0ms in UpdateCacheEntry; 18ms in CalculateScore(PerplexityScore); 1ms in CalculateScore(SparsityThetaScore); 8ms in CalculateScore(^^^ItemsProcessedScore^^^); ]
I0607 15:41:10.559144 284979200 processor.cc:292] Processor: complete processing batch ce2a767a-059a-42a9-912f-f1512ee3e388 into model nwt
I0607 15:41:10.560667 285515776 processor.cc:292] Processor: complete processing batch ac82d179-1596-49c0-8e97-580ce0f5358e into model nwt
I0607 15:41:10.561412 284979200 cuckoo_watch.h:45] 52ms in ProcessBatch(school_batches/aaaaab.batch) [including 4ms in LoadMessage; 0ms in FindReuseThetaCacheEntry; 0ms in InitializeTheta; 0ms in CreateRegularizerAgents; 1ms in InitializeSparseNdw; 15ms in InferThetaAndUpdateNwtSparse; 0ms in UpdateCacheEntry; 19ms in CalculateScore(PerplexityScore); 1ms in CalculateScore(SparsityThetaScore); 7ms in CalculateScore(^^^ItemsProcessedScore^^^); ]
I0607 15:41:10.562089 283906048 processor.cc:158] Processor: start processing batch bd9aeda7-3c2b-4086-b542-8a9bb13a86c2 into model nwt
I0607 15:41:10.564096 285515776 cuckoo_watch.h:45] 55ms in ProcessBatch(school_batches/aaaaad.batch) [including 3ms in LoadMessage; 0ms in FindReuseThetaCacheEntry; 0ms in InitializeTheta; 0ms in CreateRegularizerAgents; 1ms in InitializeSparseNdw; 16ms in InferThetaAndUpdateNwtSparse; 0ms in UpdateCacheEntry; 19ms in CalculateScore(PerplexityScore); 1ms in CalculateScore(SparsityThetaScore); 9ms in CalculateScore(^^^ItemsProcessedScore^^^); ]
I0607 15:41:10.566987 284442624 processor.cc:292] Processor: complete processing batch a3c2ffb0-2696-4b9b-87f9-f2b7b625a3e8 into model nwt
I0607 15:41:10.568128 284442624 cuckoo_watch.h:45] 59ms in ProcessBatch(school_batches/aaaaaa.batch) [including 8ms in LoadMessage; 0ms in FindReuseThetaCacheEntry; 0ms in InitializeTheta; 0ms in CreateRegularizerAgents; 1ms in InitializeSparseNdw; 17ms in InferThetaAndUpdateNwtSparse; 0ms in UpdateCacheEntry; 19ms in CalculateScore(PerplexityScore); 1ms in CalculateScore(SparsityThetaScore); 8ms in CalculateScore(^^^ItemsProcessedScore^^^); ]
I0607 15:41:10.585182 284979200 processor.cc:74] No data in processing queue, waiting...
I0607 15:41:10.587693 285515776 processor.cc:74] No data in processing queue, waiting...
I0607 15:41:10.592023 284442624 processor.cc:74] No data in processing queue, waiting...
I0607 15:41:10.594180 283906048 processor.cc:292] Processor: complete processing batch bd9aeda7-3c2b-4086-b542-8a9bb13a86c2 into model nwt
I0607 15:41:10.595293 283906048 cuckoo_watch.h:45] 36ms in ProcessBatch(school_batches/aaaaac.batch) [including 3ms in LoadMessage; 0ms in FindReuseThetaCacheEntry; 0ms in InitializeTheta; 0ms in CreateRegularizerAgents; 1ms in InitializeSparseNdw; 11ms in InferThetaAndUpdateNwtSparse; 0ms in UpdateCacheEntry; 12ms in CalculateScore(PerplexityScore); 0ms in CalculateScore(SparsityThetaScore); 5ms in CalculateScore(^^^ItemsProcessedScore^^^); ]
I0607 15:41:10.596624 72533440 master_component.cc:1442] RegularizeModelArgs: rwt_target_name=rwt, pwt_source_name=pwt, nwt_source_name=nwt
I0607 15:41:10.596645 72533440 master_component.cc:975] MasterComponent: start regularizing model pwt
I0607 15:41:10.618976 283906048 processor.cc:74] No data in processing queue, waiting...
I0607 15:41:10.642719 72533440 master_component.cc:1001] MasterComponent: complete regularizing model pwt
I0607 15:41:10.642733 72533440 master_component.cc:1455] NormalizeModelArgs: pwt_target_name=pwt, nwt_source_name=nwt, rwt_source_name=rwt
I0607 15:41:10.642738 72533440 master_component.cc:1005] MasterComponent: start normalizing model nwt
I0607 15:41:10.671334 72533440 master_component.cc:1033] MasterComponent: complete normalizing model nwt
I0607 15:41:10.680176 72533440 master_component.cc:1479] DisposeModel rwt
I0607 15:41:10.686738 72533440 master_component.cc:1058] FitOffline: ItemsProcessed, num_items=476, num_batches=5, token_weight=160411, token_weight_in_effect=160411
I0607 15:41:10.686944 72533440 c_interface.cc:389] Pass FitOfflineMasterModelArgs, batch_filename_size=5, batch_weight_size=5, num_collection_passes=1, reset_nwt=yes to MN4artm4core15MasterComponentEFvRKNS_25FitOfflineMasterModelArgsEE
