I0607 15:38:16.732318 142721024 processor.cc:74] No data in processing queue, waiting...
I0607 15:38:16.733633 142184448 processor.cc:74] No data in processing queue, waiting...
I0607 15:38:16.737514 141647872 processor.cc:74] No data in processing queue, waiting...
I0607 15:38:16.739676 143257600 processor.cc:292] Processor: complete processing batch 20c5ee68-7da4-4c89-b491-d667f089fdc9 into model nwt
I0607 15:38:16.740801 143257600 cuckoo_watch.h:45] 34ms in ProcessBatch(school_batches/aaaaac.batch) [including 2ms in LoadMessage; 0ms in FindReuseThetaCacheEntry; 0ms in InitializeTheta; 0ms in CreateRegularizerAgents; 0ms in InitializeSparseNdw; 11ms in InferThetaAndUpdateNwtSparse; 0ms in UpdateCacheEntry; 12ms in CalculateScore(PerplexityScore); 1ms in CalculateScore(SparsityThetaScore); 5ms in CalculateScore(^^^ItemsProcessedScore^^^); ]
I0607 15:38:16.741531 343057856 master_component.cc:1442] RegularizeModelArgs: rwt_target_name=rwt, pwt_source_name=pwt, nwt_source_name=nwt
I0607 15:38:16.741552 343057856 master_component.cc:975] MasterComponent: start regularizing model pwt
I0607 15:38:16.765265 143257600 processor.cc:74] No data in processing queue, waiting...
I0607 15:38:16.785813 343057856 master_component.cc:1001] MasterComponent: complete regularizing model pwt
I0607 15:38:16.785872 343057856 master_component.cc:1455] NormalizeModelArgs: pwt_target_name=pwt, nwt_source_name=nwt, rwt_source_name=rwt
I0607 15:38:16.785879 343057856 master_component.cc:1005] MasterComponent: start normalizing model nwt
I0607 15:38:16.815147 343057856 master_component.cc:1033] MasterComponent: complete normalizing model nwt
I0607 15:38:16.825052 343057856 master_component.cc:1479] DisposeModel rwt
I0607 15:38:16.832497 343057856 master_component.cc:1058] FitOffline: ItemsProcessed, num_items=476, num_batches=5, token_weight=160411, token_weight_in_effect=160411
I0607 15:38:16.832718 343057856 c_interface.cc:389] Pass FitOfflineMasterModelArgs, batch_filename_size=5, batch_weight_size=5, num_collection_passes=1, reset_nwt=yes to MN4artm4core15MasterComponentEFvRKNS_25FitOfflineMasterModelArgsEE
I0607 15:38:16.832731 343057856 master_component.cc:1404] ProcessBatchesArgs: nwt_target_name=nwt, batch_filename_size=5, batch_size=0, batch_weight_size=5, pwt_source_name=pwt, num_document_passes=1, regularizer=(name:SparsePhi, tau:-50000), reuse_theta=yes, opt_for_avx=yes, predict_class_id=, reset_nwt=yes
I0607 15:38:16.839124 142184448 processor.cc:81] Processing queue has data, processing started
I0607 15:38:16.839124 142721024 processor.cc:81] Processing queue has data, processing started
I0607 15:38:16.839155 143257600 processor.cc:81] Processing queue has data, processing started
I0607 15:38:16.839156 141647872 processor.cc:81] Processing queue has data, processing started
I0607 15:38:16.843530 143257600 processor.cc:158] Processor: start processing batch 8ac79cec-e218-4eff-a004-e0a5762a26d5 into model nwt
I0607 15:38:16.843840 141647872 processor.cc:158] Processor: start processing batch 209029d3-c311-4a97-8ab6-bacbeecf154d into model nwt
I0607 15:38:16.844385 142184448 processor.cc:158] Processor: start processing batch 8cb5a5b1-0361-455a-b641-f402efef5d2b into model nwt
I0607 15:38:16.844998 142721024 processor.cc:158] Processor: start processing batch de8e4981-780c-46d2-a50f-c77d9d86f985 into model nwt
I0607 15:38:16.889380 143257600 processor.cc:292] Processor: complete processing batch 8ac79cec-e218-4eff-a004-e0a5762a26d5 into model nwt
I0607 15:38:16.890683 142184448 processor.cc:292] Processor: complete processing batch 8cb5a5b1-0361-455a-b641-f402efef5d2b into model nwt
I0607 15:38:16.892102 143257600 cuckoo_watch.h:45] 52ms in ProcessBatch(school_batches/aaaaae.batch) [including 4ms in LoadMessage; 0ms in FindReuseThetaCacheEntry; 0ms in InitializeTheta; 0ms in CreateRegularizerAgents; 1ms in InitializeSparseNdw; 17ms in InferThetaAndUpdateNwtSparse; 0ms in UpdateCacheEntry; 17ms in CalculateScore(PerplexityScore); 1ms in CalculateScore(SparsityThetaScore); 8ms in CalculateScore(^^^ItemsProcessedScore^^^); ]
I0607 15:38:16.892324 142721024 processor.cc:292] Processor: complete processing batch de8e4981-780c-46d2-a50f-c77d9d86f985 into model nwt
I0607 15:38:16.893566 141647872 processor.cc:292] Processor: complete processing batch 209029d3-c311-4a97-8ab6-bacbeecf154d into model nwt
I0607 15:38:16.893682 142184448 cuckoo_watch.h:45] 54ms in ProcessBatch(school_batches/aaaaab.batch) [including 5ms in LoadMessage; 0ms in FindReuseThetaCacheEntry; 0ms in InitializeTheta; 0ms in CreateRegularizerAgents; 1ms in InitializeSparseNdw; 15ms in InferThetaAndUpdateNwtSparse; 0ms in UpdateCacheEntry; 19ms in CalculateScore(PerplexityScore); 1ms in CalculateScore(SparsityThetaScore); 7ms in CalculateScore(^^^ItemsProcessedScore^^^); ]
I0607 15:38:16.894313 142721024 cuckoo_watch.h:45] 55ms in ProcessBatch(school_batches/aaaaad.batch) [including 5ms in LoadMessage; 0ms in FindReuseThetaCacheEntry; 0ms in InitializeTheta; 0ms in CreateRegularizerAgents; 1ms in InitializeSparseNdw; 16ms in InferThetaAndUpdateNwtSparse; 0ms in UpdateCacheEntry; 19ms in CalculateScore(PerplexityScore); 1ms in CalculateScore(SparsityThetaScore); 7ms in CalculateScore(^^^ItemsProcessedScore^^^); ]
I0607 15:38:16.894707 141647872 cuckoo_watch.h:45] 55ms in ProcessBatch(school_batches/aaaaaa.batch) [including 4ms in LoadMessage; 0ms in FindReuseThetaCacheEntry; 0ms in InitializeTheta; 0ms in CreateRegularizerAgents; 1ms in InitializeSparseNdw; 16ms in InferThetaAndUpdateNwtSparse; 0ms in UpdateCacheEntry; 20ms in CalculateScore(PerplexityScore); 2ms in CalculateScore(SparsityThetaScore); 9ms in CalculateScore(^^^ItemsProcessedScore^^^); ]
I0607 15:38:16.896106 143257600 processor.cc:158] Processor: start processing batch 20c5ee68-7da4-4c89-b491-d667f089fdc9 into model nwt
I0607 15:38:16.918084 142721024 processor.cc:74] No data in processing queue, waiting...
I0607 15:38:16.918103 142184448 processor.cc:74] No data in processing queue, waiting...
I0607 15:38:16.918116 141647872 processor.cc:74] No data in processing queue, waiting...
I0607 15:38:16.927460 143257600 processor.cc:292] Processor: complete processing batch 20c5ee68-7da4-4c89-b491-d667f089fdc9 into model nwt
I0607 15:38:16.928613 143257600 cuckoo_watch.h:45] 36ms in ProcessBatch(school_batches/aaaaac.batch) [including 3ms in LoadMessage; 0ms in FindReuseThetaCacheEntry; 0ms in InitializeTheta; 0ms in CreateRegularizerAgents; 0ms in InitializeSparseNdw; 11ms in InferThetaAndUpdateNwtSparse; 0ms in UpdateCacheEntry; 12ms in CalculateScore(PerplexityScore); 0ms in CalculateScore(SparsityThetaScore); 5ms in CalculateScore(^^^ItemsProcessedScore^^^); ]
I0607 15:38:16.929818 343057856 master_component.cc:1442] RegularizeModelArgs: rwt_target_name=rwt, pwt_source_name=pwt, nwt_source_name=nwt
I0607 15:38:16.929870 343057856 master_component.cc:975] MasterComponent: start regularizing model pwt
I0607 15:38:16.951634 143257600 processor.cc:74] No data in processing queue, waiting...
I0607 15:38:17.001382 343057856 master_component.cc:1001] MasterComponent: complete regularizing model pwt
I0607 15:38:17.001399 343057856 master_component.cc:1455] NormalizeModelArgs: pwt_target_name=pwt, nwt_source_name=nwt, rwt_source_name=rwt
I0607 15:38:17.001405 343057856 master_component.cc:1005] MasterComponent: start normalizing model nwt
I0607 15:38:17.035063 343057856 master_component.cc:1033] MasterComponent: complete normalizing model nwt
I0607 15:38:17.047880 343057856 master_component.cc:1479] DisposeModel rwt
I0607 15:38:17.054194 343057856 master_component.cc:1058] FitOffline: ItemsProcessed, num_items=476, num_batches=5, token_weight=160411, token_weight_in_effect=160411
I0607 15:38:17.061919 343057856 c_interface.cc:231] ArtmCopyRequestedMessage is copying 271766 bytes...
I0607 15:38:17.138729 343057856 c_interface.cc:231] ArtmCopyRequestedMessage is copying 271766 bytes...
I0607 15:38:17.211155 343057856 c_interface.cc:231] ArtmCopyRequestedMessage is copying 271766 bytes...
I0607 15:38:17.282557 343057856 c_interface.cc:231] ArtmCopyRequestedMessage is copying 271766 bytes...
I0607 15:38:17.355283 343057856 c_interface.cc:231] ArtmCopyRequestedMessage is copying 271766 bytes...
I0607 15:38:17.425887 343057856 c_interface.cc:231] ArtmCopyRequestedMessage is copying 271766 bytes...
I0607 15:38:17.501122 343057856 c_interface.cc:231] ArtmCopyRequestedMessage is copying 271766 bytes...
I0607 15:38:17.576004 343057856 c_interface.cc:231] ArtmCopyRequestedMessage is copying 271766 bytes...
I0607 15:38:17.647701 343057856 c_interface.cc:231] ArtmCopyRequestedMessage is copying 271766 bytes...
I0607 15:38:17.724315 343057856 c_interface.cc:231] ArtmCopyRequestedMessage is copying 271766 bytes...
I0607 15:38:17.804875 343057856 c_interface.cc:231] ArtmCopyRequestedMessage is copying 2570 bytes...
I0607 15:38:17.812067 343057856 c_interface.cc:231] ArtmCopyRequestedMessage is copying 2562 bytes...
I0607 15:38:17.895130 343057856 c_interface.cc:231] ArtmCopyRequestedMessage is copying 128 bytes...
I0607 15:38:17.896090 343057856 c_interface.cc:231] ArtmCopyRequestedMessage is copying 966 bytes...
I0607 15:40:35.821383 343057856 c_interface.cc:375] Pass dictionary to MN4artm4core15MasterComponentEFvRKNSt3__112basic_stringIcNS2_11char_traitsIcEENS2_9allocatorIcEEEEE
I0607 15:40:35.824963 343057856 c_interface.cc:339] Disposing MasterComponent (id=3)...
I0607 15:40:35.826052 143257600 processor.cc:66] Processor thread stopped
I0607 15:40:35.826069 143257600 processor.cc:67] Total number of processed batches: 87
I0607 15:40:35.827260 142721024 processor.cc:66] Processor thread stopped
I0607 15:40:35.827280 142721024 processor.cc:67] Total number of processed batches: 91
I0607 15:40:35.828353 142184448 processor.cc:66] Processor thread stopped
I0607 15:40:35.828374 142184448 processor.cc:67] Total number of processed batches: 92
I0607 15:40:35.829668 141647872 processor.cc:66] Processor thread stopped
I0607 15:40:35.829679 141647872 processor.cc:67] Total number of processed batches: 80
I0607 15:40:35.859272 343057856 c_interface.cc:339] Disposing MasterComponent (id=2)...
