I0607 15:24:57.593214 99926016 processor.cc:81] Processing queue has data, processing started
I0607 15:24:57.593248 99389440 processor.cc:81] Processing queue has data, processing started
I0607 15:24:57.593248 98852864 processor.cc:81] Processing queue has data, processing started
I0607 15:24:57.597368 98852864 processor.cc:158] Processor: start processing batch bd332c4a-e676-4df2-83c1-da9a84d98382 into model nwt
I0607 15:24:57.597419 100462592 processor.cc:158] Processor: start processing batch 9647b7eb-ab62-473e-83f9-8522752f4df1 into model nwt
I0607 15:24:57.597627 99389440 processor.cc:158] Processor: start processing batch b9614e10-9769-4e6f-8f73-3a514a925166 into model nwt
I0607 15:24:57.597651 99926016 processor.cc:158] Processor: start processing batch e8caefe5-4bb9-4617-b6f3-078b4ba3c69f into model nwt
I0607 15:24:57.636435 98852864 processor.cc:292] Processor: complete processing batch bd332c4a-e676-4df2-83c1-da9a84d98382 into model nwt
I0607 15:24:57.641445 100462592 processor.cc:292] Processor: complete processing batch 9647b7eb-ab62-473e-83f9-8522752f4df1 into model nwt
I0607 15:24:57.641477 98852864 cuckoo_watch.h:45] 48ms in ProcessBatch(school_batches/aaaaae.batch) [including 4ms in LoadMessage; 0ms in FindReuseThetaCacheEntry; 0ms in InitializeTheta; 0ms in CreateRegularizerAgents; 1ms in InitializeSparseNdw; 15ms in InferThetaAndUpdateNwtSparse; 0ms in UpdateCacheEntry; 14ms in CalculateScore(PerplexityScore); 1ms in CalculateScore(SparsityThetaScore); 7ms in CalculateScore(^^^ItemsProcessedScore^^^); ]
I0607 15:24:57.643685 99926016 processor.cc:292] Processor: complete processing batch e8caefe5-4bb9-4617-b6f3-078b4ba3c69f into model nwt
I0607 15:24:57.644404 100462592 cuckoo_watch.h:45] 51ms in ProcessBatch(school_batches/aaaaab.batch) [including 4ms in LoadMessage; 0ms in FindReuseThetaCacheEntry; 0ms in InitializeTheta; 0ms in CreateRegularizerAgents; 1ms in InitializeSparseNdw; 15ms in InferThetaAndUpdateNwtSparse; 0ms in UpdateCacheEntry; 18ms in CalculateScore(PerplexityScore); 1ms in CalculateScore(SparsityThetaScore); 7ms in CalculateScore(^^^ItemsProcessedScore^^^); ]
I0607 15:24:57.644974 98852864 processor.cc:158] Processor: start processing batch 5bd66d53-b36b-4cbb-90b4-8021e5b537bd into model nwt
I0607 15:24:57.645676 99926016 cuckoo_watch.h:45] 52ms in ProcessBatch(school_batches/aaaaad.batch) [including 4ms in LoadMessage; 0ms in FindReuseThetaCacheEntry; 0ms in InitializeTheta; 0ms in CreateRegularizerAgents; 1ms in InitializeSparseNdw; 15ms in InferThetaAndUpdateNwtSparse; 0ms in UpdateCacheEntry; 18ms in CalculateScore(PerplexityScore); 1ms in CalculateScore(SparsityThetaScore); 8ms in CalculateScore(^^^ItemsProcessedScore^^^); ]
I0607 15:24:57.649178 99389440 processor.cc:292] Processor: complete processing batch b9614e10-9769-4e6f-8f73-3a514a925166 into model nwt
I0607 15:24:57.652334 99389440 cuckoo_watch.h:45] 59ms in ProcessBatch(school_batches/aaaaaa.batch) [including 4ms in LoadMessage; 0ms in FindReuseThetaCacheEntry; 0ms in InitializeTheta; 0ms in CreateRegularizerAgents; 1ms in InitializeSparseNdw; 15ms in InferThetaAndUpdateNwtSparse; 0ms in UpdateCacheEntry; 24ms in CalculateScore(PerplexityScore); 3ms in CalculateScore(SparsityThetaScore); 6ms in CalculateScore(^^^ItemsProcessedScore^^^); ]
I0607 15:24:57.668558 100462592 processor.cc:74] No data in processing queue, waiting...
I0607 15:24:57.669824 99926016 processor.cc:74] No data in processing queue, waiting...
I0607 15:24:57.676540 98852864 processor.cc:292] Processor: complete processing batch 5bd66d53-b36b-4cbb-90b4-8021e5b537bd into model nwt
I0607 15:24:57.676802 99389440 processor.cc:74] No data in processing queue, waiting...
I0607 15:24:57.677639 98852864 cuckoo_watch.h:45] 36ms in ProcessBatch(school_batches/aaaaac.batch) [including 3ms in LoadMessage; 0ms in FindReuseThetaCacheEntry; 0ms in InitializeTheta; 0ms in CreateRegularizerAgents; 0ms in InitializeSparseNdw; 13ms in InferThetaAndUpdateNwtSparse; 0ms in UpdateCacheEntry; 11ms in CalculateScore(PerplexityScore); 0ms in CalculateScore(SparsityThetaScore); 5ms in CalculateScore(^^^ItemsProcessedScore^^^); ]
I0607 15:24:57.678908 353887680 master_component.cc:1442] RegularizeModelArgs: rwt_target_name=rwt, pwt_source_name=pwt, nwt_source_name=nwt
I0607 15:24:57.678930 353887680 master_component.cc:975] MasterComponent: start regularizing model pwt
I0607 15:24:57.701573 98852864 processor.cc:74] No data in processing queue, waiting...
I0607 15:24:57.722533 353887680 master_component.cc:1001] MasterComponent: complete regularizing model pwt
I0607 15:24:57.722548 353887680 master_component.cc:1455] NormalizeModelArgs: pwt_target_name=pwt, nwt_source_name=nwt, rwt_source_name=rwt
I0607 15:24:57.722553 353887680 master_component.cc:1005] MasterComponent: start normalizing model nwt
I0607 15:24:57.751240 353887680 master_component.cc:1033] MasterComponent: complete normalizing model nwt
I0607 15:24:57.762058 353887680 master_component.cc:1479] DisposeModel rwt
I0607 15:24:57.769047 353887680 master_component.cc:1058] FitOffline: ItemsProcessed, num_items=476, num_batches=5, token_weight=160411, token_weight_in_effect=160411
I0607 15:24:57.796041 353887680 c_interface.cc:231] ArtmCopyRequestedMessage is copying 128 bytes...
I0607 15:24:57.797119 353887680 c_interface.cc:231] ArtmCopyRequestedMessage is copying 966 bytes...
I0607 15:25:02.317996 353887680 c_interface.cc:231] ArtmCopyRequestedMessage is copying 286126 bytes...
I0607 15:25:02.398607 353887680 c_interface.cc:231] ArtmCopyRequestedMessage is copying 286126 bytes...
I0607 15:25:02.479204 353887680 c_interface.cc:231] ArtmCopyRequestedMessage is copying 286126 bytes...
I0607 15:25:02.561183 353887680 c_interface.cc:231] ArtmCopyRequestedMessage is copying 286126 bytes...
I0607 15:25:14.635843 353887680 c_interface.cc:231] ArtmCopyRequestedMessage is copying 966 bytes...
I0607 15:25:14.639036 353887680 phi_matrix_operations.cc:81] RetrieveExternalTopicModel() with 10 topics, 16099 tokens
I0607 15:25:14.670801 353887680 c_interface.cc:231] ArtmCopyRequestedMessage is copying 477660 bytes...
I0607 15:25:15.060431 353887680 phi_matrix_operations.cc:81] RetrieveExternalTopicModel() with 10 topics, 16099 tokens
I0607 15:25:15.072821 353887680 c_interface.cc:231] ArtmCopyRequestedMessage is copying 413264 bytes...
I0607 15:25:15.144739 353887680 c_interface.cc:236] ArtmCopyRequestedObject is copying 643960 bytes...
I0607 15:25:18.928704 353887680 c_interface.cc:231] ArtmCopyRequestedMessage is copying 128 bytes...
I0607 15:25:18.929829 353887680 c_interface.cc:231] ArtmCopyRequestedMessage is copying 966 bytes...
I0607 15:25:22.077380 353887680 c_interface.cc:231] ArtmCopyRequestedMessage is copying 286126 bytes...
I0607 15:25:22.151227 353887680 c_interface.cc:231] ArtmCopyRequestedMessage is copying 286126 bytes...
I0607 15:25:22.247547 353887680 c_interface.cc:231] ArtmCopyRequestedMessage is copying 286126 bytes...
I0607 15:25:22.352341 353887680 c_interface.cc:231] ArtmCopyRequestedMessage is copying 286126 bytes...
I0607 15:25:22.423842 353887680 c_interface.cc:231] ArtmCopyRequestedMessage is copying 286126 bytes...
I0607 15:25:22.514411 353887680 c_interface.cc:231] ArtmCopyRequestedMessage is copying 286126 bytes...
I0607 15:25:22.585928 353887680 c_interface.cc:231] ArtmCopyRequestedMessage is copying 286126 bytes...
I0607 15:25:22.657091 353887680 c_interface.cc:231] ArtmCopyRequestedMessage is copying 286126 bytes...
I0607 15:25:22.728768 353887680 c_interface.cc:231] ArtmCopyRequestedMessage is copying 286126 bytes...
I0607 15:25:22.805337 353887680 c_interface.cc:231] ArtmCopyRequestedMessage is copying 286126 bytes...
I0607 15:25:22.917919 353887680 c_interface.cc:231] ArtmCopyRequestedMessage is copying 286126 bytes...
I0607 15:25:22.991508 353887680 c_interface.cc:231] ArtmCopyRequestedMessage is copying 286126 bytes...
I0607 15:25:23.063179 353887680 c_interface.cc:231] ArtmCopyRequestedMessage is copying 286126 bytes...
I0607 15:25:23.141032 353887680 c_interface.cc:231] ArtmCopyRequestedMessage is copying 286126 bytes...
I0607 15:25:23.217773 353887680 c_interface.cc:231] ArtmCopyRequestedMessage is copying 286126 bytes...
I0607 15:25:24.905097 353887680 c_interface.cc:231] ArtmCopyRequestedMessage is copying 286126 bytes...
I0607 15:25:25.017750 353887680 c_interface.cc:231] ArtmCopyRequestedMessage is copying 128 bytes...
I0607 15:25:25.018539 353887680 c_interface.cc:231] ArtmCopyRequestedMessage is copying 966 bytes...
I0607 15:26:36.745533 353887680 c_interface.cc:231] ArtmCopyRequestedMessage is copying 286126 bytes...
I0607 15:26:36.827606 353887680 c_interface.cc:231] ArtmCopyRequestedMessage is copying 286126 bytes...
I0607 15:26:36.915542 353887680 c_interface.cc:231] ArtmCopyRequestedMessage is copying 286126 bytes...
I0607 15:26:37.000321 353887680 c_interface.cc:231] ArtmCopyRequestedMessage is copying 286126 bytes...
I0607 15:26:37.076040 353887680 c_interface.cc:231] ArtmCopyRequestedMessage is copying 286126 bytes...
I0607 15:26:37.152091 353887680 c_interface.cc:231] ArtmCopyRequestedMessage is copying 286126 bytes...
I0607 15:26:37.238135 353887680 c_interface.cc:231] ArtmCopyRequestedMessage is copying 286126 bytes...
I0607 15:26:37.349637 353887680 c_interface.cc:231] ArtmCopyRequestedMessage is copying 286126 bytes...
I0607 15:26:37.437980 353887680 c_interface.cc:231] ArtmCopyRequestedMessage is copying 286126 bytes...
I0607 15:26:37.519882 353887680 c_interface.cc:231] ArtmCopyRequestedMessage is copying 286126 bytes...
I0607 15:26:37.600905 353887680 c_interface.cc:231] ArtmCopyRequestedMessage is copying 286126 bytes...
I0607 15:26:37.772863 353887680 c_interface.cc:231] ArtmCopyRequestedMessage is copying 286126 bytes...
I0607 15:26:37.944130 353887680 c_interface.cc:231] ArtmCopyRequestedMessage is copying 286126 bytes...
I0607 15:26:38.098152 353887680 c_interface.cc:231] ArtmCopyRequestedMessage is copying 286126 bytes...
I0607 15:26:38.175199 353887680 c_interface.cc:231] ArtmCopyRequestedMessage is copying 286126 bytes...
I0607 15:26:38.251071 353887680 c_interface.cc:231] ArtmCopyRequestedMessage is copying 286126 bytes...
I0607 15:26:38.332655 353887680 c_interface.cc:231] ArtmCopyRequestedMessage is copying 286126 bytes...
I0607 15:26:38.427692 353887680 c_interface.cc:231] ArtmCopyRequestedMessage is copying 286126 bytes...
I0607 15:26:38.507640 353887680 c_interface.cc:231] ArtmCopyRequestedMessage is copying 286126 bytes...
I0607 15:26:38.587589 353887680 c_interface.cc:231] ArtmCopyRequestedMessage is copying 286126 bytes...
I0607 15:26:38.700349 353887680 c_interface.cc:231] ArtmCopyRequestedMessage is copying 128 bytes...
I0607 15:26:38.701303 353887680 c_interface.cc:231] ArtmCopyRequestedMessage is copying 966 bytes...
I0607 15:27:24.056175 353887680 c_interface.cc:231] ArtmCopyRequestedMessage is copying 966 bytes...
I0607 15:27:45.518043 353887680 c_interface.cc:389] Pass MasterModelConfig: topic_name_size=10, score_config_size=5, num_processors=0, pwt_name=pwt, nwt_name=nwt, num_document_passes=1, regularizer=(SparsePhi:-50000), reuse_theta=yes, cache_theta=yes, opt_for_avx=yes, disk_cache_path= to MN4artm4core15MasterComponentEFvRKNS_17MasterModelConfigEE
I0607 15:27:45.518144 353887680 instance.cc:401] MasterModelConfig.processors_count is automatically set to 4
I0607 15:27:45.518220 353887680 perplexity.cc:27] Perplexity score calculator created: model_type=1, dictionary_name=dictionary
I0607 15:27:45.518326 353887680 instance.cc:232] Regularizer 'SparsePhi' was cold-reconfigured
I0607 15:27:45.567034 353887680 c_interface.cc:231] ArtmCopyRequestedMessage is copying 128 bytes...
I0607 15:27:45.568140 353887680 c_interface.cc:231] ArtmCopyRequestedMessage is copying 966 bytes...
I0607 15:27:51.055867 353887680 c_interface.cc:389] Pass MasterModelConfig: topic_name_size=10, score_config_size=5, num_processors=0, pwt_name=pwt, nwt_name=nwt, num_document_passes=1, regularizer=(SparsePhi:-50000), reuse_theta=yes, cache_theta=yes, opt_for_avx=yes, disk_cache_path= to MN4artm4core15MasterComponentEFvRKNS_17MasterModelConfigEE
I0607 15:27:51.055900 353887680 instance.cc:401] MasterModelConfig.processors_count is automatically set to 4
I0607 15:27:51.055923 353887680 perplexity.cc:27] Perplexity score calculator created: model_type=1, dictionary_name=dictionary
I0607 15:27:51.055956 353887680 instance.cc:232] Regularizer 'SparsePhi' was cold-reconfigured
I0607 15:27:51.101482 353887680 c_interface.cc:231] ArtmCopyRequestedMessage is copying 128 bytes...
I0607 15:27:51.102465 353887680 c_interface.cc:231] ArtmCopyRequestedMessage is copying 966 bytes...
I0607 15:28:00.341620 353887680 c_interface.cc:231] ArtmCopyRequestedMessage is copying 966 bytes...
I0607 15:28:42.402527 353887680 c_interface.cc:389] Pass MasterModelConfig: topic_name_size=10, score_config_size=5, num_processors=0, pwt_name=pwt, nwt_name=nwt, num_document_passes=1, regularizer=(SparsePhi:-50000), reuse_theta=yes, cache_theta=yes, opt_for_avx=yes, disk_cache_path= to MN4artm4core15MasterComponentEFvRKNS_17MasterModelConfigEE
I0607 15:28:42.402614 353887680 instance.cc:401] MasterModelConfig.processors_count is automatically set to 4
I0607 15:28:42.402642 353887680 perplexity.cc:27] Perplexity score calculator created: model_type=1, dictionary_name=dictionary
I0607 15:28:42.402675 353887680 instance.cc:232] Regularizer 'SparsePhi' was cold-reconfigured
I0607 15:28:42.403308 353887680 c_interface.cc:389] Pass FitOfflineMasterModelArgs, batch_filename_size=5, batch_weight_size=5, num_collection_passes=1, reset_nwt=yes to MN4artm4core15MasterComponentEFvRKNS_25FitOfflineMasterModelArgsEE
I0607 15:28:42.403332 353887680 master_component.cc:1404] ProcessBatchesArgs: nwt_target_name=nwt, batch_filename_size=5, batch_size=0, batch_weight_size=5, pwt_source_name=pwt, num_document_passes=1, regularizer=(name:SparsePhi, tau:-50000), reuse_theta=yes, opt_for_avx=yes, predict_class_id=, reset_nwt=yes
I0607 15:28:42.419306 98852864 processor.cc:81] Processing queue has data, processing started
I0607 15:28:42.419306 99926016 processor.cc:81] Processing queue has data, processing started
I0607 15:28:42.419348 100462592 processor.cc:81] Processing queue has data, processing started
I0607 15:28:42.419430 99389440 processor.cc:81] Processing queue has data, processing started
I0607 15:28:42.424468 100462592 processor.cc:158] Processor: start processing batch bd332c4a-e676-4df2-83c1-da9a84d98382 into model nwt
I0607 15:28:42.424474 99926016 processor.cc:158] Processor: start processing batch 9647b7eb-ab62-473e-83f9-8522752f4df1 into model nwt
I0607 15:28:42.424594 99389440 processor.cc:158] Processor: start processing batch b9614e10-9769-4e6f-8f73-3a514a925166 into model nwt
I0607 15:28:42.424834 98852864 processor.cc:158] Processor: start processing batch e8caefe5-4bb9-4617-b6f3-078b4ba3c69f into model nwt
I0607 15:28:42.467391 100462592 processor.cc:292] Processor: complete processing batch bd332c4a-e676-4df2-83c1-da9a84d98382 into model nwt
I0607 15:28:42.469975 100462592 cuckoo_watch.h:45] 50ms in ProcessBatch(school_batches/aaaaae.batch) [including 5ms in LoadMessage; 0ms in FindReuseThetaCacheEntry; 0ms in InitializeTheta; 0ms in CreateRegularizerAgents; 1ms in InitializeSparseNdw; 16ms in InferThetaAndUpdateNwtSparse; 0ms in UpdateCacheEntry; 16ms in CalculateScore(PerplexityScore); 1ms in CalculateScore(SparsityThetaScore); 7ms in CalculateScore(^^^ItemsProcessedScore^^^); ]
I0607 15:28:42.470427 98852864 processor.cc:292] Processor: complete processing batch e8caefe5-4bb9-4617-b6f3-078b4ba3c69f into model nwt
I0607 15:28:42.471114 99926016 processor.cc:292] Processor: complete processing batch 9647b7eb-ab62-473e-83f9-8522752f4df1 into model nwt
I0607 15:28:42.472723 99389440 processor.cc:292] Processor: complete processing batch b9614e10-9769-4e6f-8f73-3a514a925166 into model nwt
I0607 15:28:42.473860 99926016 cuckoo_watch.h:45] 54ms in ProcessBatch(school_batches/aaaaab.batch) [including 5ms in LoadMessage; 0ms in FindReuseThetaCacheEntry; 0ms in InitializeTheta; 0ms in CreateRegularizerAgents; 1ms in InitializeSparseNdw; 16ms in InferThetaAndUpdateNwtSparse; 0ms in UpdateCacheEntry; 19ms in CalculateScore(PerplexityScore); 1ms in CalculateScore(SparsityThetaScore); 8ms in CalculateScore(^^^ItemsProcessedScore^^^); ]
I0607 15:28:42.475178 98852864 cuckoo_watch.h:45] 55ms in ProcessBatch(school_batches/aaaaad.batch) [including 5ms in LoadMessage; 0ms in FindReuseThetaCacheEntry; 0ms in InitializeTheta; 0ms in CreateRegularizerAgents; 1ms in InitializeSparseNdw; 16ms in InferThetaAndUpdateNwtSparse; 0ms in UpdateCacheEntry; 18ms in CalculateScore(PerplexityScore); 1ms in CalculateScore(SparsityThetaScore); 8ms in CalculateScore(^^^ItemsProcessedScore^^^); ]
I0607 15:28:42.475342 100462592 processor.cc:158] Processor: start processing batch 5bd66d53-b36b-4cbb-90b4-8021e5b537bd into model nwt
I0607 15:28:42.475595 99389440 cuckoo_watch.h:45] 56ms in ProcessBatch(school_batches/aaaaaa.batch) [including 5ms in LoadMessage; 0ms in FindReuseThetaCacheEntry; 0ms in InitializeTheta; 0ms in CreateRegularizerAgents; 1ms in InitializeSparseNdw; 16ms in InferThetaAndUpdateNwtSparse; 0ms in UpdateCacheEntry; 18ms in CalculateScore(PerplexityScore); 1ms in CalculateScore(SparsityThetaScore); 9ms in CalculateScore(^^^ItemsProcessedScore^^^); ]
I0607 15:28:42.496919 99926016 processor.cc:74] No data in processing queue, waiting...
I0607 15:28:42.499452 98852864 processor.cc:74] No data in processing queue, waiting...
I0607 15:28:42.499452 99389440 processor.cc:74] No data in processing queue, waiting...
I0607 15:28:42.534040 100462592 processor.cc:292] Processor: complete processing batch 5bd66d53-b36b-4cbb-90b4-8021e5b537bd into model nwt
I0607 15:28:42.535250 100462592 cuckoo_watch.h:45] 65ms in ProcessBatch(school_batches/aaaaac.batch) [including 5ms in LoadMessage; 0ms in FindReuseThetaCacheEntry; 0ms in InitializeTheta; 0ms in CreateRegularizerAgents; 1ms in InitializeSparseNdw; 13ms in InferThetaAndUpdateNwtSparse; 0ms in UpdateCacheEntry; 27ms in CalculateScore(PerplexityScore); 1ms in CalculateScore(SparsityThetaScore); 14ms in CalculateScore(^^^ItemsProcessedScore^^^); ]
I0607 15:28:42.535728 353887680 master_component.cc:1442] RegularizeModelArgs: rwt_target_name=rwt, pwt_source_name=pwt, nwt_source_name=nwt
I0607 15:28:42.535742 353887680 master_component.cc:975] MasterComponent: start regularizing model pwt
I0607 15:28:42.559056 100462592 processor.cc:74] No data in processing queue, waiting...
I0607 15:28:42.581223 353887680 master_component.cc:1001] MasterComponent: complete regularizing model pwt
I0607 15:28:42.581236 353887680 master_component.cc:1455] NormalizeModelArgs: pwt_target_name=pwt, nwt_source_name=nwt, rwt_source_name=rwt
I0607 15:28:42.581241 353887680 master_component.cc:1005] MasterComponent: start normalizing model nwt
I0607 15:28:42.611146 353887680 master_component.cc:1033] MasterComponent: complete normalizing model nwt
I0607 15:28:42.622241 353887680 master_component.cc:1479] DisposeModel rwt
I0607 15:28:42.629784 353887680 master_component.cc:1058] FitOffline: ItemsProcessed, num_items=476, num_batches=5, token_weight=160411, token_weight_in_effect=160411
I0607 15:28:42.629998 353887680 c_interface.cc:389] Pass FitOfflineMasterModelArgs, batch_filename_size=5, batch_weight_size=5, num_collection_passes=1, reset_nwt=yes to MN4artm4core15MasterComponentEFvRKNS_25FitOfflineMasterModelArgsEE
I0607 15:28:42.630014 353887680 master_component.cc:1404] ProcessBatchesArgs: nwt_target_name=nwt, batch_filename_size=5, batch_size=0, batch_weight_size=5, pwt_source_name=pwt, num_document_passes=1, regularizer=(name:SparsePhi, tau:-50000), reuse_theta=yes, opt_for_avx=yes, predict_class_id=, reset_nwt=yes
I0607 15:28:42.635504 100462592 processor.cc:81] Processing queue has data, processing started
I0607 15:28:42.635504 99389440 processor.cc:81] Processing queue has data, processing started
I0607 15:28:42.635525 99926016 processor.cc:81] Processing queue has data, processing started
I0607 15:28:42.635532 98852864 processor.cc:81] Processing queue has data, processing started
I0607 15:28:42.638188 98852864 processor.cc:158] Processor: start processing batch b9614e10-9769-4e6f-8f73-3a514a925166 into model nwt
I0607 15:28:42.638259 100462592 processor.cc:158] Processor: start processing batch e8caefe5-4bb9-4617-b6f3-078b4ba3c69f into model nwt
I0607 15:28:42.646641 99926016 processor.cc:158] Processor: start processing batch bd332c4a-e676-4df2-83c1-da9a84d98382 into model nwt
I0607 15:28:42.646658 99389440 processor.cc:158] Processor: start processing batch 9647b7eb-ab62-473e-83f9-8522752f4df1 into model nwt
I0607 15:28:42.682050 100462592 processor.cc:292] Processor: complete processing batch e8caefe5-4bb9-4617-b6f3-078b4ba3c69f into model nwt
I0607 15:28:42.684402 100462592 cuckoo_watch.h:45] 48ms in ProcessBatch(school_batches/aaaaad.batch) [including 2ms in LoadMessage; 0ms in FindReuseThetaCacheEntry; 0ms in InitializeTheta; 0ms in CreateRegularizerAgents; 0ms in InitializeSparseNdw; 13ms in InferThetaAndUpdateNwtSparse; 0ms in UpdateCacheEntry; 18ms in CalculateScore(PerplexityScore); 1ms in CalculateScore(SparsityThetaScore); 8ms in CalculateScore(^^^ItemsProcessedScore^^^); ]
I0607 15:28:42.687126 98852864 processor.cc:292] Processor: complete processing batch b9614e10-9769-4e6f-8f73-3a514a925166 into model nwt
I0607 15:28:42.689157 100462592 processor.cc:158] Processor: start processing batch 5bd66d53-b36b-4cbb-90b4-8021e5b537bd into model nwt
I0607 15:28:42.690811 98852864 cuckoo_watch.h:45] 55ms in ProcessBatch(school_batches/aaaaaa.batch) [including 2ms in LoadMessage; 0ms in FindReuseThetaCacheEntry; 0ms in InitializeTheta; 0ms in CreateRegularizerAgents; 0ms in InitializeSparseNdw; 14ms in InferThetaAndUpdateNwtSparse; 0ms in UpdateCacheEntry; 19ms in CalculateScore(PerplexityScore); 1ms in CalculateScore(SparsityThetaScore); 13ms in CalculateScore(^^^ItemsProcessedScore^^^); ]
I0607 15:28:42.694128 99926016 processor.cc:292] Processor: complete processing batch bd332c4a-e676-4df2-83c1-da9a84d98382 into model nwt
I0607 15:28:42.697775 99926016 cuckoo_watch.h:45] 62ms in ProcessBatch(school_batches/aaaaae.batch) [including 11ms in LoadMessage; 0ms in FindReuseThetaCacheEntry; 0ms in InitializeTheta; 0ms in CreateRegularizerAgents; 1ms in InitializeSparseNdw; 15ms in InferThetaAndUpdateNwtSparse; 0ms in UpdateCacheEntry; 17ms in CalculateScore(PerplexityScore); 1ms in CalculateScore(SparsityThetaScore); 11ms in CalculateScore(^^^ItemsProcessedScore^^^); ]
I0607 15:28:42.697803 99389440 processor.cc:292] Processor: complete processing batch 9647b7eb-ab62-473e-83f9-8522752f4df1 into model nwt
I0607 15:28:42.698931 99389440 cuckoo_watch.h:45] 63ms in ProcessBatch(school_batches/aaaaab.batch) [including 11ms in LoadMessage; 0ms in FindReuseThetaCacheEntry; 0ms in InitializeTheta; 0ms in CreateRegularizerAgents; 1ms in InitializeSparseNdw; 15ms in InferThetaAndUpdateNwtSparse; 0ms in UpdateCacheEntry; 21ms in CalculateScore(PerplexityScore); 3ms in CalculateScore(SparsityThetaScore); 9ms in CalculateScore(^^^ItemsProcessedScore^^^); ]
I0607 15:28:42.715550 98852864 processor.cc:74] No data in processing queue, waiting...
I0607 15:28:42.721925 100462592 processor.cc:292] Processor: complete processing batch 5bd66d53-b36b-4cbb-90b4-8021e5b537bd into model nwt
I0607 15:28:42.722028 99926016 processor.cc:74] No data in processing queue, waiting...
I0607 15:28:42.723022 100462592 cuckoo_watch.h:45] 38ms in ProcessBatch(school_batches/aaaaac.batch) [including 4ms in LoadMessage; 0ms in FindReuseThetaCacheEntry; 0ms in InitializeTheta; 0ms in CreateRegularizerAgents; 1ms in InitializeSparseNdw; 13ms in InferThetaAndUpdateNwtSparse; 0ms in UpdateCacheEntry; 11ms in CalculateScore(PerplexityScore); 0ms in CalculateScore(SparsityThetaScore); 4ms in CalculateScore(^^^ItemsProcessedScore^^^); ]
I0607 15:28:42.723444 99389440 processor.cc:74] No data in processing queue, waiting...
I0607 15:28:42.723417 353887680 master_component.cc:1442] RegularizeModelArgs: rwt_target_name=rwt, pwt_source_name=pwt, nwt_source_name=nwt
I0607 15:28:42.723471 353887680 master_component.cc:975] MasterComponent: start regularizing model pwt
I0607 15:28:42.747442 100462592 processor.cc:74] No data in processing queue, waiting...
I0607 15:28:42.767580 353887680 master_component.cc:1001] MasterComponent: complete regularizing model pwt
I0607 15:28:42.767593 353887680 master_component.cc:1455] NormalizeModelArgs: pwt_target_name=pwt, nwt_source_name=nwt, rwt_source_name=rwt
I0607 15:28:42.767598 353887680 master_component.cc:1005] MasterComponent: start normalizing model nwt
I0607 15:28:42.795799 353887680 master_component.cc:1033] MasterComponent: complete normalizing model nwt
I0607 15:28:42.805474 353887680 master_component.cc:1479] DisposeModel rwt
I0607 15:28:42.811179 353887680 master_component.cc:1058] FitOffline: ItemsProcessed, num_items=476, num_batches=5, token_weight=160411, token_weight_in_effect=160411
I0607 15:28:42.811389 353887680 c_interface.cc:389] Pass FitOfflineMasterModelArgs, batch_filename_size=5, batch_weight_size=5, num_collection_passes=1, reset_nwt=yes to MN4artm4core15MasterComponentEFvRKNS_25FitOfflineMasterModelArgsEE
I0607 15:28:42.811401 353887680 master_component.cc:1404] ProcessBatchesArgs: nwt_target_name=nwt, batch_filename_size=5, batch_size=0, batch_weight_size=5, pwt_source_name=pwt, num_document_passes=1, regularizer=(name:SparsePhi, tau:-50000), reuse_theta=yes, opt_for_avx=yes, predict_class_id=, reset_nwt=yes
I0607 15:28:42.819454 100462592 processor.cc:81] Processing queue has data, processing started
I0607 15:28:42.819564 99926016 processor.cc:81] Processing queue has data, processing started
I0607 15:28:42.820034 98852864 processor.cc:81] Processing queue has data, processing started
I0607 15:28:42.820184 99389440 processor.cc:81] Processing queue has data, processing started
I0607 15:28:42.823761 98852864 processor.cc:158] Processor: start processing batch bd332c4a-e676-4df2-83c1-da9a84d98382 into model nwt
I0607 15:28:42.824863 99389440 processor.cc:158] Processor: start processing batch b9614e10-9769-4e6f-8f73-3a514a925166 into model nwt
I0607 15:28:42.825692 99926016 processor.cc:158] Processor: start processing batch 9647b7eb-ab62-473e-83f9-8522752f4df1 into model nwt
I0607 15:28:42.826967 100462592 processor.cc:158] Processor: start processing batch e8caefe5-4bb9-4617-b6f3-078b4ba3c69f into model nwt
I0607 15:28:42.866863 98852864 processor.cc:292] Processor: complete processing batch bd332c4a-e676-4df2-83c1-da9a84d98382 into model nwt
I0607 15:28:42.869240 98852864 cuckoo_watch.h:45] 49ms in ProcessBatch(school_batches/aaaaae.batch) [including 3ms in LoadMessage; 0ms in FindReuseThetaCacheEntry; 0ms in InitializeTheta; 0ms in CreateRegularizerAgents; 1ms in InitializeSparseNdw; 15ms in InferThetaAndUpdateNwtSparse; 0ms in UpdateCacheEntry; 17ms in CalculateScore(PerplexityScore); 1ms in CalculateScore(SparsityThetaScore); 6ms in CalculateScore(^^^ItemsProcessedScore^^^); ]
I0607 15:28:42.873162 98852864 processor.cc:158] Processor: start processing batch 5bd66d53-b36b-4cbb-90b4-8021e5b537bd into model nwt
I0607 15:28:42.874109 99389440 processor.cc:292] Processor: complete processing batch b9614e10-9769-4e6f-8f73-3a514a925166 into model nwt
I0607 15:28:42.874269 99926016 processor.cc:292] Processor: complete processing batch 9647b7eb-ab62-473e-83f9-8522752f4df1 into model nwt
I0607 15:28:42.877003 99389440 cuckoo_watch.h:45] 56ms in ProcessBatch(school_batches/aaaaaa.batch) [including 4ms in LoadMessage; 0ms in FindReuseThetaCacheEntry; 0ms in InitializeTheta; 0ms in CreateRegularizerAgents; 1ms in InitializeSparseNdw; 18ms in InferThetaAndUpdateNwtSparse; 0ms in UpdateCacheEntry; 19ms in CalculateScore(PerplexityScore); 1ms in CalculateScore(SparsityThetaScore); 7ms in CalculateScore(^^^ItemsProcessedScore^^^); ]
I0607 15:28:42.878679 99926016 cuckoo_watch.h:45] 59ms in ProcessBatch(school_batches/aaaaab.batch) [including 6ms in LoadMessage; 0ms in FindReuseThetaCacheEntry; 0ms in InitializeTheta; 0ms in CreateRegularizerAgents; 1ms in InitializeSparseNdw; 17ms in InferThetaAndUpdateNwtSparse; 0ms in UpdateCacheEntry; 19ms in CalculateScore(PerplexityScore); 1ms in CalculateScore(SparsityThetaScore); 8ms in CalculateScore(^^^ItemsProcessedScore^^^); ]
I0607 15:28:42.884094 100462592 processor.cc:292] Processor: complete processing batch e8caefe5-4bb9-4617-b6f3-078b4ba3c69f into model nwt
I0607 15:28:42.886983 100462592 cuckoo_watch.h:45] 67ms in ProcessBatch(school_batches/aaaaad.batch) [including 7ms in LoadMessage; 0ms in FindReuseThetaCacheEntry; 0ms in InitializeTheta; 0ms in CreateRegularizerAgents; 3ms in InitializeSparseNdw; 20ms in InferThetaAndUpdateNwtSparse; 0ms in UpdateCacheEntry; 24ms in CalculateScore(PerplexityScore); 1ms in CalculateScore(SparsityThetaScore); 6ms in CalculateScore(^^^ItemsProcessedScore^^^); ]
I0607 15:28:42.901638 99389440 processor.cc:74] No data in processing queue, waiting...
I0607 15:28:42.902951 99926016 processor.cc:74] No data in processing queue, waiting...
I0607 15:28:42.909814 98852864 processor.cc:292] Processor: complete processing batch 5bd66d53-b36b-4cbb-90b4-8021e5b537bd into model nwt
I0607 15:28:42.910436 100462592 processor.cc:74] No data in processing queue, waiting...
I0607 15:28:42.910980 98852864 cuckoo_watch.h:45] 41ms in ProcessBatch(school_batches/aaaaac.batch) [including 3ms in LoadMessage; 0ms in FindReuseThetaCacheEntry; 0ms in InitializeTheta; 0ms in CreateRegularizerAgents; 1ms in InitializeSparseNdw; 14ms in InferThetaAndUpdateNwtSparse; 0ms in UpdateCacheEntry; 13ms in CalculateScore(PerplexityScore); 1ms in CalculateScore(SparsityThetaScore); 5ms in CalculateScore(^^^ItemsProcessedScore^^^); ]
I0607 15:28:42.911883 353887680 master_component.cc:1442] RegularizeModelArgs: rwt_target_name=rwt, pwt_source_name=pwt, nwt_source_name=nwt
I0607 15:28:42.911904 353887680 master_component.cc:975] MasterComponent: start regularizing model pwt
I0607 15:28:42.976763 98852864 processor.cc:74] No data in processing queue, waiting...
I0607 15:28:43.013376 353887680 master_component.cc:1001] MasterComponent: complete regularizing model pwt
I0607 15:28:43.013427 353887680 master_component.cc:1455] NormalizeModelArgs: pwt_target_name=pwt, nwt_source_name=nwt, rwt_source_name=rwt
I0607 15:28:43.013435 353887680 master_component.cc:1005] MasterComponent: start normalizing model nwt
I0607 15:28:43.047659 353887680 master_component.cc:1033] MasterComponent: complete normalizing model nwt
I0607 15:28:43.057294 353887680 master_component.cc:1479] DisposeModel rwt
I0607 15:28:43.064900 353887680 master_component.cc:1058] FitOffline: ItemsProcessed, num_items=476, num_batches=5, token_weight=160411, token_weight_in_effect=160411
I0607 15:28:43.065119 353887680 c_interface.cc:389] Pass FitOfflineMasterModelArgs, batch_filename_size=5, batch_weight_size=5, num_collection_passes=1, reset_nwt=yes to MN4artm4core15MasterComponentEFvRKNS_25FitOfflineMasterModelArgsEE
I0607 15:28:43.065131 353887680 master_component.cc:1404] ProcessBatchesArgs: nwt_target_name=nwt, batch_filename_size=5, batch_size=0, batch_weight_size=5, pwt_source_name=pwt, num_document_passes=1, regularizer=(name:SparsePhi, tau:-50000), reuse_theta=yes, opt_for_avx=yes, predict_class_id=, reset_nwt=yes
I0607 15:28:43.070971 98852864 processor.cc:81] Processing queue has data, processing started
I0607 15:28:43.071005 100462592 processor.cc:81] Processing queue has data, processing started
I0607 15:28:43.071005 99389440 processor.cc:81] Processing queue has data, processing started
I0607 15:28:43.070971 99926016 processor.cc:81] Processing queue has data, processing started
I0607 15:28:43.075623 99926016 processor.cc:158] Processor: start processing batch 9647b7eb-ab62-473e-83f9-8522752f4df1 into model nwt
I0607 15:28:43.075893 100462592 processor.cc:158] Processor: start processing batch bd332c4a-e676-4df2-83c1-da9a84d98382 into model nwt
I0607 15:28:43.075969 98852864 processor.cc:158] Processor: start processing batch e8caefe5-4bb9-4617-b6f3-078b4ba3c69f into model nwt
I0607 15:28:43.077419 99389440 processor.cc:158] Processor: start processing batch b9614e10-9769-4e6f-8f73-3a514a925166 into model nwt
I0607 15:28:43.127344 100462592 processor.cc:292] Processor: complete processing batch bd332c4a-e676-4df2-83c1-da9a84d98382 into model nwt
I0607 15:28:43.127734 99926016 processor.cc:292] Processor: complete processing batch 9647b7eb-ab62-473e-83f9-8522752f4df1 into model nwt
I0607 15:28:43.129845 98852864 processor.cc:292] Processor: complete processing batch e8caefe5-4bb9-4617-b6f3-078b4ba3c69f into model nwt
I0607 15:28:43.130273 100462592 cuckoo_watch.h:45] 59ms in ProcessBatch(school_batches/aaaaae.batch) [including 4ms in LoadMessage; 0ms in FindReuseThetaCacheEntry; 0ms in InitializeTheta; 0ms in CreateRegularizerAgents; 1ms in InitializeSparseNdw; 20ms in InferThetaAndUpdateNwtSparse; 0ms in UpdateCacheEntry; 19ms in CalculateScore(PerplexityScore); 1ms in CalculateScore(SparsityThetaScore); 7ms in CalculateScore(^^^ItemsProcessedScore^^^); ]
I0607 15:28:43.131223 99389440 processor.cc:292] Processor: complete processing batch b9614e10-9769-4e6f-8f73-3a514a925166 into model nwt
I0607 15:28:43.133095 99926016 cuckoo_watch.h:45] 62ms in ProcessBatch(school_batches/aaaaab.batch) [including 4ms in LoadMessage; 0ms in FindReuseThetaCacheEntry; 0ms in InitializeTheta; 0ms in CreateRegularizerAgents; 1ms in InitializeSparseNdw; 17ms in InferThetaAndUpdateNwtSparse; 0ms in UpdateCacheEntry; 22ms in CalculateScore(PerplexityScore); 2ms in CalculateScore(SparsityThetaScore); 8ms in CalculateScore(^^^ItemsProcessedScore^^^); ]
I0607 15:28:43.133940 98852864 cuckoo_watch.h:45] 62ms in ProcessBatch(school_batches/aaaaad.batch) [including 4ms in LoadMessage; 0ms in FindReuseThetaCacheEntry; 0ms in InitializeTheta; 0ms in CreateRegularizerAgents; 1ms in InitializeSparseNdw; 16ms in InferThetaAndUpdateNwtSparse; 0ms in UpdateCacheEntry; 24ms in CalculateScore(PerplexityScore); 1ms in CalculateScore(SparsityThetaScore); 9ms in CalculateScore(^^^ItemsProcessedScore^^^); ]
I0607 15:28:43.134352 99389440 cuckoo_watch.h:45] 63ms in ProcessBatch(school_batches/aaaaaa.batch) [including 6ms in LoadMessage; 0ms in FindReuseThetaCacheEntry; 0ms in InitializeTheta; 0ms in CreateRegularizerAgents; 3ms in InitializeSparseNdw; 16ms in InferThetaAndUpdateNwtSparse; 0ms in UpdateCacheEntry; 20ms in CalculateScore(PerplexityScore); 3ms in CalculateScore(SparsityThetaScore); 9ms in CalculateScore(^^^ItemsProcessedScore^^^); ]
I0607 15:28:43.134847 100462592 processor.cc:158] Processor: start processing batch 5bd66d53-b36b-4cbb-90b4-8021e5b537bd into model nwt
I0607 15:28:43.156877 99926016 processor.cc:74] No data in processing queue, waiting...
I0607 15:28:43.158160 98852864 processor.cc:74] No data in processing queue, waiting...
I0607 15:28:43.158171 99389440 processor.cc:74] No data in processing queue, waiting...
I0607 15:28:43.169045 100462592 processor.cc:292] Processor: complete processing batch 5bd66d53-b36b-4cbb-90b4-8021e5b537bd into model nwt
I0607 15:28:43.170460 100462592 cuckoo_watch.h:45] 40ms in ProcessBatch(school_batches/aaaaac.batch) [including 4ms in LoadMessage; 0ms in FindReuseThetaCacheEntry; 0ms in InitializeTheta; 0ms in CreateRegularizerAgents; 0ms in InitializeSparseNdw; 12ms in InferThetaAndUpdateNwtSparse; 0ms in UpdateCacheEntry; 13ms in CalculateScore(PerplexityScore); 1ms in CalculateScore(SparsityThetaScore); 5ms in CalculateScore(^^^ItemsProcessedScore^^^); ]
I0607 15:28:43.171203 353887680 master_component.cc:1442] RegularizeModelArgs: rwt_target_name=rwt, pwt_source_name=pwt, nwt_source_name=nwt
I0607 15:28:43.171245 353887680 master_component.cc:975] MasterComponent: start regularizing model pwt
I0607 15:28:43.193756 100462592 processor.cc:74] No data in processing queue, waiting...
I0607 15:28:43.217875 353887680 master_component.cc:1001] MasterComponent: complete regularizing model pwt
I0607 15:28:43.217890 353887680 master_component.cc:1455] NormalizeModelArgs: pwt_target_name=pwt, nwt_source_name=nwt, rwt_source_name=rwt
I0607 15:28:43.217895 353887680 master_component.cc:1005] MasterComponent: start normalizing model nwt
I0607 15:28:43.247336 353887680 master_component.cc:1033] MasterComponent: complete normalizing model nwt
I0607 15:28:43.256631 353887680 master_component.cc:1479] DisposeModel rwt
I0607 15:28:43.264501 353887680 master_component.cc:1058] FitOffline: ItemsProcessed, num_items=476, num_batches=5, token_weight=160411, token_weight_in_effect=160411
I0607 15:28:43.264710 353887680 c_interface.cc:389] Pass FitOfflineMasterModelArgs, batch_filename_size=5, batch_weight_size=5, num_collection_passes=1, reset_nwt=yes to MN4artm4core15MasterComponentEFvRKNS_25FitOfflineMasterModelArgsEE
I0607 15:28:43.264722 353887680 master_component.cc:1404] ProcessBatchesArgs: nwt_target_name=nwt, batch_filename_size=5, batch_size=0, batch_weight_size=5, pwt_source_name=pwt, num_document_passes=1, regularizer=(name:SparsePhi, tau:-50000), reuse_theta=yes, opt_for_avx=yes, predict_class_id=, reset_nwt=yes
I0607 15:28:43.270169 99926016 processor.cc:81] Processing queue has data, processing started
I0607 15:28:43.270176 99389440 processor.cc:81] Processing queue has data, processing started
I0607 15:28:43.270184 98852864 processor.cc:81] Processing queue has data, processing started
I0607 15:28:43.270181 100462592 processor.cc:81] Processing queue has data, processing started
I0607 15:28:43.273797 100462592 processor.cc:158] Processor: start processing batch bd332c4a-e676-4df2-83c1-da9a84d98382 into model nwt
I0607 15:28:43.274111 99389440 processor.cc:158] Processor: start processing batch 9647b7eb-ab62-473e-83f9-8522752f4df1 into model nwt
I0607 15:28:43.274231 99926016 processor.cc:158] Processor: start processing batch e8caefe5-4bb9-4617-b6f3-078b4ba3c69f into model nwt
I0607 15:28:43.274391 98852864 processor.cc:158] Processor: start processing batch b9614e10-9769-4e6f-8f73-3a514a925166 into model nwt
I0607 15:28:43.322620 99926016 processor.cc:292] Processor: complete processing batch e8caefe5-4bb9-4617-b6f3-078b4ba3c69f into model nwt
I0607 15:28:43.322638 100462592 processor.cc:292] Processor: complete processing batch bd332c4a-e676-4df2-83c1-da9a84d98382 into model nwt
I0607 15:28:43.322858 99389440 processor.cc:292] Processor: complete processing batch 9647b7eb-ab62-473e-83f9-8522752f4df1 into model nwt
I0607 15:28:43.324963 99926016 cuckoo_watch.h:45] 54ms in ProcessBatch(school_batches/aaaaad.batch) [including 4ms in LoadMessage; 0ms in FindReuseThetaCacheEntry; 0ms in InitializeTheta; 0ms in CreateRegularizerAgents; 2ms in InitializeSparseNdw; 16ms in InferThetaAndUpdateNwtSparse; 0ms in UpdateCacheEntry; 19ms in CalculateScore(PerplexityScore); 1ms in CalculateScore(SparsityThetaScore); 8ms in CalculateScore(^^^ItemsProcessedScore^^^); ]
I0607 15:28:43.325227 99389440 cuckoo_watch.h:45] 55ms in ProcessBatch(school_batches/aaaaab.batch) [including 3ms in LoadMessage; 0ms in FindReuseThetaCacheEntry; 0ms in InitializeTheta; 0ms in CreateRegularizerAgents; 1ms in InitializeSparseNdw; 18ms in InferThetaAndUpdateNwtSparse; 0ms in UpdateCacheEntry; 18ms in CalculateScore(PerplexityScore); 1ms in CalculateScore(SparsityThetaScore); 8ms in CalculateScore(^^^ItemsProcessedScore^^^); ]
I0607 15:28:43.325371 98852864 processor.cc:292] Processor: complete processing batch b9614e10-9769-4e6f-8f73-3a514a925166 into model nwt
I0607 15:28:43.326025 100462592 cuckoo_watch.h:45] 55ms in ProcessBatch(school_batches/aaaaae.batch) [including 3ms in LoadMessage; 0ms in FindReuseThetaCacheEntry; 0ms in InitializeTheta; 0ms in CreateRegularizerAgents; 1ms in InitializeSparseNdw; 19ms in InferThetaAndUpdateNwtSparse; 0ms in UpdateCacheEntry; 18ms in CalculateScore(PerplexityScore); 1ms in CalculateScore(SparsityThetaScore); 8ms in CalculateScore(^^^ItemsProcessedScore^^^); ]
I0607 15:28:43.328339 98852864 cuckoo_watch.h:45] 58ms in ProcessBatch(school_batches/aaaaaa.batch) [including 4ms in LoadMessage; 0ms in FindReuseThetaCacheEntry; 0ms in InitializeTheta; 0ms in CreateRegularizerAgents; 1ms in InitializeSparseNdw; 17ms in InferThetaAndUpdateNwtSparse; 0ms in UpdateCacheEntry; 19ms in CalculateScore(PerplexityScore); 2ms in CalculateScore(SparsityThetaScore); 8ms in CalculateScore(^^^ItemsProcessedScore^^^); ]
I0607 15:28:43.329607 99926016 processor.cc:158] Processor: start processing batch 5bd66d53-b36b-4cbb-90b4-8021e5b537bd into model nwt
I0607 15:28:43.349391 99389440 processor.cc:74] No data in processing queue, waiting...
I0607 15:28:43.349905 100462592 processor.cc:74] No data in processing queue, waiting...
I0607 15:28:43.352416 98852864 processor.cc:74] No data in processing queue, waiting...
I0607 15:28:43.360437 99926016 processor.cc:292] Processor: complete processing batch 5bd66d53-b36b-4cbb-90b4-8021e5b537bd into model nwt
I0607 15:28:43.361613 99926016 cuckoo_watch.h:45] 36ms in ProcessBatch(school_batches/aaaaac.batch) [including 4ms in LoadMessage; 0ms in FindReuseThetaCacheEntry; 0ms in InitializeTheta; 0ms in CreateRegularizerAgents; 0ms in InitializeSparseNdw; 11ms in InferThetaAndUpdateNwtSparse; 0ms in UpdateCacheEntry; 12ms in CalculateScore(PerplexityScore); 1ms in CalculateScore(SparsityThetaScore); 5ms in CalculateScore(^^^ItemsProcessedScore^^^); ]
I0607 15:28:43.362298 353887680 master_component.cc:1442] RegularizeModelArgs: rwt_target_name=rwt, pwt_source_name=pwt, nwt_source_name=nwt
I0607 15:28:43.362320 353887680 master_component.cc:975] MasterComponent: start regularizing model pwt
I0607 15:28:43.386183 99926016 processor.cc:74] No data in processing queue, waiting...
I0607 15:28:43.405716 353887680 master_component.cc:1001] MasterComponent: complete regularizing model pwt
I0607 15:28:43.405731 353887680 master_component.cc:1455] NormalizeModelArgs: pwt_target_name=pwt, nwt_source_name=nwt, rwt_source_name=rwt
I0607 15:28:43.405736 353887680 master_component.cc:1005] MasterComponent: start normalizing model nwt
I0607 15:28:43.432969 353887680 master_component.cc:1033] MasterComponent: complete normalizing model nwt
I0607 15:28:43.442003 353887680 master_component.cc:1479] DisposeModel rwt
I0607 15:28:43.448259 353887680 master_component.cc:1058] FitOffline: ItemsProcessed, num_items=476, num_batches=5, token_weight=160411, token_weight_in_effect=160411
I0607 15:28:43.448474 353887680 c_interface.cc:389] Pass FitOfflineMasterModelArgs, batch_filename_size=5, batch_weight_size=5, num_collection_passes=1, reset_nwt=yes to MN4artm4core15MasterComponentEFvRKNS_25FitOfflineMasterModelArgsEE
I0607 15:28:43.448487 353887680 master_component.cc:1404] ProcessBatchesArgs: nwt_target_name=nwt, batch_filename_size=5, batch_size=0, batch_weight_size=5, pwt_source_name=pwt, num_document_passes=1, regularizer=(name:SparsePhi, tau:-50000), reuse_theta=yes, opt_for_avx=yes, predict_class_id=, reset_nwt=yes
I0607 15:28:43.453985 98852864 processor.cc:81] Processing queue has data, processing started
I0607 15:28:43.453984 99926016 processor.cc:81] Processing queue has data, processing started
I0607 15:28:43.454018 100462592 processor.cc:81] Processing queue has data, processing started
I0607 15:28:43.454018 99389440 processor.cc:81] Processing queue has data, processing started
I0607 15:28:43.458603 100462592 processor.cc:158] Processor: start processing batch bd332c4a-e676-4df2-83c1-da9a84d98382 into model nwt
I0607 15:28:43.458693 99389440 processor.cc:158] Processor: start processing batch b9614e10-9769-4e6f-8f73-3a514a925166 into model nwt
I0607 15:28:43.458860 99926016 processor.cc:158] Processor: start processing batch e8caefe5-4bb9-4617-b6f3-078b4ba3c69f into model nwt
I0607 15:28:43.459314 98852864 processor.cc:158] Processor: start processing batch 9647b7eb-ab62-473e-83f9-8522752f4df1 into model nwt
I0607 15:28:43.507658 98852864 processor.cc:292] Processor: complete processing batch 9647b7eb-ab62-473e-83f9-8522752f4df1 into model nwt
I0607 15:28:43.509728 100462592 processor.cc:292] Processor: complete processing batch bd332c4a-e676-4df2-83c1-da9a84d98382 into model nwt
I0607 15:28:43.509989 98852864 cuckoo_watch.h:45] 55ms in ProcessBatch(school_batches/aaaaab.batch) [including 5ms in LoadMessage; 0ms in FindReuseThetaCacheEntry; 0ms in InitializeTheta; 0ms in CreateRegularizerAgents; 1ms in InitializeSparseNdw; 15ms in InferThetaAndUpdateNwtSparse; 0ms in UpdateCacheEntry; 18ms in CalculateScore(PerplexityScore); 1ms in CalculateScore(SparsityThetaScore); 10ms in CalculateScore(^^^ItemsProcessedScore^^^); ]
I0607 15:28:43.510529 99926016 processor.cc:292] Processor: complete processing batch e8caefe5-4bb9-4617-b6f3-078b4ba3c69f into model nwt
I0607 15:28:43.512877 99926016 cuckoo_watch.h:45] 58ms in ProcessBatch(school_batches/aaaaad.batch) [including 4ms in LoadMessage; 0ms in FindReuseThetaCacheEntry; 0ms in InitializeTheta; 0ms in CreateRegularizerAgents; 1ms in InitializeSparseNdw; 16ms in InferThetaAndUpdateNwtSparse; 0ms in UpdateCacheEntry; 18ms in CalculateScore(PerplexityScore); 2ms in CalculateScore(SparsityThetaScore); 12ms in CalculateScore(^^^ItemsProcessedScore^^^); ]
I0607 15:28:43.514206 100462592 cuckoo_watch.h:45] 60ms in ProcessBatch(school_batches/aaaaae.batch) [including 4ms in LoadMessage; 0ms in FindReuseThetaCacheEntry; 0ms in InitializeTheta; 0ms in CreateRegularizerAgents; 1ms in InitializeSparseNdw; 18ms in InferThetaAndUpdateNwtSparse; 0ms in UpdateCacheEntry; 18ms in CalculateScore(PerplexityScore); 1ms in CalculateScore(SparsityThetaScore); 11ms in CalculateScore(^^^ItemsProcessedScore^^^); ]
I0607 15:28:43.515280 99389440 processor.cc:292] Processor: complete processing batch b9614e10-9769-4e6f-8f73-3a514a925166 into model nwt
I0607 15:28:43.516676 98852864 processor.cc:158] Processor: start processing batch 5bd66d53-b36b-4cbb-90b4-8021e5b537bd into model nwt
I0607 15:28:43.518687 99389440 cuckoo_watch.h:45] 64ms in ProcessBatch(school_batches/aaaaaa.batch) [including 4ms in LoadMessage; 0ms in FindReuseThetaCacheEntry; 0ms in InitializeTheta; 0ms in CreateRegularizerAgents; 1ms in InitializeSparseNdw; 17ms in InferThetaAndUpdateNwtSparse; 0ms in UpdateCacheEntry; 19ms in CalculateScore(PerplexityScore); 5ms in CalculateScore(SparsityThetaScore); 13ms in CalculateScore(^^^ItemsProcessedScore^^^); ]
I0607 15:28:43.541888 99926016 processor.cc:74] No data in processing queue, waiting...
I0607 15:28:43.543959 100462592 processor.cc:74] No data in processing queue, waiting...
I0607 15:28:43.548229 99389440 processor.cc:74] No data in processing queue, waiting...
I0607 15:28:43.588377 98852864 processor.cc:292] Processor: complete processing batch 5bd66d53-b36b-4cbb-90b4-8021e5b537bd into model nwt
I0607 15:28:43.590580 98852864 cuckoo_watch.h:45] 80ms in ProcessBatch(school_batches/aaaaac.batch) [including 6ms in LoadMessage; 0ms in FindReuseThetaCacheEntry; 0ms in InitializeTheta; 0ms in CreateRegularizerAgents; 3ms in InitializeSparseNdw; 25ms in InferThetaAndUpdateNwtSparse; 0ms in UpdateCacheEntry; 24ms in CalculateScore(PerplexityScore); 1ms in CalculateScore(SparsityThetaScore); 17ms in CalculateScore(^^^ItemsProcessedScore^^^); ]
I0607 15:28:43.591006 353887680 master_component.cc:1442] RegularizeModelArgs: rwt_target_name=rwt, pwt_source_name=pwt, nwt_source_name=nwt
I0607 15:28:43.591053 353887680 master_component.cc:975] MasterComponent: start regularizing model pwt
I0607 15:28:43.612349 98852864 processor.cc:74] No data in processing queue, waiting...
I0607 15:28:43.674794 353887680 master_component.cc:1001] MasterComponent: complete regularizing model pwt
I0607 15:28:43.674824 353887680 master_component.cc:1455] NormalizeModelArgs: pwt_target_name=pwt, nwt_source_name=nwt, rwt_source_name=rwt
I0607 15:28:43.674830 353887680 master_component.cc:1005] MasterComponent: start normalizing model nwt
I0607 15:28:43.738445 353887680 master_component.cc:1033] MasterComponent: complete normalizing model nwt
I0607 15:28:43.748581 353887680 master_component.cc:1479] DisposeModel rwt
I0607 15:28:43.756628 353887680 master_component.cc:1058] FitOffline: ItemsProcessed, num_items=476, num_batches=5, token_weight=160411, token_weight_in_effect=160411
I0607 15:28:43.756841 353887680 c_interface.cc:389] Pass FitOfflineMasterModelArgs, batch_filename_size=5, batch_weight_size=5, num_collection_passes=1, reset_nwt=yes to MN4artm4core15MasterComponentEFvRKNS_25FitOfflineMasterModelArgsEE
I0607 15:28:43.756852 353887680 master_component.cc:1404] ProcessBatchesArgs: nwt_target_name=nwt, batch_filename_size=5, batch_size=0, batch_weight_size=5, pwt_source_name=pwt, num_document_passes=1, regularizer=(name:SparsePhi, tau:-50000), reuse_theta=yes, opt_for_avx=yes, predict_class_id=, reset_nwt=yes
I0607 15:28:43.763339 99389440 processor.cc:81] Processing queue has data, processing started
I0607 15:28:43.763343 98852864 processor.cc:81] Processing queue has data, processing started
I0607 15:28:43.763342 100462592 processor.cc:81] Processing queue has data, processing started
I0607 15:28:43.763370 99926016 processor.cc:81] Processing queue has data, processing started
I0607 15:28:43.767575 98852864 processor.cc:158] Processor: start processing batch bd332c4a-e676-4df2-83c1-da9a84d98382 into model nwt
I0607 15:28:43.767864 99926016 processor.cc:158] Processor: start processing batch b9614e10-9769-4e6f-8f73-3a514a925166 into model nwt
I0607 15:28:43.768111 100462592 processor.cc:158] Processor: start processing batch 9647b7eb-ab62-473e-83f9-8522752f4df1 into model nwt
I0607 15:28:43.768848 99389440 processor.cc:158] Processor: start processing batch e8caefe5-4bb9-4617-b6f3-078b4ba3c69f into model nwt
