I0608 16:26:02.947027 213340160 processor.cc:74] No data in processing queue, waiting...
I0608 16:26:02.950770 213876736 processor.cc:74] No data in processing queue, waiting...
I0608 16:26:02.953321 214413312 processor.cc:74] No data in processing queue, waiting...
I0608 16:26:03.027855 409949632 master_component.cc:1001] MasterComponent: complete regularizing model pwt
I0608 16:26:03.027900 409949632 master_component.cc:1455] NormalizeModelArgs: pwt_target_name=pwt, nwt_source_name=nwt, rwt_source_name=rwt
I0608 16:26:03.027906 409949632 master_component.cc:1005] MasterComponent: start normalizing model nwt
I0608 16:26:03.091629 409949632 master_component.cc:1033] MasterComponent: complete normalizing model nwt
I0608 16:26:03.165721 409949632 master_component.cc:1479] DisposeModel rwt
I0608 16:26:03.180258 409949632 master_component.cc:1058] FitOffline: ItemsProcessed, num_items=1728, num_batches=173, token_weight=808522, token_weight_in_effect=808522
I0608 16:26:03.181114 409949632 c_interface.cc:389] Pass FitOfflineMasterModelArgs, batch_filename_size=173, batch_weight_size=173, num_collection_passes=1, reset_nwt=yes to MN4artm4core15MasterComponentEFvRKNS_25FitOfflineMasterModelArgsEE
I0608 16:26:03.181150 409949632 master_component.cc:1404] ProcessBatchesArgs: nwt_target_name=nwt, batch_filename_size=173, batch_size=0, batch_weight_size=173, pwt_source_name=pwt, num_document_passes=10, regularizer=(name:BCG_ADDER, tau:100000), reuse_theta=no, opt_for_avx=yes, predict_class_id=, reset_nwt=yes
I0608 16:26:03.193435 214949888 processor.cc:81] Processing queue has data, processing started
I0608 16:26:03.194089 214949888 processor.cc:158] Processor: start processing batch 1a4b5aa1-08f5-4bdd-a91f-9613f592603f into model nwt
I0608 16:26:03.197597 213340160 processor.cc:81] Processing queue has data, processing started
I0608 16:26:03.197602 214413312 processor.cc:81] Processing queue has data, processing started
I0608 16:26:03.197916 213340160 processor.cc:158] Processor: start processing batch e7c68810-0ca1-429f-9d4b-fbcac7437c83 into model nwt
I0608 16:26:03.198021 214413312 processor.cc:158] Processor: start processing batch da3a1b1b-9f16-4c7a-9a1f-b7adc80a3d50 into model nwt
I0608 16:26:03.199142 213876736 processor.cc:81] Processing queue has data, processing started
I0608 16:26:03.199542 213876736 processor.cc:158] Processor: start processing batch 850c02e4-06dc-4988-9442-7419bec7b1db into model nwt
I0608 16:26:03.200860 214413312 processor.cc:292] Processor: complete processing batch da3a1b1b-9f16-4c7a-9a1f-b7adc80a3d50 into model nwt
I0608 16:26:03.201054 213340160 processor.cc:292] Processor: complete processing batch e7c68810-0ca1-429f-9d4b-fbcac7437c83 into model nwt
I0608 16:26:03.201104 214413312 cuckoo_watch.h:45] 3ms in ProcessBatch(bathces_data/aaaaby.batch) [including 0ms in LoadMessage; 0ms in InitializeTheta; 0ms in CreateRegularizerAgents; 0ms in InitializeSparseNdw; 2ms in InferThetaAndUpdateNwtSparse; 0ms in UpdateCacheEntry; 0ms in CalculateScore(^^^ItemsProcessedScore^^^); ]
I0608 16:26:03.201673 213340160 cuckoo_watch.h:45] 4ms in ProcessBatch(bathces_data/aaaabb.batch) [including 0ms in LoadMessage; 0ms in InitializeTheta; 0ms in CreateRegularizerAgents; 0ms in InitializeSparseNdw; 2ms in InferThetaAndUpdateNwtSparse; 0ms in UpdateCacheEntry; 0ms in CalculateScore(^^^ItemsProcessedScore^^^); ]
I0608 16:26:03.202188 213340160 processor.cc:158] Processor: start processing batch 7e6efff3-eddc-4ebd-859f-7d17bf64f856 into model nwt
I0608 16:26:03.202628 214413312 processor.cc:158] Processor: start processing batch c0aa49fe-0090-495a-b259-f1d2d33431f7 into model nwt
I0608 16:26:03.203094 213876736 processor.cc:292] Processor: complete processing batch 850c02e4-06dc-4988-9442-7419bec7b1db into model nwt
I0608 16:26:03.203159 214949888 processor.cc:292] Processor: complete processing batch 1a4b5aa1-08f5-4bdd-a91f-9613f592603f into model nwt
I0608 16:26:03.203328 213876736 cuckoo_watch.h:45] 4ms in ProcessBatch(bathces_data/aaaaat.batch) [including 0ms in LoadMessage; 0ms in InitializeTheta; 0ms in CreateRegularizerAgents; 0ms in InitializeSparseNdw; 2ms in InferThetaAndUpdateNwtSparse; 0ms in UpdateCacheEntry; 0ms in CalculateScore(^^^ItemsProcessedScore^^^); ]
I0608 16:26:03.203673 214949888 cuckoo_watch.h:45] 10ms in ProcessBatch(bathces_data/aaaafg.batch) [including 0ms in LoadMessage; 0ms in InitializeTheta; 0ms in CreateRegularizerAgents; 0ms in InitializeSparseNdw; 6ms in InferThetaAndUpdateNwtSparse; 0ms in UpdateCacheEntry; 1ms in CalculateScore(^^^ItemsProcessedScore^^^); ]
I0608 16:26:03.204463 214949888 processor.cc:158] Processor: start processing batch 4494eee2-83f6-46be-bcab-dbd35bbaee48 into model nwt
I0608 16:26:03.204644 213876736 processor.cc:158] Processor: start processing batch 194ae328-ef87-4421-bc06-813c3cabd6a6 into model nwt
I0608 16:26:03.205309 213340160 processor.cc:292] Processor: complete processing batch 7e6efff3-eddc-4ebd-859f-7d17bf64f856 into model nwt
I0608 16:26:03.205538 213340160 cuckoo_watch.h:45] 3ms in ProcessBatch(bathces_data/aaaaao.batch) [including 0ms in LoadMessage; 0ms in InitializeTheta; 0ms in CreateRegularizerAgents; 0ms in InitializeSparseNdw; 2ms in InferThetaAndUpdateNwtSparse; 0ms in UpdateCacheEntry; 0ms in CalculateScore(^^^ItemsProcessedScore^^^); ]
I0608 16:26:03.206212 213340160 processor.cc:158] Processor: start processing batch 90157bc0-fc10-4c92-b3a2-f6fa4e6803d4 into model nwt
I0608 16:26:03.209218 214949888 processor.cc:292] Processor: complete processing batch 4494eee2-83f6-46be-bcab-dbd35bbaee48 into model nwt
I0608 16:26:03.209554 214949888 cuckoo_watch.h:45] 5ms in ProcessBatch(bathces_data/aaaacp.batch) [including 0ms in LoadMessage; 0ms in InitializeTheta; 0ms in CreateRegularizerAgents; 0ms in InitializeSparseNdw; 3ms in InferThetaAndUpdateNwtSparse; 0ms in UpdateCacheEntry; 0ms in CalculateScore(^^^ItemsProcessedScore^^^); ]
I0608 16:26:03.210003 214949888 processor.cc:158] Processor: start processing batch 29dcd187-defd-4a36-ac5b-411efabd6d51 into model nwt
I0608 16:26:03.210992 213340160 processor.cc:292] Processor: complete processing batch 90157bc0-fc10-4c92-b3a2-f6fa4e6803d4 into model nwt
I0608 16:26:03.211321 213340160 cuckoo_watch.h:45] 5ms in ProcessBatch(bathces_data/aaaack.batch) [including 0ms in LoadMessage; 0ms in InitializeTheta; 0ms in CreateRegularizerAgents; 0ms in InitializeSparseNdw; 3ms in InferThetaAndUpdateNwtSparse; 0ms in UpdateCacheEntry; 0ms in CalculateScore(^^^ItemsProcessedScore^^^); ]
I0608 16:26:03.211827 213340160 processor.cc:158] Processor: start processing batch 74d7390f-c7f1-49a0-9e67-853a908aae82 into model nwt
I0608 16:26:03.212791 214949888 processor.cc:292] Processor: complete processing batch 29dcd187-defd-4a36-ac5b-411efabd6d51 into model nwt
I0608 16:26:03.213019 214949888 cuckoo_watch.h:45] 3ms in ProcessBatch(bathces_data/aaaagn.batch) [including 0ms in LoadMessage; 0ms in InitializeTheta; 0ms in CreateRegularizerAgents; 0ms in InitializeSparseNdw; 2ms in InferThetaAndUpdateNwtSparse; 0ms in UpdateCacheEntry; 0ms in CalculateScore(^^^ItemsProcessedScore^^^); ]
I0608 16:26:03.214397 214949888 processor.cc:158] Processor: start processing batch 239d0d90-9373-47f5-9484-a8dd42c61c27 into model nwt
I0608 16:26:03.215162 213340160 processor.cc:292] Processor: complete processing batch 74d7390f-c7f1-49a0-9e67-853a908aae82 into model nwt
I0608 16:26:03.215416 213340160 cuckoo_watch.h:45] 4ms in ProcessBatch(bathces_data/aaaadc.batch) [including 0ms in LoadMessage; 0ms in InitializeTheta; 0ms in CreateRegularizerAgents; 0ms in InitializeSparseNdw; 2ms in InferThetaAndUpdateNwtSparse; 0ms in UpdateCacheEntry; 0ms in CalculateScore(^^^ItemsProcessedScore^^^); ]
I0608 16:26:03.215857 213340160 processor.cc:158] Processor: start processing batch 5d4d5162-d67b-4a57-9b5c-c9261fe184dd into model nwt
I0608 16:26:03.217730 214413312 processor.cc:292] Processor: complete processing batch c0aa49fe-0090-495a-b259-f1d2d33431f7 into model nwt
I0608 16:26:03.218127 213340160 processor.cc:292] Processor: complete processing batch 5d4d5162-d67b-4a57-9b5c-c9261fe184dd into model nwt
I0608 16:26:03.218308 213340160 cuckoo_watch.h:45] 2ms in ProcessBatch(bathces_data/aaaada.batch) [including 0ms in LoadMessage; 0ms in InitializeTheta; 0ms in CreateRegularizerAgents; 0ms in InitializeSparseNdw; 1ms in InferThetaAndUpdateNwtSparse; 0ms in UpdateCacheEntry; 0ms in CalculateScore(^^^ItemsProcessedScore^^^); ]
I0608 16:26:03.218628 214413312 cuckoo_watch.h:45] 17ms in ProcessBatch(bathces_data/aaaaeq.batch) [including 1ms in LoadMessage; 0ms in InitializeTheta; 0ms in CreateRegularizerAgents; 0ms in InitializeSparseNdw; 11ms in InferThetaAndUpdateNwtSparse; 0ms in UpdateCacheEntry; 2ms in CalculateScore(^^^ItemsProcessedScore^^^); ]
I0608 16:26:03.219266 214413312 processor.cc:158] Processor: start processing batch 61a11858-2a17-4108-96df-dee8b611f16a into model nwt
I0608 16:26:03.219544 213340160 processor.cc:158] Processor: start processing batch 5cf3a7c7-538a-41e1-a5be-190f4167aa27 into model nwt
I0608 16:26:03.219622 213876736 processor.cc:292] Processor: complete processing batch 194ae328-ef87-4421-bc06-813c3cabd6a6 into model nwt
I0608 16:26:03.220189 213876736 cuckoo_watch.h:45] 16ms in ProcessBatch(bathces_data/aaaaej.batch) [including 1ms in LoadMessage; 0ms in InitializeTheta; 0ms in CreateRegularizerAgents; 0ms in InitializeSparseNdw; 11ms in InferThetaAndUpdateNwtSparse; 0ms in UpdateCacheEntry; 2ms in CalculateScore(^^^ItemsProcessedScore^^^); ]
I0608 16:26:03.220819 213876736 processor.cc:158] Processor: start processing batch ede80ecb-ce7b-4cc1-a0b8-73d9bb0b0dfe into model nwt
I0608 16:26:03.223522 214413312 processor.cc:292] Processor: complete processing batch 61a11858-2a17-4108-96df-dee8b611f16a into model nwt
I0608 16:26:03.223819 214413312 cuckoo_watch.h:45] 5ms in ProcessBatch(bathces_data/aaaacr.batch) [including 0ms in LoadMessage; 0ms in InitializeTheta; 0ms in CreateRegularizerAgents; 0ms in InitializeSparseNdw; 3ms in InferThetaAndUpdateNwtSparse; 0ms in UpdateCacheEntry; 0ms in CalculateScore(^^^ItemsProcessedScore^^^); ]
I0608 16:26:03.224241 214413312 processor.cc:158] Processor: start processing batch fe9456df-7d0a-46ba-8c0a-2ab3f279c4ff into model nwt
I0608 16:26:03.226060 213876736 processor.cc:292] Processor: complete processing batch ede80ecb-ce7b-4cc1-a0b8-73d9bb0b0dfe into model nwt
I0608 16:26:03.226264 214413312 processor.cc:292] Processor: complete processing batch fe9456df-7d0a-46ba-8c0a-2ab3f279c4ff into model nwt
I0608 16:26:03.226428 213876736 cuckoo_watch.h:45] 6ms in ProcessBatch(bathces_data/aaaaci.batch) [including 0ms in LoadMessage; 0ms in InitializeTheta; 0ms in CreateRegularizerAgents; 0ms in InitializeSparseNdw; 4ms in InferThetaAndUpdateNwtSparse; 0ms in UpdateCacheEntry; 1ms in CalculateScore(^^^ItemsProcessedScore^^^); ]
I0608 16:26:03.226477 214413312 cuckoo_watch.h:45] 2ms in ProcessBatch(bathces_data/aaaagl.batch) [including 0ms in LoadMessage; 0ms in InitializeTheta; 0ms in CreateRegularizerAgents; 0ms in InitializeSparseNdw; 1ms in InferThetaAndUpdateNwtSparse; 0ms in UpdateCacheEntry; 0ms in CalculateScore(^^^ItemsProcessedScore^^^); ]
I0608 16:26:03.227066 213876736 processor.cc:158] Processor: start processing batch 448072bd-14a7-4a48-8640-b3c4a8e4cb8e into model nwt
I0608 16:26:03.227766 214413312 processor.cc:158] Processor: start processing batch 18ceded7-fc6f-462a-af65-0e7926d8a8d8 into model nwt
I0608 16:26:03.231478 214949888 processor.cc:292] Processor: complete processing batch 239d0d90-9373-47f5-9484-a8dd42c61c27 into model nwt
I0608 16:26:03.231781 213876736 processor.cc:292] Processor: complete processing batch 448072bd-14a7-4a48-8640-b3c4a8e4cb8e into model nwt
I0608 16:26:03.232445 213340160 processor.cc:292] Processor: complete processing batch 5cf3a7c7-538a-41e1-a5be-190f4167aa27 into model nwt
I0608 16:26:03.233100 213340160 cuckoo_watch.h:45] 14ms in ProcessBatch(bathces_data/aaaadz.batch) [including 1ms in LoadMessage; 0ms in InitializeTheta; 0ms in CreateRegularizerAgents; 0ms in InitializeSparseNdw; 10ms in InferThetaAndUpdateNwtSparse; 0ms in UpdateCacheEntry; 2ms in CalculateScore(^^^ItemsProcessedScore^^^); ]
I0608 16:26:03.233150 213876736 cuckoo_watch.h:45] 6ms in ProcessBatch(bathces_data/aaaaav.batch) [including 0ms in LoadMessage; 0ms in InitializeTheta; 0ms in CreateRegularizerAgents; 0ms in InitializeSparseNdw; 3ms in InferThetaAndUpdateNwtSparse; 0ms in UpdateCacheEntry; 0ms in CalculateScore(^^^ItemsProcessedScore^^^); ]
I0608 16:26:03.233311 214949888 cuckoo_watch.h:45] 20ms in ProcessBatch(bathces_data/aaaadx.batch) [including 1ms in LoadMessage; 0ms in InitializeTheta; 0ms in CreateRegularizerAgents; 0ms in InitializeSparseNdw; 11ms in InferThetaAndUpdateNwtSparse; 0ms in UpdateCacheEntry; 4ms in CalculateScore(^^^ItemsProcessedScore^^^); ]
I0608 16:26:03.233776 213340160 processor.cc:158] Processor: start processing batch b0e3fcf2-cb9d-45c0-b7d5-484d8c76f939 into model nwt
I0608 16:26:03.234463 213876736 processor.cc:158] Processor: start processing batch 0b89f978-a324-41d6-b297-8b1d75200b20 into model nwt
I0608 16:26:03.234750 214949888 processor.cc:158] Processor: start processing batch 20115902-1508-4a8f-bc06-7f466b4e18c9 into model nwt
I0608 16:26:03.237121 213340160 processor.cc:292] Processor: complete processing batch b0e3fcf2-cb9d-45c0-b7d5-484d8c76f939 into model nwt
I0608 16:26:03.237383 213340160 cuckoo_watch.h:45] 4ms in ProcessBatch(bathces_data/aaaaam.batch) [including 0ms in LoadMessage; 0ms in InitializeTheta; 0ms in CreateRegularizerAgents; 0ms in InitializeSparseNdw; 2ms in InferThetaAndUpdateNwtSparse; 0ms in UpdateCacheEntry; 0ms in CalculateScore(^^^ItemsProcessedScore^^^); ]
I0608 16:26:03.237711 213340160 processor.cc:158] Processor: start processing batch 522cf78c-8709-4020-85d9-aa7dd10b7cc1 into model nwt
I0608 16:26:03.239290 213340160 processor.cc:292] Processor: complete processing batch 522cf78c-8709-4020-85d9-aa7dd10b7cc1 into model nwt
I0608 16:26:03.239429 213340160 cuckoo_watch.h:45] 1ms in ProcessBatch(bathces_data/aaaaai.batch) [including 0ms in LoadMessage; 0ms in InitializeTheta; 0ms in CreateRegularizerAgents; 0ms in InitializeSparseNdw; 1ms in InferThetaAndUpdateNwtSparse; 0ms in UpdateCacheEntry; 0ms in CalculateScore(^^^ItemsProcessedScore^^^); ]
I0608 16:26:03.240355 214413312 processor.cc:292] Processor: complete processing batch 18ceded7-fc6f-462a-af65-0e7926d8a8d8 into model nwt
I0608 16:26:03.240702 213340160 processor.cc:158] Processor: start processing batch 29fad9d0-bde0-4de3-a417-1c3bd8749892 into model nwt
I0608 16:26:03.240998 214413312 cuckoo_watch.h:45] 14ms in ProcessBatch(bathces_data/aaaaes.batch) [including 1ms in LoadMessage; 0ms in InitializeTheta; 0ms in CreateRegularizerAgents; 0ms in InitializeSparseNdw; 9ms in InferThetaAndUpdateNwtSparse; 0ms in UpdateCacheEntry; 2ms in CalculateScore(^^^ItemsProcessedScore^^^); ]
I0608 16:26:03.241469 214413312 processor.cc:158] Processor: start processing batch 859c0425-0c05-4f33-b63b-76300cc75ef1 into model nwt
I0608 16:26:03.244979 214413312 processor.cc:292] Processor: complete processing batch 859c0425-0c05-4f33-b63b-76300cc75ef1 into model nwt
I0608 16:26:03.245244 214413312 cuckoo_watch.h:45] 4ms in ProcessBatch(bathces_data/aaaaar.batch) [including 0ms in LoadMessage; 0ms in InitializeTheta; 0ms in CreateRegularizerAgents; 0ms in InitializeSparseNdw; 2ms in InferThetaAndUpdateNwtSparse; 0ms in UpdateCacheEntry; 1ms in CalculateScore(^^^ItemsProcessedScore^^^); ]
I0608 16:26:03.246616 214413312 processor.cc:158] Processor: start processing batch cba4a017-127c-4990-ad88-8e24415296c3 into model nwt
I0608 16:26:03.247444 213876736 processor.cc:292] Processor: complete processing batch 0b89f978-a324-41d6-b297-8b1d75200b20 into model nwt
I0608 16:26:03.248091 213876736 cuckoo_watch.h:45] 14ms in ProcessBatch(bathces_data/aaaaeh.batch) [including 1ms in LoadMessage; 0ms in InitializeTheta; 0ms in CreateRegularizerAgents; 0ms in InitializeSparseNdw; 10ms in InferThetaAndUpdateNwtSparse; 0ms in UpdateCacheEntry; 2ms in CalculateScore(^^^ItemsProcessedScore^^^); ]
I0608 16:26:03.248198 214949888 processor.cc:292] Processor: complete processing batch 20115902-1508-4a8f-bc06-7f466b4e18c9 into model nwt
I0608 16:26:03.248853 214949888 cuckoo_watch.h:45] 15ms in ProcessBatch(bathces_data/aaaafe.batch) [including 1ms in LoadMessage; 0ms in InitializeTheta; 0ms in CreateRegularizerAgents; 0ms in InitializeSparseNdw; 10ms in InferThetaAndUpdateNwtSparse; 0ms in UpdateCacheEntry; 2ms in CalculateScore(^^^ItemsProcessedScore^^^); ]
I0608 16:26:03.248944 213876736 processor.cc:158] Processor: start processing batch e62ce2fa-281e-4722-b9d7-996f672858e6 into model nwt
I0608 16:26:03.250285 214949888 processor.cc:158] Processor: start processing batch 1a6231ef-bbaa-406b-b324-6f671471cb66 into model nwt
I0608 16:26:03.254074 213340160 processor.cc:292] Processor: complete processing batch 29fad9d0-bde0-4de3-a417-1c3bd8749892 into model nwt
I0608 16:26:03.254710 213340160 cuckoo_watch.h:45] 15ms in ProcessBatch(bathces_data/aaaael.batch) [including 1ms in LoadMessage; 0ms in InitializeTheta; 0ms in CreateRegularizerAgents; 0ms in InitializeSparseNdw; 10ms in InferThetaAndUpdateNwtSparse; 0ms in UpdateCacheEntry; 2ms in CalculateScore(^^^ItemsProcessedScore^^^); ]
I0608 16:26:03.255277 213340160 processor.cc:158] Processor: start processing batch 43f3072a-17fe-42af-bad9-689378df692e into model nwt
I0608 16:26:03.255278 213876736 processor.cc:292] Processor: complete processing batch e62ce2fa-281e-4722-b9d7-996f672858e6 into model nwt
I0608 16:26:03.255681 213876736 cuckoo_watch.h:45] 7ms in ProcessBatch(bathces_data/aaaafz.batch) [including 0ms in LoadMessage; 0ms in InitializeTheta; 0ms in CreateRegularizerAgents; 0ms in InitializeSparseNdw; 4ms in InferThetaAndUpdateNwtSparse; 0ms in UpdateCacheEntry; 1ms in CalculateScore(^^^ItemsProcessedScore^^^); ]
I0608 16:26:03.256316 213876736 processor.cc:158] Processor: start processing batch 9bb68c3a-a89c-4ee9-9ff9-c9a0b07be637 into model nwt
I0608 16:26:03.258931 213340160 processor.cc:292] Processor: complete processing batch 43f3072a-17fe-42af-bad9-689378df692e into model nwt
I0608 16:26:03.259205 213340160 cuckoo_watch.h:45] 4ms in ProcessBatch(bathces_data/aaaabd.batch) [including 0ms in LoadMessage; 0ms in InitializeTheta; 0ms in CreateRegularizerAgents; 0ms in InitializeSparseNdw; 2ms in InferThetaAndUpdateNwtSparse; 0ms in UpdateCacheEntry; 0ms in CalculateScore(^^^ItemsProcessedScore^^^); ]
I0608 16:26:03.259785 214413312 processor.cc:292] Processor: complete processing batch cba4a017-127c-4990-ad88-8e24415296c3 into model nwt
I0608 16:26:03.259815 213340160 processor.cc:158] Processor: start processing batch 602366fe-c2ef-4543-bb0f-b0e0a206f27f into model nwt
I0608 16:26:03.260458 214413312 cuckoo_watch.h:45] 15ms in ProcessBatch(bathces_data/aaaaew.batch) [including 1ms in LoadMessage; 0ms in InitializeTheta; 0ms in CreateRegularizerAgents; 0ms in InitializeSparseNdw; 10ms in InferThetaAndUpdateNwtSparse; 0ms in UpdateCacheEntry; 2ms in CalculateScore(^^^ItemsProcessedScore^^^); ]
I0608 16:26:03.260835 214413312 processor.cc:158] Processor: start processing batch 343cc4fc-8d44-4a66-885a-9661176f1137 into model nwt
I0608 16:26:03.261106 213876736 processor.cc:292] Processor: complete processing batch 9bb68c3a-a89c-4ee9-9ff9-c9a0b07be637 into model nwt
I0608 16:26:03.261443 213876736 cuckoo_watch.h:45] 5ms in ProcessBatch(bathces_data/aaaade.batch) [including 0ms in LoadMessage; 0ms in InitializeTheta; 0ms in CreateRegularizerAgents; 0ms in InitializeSparseNdw; 3ms in InferThetaAndUpdateNwtSparse; 0ms in UpdateCacheEntry; 0ms in CalculateScore(^^^ItemsProcessedScore^^^); ]
I0608 16:26:03.262176 213876736 processor.cc:158] Processor: start processing batch 2fef437b-0a74-4998-81f8-2c1dfa93ff6a into model nwt
I0608 16:26:03.262763 214413312 processor.cc:292] Processor: complete processing batch 343cc4fc-8d44-4a66-885a-9661176f1137 into model nwt
I0608 16:26:03.262938 214413312 cuckoo_watch.h:45] 2ms in ProcessBatch(bathces_data/aaaagh.batch) [including 0ms in LoadMessage; 0ms in InitializeTheta; 0ms in CreateRegularizerAgents; 0ms in InitializeSparseNdw; 1ms in InferThetaAndUpdateNwtSparse; 0ms in UpdateCacheEntry; 0ms in CalculateScore(^^^ItemsProcessedScore^^^); ]
I0608 16:26:03.263942 214413312 processor.cc:158] Processor: start processing batch bee53a1d-7c6b-4f06-a5cf-0e6880b0dda2 into model nwt
I0608 16:26:03.264645 213340160 processor.cc:292] Processor: complete processing batch 602366fe-c2ef-4543-bb0f-b0e0a206f27f into model nwt
I0608 16:26:03.264976 213340160 cuckoo_watch.h:45] 5ms in ProcessBatch(bathces_data/aaaacm.batch) [including 0ms in LoadMessage; 0ms in InitializeTheta; 0ms in CreateRegularizerAgents; 0ms in InitializeSparseNdw; 3ms in InferThetaAndUpdateNwtSparse; 0ms in UpdateCacheEntry; 0ms in CalculateScore(^^^ItemsProcessedScore^^^); ]
I0608 16:26:03.265360 213340160 processor.cc:158] Processor: start processing batch 99b5c0a5-63b6-4921-b76e-70fbe6558d4d into model nwt
I0608 16:26:03.266764 213340160 processor.cc:292] Processor: complete processing batch 99b5c0a5-63b6-4921-b76e-70fbe6558d4d into model nwt
I0608 16:26:03.266919 213340160 cuckoo_watch.h:45] 1ms in ProcessBatch(bathces_data/aaaagj.batch) [including 0ms in LoadMessage; 0ms in InitializeTheta; 0ms in CreateRegularizerAgents; 0ms in InitializeSparseNdw; 1ms in InferThetaAndUpdateNwtSparse; 0ms in UpdateCacheEntry; 0ms in CalculateScore(^^^ItemsProcessedScore^^^); ]
I0608 16:26:03.266999 214949888 processor.cc:292] Processor: complete processing batch 1a6231ef-bbaa-406b-b324-6f671471cb66 into model nwt
I0608 16:26:03.267366 213876736 processor.cc:292] Processor: complete processing batch 2fef437b-0a74-4998-81f8-2c1dfa93ff6a into model nwt
I0608 16:26:03.267742 213876736 cuckoo_watch.h:45] 6ms in ProcessBatch(bathces_data/aaaacv.batch) [including 0ms in LoadMessage; 0ms in InitializeTheta; 0ms in CreateRegularizerAgents; 0ms in InitializeSparseNdw; 4ms in InferThetaAndUpdateNwtSparse; 0ms in UpdateCacheEntry; 0ms in CalculateScore(^^^ItemsProcessedScore^^^); ]
I0608 16:26:03.267833 213340160 processor.cc:158] Processor: start processing batch 9fe76b2d-bf28-4030-b0f0-6d48442cdd0a into model nwt
I0608 16:26:03.268111 214949888 cuckoo_watch.h:45] 19ms in ProcessBatch(bathces_data/aaaafa.batch) [including 1ms in LoadMessage; 0ms in InitializeTheta; 0ms in CreateRegularizerAgents; 0ms in InitializeSparseNdw; 13ms in InferThetaAndUpdateNwtSparse; 0ms in UpdateCacheEntry; 3ms in CalculateScore(^^^ItemsProcessedScore^^^); ]
I0608 16:26:03.268205 213876736 processor.cc:158] Processor: start processing batch 55f6d00c-0988-4746-af87-1217b787c54a into model nwt
I0608 16:26:03.268481 214949888 processor.cc:158] Processor: start processing batch 8458efe2-ba21-4a2e-9590-9b4317a07417 into model nwt
I0608 16:26:03.269480 213876736 processor.cc:292] Processor: complete processing batch 55f6d00c-0988-4746-af87-1217b787c54a into model nwt
I0608 16:26:03.269613 213876736 cuckoo_watch.h:45] 1ms in ProcessBatch(bathces_data/aaaagq.batch) [including 0ms in LoadMessage; 0ms in InitializeTheta; 0ms in CreateRegularizerAgents; 0ms in InitializeSparseNdw; 0ms in InferThetaAndUpdateNwtSparse; 0ms in UpdateCacheEntry; 0ms in CalculateScore(^^^ItemsProcessedScore^^^); ]
I0608 16:26:03.270650 213876736 processor.cc:158] Processor: start processing batch 38600b48-d791-4a49-a289-6e80f0f8447a into model nwt
I0608 16:26:03.272070 214949888 processor.cc:292] Processor: complete processing batch 8458efe2-ba21-4a2e-9590-9b4317a07417 into model nwt
I0608 16:26:03.272258 214413312 processor.cc:292] Processor: complete processing batch bee53a1d-7c6b-4f06-a5cf-0e6880b0dda2 into model nwt
I0608 16:26:03.272730 214413312 cuckoo_watch.h:45] 9ms in ProcessBatch(bathces_data/aaaaco.batch) [including 0ms in LoadMessage; 0ms in InitializeTheta; 0ms in CreateRegularizerAgents; 0ms in InitializeSparseNdw; 6ms in InferThetaAndUpdateNwtSparse; 0ms in UpdateCacheEntry; 1ms in CalculateScore(^^^ItemsProcessedScore^^^); ]
I0608 16:26:03.272783 214949888 cuckoo_watch.h:45] 4ms in ProcessBatch(bathces_data/aaaadg.batch) [including 0ms in LoadMessage; 0ms in InitializeTheta; 0ms in CreateRegularizerAgents; 0ms in InitializeSparseNdw; 3ms in InferThetaAndUpdateNwtSparse; 0ms in UpdateCacheEntry; 0ms in CalculateScore(^^^ItemsProcessedScore^^^); ]
I0608 16:26:03.273514 214949888 processor.cc:158] Processor: start processing batch 8c76c09a-1c36-442b-9732-c2eb79e6cefa into model nwt
I0608 16:26:03.273948 213340160 processor.cc:292] Processor: complete processing batch 9fe76b2d-bf28-4030-b0f0-6d48442cdd0a into model nwt
I0608 16:26:03.274230 214413312 processor.cc:158] Processor: start processing batch 36472727-4821-4fc1-8af6-62a226c9accd into model nwt
I0608 16:26:03.274331 213340160 cuckoo_watch.h:45] 7ms in ProcessBatch(bathces_data/aaaact.batch) [including 0ms in LoadMessage; 0ms in InitializeTheta; 0ms in CreateRegularizerAgents; 0ms in InitializeSparseNdw; 4ms in InferThetaAndUpdateNwtSparse; 0ms in UpdateCacheEntry; 1ms in CalculateScore(^^^ItemsProcessedScore^^^); ]
I0608 16:26:03.274717 213340160 processor.cc:158] Processor: start processing batch 06f6221f-93c5-4d12-89df-c5bfe348412f into model nwt
I0608 16:26:03.277174 213340160 processor.cc:292] Processor: complete processing batch 06f6221f-93c5-4d12-89df-c5bfe348412f into model nwt
I0608 16:26:03.277212 214949888 processor.cc:292] Processor: complete processing batch 8c76c09a-1c36-442b-9732-c2eb79e6cefa into model nwt
I0608 16:26:03.277377 213340160 cuckoo_watch.h:45] 2ms in ProcessBatch(bathces_data/aaaaak.batch) [including 0ms in LoadMessage; 0ms in InitializeTheta; 0ms in CreateRegularizerAgents; 0ms in InitializeSparseNdw; 1ms in InferThetaAndUpdateNwtSparse; 0ms in UpdateCacheEntry; 0ms in CalculateScore(^^^ItemsProcessedScore^^^); ]
I0608 16:26:03.277503 214949888 cuckoo_watch.h:45] 4ms in ProcessBatch(bathces_data/aaaabf.batch) [including 0ms in LoadMessage; 0ms in InitializeTheta; 0ms in CreateRegularizerAgents; 0ms in InitializeSparseNdw; 2ms in InferThetaAndUpdateNwtSparse; 0ms in UpdateCacheEntry; 0ms in CalculateScore(^^^ItemsProcessedScore^^^); ]
I0608 16:26:03.278059 214949888 processor.cc:158] Processor: start processing batch da17d8de-47f5-41fc-a083-b459ce3ed339 into model nwt
I0608 16:26:03.278576 213340160 processor.cc:158] Processor: start processing batch ea488b60-b88b-410e-a885-44a6dd3141ab into model nwt
I0608 16:26:03.281445 214949888 processor.cc:292] Processor: complete processing batch da17d8de-47f5-41fc-a083-b459ce3ed339 into model nwt
I0608 16:26:03.281724 214949888 cuckoo_watch.h:45] 4ms in ProcessBatch(bathces_data/aaaaap.batch) [including 0ms in LoadMessage; 0ms in InitializeTheta; 0ms in CreateRegularizerAgents; 0ms in InitializeSparseNdw; 2ms in InferThetaAndUpdateNwtSparse; 0ms in UpdateCacheEntry; 0ms in CalculateScore(^^^ItemsProcessedScore^^^); ]
I0608 16:26:03.282353 213876736 processor.cc:292] Processor: complete processing batch 38600b48-d791-4a49-a289-6e80f0f8447a into model nwt
I0608 16:26:03.283027 214949888 processor.cc:158] Processor: start processing batch 045b48bf-62a1-4883-b89c-8c2bca045d15 into model nwt
I0608 16:26:03.283469 213876736 cuckoo_watch.h:45] 13ms in ProcessBatch(bathces_data/aaaafx.batch) [including 0ms in LoadMessage; 0ms in InitializeTheta; 0ms in CreateRegularizerAgents; 0ms in InitializeSparseNdw; 9ms in InferThetaAndUpdateNwtSparse; 0ms in UpdateCacheEntry; 1ms in CalculateScore(^^^ItemsProcessedScore^^^); ]
I0608 16:26:03.283772 213876736 processor.cc:158] Processor: start processing batch 44ea1744-5064-49cd-bba7-8688fc0924cb into model nwt
I0608 16:26:03.285069 213876736 processor.cc:292] Processor: complete processing batch 44ea1744-5064-49cd-bba7-8688fc0924cb into model nwt
I0608 16:26:03.285195 213876736 cuckoo_watch.h:45] 1ms in ProcessBatch(bathces_data/aaaagm.batch) [including 0ms in LoadMessage; 0ms in InitializeTheta; 0ms in CreateRegularizerAgents; 0ms in InitializeSparseNdw; 0ms in InferThetaAndUpdateNwtSparse; 0ms in UpdateCacheEntry; 0ms in CalculateScore(^^^ItemsProcessedScore^^^); ]
I0608 16:26:03.285778 213876736 processor.cc:158] Processor: start processing batch db24eb5e-ff60-4bc0-b331-658fdf695c9f into model nwt
I0608 16:26:03.289207 214413312 processor.cc:292] Processor: complete processing batch 36472727-4821-4fc1-8af6-62a226c9accd into model nwt
I0608 16:26:03.290575 214413312 cuckoo_watch.h:45] 17ms in ProcessBatch(bathces_data/aaaafc.batch) [including 1ms in LoadMessage; 0ms in InitializeTheta; 0ms in CreateRegularizerAgents; 0ms in InitializeSparseNdw; 11ms in InferThetaAndUpdateNwtSparse; 0ms in UpdateCacheEntry; 2ms in CalculateScore(^^^ItemsProcessedScore^^^); ]
I0608 16:26:03.290796 213876736 processor.cc:292] Processor: complete processing batch db24eb5e-ff60-4bc0-b331-658fdf695c9f into model nwt
I0608 16:26:03.291146 213876736 cuckoo_watch.h:45] 5ms in ProcessBatch(bathces_data/aaaach.batch) [including 0ms in LoadMessage; 0ms in InitializeTheta; 0ms in CreateRegularizerAgents; 0ms in InitializeSparseNdw; 3ms in InferThetaAndUpdateNwtSparse; 0ms in UpdateCacheEntry; 1ms in CalculateScore(^^^ItemsProcessedScore^^^); ]
I0608 16:26:03.291208 214413312 processor.cc:158] Processor: start processing batch e5af00b7-298f-49c6-af40-8f160d1cf1f8 into model nwt
I0608 16:26:03.291678 213876736 processor.cc:158] Processor: start processing batch f376c2c0-f277-4c7b-ad27-73cd29d7e970 into model nwt
I0608 16:26:03.291818 213340160 processor.cc:292] Processor: complete processing batch ea488b60-b88b-410e-a885-44a6dd3141ab into model nwt
I0608 16:26:03.292486 213340160 cuckoo_watch.h:45] 15ms in ProcessBatch(bathces_data/aaaaen.batch) [including 1ms in LoadMessage; 0ms in InitializeTheta; 0ms in CreateRegularizerAgents; 0ms in InitializeSparseNdw; 10ms in InferThetaAndUpdateNwtSparse; 0ms in UpdateCacheEntry; 2ms in CalculateScore(^^^ItemsProcessedScore^^^); ]
I0608 16:26:03.292965 213340160 processor.cc:158] Processor: start processing batch 84eedbe8-7dfb-4185-9af1-99eff429d7f7 into model nwt
I0608 16:26:03.294885 213876736 processor.cc:292] Processor: complete processing batch f376c2c0-f277-4c7b-ad27-73cd29d7e970 into model nwt
I0608 16:26:03.294899 214413312 processor.cc:292] Processor: complete processing batch e5af00b7-298f-49c6-af40-8f160d1cf1f8 into model nwt
I0608 16:26:03.295208 213876736 cuckoo_watch.h:45] 3ms in ProcessBatch(bathces_data/aaaabz.batch) [including 0ms in LoadMessage; 0ms in InitializeTheta; 0ms in CreateRegularizerAgents; 0ms in InitializeSparseNdw; 2ms in InferThetaAndUpdateNwtSparse; 0ms in UpdateCacheEntry; 0ms in CalculateScore(^^^ItemsProcessedScore^^^); ]
I0608 16:26:03.295245 214413312 cuckoo_watch.h:45] 4ms in ProcessBatch(bathces_data/aaaacs.batch) [including 0ms in LoadMessage; 0ms in InitializeTheta; 0ms in CreateRegularizerAgents; 0ms in InitializeSparseNdw; 2ms in InferThetaAndUpdateNwtSparse; 0ms in UpdateCacheEntry; 0ms in CalculateScore(^^^ItemsProcessedScore^^^); ]
I0608 16:26:03.295789 213340160 processor.cc:292] Processor: complete processing batch 84eedbe8-7dfb-4185-9af1-99eff429d7f7 into model nwt
I0608 16:26:03.296011 213340160 cuckoo_watch.h:45] 3ms in ProcessBatch(bathces_data/aaaaba.batch) [including 0ms in LoadMessage; 0ms in InitializeTheta; 0ms in CreateRegularizerAgents; 0ms in InitializeSparseNdw; 2ms in InferThetaAndUpdateNwtSparse; 0ms in UpdateCacheEntry; 0ms in CalculateScore(^^^ItemsProcessedScore^^^); ]
I0608 16:26:03.296452 213340160 processor.cc:158] Processor: start processing batch 2bda07ec-bcf8-4c0a-82f3-5f41c72e4f13 into model nwt
I0608 16:26:03.296458 214413312 processor.cc:158] Processor: start processing batch f547ef23-6eb7-4c3d-bd0b-34d94f6bd8ec into model nwt
I0608 16:26:03.296584 213876736 processor.cc:158] Processor: start processing batch 60bed1b3-1def-412d-afeb-903dd8efd951 into model nwt
I0608 16:26:03.297753 214949888 processor.cc:292] Processor: complete processing batch 045b48bf-62a1-4883-b89c-8c2bca045d15 into model nwt
I0608 16:26:03.297956 213340160 processor.cc:292] Processor: complete processing batch 2bda07ec-bcf8-4c0a-82f3-5f41c72e4f13 into model nwt
I0608 16:26:03.298120 213340160 cuckoo_watch.h:45] 1ms in ProcessBatch(bathces_data/aaaaal.batch) [including 0ms in LoadMessage; 0ms in InitializeTheta; 0ms in CreateRegularizerAgents; 0ms in InitializeSparseNdw; 1ms in InferThetaAndUpdateNwtSparse; 0ms in UpdateCacheEntry; 0ms in CalculateScore(^^^ItemsProcessedScore^^^); ]
I0608 16:26:03.298529 214949888 cuckoo_watch.h:45] 16ms in ProcessBatch(bathces_data/aaaaeu.batch) [including 1ms in LoadMessage; 0ms in InitializeTheta; 0ms in CreateRegularizerAgents; 0ms in InitializeSparseNdw; 11ms in InferThetaAndUpdateNwtSparse; 0ms in UpdateCacheEntry; 2ms in CalculateScore(^^^ItemsProcessedScore^^^); ]
I0608 16:26:03.298969 214949888 processor.cc:158] Processor: start processing batch 58f31918-3d7a-40e2-803e-4aebc0b86fe0 into model nwt
I0608 16:26:03.299407 213340160 processor.cc:158] Processor: start processing batch 400162a5-6a8d-4f1b-a3fe-161ec6bdaa9f into model nwt
I0608 16:26:03.301169 214949888 processor.cc:292] Processor: complete processing batch 58f31918-3d7a-40e2-803e-4aebc0b86fe0 into model nwt
I0608 16:26:03.301360 214949888 cuckoo_watch.h:45] 2ms in ProcessBatch(bathces_data/aaaaaw.batch) [including 0ms in LoadMessage; 0ms in InitializeTheta; 0ms in CreateRegularizerAgents; 0ms in InitializeSparseNdw; 1ms in InferThetaAndUpdateNwtSparse; 0ms in UpdateCacheEntry; 0ms in CalculateScore(^^^ItemsProcessedScore^^^); ]
I0608 16:26:03.302538 214949888 processor.cc:158] Processor: start processing batch ffcce34f-0c74-471a-9704-961a40bf7607 into model nwt
I0608 16:26:03.308334 214413312 processor.cc:292] Processor: complete processing batch f547ef23-6eb7-4c3d-bd0b-34d94f6bd8ec into model nwt
I0608 16:26:03.308473 213876736 processor.cc:292] Processor: complete processing batch 60bed1b3-1def-412d-afeb-903dd8efd951 into model nwt
I0608 16:26:03.309021 213876736 cuckoo_watch.h:45] 13ms in ProcessBatch(bathces_data/aaaafd.batch) [including 1ms in LoadMessage; 0ms in InitializeTheta; 0ms in CreateRegularizerAgents; 0ms in InitializeSparseNdw; 9ms in InferThetaAndUpdateNwtSparse; 0ms in UpdateCacheEntry; 2ms in CalculateScore(^^^ItemsProcessedScore^^^); ]
I0608 16:26:03.309548 213876736 processor.cc:158] Processor: start processing batch 74bd3178-738c-4ba2-813a-d2d2d141da0c into model nwt
I0608 16:26:03.309631 214413312 cuckoo_watch.h:45] 14ms in ProcessBatch(bathces_data/aaaaei.batch) [including 1ms in LoadMessage; 0ms in InitializeTheta; 0ms in CreateRegularizerAgents; 0ms in InitializeSparseNdw; 9ms in InferThetaAndUpdateNwtSparse; 0ms in UpdateCacheEntry; 2ms in CalculateScore(^^^ItemsProcessedScore^^^); ]
I0608 16:26:03.310875 214413312 processor.cc:158] Processor: start processing batch 74e7d505-9518-44b0-ab82-143f219155f0 into model nwt
I0608 16:26:03.312820 213876736 processor.cc:292] Processor: complete processing batch 74bd3178-738c-4ba2-813a-d2d2d141da0c into model nwt
I0608 16:26:03.313262 213876736 cuckoo_watch.h:45] 4ms in ProcessBatch(bathces_data/aaaaan.batch) [including 0ms in LoadMessage; 0ms in InitializeTheta; 0ms in CreateRegularizerAgents; 0ms in InitializeSparseNdw; 2ms in InferThetaAndUpdateNwtSparse; 0ms in UpdateCacheEntry; 0ms in CalculateScore(^^^ItemsProcessedScore^^^); ]
I0608 16:26:03.313791 213876736 processor.cc:158] Processor: start processing batch cf3cbc34-5563-4dad-95a1-8b2e942d3334 into model nwt
I0608 16:26:03.313843 213340160 processor.cc:292] Processor: complete processing batch 400162a5-6a8d-4f1b-a3fe-161ec6bdaa9f into model nwt
I0608 16:26:03.314520 213340160 cuckoo_watch.h:45] 16ms in ProcessBatch(bathces_data/aaaaer.batch) [including 1ms in LoadMessage; 0ms in InitializeTheta; 0ms in CreateRegularizerAgents; 0ms in InitializeSparseNdw; 11ms in InferThetaAndUpdateNwtSparse; 0ms in UpdateCacheEntry; 2ms in CalculateScore(^^^ItemsProcessedScore^^^); ]
I0608 16:26:03.314949 213340160 processor.cc:158] Processor: start processing batch 15e652fd-1721-4f7a-825c-3bcef9138df2 into model nwt
I0608 16:26:03.315157 214949888 processor.cc:292] Processor: complete processing batch ffcce34f-0c74-471a-9704-961a40bf7607 into model nwt
I0608 16:26:03.315822 214949888 cuckoo_watch.h:45] 14ms in ProcessBatch(bathces_data/aaaaek.batch) [including 1ms in LoadMessage; 0ms in InitializeTheta; 0ms in CreateRegularizerAgents; 0ms in InitializeSparseNdw; 9ms in InferThetaAndUpdateNwtSparse; 0ms in UpdateCacheEntry; 2ms in CalculateScore(^^^ItemsProcessedScore^^^); ]
I0608 16:26:03.316320 214949888 processor.cc:158] Processor: start processing batch 62bdd13b-b9bc-468c-a9b5-693a4852e5fd into model nwt
I0608 16:26:03.316582 213876736 processor.cc:292] Processor: complete processing batch cf3cbc34-5563-4dad-95a1-8b2e942d3334 into model nwt
I0608 16:26:03.316804 213876736 cuckoo_watch.h:45] 3ms in ProcessBatch(bathces_data/aaaaau.batch) [including 0ms in LoadMessage; 0ms in InitializeTheta; 0ms in CreateRegularizerAgents; 0ms in InitializeSparseNdw; 2ms in InferThetaAndUpdateNwtSparse; 0ms in UpdateCacheEntry; 0ms in CalculateScore(^^^ItemsProcessedScore^^^); ]
I0608 16:26:03.317620 213340160 processor.cc:292] Processor: complete processing batch 15e652fd-1721-4f7a-825c-3bcef9138df2 into model nwt
I0608 16:26:03.317852 213340160 cuckoo_watch.h:45] 3ms in ProcessBatch(bathces_data/aaaabx.batch) [including 0ms in LoadMessage; 0ms in InitializeTheta; 0ms in CreateRegularizerAgents; 0ms in InitializeSparseNdw; 2ms in InferThetaAndUpdateNwtSparse; 0ms in UpdateCacheEntry; 0ms in CalculateScore(^^^ItemsProcessedScore^^^); ]
I0608 16:26:03.317859 213876736 processor.cc:158] Processor: start processing batch 6d6b6a8e-f799-49f3-a75c-7ba963a62cb7 into model nwt
I0608 16:26:03.319257 213340160 processor.cc:158] Processor: start processing batch 25429c28-2c6d-472a-91d1-e422fd399922 into model nwt
I0608 16:26:03.321239 214949888 processor.cc:292] Processor: complete processing batch 62bdd13b-b9bc-468c-a9b5-693a4852e5fd into model nwt
I0608 16:26:03.321475 214949888 cuckoo_watch.h:45] 5ms in ProcessBatch(bathces_data/aaaabc.batch) [including 0ms in LoadMessage; 0ms in InitializeTheta; 0ms in CreateRegularizerAgents; 0ms in InitializeSparseNdw; 2ms in InferThetaAndUpdateNwtSparse; 0ms in UpdateCacheEntry; 2ms in CalculateScore(^^^ItemsProcessedScore^^^); ]
I0608 16:26:03.321854 214949888 processor.cc:158] Processor: start processing batch 1f30a252-2512-42dd-908d-3ad0448028d4 into model nwt
I0608 16:26:03.323632 214949888 processor.cc:292] Processor: complete processing batch 1f30a252-2512-42dd-908d-3ad0448028d4 into model nwt
I0608 16:26:03.323814 214949888 cuckoo_watch.h:45] 2ms in ProcessBatch(bathces_data/aaaadb.batch) [including 0ms in LoadMessage; 0ms in InitializeTheta; 0ms in CreateRegularizerAgents; 0ms in InitializeSparseNdw; 1ms in InferThetaAndUpdateNwtSparse; 0ms in UpdateCacheEntry; 0ms in CalculateScore(^^^ItemsProcessedScore^^^); ]
I0608 16:26:03.324098 214949888 processor.cc:158] Processor: start processing batch ed2d59a6-9828-4dcc-81aa-8a6ddf2f3cad into model nwt
I0608 16:26:03.325057 214949888 processor.cc:292] Processor: complete processing batch ed2d59a6-9828-4dcc-81aa-8a6ddf2f3cad into model nwt
I0608 16:26:03.325165 214949888 cuckoo_watch.h:45] 1ms in ProcessBatch(bathces_data/aaaago.batch) [including 0ms in LoadMessage; 0ms in InitializeTheta; 0ms in CreateRegularizerAgents; 0ms in InitializeSparseNdw; 0ms in InferThetaAndUpdateNwtSparse; 0ms in UpdateCacheEntry; 0ms in CalculateScore(^^^ItemsProcessedScore^^^); ]
I0608 16:26:03.325644 214413312 processor.cc:292] Processor: complete processing batch 74e7d505-9518-44b0-ab82-143f219155f0 into model nwt
I0608 16:26:03.325841 214949888 processor.cc:158] Processor: start processing batch 9271d279-46f3-410e-b1e6-1dbbc377530e into model nwt
I0608 16:26:03.326277 214413312 cuckoo_watch.h:45] 16ms in ProcessBatch(bathces_data/aaaaep.batch) [including 1ms in LoadMessage; 0ms in InitializeTheta; 0ms in CreateRegularizerAgents; 0ms in InitializeSparseNdw; 11ms in InferThetaAndUpdateNwtSparse; 0ms in UpdateCacheEntry; 2ms in CalculateScore(^^^ItemsProcessedScore^^^); ]
I0608 16:26:03.326881 213876736 processor.cc:292] Processor: complete processing batch 6d6b6a8e-f799-49f3-a75c-7ba963a62cb7 into model nwt
I0608 16:26:03.326889 214413312 processor.cc:158] Processor: start processing batch 2a24aea4-1cf3-40df-a328-0c31efa60e84 into model nwt
I0608 16:26:03.327875 213876736 cuckoo_watch.h:45] 10ms in ProcessBatch(bathces_data/aaaaff.batch) [including 0ms in LoadMessage; 0ms in InitializeTheta; 0ms in CreateRegularizerAgents; 0ms in InitializeSparseNdw; 7ms in InferThetaAndUpdateNwtSparse; 0ms in UpdateCacheEntry; 1ms in CalculateScore(^^^ItemsProcessedScore^^^); ]
I0608 16:26:03.328470 213876736 processor.cc:158] Processor: start processing batch 0e4efa37-2b8a-4c9e-8fbc-3eeaba23673f into model nwt
I0608 16:26:03.330410 214949888 processor.cc:292] Processor: complete processing batch 9271d279-46f3-410e-b1e6-1dbbc377530e into model nwt
I0608 16:26:03.330703 214949888 cuckoo_watch.h:45] 5ms in ProcessBatch(bathces_data/aaaacj.batch) [including 0ms in LoadMessage; 0ms in InitializeTheta; 0ms in CreateRegularizerAgents; 0ms in InitializeSparseNdw; 3ms in InferThetaAndUpdateNwtSparse; 0ms in UpdateCacheEntry; 0ms in CalculateScore(^^^ItemsProcessedScore^^^); ]
I0608 16:26:03.331212 214949888 processor.cc:158] Processor: start processing batch b28a2e89-415e-4b9e-9fdf-b2bf7525b4c9 into model nwt
I0608 16:26:03.331892 214413312 processor.cc:292] Processor: complete processing batch 2a24aea4-1cf3-40df-a328-0c31efa60e84 into model nwt
I0608 16:26:03.332208 214413312 cuckoo_watch.h:45] 5ms in ProcessBatch(bathces_data/aaaacq.batch) [including 0ms in LoadMessage; 0ms in InitializeTheta; 0ms in CreateRegularizerAgents; 0ms in InitializeSparseNdw; 3ms in InferThetaAndUpdateNwtSparse; 0ms in UpdateCacheEntry; 0ms in CalculateScore(^^^ItemsProcessedScore^^^); ]
I0608 16:26:03.332326 213876736 processor.cc:292] Processor: complete processing batch 0e4efa37-2b8a-4c9e-8fbc-3eeaba23673f into model nwt
I0608 16:26:03.332638 213876736 cuckoo_watch.h:45] 4ms in ProcessBatch(bathces_data/aaaadf.batch) [including 0ms in LoadMessage; 0ms in InitializeTheta; 0ms in CreateRegularizerAgents; 0ms in InitializeSparseNdw; 2ms in InferThetaAndUpdateNwtSparse; 0ms in UpdateCacheEntry; 0ms in CalculateScore(^^^ItemsProcessedScore^^^); ]
I0608 16:26:03.332657 214949888 processor.cc:292] Processor: complete processing batch b28a2e89-415e-4b9e-9fdf-b2bf7525b4c9 into model nwt
I0608 16:26:03.332806 214949888 cuckoo_watch.h:45] 1ms in ProcessBatch(bathces_data/aaaagp.batch) [including 0ms in LoadMessage; 0ms in InitializeTheta; 0ms in CreateRegularizerAgents; 0ms in InitializeSparseNdw; 1ms in InferThetaAndUpdateNwtSparse; 0ms in UpdateCacheEntry; 0ms in CalculateScore(^^^ItemsProcessedScore^^^); ]
I0608 16:26:03.332914 214413312 processor.cc:158] Processor: start processing batch e9b77291-d3b2-432a-9af3-1ee77a4a4a04 into model nwt
I0608 16:26:03.332971 213876736 processor.cc:158] Processor: start processing batch 28c5b144-30a6-4387-afb1-548d8c366f8c into model nwt
I0608 16:26:03.333652 214949888 processor.cc:158] Processor: start processing batch b10af20b-da95-4e49-9648-197fb80ac8a5 into model nwt
I0608 16:26:03.334046 213340160 processor.cc:292] Processor: complete processing batch 25429c28-2c6d-472a-91d1-e422fd399922 into model nwt
I0608 16:26:03.334192 213876736 processor.cc:292] Processor: complete processing batch 28c5b144-30a6-4387-afb1-548d8c366f8c into model nwt
I0608 16:26:03.334313 213876736 cuckoo_watch.h:45] 1ms in ProcessBatch(bathces_data/aaaagk.batch) [including 0ms in LoadMessage; 0ms in InitializeTheta; 0ms in CreateRegularizerAgents; 0ms in InitializeSparseNdw; 0ms in InferThetaAndUpdateNwtSparse; 0ms in UpdateCacheEntry; 0ms in CalculateScore(^^^ItemsProcessedScore^^^); ]
I0608 16:26:03.334985 213340160 cuckoo_watch.h:45] 17ms in ProcessBatch(bathces_data/aaaady.batch) [including 1ms in LoadMessage; 0ms in InitializeTheta; 0ms in CreateRegularizerAgents; 0ms in InitializeSparseNdw; 11ms in InferThetaAndUpdateNwtSparse; 0ms in UpdateCacheEntry; 2ms in CalculateScore(^^^ItemsProcessedScore^^^); ]
I0608 16:26:03.335556 213340160 processor.cc:158] Processor: start processing batch 4372b145-1b41-441e-a61a-1fa83457fdea into model nwt
I0608 16:26:03.335742 213876736 processor.cc:158] Processor: start processing batch 55ad4501-ba2d-4aa2-bebb-439e6f5e603b into model nwt
I0608 16:26:03.338646 213340160 processor.cc:292] Processor: complete processing batch 4372b145-1b41-441e-a61a-1fa83457fdea into model nwt
I0608 16:26:03.338858 214413312 processor.cc:292] Processor: complete processing batch e9b77291-d3b2-432a-9af3-1ee77a4a4a04 into model nwt
I0608 16:26:03.339228 214413312 cuckoo_watch.h:45] 6ms in ProcessBatch(bathces_data/aaaacu.batch) [including 0ms in LoadMessage; 0ms in InitializeTheta; 0ms in CreateRegularizerAgents; 0ms in InitializeSparseNdw; 4ms in InferThetaAndUpdateNwtSparse; 0ms in UpdateCacheEntry; 1ms in CalculateScore(^^^ItemsProcessedScore^^^); ]
I0608 16:26:03.339681 213340160 cuckoo_watch.h:45] 4ms in ProcessBatch(bathces_data/aaaaaq.batch) [including 0ms in LoadMessage; 0ms in InitializeTheta; 0ms in CreateRegularizerAgents; 0ms in InitializeSparseNdw; 2ms in InferThetaAndUpdateNwtSparse; 0ms in UpdateCacheEntry; 0ms in CalculateScore(^^^ItemsProcessedScore^^^); ]
I0608 16:26:03.340211 213340160 processor.cc:158] Processor: start processing batch 05ada9a6-c690-4cdb-921e-802e66229374 into model nwt
I0608 16:26:03.340723 214413312 processor.cc:158] Processor: start processing batch 3925fa19-5e83-4829-a582-7f73405dcc48 into model nwt
I0608 16:26:03.341629 214949888 processor.cc:292] Processor: complete processing batch b10af20b-da95-4e49-9648-197fb80ac8a5 into model nwt
I0608 16:26:03.342643 213340160 processor.cc:292] Processor: complete processing batch 05ada9a6-c690-4cdb-921e-802e66229374 into model nwt
I0608 16:26:03.342901 214949888 cuckoo_watch.h:45] 9ms in ProcessBatch(bathces_data/aaaacn.batch) [including 0ms in LoadMessage; 0ms in InitializeTheta; 0ms in CreateRegularizerAgents; 0ms in InitializeSparseNdw; 6ms in InferThetaAndUpdateNwtSparse; 0ms in UpdateCacheEntry; 1ms in CalculateScore(^^^ItemsProcessedScore^^^); ]
I0608 16:26:03.342996 213340160 cuckoo_watch.h:45] 3ms in ProcessBatch(bathces_data/aaaaaj.batch) [including 0ms in LoadMessage; 0ms in InitializeTheta; 0ms in CreateRegularizerAgents; 0ms in InitializeSparseNdw; 1ms in InferThetaAndUpdateNwtSparse; 0ms in UpdateCacheEntry; 1ms in CalculateScore(^^^ItemsProcessedScore^^^); ]
I0608 16:26:03.343515 214949888 processor.cc:158] Processor: start processing batch 63f51d28-761f-4ca3-8c27-ee519e730288 into model nwt
I0608 16:26:03.344235 213340160 processor.cc:158] Processor: start processing batch 6c3e6a3b-2808-4ca3-8423-12302d275ce0 into model nwt
I0608 16:26:03.346840 214949888 processor.cc:292] Processor: complete processing batch 63f51d28-761f-4ca3-8c27-ee519e730288 into model nwt
I0608 16:26:03.347084 214949888 cuckoo_watch.h:45] 4ms in ProcessBatch(bathces_data/aaaabg.batch) [including 0ms in LoadMessage; 0ms in InitializeTheta; 0ms in CreateRegularizerAgents; 0ms in InitializeSparseNdw; 2ms in InferThetaAndUpdateNwtSparse; 0ms in UpdateCacheEntry; 0ms in CalculateScore(^^^ItemsProcessedScore^^^); ]
I0608 16:26:03.347988 214949888 processor.cc:158] Processor: start processing batch 13e7b968-7436-4cc2-9134-45c011ffb5c7 into model nwt
I0608 16:26:03.351469 213876736 processor.cc:292] Processor: complete processing batch 55ad4501-ba2d-4aa2-bebb-439e6f5e603b into model nwt
I0608 16:26:03.353008 213876736 cuckoo_watch.h:45] 18ms in ProcessBatch(bathces_data/aaaaet.batch) [including 1ms in LoadMessage; 0ms in InitializeTheta; 0ms in CreateRegularizerAgents; 0ms in InitializeSparseNdw; 12ms in InferThetaAndUpdateNwtSparse; 0ms in UpdateCacheEntry; 2ms in CalculateScore(^^^ItemsProcessedScore^^^); ]
I0608 16:26:03.353610 213876736 processor.cc:158] Processor: start processing batch 78a348de-23b2-4927-888a-dcdeb0329086 into model nwt
I0608 16:26:03.354718 214413312 processor.cc:292] Processor: complete processing batch 3925fa19-5e83-4829-a582-7f73405dcc48 into model nwt
I0608 16:26:03.356357 214413312 cuckoo_watch.h:45] 16ms in ProcessBatch(bathces_data/aaaaeo.batch) [including 1ms in LoadMessage; 0ms in InitializeTheta; 0ms in CreateRegularizerAgents; 0ms in InitializeSparseNdw; 10ms in InferThetaAndUpdateNwtSparse; 0ms in UpdateCacheEntry; 2ms in CalculateScore(^^^ItemsProcessedScore^^^); ]
I0608 16:26:03.356676 214949888 processor.cc:292] Processor: complete processing batch 13e7b968-7436-4cc2-9134-45c011ffb5c7 into model nwt
I0608 16:26:03.357118 213876736 processor.cc:292] Processor: complete processing batch 78a348de-23b2-4927-888a-dcdeb0329086 into model nwt
I0608 16:26:03.357192 214949888 cuckoo_watch.h:45] 10ms in ProcessBatch(bathces_data/aaaafy.batch) [including 0ms in LoadMessage; 0ms in InitializeTheta; 0ms in CreateRegularizerAgents; 0ms in InitializeSparseNdw; 6ms in InferThetaAndUpdateNwtSparse; 0ms in UpdateCacheEntry; 1ms in CalculateScore(^^^ItemsProcessedScore^^^); ]
I0608 16:26:03.357426 213876736 cuckoo_watch.h:45] 4ms in ProcessBatch(bathces_data/aaaabe.batch) [including 0ms in LoadMessage; 0ms in InitializeTheta; 0ms in CreateRegularizerAgents; 0ms in InitializeSparseNdw; 2ms in InferThetaAndUpdateNwtSparse; 0ms in UpdateCacheEntry; 0ms in CalculateScore(^^^ItemsProcessedScore^^^); ]
I0608 16:26:03.357646 214413312 processor.cc:158] Processor: start processing batch 4a80f06b-ab58-408f-aa59-4ecb2918a1e1 into model nwt
I0608 16:26:03.357872 214949888 processor.cc:158] Processor: start processing batch dae5b099-b400-4180-be1c-0e58468ee507 into model nwt
