I0608 16:26:00.353452 213340160 cuckoo_watch.h:45] 17ms in ProcessBatch(bathces_data/aaaaee.batch) [including 1ms in LoadMessage; 0ms in InitializeTheta; 0ms in CreateRegularizerAgents; 0ms in InitializeSparseNdw; 11ms in InferThetaAndUpdateNwtSparse; 0ms in UpdateCacheEntry; 3ms in CalculateScore(^^^ItemsProcessedScore^^^); ]
I0608 16:26:00.354085 213340160 processor.cc:158] Processor: start processing batch c39af309-2d3d-4c9a-845f-9bdcb0b08aea into model nwt
I0608 16:26:00.356470 213340160 processor.cc:292] Processor: complete processing batch c39af309-2d3d-4c9a-845f-9bdcb0b08aea into model nwt
I0608 16:26:00.356670 213340160 cuckoo_watch.h:45] 3ms in ProcessBatch(bathces_data/aaaadl.batch) [including 0ms in LoadMessage; 0ms in InitializeTheta; 0ms in CreateRegularizerAgents; 0ms in InitializeSparseNdw; 1ms in InferThetaAndUpdateNwtSparse; 0ms in UpdateCacheEntry; 0ms in CalculateScore(^^^ItemsProcessedScore^^^); ]
I0608 16:26:00.358350 213340160 processor.cc:158] Processor: start processing batch 4a0106b0-f76d-40a9-b931-5b1d9ce9f38c into model nwt
I0608 16:26:00.358443 213876736 processor.cc:292] Processor: complete processing batch 627a31dc-7814-4960-b597-ea7586c70e22 into model nwt
I0608 16:26:00.359611 213876736 cuckoo_watch.h:45] 16ms in ProcessBatch(bathces_data/aaaafs.batch) [including 2ms in LoadMessage; 0ms in InitializeTheta; 0ms in CreateRegularizerAgents; 0ms in InitializeSparseNdw; 10ms in InferThetaAndUpdateNwtSparse; 0ms in UpdateCacheEntry; 2ms in CalculateScore(^^^ItemsProcessedScore^^^); ]
I0608 16:26:00.360262 213876736 processor.cc:158] Processor: start processing batch 796374f3-1819-40a0-9633-608be7dfee21 into model nwt
I0608 16:26:00.363049 214949888 processor.cc:292] Processor: complete processing batch d862dd7b-ebce-477a-991c-094f8c9f790f into model nwt
I0608 16:26:00.363677 213876736 processor.cc:292] Processor: complete processing batch 796374f3-1819-40a0-9633-608be7dfee21 into model nwt
I0608 16:26:00.363744 214949888 cuckoo_watch.h:45] 14ms in ProcessBatch(bathces_data/aaaafh.batch) [including 1ms in LoadMessage; 0ms in InitializeTheta; 0ms in CreateRegularizerAgents; 0ms in InitializeSparseNdw; 10ms in InferThetaAndUpdateNwtSparse; 0ms in UpdateCacheEntry; 2ms in CalculateScore(^^^ItemsProcessedScore^^^); ]
I0608 16:26:00.363946 213876736 cuckoo_watch.h:45] 4ms in ProcessBatch(bathces_data/aaaacd.batch) [including 0ms in LoadMessage; 0ms in InitializeTheta; 0ms in CreateRegularizerAgents; 0ms in InitializeSparseNdw; 2ms in InferThetaAndUpdateNwtSparse; 0ms in UpdateCacheEntry; 0ms in CalculateScore(^^^ItemsProcessedScore^^^); ]
I0608 16:26:00.366287 213340160 processor.cc:292] Processor: complete processing batch 4a0106b0-f76d-40a9-b931-5b1d9ce9f38c into model nwt
I0608 16:26:00.366734 213340160 cuckoo_watch.h:45] 10ms in ProcessBatch(bathces_data/aaaaga.batch) [including 1ms in LoadMessage; 0ms in InitializeTheta; 0ms in CreateRegularizerAgents; 0ms in InitializeSparseNdw; 6ms in InferThetaAndUpdateNwtSparse; 0ms in UpdateCacheEntry; 1ms in CalculateScore(^^^ItemsProcessedScore^^^); ]
I0608 16:26:00.367751 214413312 processor.cc:292] Processor: complete processing batch 0472198a-340e-4575-940f-9310f10d8338 into model nwt
I0608 16:26:00.368121 213340160 processor.cc:158] Processor: start processing batch 13d7e95c-6555-47b1-810d-c030ab7d28ef into model nwt
I0608 16:26:00.368774 214413312 cuckoo_watch.h:45] 18ms in ProcessBatch(bathces_data/aaaadw.batch) [including 2ms in LoadMessage; 0ms in InitializeTheta; 0ms in CreateRegularizerAgents; 0ms in InitializeSparseNdw; 11ms in InferThetaAndUpdateNwtSparse; 0ms in UpdateCacheEntry; 3ms in CalculateScore(^^^ItemsProcessedScore^^^); ]
I0608 16:26:00.369922 214413312 processor.cc:158] Processor: start processing batch ae9e0de1-f453-4419-a04e-858eb32743a1 into model nwt
I0608 16:26:00.373459 214949888 processor.cc:158] Processor: start processing batch 69417935-16d2-47bb-bede-1e0c1eec1690 into model nwt
I0608 16:26:00.373965 213876736 processor.cc:158] Processor: start processing batch fab211b6-a95b-4b1f-ab20-041202ac319b into model nwt
I0608 16:26:00.376032 214949888 processor.cc:292] Processor: complete processing batch 69417935-16d2-47bb-bede-1e0c1eec1690 into model nwt
I0608 16:26:00.376246 214949888 cuckoo_watch.h:45] 12ms in ProcessBatch(bathces_data/aaaaag.batch) [including 9ms in LoadMessage; 0ms in InitializeTheta; 0ms in CreateRegularizerAgents; 0ms in InitializeSparseNdw; 1ms in InferThetaAndUpdateNwtSparse; 0ms in UpdateCacheEntry; 0ms in CalculateScore(^^^ItemsProcessedScore^^^); ]
I0608 16:26:00.376749 214949888 processor.cc:158] Processor: start processing batch f1b19382-8805-4f5d-b0fd-e8aba29f3940 into model nwt
I0608 16:26:00.381362 214949888 processor.cc:292] Processor: complete processing batch f1b19382-8805-4f5d-b0fd-e8aba29f3940 into model nwt
I0608 16:26:00.381597 214949888 cuckoo_watch.h:45] 5ms in ProcessBatch(bathces_data/aaaabq.batch) [including 0ms in LoadMessage; 0ms in InitializeTheta; 0ms in CreateRegularizerAgents; 0ms in InitializeSparseNdw; 2ms in InferThetaAndUpdateNwtSparse; 0ms in UpdateCacheEntry; 2ms in CalculateScore(^^^ItemsProcessedScore^^^); ]
I0608 16:26:00.382176 213340160 processor.cc:292] Processor: complete processing batch 13d7e95c-6555-47b1-810d-c030ab7d28ef into model nwt
I0608 16:26:00.383066 213340160 cuckoo_watch.h:45] 16ms in ProcessBatch(bathces_data/aaaaey.batch) [including 1ms in LoadMessage; 0ms in InitializeTheta; 0ms in CreateRegularizerAgents; 0ms in InitializeSparseNdw; 10ms in InferThetaAndUpdateNwtSparse; 0ms in UpdateCacheEntry; 2ms in CalculateScore(^^^ItemsProcessedScore^^^); ]
I0608 16:26:00.383587 213340160 processor.cc:158] Processor: start processing batch bf8a79a4-b59a-485b-8e09-087a3cfd8577 into model nwt
I0608 16:26:00.383726 214949888 processor.cc:158] Processor: start processing batch 18dddd3c-7cbf-4fbf-8de6-477149755473 into model nwt
I0608 16:26:00.386883 213340160 processor.cc:292] Processor: complete processing batch bf8a79a4-b59a-485b-8e09-087a3cfd8577 into model nwt
I0608 16:26:00.387318 213340160 cuckoo_watch.h:45] 4ms in ProcessBatch(bathces_data/aaaabj.batch) [including 0ms in LoadMessage; 0ms in InitializeTheta; 0ms in CreateRegularizerAgents; 0ms in InitializeSparseNdw; 2ms in InferThetaAndUpdateNwtSparse; 0ms in UpdateCacheEntry; 0ms in CalculateScore(^^^ItemsProcessedScore^^^); ]
I0608 16:26:00.388067 213340160 processor.cc:158] Processor: start processing batch 27093343-1016-4a73-b477-fb3d83b31609 into model nwt
I0608 16:26:00.388947 213876736 processor.cc:292] Processor: complete processing batch fab211b6-a95b-4b1f-ab20-041202ac319b into model nwt
I0608 16:26:00.388955 214413312 processor.cc:292] Processor: complete processing batch ae9e0de1-f453-4419-a04e-858eb32743a1 into model nwt
I0608 16:26:00.390053 213876736 cuckoo_watch.h:45] 26ms in ProcessBatch(bathces_data/aaaaeb.batch) [including 9ms in LoadMessage; 0ms in InitializeTheta; 0ms in CreateRegularizerAgents; 1ms in InitializeSparseNdw; 11ms in InferThetaAndUpdateNwtSparse; 0ms in UpdateCacheEntry; 2ms in CalculateScore(^^^ItemsProcessedScore^^^); ]
I0608 16:26:00.390838 213876736 processor.cc:158] Processor: start processing batch 9c1b5d3d-1af4-40ed-a004-80d119b21887 into model nwt
I0608 16:26:00.391288 214413312 cuckoo_watch.h:45] 22ms in ProcessBatch(bathces_data/aaaaft.batch) [including 1ms in LoadMessage; 0ms in InitializeTheta; 0ms in CreateRegularizerAgents; 0ms in InitializeSparseNdw; 16ms in InferThetaAndUpdateNwtSparse; 0ms in UpdateCacheEntry; 2ms in CalculateScore(^^^ItemsProcessedScore^^^); ]
I0608 16:26:00.392506 214413312 processor.cc:158] Processor: start processing batch d5e3d4a3-3c81-46d6-a1a2-6b466ab1b9c5 into model nwt
I0608 16:26:00.392976 214949888 processor.cc:292] Processor: complete processing batch 18dddd3c-7cbf-4fbf-8de6-477149755473 into model nwt
I0608 16:26:00.393615 213876736 processor.cc:292] Processor: complete processing batch 9c1b5d3d-1af4-40ed-a004-80d119b21887 into model nwt
I0608 16:26:00.393712 214949888 cuckoo_watch.h:45] 12ms in ProcessBatch(bathces_data/aaaafo.batch) [including 2ms in LoadMessage; 0ms in InitializeTheta; 0ms in CreateRegularizerAgents; 0ms in InitializeSparseNdw; 7ms in InferThetaAndUpdateNwtSparse; 0ms in UpdateCacheEntry; 1ms in CalculateScore(^^^ItemsProcessedScore^^^); ]
I0608 16:26:00.394317 213876736 cuckoo_watch.h:45] 4ms in ProcessBatch(bathces_data/aaaadk.batch) [including 0ms in LoadMessage; 0ms in InitializeTheta; 0ms in CreateRegularizerAgents; 0ms in InitializeSparseNdw; 2ms in InferThetaAndUpdateNwtSparse; 0ms in UpdateCacheEntry; 0ms in CalculateScore(^^^ItemsProcessedScore^^^); ]
I0608 16:26:00.395077 214949888 processor.cc:158] Processor: start processing batch b7450b7d-f245-48a8-8993-dda7a75254cd into model nwt
I0608 16:26:00.395207 213876736 processor.cc:158] Processor: start processing batch c0064576-24d8-4afc-806b-562428791788 into model nwt
I0608 16:26:00.395373 213340160 processor.cc:292] Processor: complete processing batch 27093343-1016-4a73-b477-fb3d83b31609 into model nwt
I0608 16:26:00.395749 213340160 cuckoo_watch.h:45] 8ms in ProcessBatch(bathces_data/aaaadp.batch) [including 0ms in LoadMessage; 0ms in InitializeTheta; 0ms in CreateRegularizerAgents; 0ms in InitializeSparseNdw; 5ms in InferThetaAndUpdateNwtSparse; 0ms in UpdateCacheEntry; 1ms in CalculateScore(^^^ItemsProcessedScore^^^); ]
I0608 16:26:00.396432 213340160 processor.cc:158] Processor: start processing batch 70045989-97e7-4a0c-8fd2-a48dfd7057bb into model nwt
I0608 16:26:00.397140 214413312 processor.cc:292] Processor: complete processing batch d5e3d4a3-3c81-46d6-a1a2-6b466ab1b9c5 into model nwt
I0608 16:26:00.397825 214413312 cuckoo_watch.h:45] 6ms in ProcessBatch(bathces_data/aaaacc.batch) [including 1ms in LoadMessage; 0ms in InitializeTheta; 0ms in CreateRegularizerAgents; 0ms in InitializeSparseNdw; 3ms in InferThetaAndUpdateNwtSparse; 0ms in UpdateCacheEntry; 0ms in CalculateScore(^^^ItemsProcessedScore^^^); ]
I0608 16:26:00.398134 214949888 processor.cc:292] Processor: complete processing batch b7450b7d-f245-48a8-8993-dda7a75254cd into model nwt
I0608 16:26:00.398393 214949888 cuckoo_watch.h:45] 4ms in ProcessBatch(bathces_data/aaaagf.batch) [including 1ms in LoadMessage; 0ms in InitializeTheta; 0ms in CreateRegularizerAgents; 0ms in InitializeSparseNdw; 2ms in InferThetaAndUpdateNwtSparse; 0ms in UpdateCacheEntry; 0ms in CalculateScore(^^^ItemsProcessedScore^^^); ]
I0608 16:26:00.398810 213876736 processor.cc:292] Processor: complete processing batch c0064576-24d8-4afc-806b-562428791788 into model nwt
I0608 16:26:00.398872 214949888 processor.cc:158] Processor: start processing batch b69d03cf-a55a-4fb1-818c-21a97648ed44 into model nwt
I0608 16:26:00.399493 213876736 cuckoo_watch.h:45] 5ms in ProcessBatch(bathces_data/aaaacx.batch) [including 0ms in LoadMessage; 0ms in InitializeTheta; 0ms in CreateRegularizerAgents; 0ms in InitializeSparseNdw; 2ms in InferThetaAndUpdateNwtSparse; 0ms in UpdateCacheEntry; 0ms in CalculateScore(^^^ItemsProcessedScore^^^); ]
I0608 16:26:00.399632 214413312 processor.cc:158] Processor: start processing batch dadf12c6-a7d9-47e9-b31d-4c712087b387 into model nwt
I0608 16:26:00.400257 213876736 processor.cc:158] Processor: start processing batch 80aa0aee-db75-4280-a673-d83efd86ae32 into model nwt
I0608 16:26:00.400445 213340160 processor.cc:292] Processor: complete processing batch 70045989-97e7-4a0c-8fd2-a48dfd7057bb into model nwt
I0608 16:26:00.400708 213340160 cuckoo_watch.h:45] 4ms in ProcessBatch(bathces_data/aaaaca.batch) [including 0ms in LoadMessage; 0ms in InitializeTheta; 0ms in CreateRegularizerAgents; 0ms in InitializeSparseNdw; 3ms in InferThetaAndUpdateNwtSparse; 0ms in UpdateCacheEntry; 0ms in CalculateScore(^^^ItemsProcessedScore^^^); ]
I0608 16:26:00.401525 213340160 processor.cc:158] Processor: start processing batch 0b548b3d-dbc0-41b5-a412-292df85482be into model nwt
I0608 16:26:00.402904 214949888 processor.cc:292] Processor: complete processing batch b69d03cf-a55a-4fb1-818c-21a97648ed44 into model nwt
I0608 16:26:00.403192 214949888 cuckoo_watch.h:45] 4ms in ProcessBatch(bathces_data/aaaacz.batch) [including 0ms in LoadMessage; 0ms in InitializeTheta; 0ms in CreateRegularizerAgents; 0ms in InitializeSparseNdw; 3ms in InferThetaAndUpdateNwtSparse; 0ms in UpdateCacheEntry; 0ms in CalculateScore(^^^ItemsProcessedScore^^^); ]
I0608 16:26:00.405166 213340160 processor.cc:292] Processor: complete processing batch 0b548b3d-dbc0-41b5-a412-292df85482be into model nwt
I0608 16:26:00.405405 214949888 processor.cc:158] Processor: start processing batch 0e91059f-593c-4bc2-88f7-45595c0d4052 into model nwt
I0608 16:26:00.405457 213340160 cuckoo_watch.h:45] 4ms in ProcessBatch(bathces_data/aaaadi.batch) [including 0ms in LoadMessage; 0ms in InitializeTheta; 0ms in CreateRegularizerAgents; 0ms in InitializeSparseNdw; 2ms in InferThetaAndUpdateNwtSparse; 0ms in UpdateCacheEntry; 0ms in CalculateScore(^^^ItemsProcessedScore^^^); ]
I0608 16:26:00.406244 213340160 processor.cc:158] Processor: start processing batch ef6a3547-2fe8-47f0-bce9-e13e8b08dbd3 into model nwt
I0608 16:26:00.406589 213876736 processor.cc:292] Processor: complete processing batch 80aa0aee-db75-4280-a673-d83efd86ae32 into model nwt
I0608 16:26:00.406980 213876736 cuckoo_watch.h:45] 7ms in ProcessBatch(bathces_data/aaaadr.batch) [including 0ms in LoadMessage; 0ms in InitializeTheta; 0ms in CreateRegularizerAgents; 0ms in InitializeSparseNdw; 4ms in InferThetaAndUpdateNwtSparse; 0ms in UpdateCacheEntry; 1ms in CalculateScore(^^^ItemsProcessedScore^^^); ]
I0608 16:26:00.408375 213876736 processor.cc:158] Processor: start processing batch d049012b-c905-49d2-ba27-de0bb3b62914 into model nwt
I0608 16:26:00.408715 214413312 processor.cc:292] Processor: complete processing batch dadf12c6-a7d9-47e9-b31d-4c712087b387 into model nwt
I0608 16:26:00.409497 213340160 processor.cc:292] Processor: complete processing batch ef6a3547-2fe8-47f0-bce9-e13e8b08dbd3 into model nwt
I0608 16:26:00.409736 214413312 cuckoo_watch.h:45] 11ms in ProcessBatch(bathces_data/aaaagd.batch) [including 1ms in LoadMessage; 0ms in InitializeTheta; 0ms in CreateRegularizerAgents; 0ms in InitializeSparseNdw; 7ms in InferThetaAndUpdateNwtSparse; 0ms in UpdateCacheEntry; 1ms in CalculateScore(^^^ItemsProcessedScore^^^); ]
I0608 16:26:00.409915 213340160 cuckoo_watch.h:45] 4ms in ProcessBatch(bathces_data/aaaabs.batch) [including 0ms in LoadMessage; 0ms in InitializeTheta; 0ms in CreateRegularizerAgents; 0ms in InitializeSparseNdw; 2ms in InferThetaAndUpdateNwtSparse; 0ms in UpdateCacheEntry; 0ms in CalculateScore(^^^ItemsProcessedScore^^^); ]
I0608 16:26:00.410290 214413312 processor.cc:158] Processor: start processing batch e75459f1-1df2-46c6-a00f-dbe3e79fac27 into model nwt
I0608 16:26:00.410444 213340160 processor.cc:158] Processor: start processing batch 6ba5c6ef-a1e1-4dd0-ba53-509361327359 into model nwt
I0608 16:26:00.412057 213340160 processor.cc:292] Processor: complete processing batch 6ba5c6ef-a1e1-4dd0-ba53-509361327359 into model nwt
I0608 16:26:00.412230 213340160 cuckoo_watch.h:45] 2ms in ProcessBatch(bathces_data/aaaaae.batch) [including 0ms in LoadMessage; 0ms in InitializeTheta; 0ms in CreateRegularizerAgents; 0ms in InitializeSparseNdw; 1ms in InferThetaAndUpdateNwtSparse; 0ms in UpdateCacheEntry; 0ms in CalculateScore(^^^ItemsProcessedScore^^^); ]
I0608 16:26:00.413762 213876736 processor.cc:292] Processor: complete processing batch d049012b-c905-49d2-ba27-de0bb3b62914 into model nwt
I0608 16:26:00.414175 213876736 cuckoo_watch.h:45] 7ms in ProcessBatch(bathces_data/aaaafm.batch) [including 1ms in LoadMessage; 0ms in InitializeTheta; 0ms in CreateRegularizerAgents; 0ms in InitializeSparseNdw; 4ms in InferThetaAndUpdateNwtSparse; 0ms in UpdateCacheEntry; 1ms in CalculateScore(^^^ItemsProcessedScore^^^); ]
I0608 16:26:00.414618 213340160 processor.cc:158] Processor: start processing batch e74273f1-cbdc-4950-8c5d-8e7d8a50732d into model nwt
I0608 16:26:00.414765 214413312 processor.cc:292] Processor: complete processing batch e75459f1-1df2-46c6-a00f-dbe3e79fac27 into model nwt
I0608 16:26:00.414773 213876736 processor.cc:158] Processor: start processing batch 24ee21d6-cd3d-4e7e-ad7b-c7f376181e4e into model nwt
I0608 16:26:00.415086 214413312 cuckoo_watch.h:45] 5ms in ProcessBatch(bathces_data/aaaabh.batch) [including 0ms in LoadMessage; 0ms in InitializeTheta; 0ms in CreateRegularizerAgents; 0ms in InitializeSparseNdw; 3ms in InferThetaAndUpdateNwtSparse; 0ms in UpdateCacheEntry; 0ms in CalculateScore(^^^ItemsProcessedScore^^^); ]
I0608 16:26:00.416327 214949888 processor.cc:292] Processor: complete processing batch 0e91059f-593c-4bc2-88f7-45595c0d4052 into model nwt
I0608 16:26:00.417043 214413312 processor.cc:158] Processor: start processing batch 52aa8e8d-efbe-4288-b946-5523a6f64c53 into model nwt
I0608 16:26:00.417317 214949888 cuckoo_watch.h:45] 14ms in ProcessBatch(bathces_data/aaaafv.batch) [including 2ms in LoadMessage; 0ms in InitializeTheta; 0ms in CreateRegularizerAgents; 0ms in InitializeSparseNdw; 8ms in InferThetaAndUpdateNwtSparse; 0ms in UpdateCacheEntry; 2ms in CalculateScore(^^^ItemsProcessedScore^^^); ]
I0608 16:26:00.417790 214949888 processor.cc:158] Processor: start processing batch 6263b595-41c7-42cd-96af-9aae5a175d87 into model nwt
I0608 16:26:00.418066 213876736 processor.cc:292] Processor: complete processing batch 24ee21d6-cd3d-4e7e-ad7b-c7f376181e4e into model nwt
I0608 16:26:00.418306 213876736 cuckoo_watch.h:45] 4ms in ProcessBatch(bathces_data/aaaabl.batch) [including 0ms in LoadMessage; 0ms in InitializeTheta; 0ms in CreateRegularizerAgents; 0ms in InitializeSparseNdw; 2ms in InferThetaAndUpdateNwtSparse; 0ms in UpdateCacheEntry; 0ms in CalculateScore(^^^ItemsProcessedScore^^^); ]
I0608 16:26:00.419818 213876736 processor.cc:158] Processor: start processing batch f9e703e1-500a-4b72-8d28-d4b7fb8e7d1d into model nwt
I0608 16:26:00.421084 214949888 processor.cc:292] Processor: complete processing batch 6263b595-41c7-42cd-96af-9aae5a175d87 into model nwt
I0608 16:26:00.421335 214949888 cuckoo_watch.h:45] 3ms in ProcessBatch(bathces_data/aaaabw.batch) [including 0ms in LoadMessage; 0ms in InitializeTheta; 0ms in CreateRegularizerAgents; 0ms in InitializeSparseNdw; 2ms in InferThetaAndUpdateNwtSparse; 0ms in UpdateCacheEntry; 0ms in CalculateScore(^^^ItemsProcessedScore^^^); ]
I0608 16:26:00.421568 214949888 processor.cc:158] Processor: start processing batch e41a47f5-5cf9-43a3-b21a-648e614f05d9 into model nwt
I0608 16:26:00.422219 214949888 processor.cc:292] Processor: complete processing batch e41a47f5-5cf9-43a3-b21a-648e614f05d9 into model nwt
I0608 16:26:00.422298 214949888 cuckoo_watch.h:45] 0ms in ProcessBatch(bathces_data/aaaaaa.batch) [including 0ms in LoadMessage; 0ms in InitializeTheta; 0ms in CreateRegularizerAgents; 0ms in InitializeSparseNdw; 0ms in InferThetaAndUpdateNwtSparse; 0ms in UpdateCacheEntry; 0ms in CalculateScore(^^^ItemsProcessedScore^^^); ]
I0608 16:26:00.423642 213876736 processor.cc:292] Processor: complete processing batch f9e703e1-500a-4b72-8d28-d4b7fb8e7d1d into model nwt
I0608 16:26:00.424006 213876736 cuckoo_watch.h:45] 5ms in ProcessBatch(bathces_data/aaaaaz.batch) [including 1ms in LoadMessage; 0ms in InitializeTheta; 0ms in CreateRegularizerAgents; 0ms in InitializeSparseNdw; 2ms in InferThetaAndUpdateNwtSparse; 0ms in UpdateCacheEntry; 0ms in CalculateScore(^^^ItemsProcessedScore^^^); ]
I0608 16:26:00.424377 214949888 processor.cc:158] Processor: start processing batch 8b98a485-c777-4ed7-9f2b-02acc6a99380 into model nwt
I0608 16:26:00.424695 213876736 processor.cc:158] Processor: start processing batch 4349d591-ed6e-4abf-befb-5cf3926ee7b2 into model nwt
I0608 16:26:00.425117 213340160 processor.cc:292] Processor: complete processing batch e74273f1-cbdc-4950-8c5d-8e7d8a50732d into model nwt
I0608 16:26:00.425751 213340160 cuckoo_watch.h:45] 13ms in ProcessBatch(bathces_data/aaaafi.batch) [including 2ms in LoadMessage; 0ms in InitializeTheta; 0ms in CreateRegularizerAgents; 0ms in InitializeSparseNdw; 8ms in InferThetaAndUpdateNwtSparse; 0ms in UpdateCacheEntry; 2ms in CalculateScore(^^^ItemsProcessedScore^^^); ]
I0608 16:26:00.426656 213340160 processor.cc:158] Processor: start processing batch 4cb7f322-3d5a-4590-8168-fd450d875c7b into model nwt
I0608 16:26:00.428176 214413312 processor.cc:292] Processor: complete processing batch 52aa8e8d-efbe-4288-b946-5523a6f64c53 into model nwt
I0608 16:26:00.428709 214413312 cuckoo_watch.h:45] 13ms in ProcessBatch(bathces_data/aaaafr.batch) [including 1ms in LoadMessage; 0ms in InitializeTheta; 0ms in CreateRegularizerAgents; 0ms in InitializeSparseNdw; 8ms in InferThetaAndUpdateNwtSparse; 0ms in UpdateCacheEntry; 2ms in CalculateScore(^^^ItemsProcessedScore^^^); ]
I0608 16:26:00.428786 213876736 processor.cc:292] Processor: complete processing batch 4349d591-ed6e-4abf-befb-5cf3926ee7b2 into model nwt
I0608 16:26:00.429126 213876736 cuckoo_watch.h:45] 5ms in ProcessBatch(bathces_data/aaaace.batch) [including 0ms in LoadMessage; 0ms in InitializeTheta; 0ms in CreateRegularizerAgents; 0ms in InitializeSparseNdw; 3ms in InferThetaAndUpdateNwtSparse; 0ms in UpdateCacheEntry; 0ms in CalculateScore(^^^ItemsProcessedScore^^^); ]
I0608 16:26:00.430132 213876736 processor.cc:158] Processor: start processing batch 430ad8a9-3c82-41c6-9afc-e4625987b8eb into model nwt
I0608 16:26:00.430676 214413312 processor.cc:158] Processor: start processing batch 0fc4a44d-4c23-489d-a3c4-fa8a2732bbbd into model nwt
I0608 16:26:00.431321 213340160 processor.cc:292] Processor: complete processing batch 4cb7f322-3d5a-4590-8168-fd450d875c7b into model nwt
I0608 16:26:00.431967 213340160 cuckoo_watch.h:45] 6ms in ProcessBatch(bathces_data/aaaadm.batch) [including 0ms in LoadMessage; 0ms in InitializeTheta; 0ms in CreateRegularizerAgents; 0ms in InitializeSparseNdw; 3ms in InferThetaAndUpdateNwtSparse; 0ms in UpdateCacheEntry; 0ms in CalculateScore(^^^ItemsProcessedScore^^^); ]
I0608 16:26:00.433355 213340160 processor.cc:158] Processor: start processing batch 10981fa1-5e30-40cb-87c5-ec13c5394e7a into model nwt
I0608 16:26:00.434666 213876736 processor.cc:292] Processor: complete processing batch 430ad8a9-3c82-41c6-9afc-e4625987b8eb into model nwt
I0608 16:26:00.434998 213876736 cuckoo_watch.h:45] 5ms in ProcessBatch(bathces_data/aaaado.batch) [including 0ms in LoadMessage; 0ms in InitializeTheta; 0ms in CreateRegularizerAgents; 0ms in InitializeSparseNdw; 3ms in InferThetaAndUpdateNwtSparse; 0ms in UpdateCacheEntry; 0ms in CalculateScore(^^^ItemsProcessedScore^^^); ]
I0608 16:26:00.436144 213876736 processor.cc:158] Processor: start processing batch d0ba9996-e792-405f-aa4c-0ba5b56ff43e into model nwt
I0608 16:26:00.438022 214949888 processor.cc:292] Processor: complete processing batch 8b98a485-c777-4ed7-9f2b-02acc6a99380 into model nwt
I0608 16:26:00.439399 214949888 cuckoo_watch.h:45] 17ms in ProcessBatch(bathces_data/aaaaed.batch) [including 2ms in LoadMessage; 0ms in InitializeTheta; 0ms in CreateRegularizerAgents; 0ms in InitializeSparseNdw; 10ms in InferThetaAndUpdateNwtSparse; 0ms in UpdateCacheEntry; 2ms in CalculateScore(^^^ItemsProcessedScore^^^); ]
I0608 16:26:00.439921 214949888 processor.cc:158] Processor: start processing batch c06d4d13-6294-4019-90c8-0e305a6bf494 into model nwt
I0608 16:26:00.440390 213876736 processor.cc:292] Processor: complete processing batch d0ba9996-e792-405f-aa4c-0ba5b56ff43e into model nwt
I0608 16:26:00.440879 213876736 cuckoo_watch.h:45] 5ms in ProcessBatch(bathces_data/aaaacg.batch) [including 1ms in LoadMessage; 0ms in InitializeTheta; 0ms in CreateRegularizerAgents; 0ms in InitializeSparseNdw; 3ms in InferThetaAndUpdateNwtSparse; 0ms in UpdateCacheEntry; 0ms in CalculateScore(^^^ItemsProcessedScore^^^); ]
I0608 16:26:00.442147 213340160 processor.cc:292] Processor: complete processing batch 10981fa1-5e30-40cb-87c5-ec13c5394e7a into model nwt
I0608 16:26:00.442703 213876736 processor.cc:158] Processor: start processing batch 77729c31-27f8-45c6-a44e-2ff24a7a8fc9 into model nwt
I0608 16:26:00.443001 213340160 cuckoo_watch.h:45] 10ms in ProcessBatch(bathces_data/aaaadt.batch) [including 1ms in LoadMessage; 0ms in InitializeTheta; 0ms in CreateRegularizerAgents; 0ms in InitializeSparseNdw; 6ms in InferThetaAndUpdateNwtSparse; 0ms in UpdateCacheEntry; 2ms in CalculateScore(^^^ItemsProcessedScore^^^); ]
I0608 16:26:00.443292 213340160 processor.cc:158] Processor: start processing batch b635a4f4-7d33-436b-b8cb-6c4186290b5c into model nwt
I0608 16:26:00.444422 213340160 processor.cc:292] Processor: complete processing batch b635a4f4-7d33-436b-b8cb-6c4186290b5c into model nwt
I0608 16:26:00.444509 214949888 processor.cc:292] Processor: complete processing batch c06d4d13-6294-4019-90c8-0e305a6bf494 into model nwt
I0608 16:26:00.444545 213340160 cuckoo_watch.h:45] 1ms in ProcessBatch(bathces_data/aaaaac.batch) [including 0ms in LoadMessage; 0ms in InitializeTheta; 0ms in CreateRegularizerAgents; 0ms in InitializeSparseNdw; 0ms in InferThetaAndUpdateNwtSparse; 0ms in UpdateCacheEntry; 0ms in CalculateScore(^^^ItemsProcessedScore^^^); ]
I0608 16:26:00.444810 214949888 cuckoo_watch.h:45] 5ms in ProcessBatch(bathces_data/aaaagb.batch) [including 0ms in LoadMessage; 0ms in InitializeTheta; 0ms in CreateRegularizerAgents; 0ms in InitializeSparseNdw; 3ms in InferThetaAndUpdateNwtSparse; 0ms in UpdateCacheEntry; 0ms in CalculateScore(^^^ItemsProcessedScore^^^); ]
I0608 16:26:00.445516 214413312 processor.cc:292] Processor: complete processing batch 0fc4a44d-4c23-489d-a3c4-fa8a2732bbbd into model nwt
I0608 16:26:00.446599 214413312 cuckoo_watch.h:45] 17ms in ProcessBatch(bathces_data/aaaadv.batch) [including 1ms in LoadMessage; 0ms in InitializeTheta; 0ms in CreateRegularizerAgents; 0ms in InitializeSparseNdw; 10ms in InferThetaAndUpdateNwtSparse; 0ms in UpdateCacheEntry; 3ms in CalculateScore(^^^ItemsProcessedScore^^^); ]
I0608 16:26:00.446754 213340160 processor.cc:158] Processor: start processing batch 03dff15b-c29e-4767-98f7-a1b8e90bc374 into model nwt
I0608 16:26:00.447060 214949888 processor.cc:158] Processor: start processing batch 4fbcf1a6-70db-4412-9a5a-fb788926a97e into model nwt
I0608 16:26:00.447229 214413312 processor.cc:158] Processor: start processing batch 1c1bac2a-52df-4c0b-b30c-c65dc9fe043b into model nwt
I0608 16:26:00.447929 213876736 processor.cc:292] Processor: complete processing batch 77729c31-27f8-45c6-a44e-2ff24a7a8fc9 into model nwt
I0608 16:26:00.448215 213876736 cuckoo_watch.h:45] 7ms in ProcessBatch(bathces_data/aaaaax.batch) [including 1ms in LoadMessage; 0ms in InitializeTheta; 0ms in CreateRegularizerAgents; 0ms in InitializeSparseNdw; 4ms in InferThetaAndUpdateNwtSparse; 0ms in UpdateCacheEntry; 0ms in CalculateScore(^^^ItemsProcessedScore^^^); ]
I0608 16:26:00.450127 213876736 processor.cc:158] Processor: start processing batch 41b70b8b-8dfe-4f50-a08d-621712d37f57 into model nwt
I0608 16:26:00.450199 214413312 processor.cc:292] Processor: complete processing batch 1c1bac2a-52df-4c0b-b30c-c65dc9fe043b into model nwt
I0608 16:26:00.450444 214413312 cuckoo_watch.h:45] 3ms in ProcessBatch(bathces_data/aaaabn.batch) [including 0ms in LoadMessage; 0ms in InitializeTheta; 0ms in CreateRegularizerAgents; 0ms in InitializeSparseNdw; 2ms in InferThetaAndUpdateNwtSparse; 0ms in UpdateCacheEntry; 0ms in CalculateScore(^^^ItemsProcessedScore^^^); ]
I0608 16:26:00.451272 214413312 processor.cc:158] Processor: start processing batch 9b6c54bc-5002-462a-a5ac-dcb50e1af906 into model nwt
I0608 16:26:00.454486 214413312 processor.cc:292] Processor: complete processing batch 9b6c54bc-5002-462a-a5ac-dcb50e1af906 into model nwt
I0608 16:26:00.455145 214413312 cuckoo_watch.h:45] 4ms in ProcessBatch(bathces_data/aaaabu.batch) [including 0ms in LoadMessage; 0ms in InitializeTheta; 0ms in CreateRegularizerAgents; 0ms in InitializeSparseNdw; 2ms in InferThetaAndUpdateNwtSparse; 0ms in UpdateCacheEntry; 0ms in CalculateScore(^^^ItemsProcessedScore^^^); ]
I0608 16:26:00.456624 214949888 processor.cc:292] Processor: complete processing batch 4fbcf1a6-70db-4412-9a5a-fb788926a97e into model nwt
I0608 16:26:00.456985 214949888 cuckoo_watch.h:45] 11ms in ProcessBatch(bathces_data/aaaafk.batch) [including 2ms in LoadMessage; 0ms in InitializeTheta; 0ms in CreateRegularizerAgents; 0ms in InitializeSparseNdw; 8ms in InferThetaAndUpdateNwtSparse; 0ms in UpdateCacheEntry; 1ms in CalculateScore(^^^ItemsProcessedScore^^^); ]
I0608 16:26:00.460568 213340160 processor.cc:292] Processor: complete processing batch 03dff15b-c29e-4767-98f7-a1b8e90bc374 into model nwt
I0608 16:26:00.461330 213340160 cuckoo_watch.h:45] 16ms in ProcessBatch(bathces_data/aaaaef.batch) [including 2ms in LoadMessage; 0ms in InitializeTheta; 0ms in CreateRegularizerAgents; 0ms in InitializeSparseNdw; 11ms in InferThetaAndUpdateNwtSparse; 0ms in UpdateCacheEntry; 2ms in CalculateScore(^^^ItemsProcessedScore^^^); ]
I0608 16:26:00.461643 213876736 processor.cc:292] Processor: complete processing batch 41b70b8b-8dfe-4f50-a08d-621712d37f57 into model nwt
I0608 16:26:00.462026 213876736 cuckoo_watch.h:45] 13ms in ProcessBatch(bathces_data/aaaafp.batch) [including 1ms in LoadMessage; 0ms in InitializeTheta; 0ms in CreateRegularizerAgents; 0ms in InitializeSparseNdw; 9ms in InferThetaAndUpdateNwtSparse; 0ms in UpdateCacheEntry; 2ms in CalculateScore(^^^ItemsProcessedScore^^^); ]
I0608 16:26:00.462785 409949632 master_component.cc:1442] RegularizeModelArgs: rwt_target_name=rwt, pwt_source_name=pwt, nwt_source_name=nwt
I0608 16:26:00.463213 409949632 master_component.cc:975] MasterComponent: start regularizing model pwt
I0608 16:26:00.501965 214413312 processor.cc:74] No data in processing queue, waiting...
I0608 16:26:00.503255 214949888 processor.cc:74] No data in processing queue, waiting...
I0608 16:26:00.508366 213340160 processor.cc:74] No data in processing queue, waiting...
I0608 16:26:00.508401 213876736 processor.cc:74] No data in processing queue, waiting...
I0608 16:26:00.706940 409949632 master_component.cc:1001] MasterComponent: complete regularizing model pwt
I0608 16:26:00.707002 409949632 master_component.cc:1455] NormalizeModelArgs: pwt_target_name=pwt, nwt_source_name=nwt, rwt_source_name=rwt
I0608 16:26:00.707012 409949632 master_component.cc:1005] MasterComponent: start normalizing model nwt
I0608 16:26:00.798853 409949632 master_component.cc:1033] MasterComponent: complete normalizing model nwt
I0608 16:26:00.894160 409949632 master_component.cc:1479] DisposeModel rwt
I0608 16:26:00.907955 409949632 master_component.cc:1058] FitOffline: ItemsProcessed, num_items=1728, num_batches=173, token_weight=808522, token_weight_in_effect=808522
I0608 16:26:00.908785 409949632 c_interface.cc:389] Pass FitOfflineMasterModelArgs, batch_filename_size=173, batch_weight_size=173, num_collection_passes=1, reset_nwt=yes to MN4artm4core15MasterComponentEFvRKNS_25FitOfflineMasterModelArgsEE
I0608 16:26:00.908819 409949632 master_component.cc:1404] ProcessBatchesArgs: nwt_target_name=nwt, batch_filename_size=173, batch_size=0, batch_weight_size=173, pwt_source_name=pwt, num_document_passes=10, regularizer=(name:BCG_ADDER, tau:100000), reuse_theta=no, opt_for_avx=yes, predict_class_id=, reset_nwt=yes
I0608 16:26:00.922852 214949888 processor.cc:81] Processing queue has data, processing started
I0608 16:26:00.922852 214413312 processor.cc:81] Processing queue has data, processing started
I0608 16:26:00.922863 213876736 processor.cc:81] Processing queue has data, processing started
I0608 16:26:00.922883 213340160 processor.cc:81] Processing queue has data, processing started
I0608 16:26:00.923338 213876736 processor.cc:158] Processor: start processing batch da3a1b1b-9f16-4c7a-9a1f-b7adc80a3d50 into model nwt
I0608 16:26:00.923370 213340160 processor.cc:158] Processor: start processing batch 850c02e4-06dc-4988-9442-7419bec7b1db into model nwt
I0608 16:26:00.923434 214413312 processor.cc:158] Processor: start processing batch e7c68810-0ca1-429f-9d4b-fbcac7437c83 into model nwt
I0608 16:26:00.923840 214949888 processor.cc:158] Processor: start processing batch 1a4b5aa1-08f5-4bdd-a91f-9613f592603f into model nwt
I0608 16:26:00.926415 213876736 processor.cc:292] Processor: complete processing batch da3a1b1b-9f16-4c7a-9a1f-b7adc80a3d50 into model nwt
I0608 16:26:00.926609 213340160 processor.cc:292] Processor: complete processing batch 850c02e4-06dc-4988-9442-7419bec7b1db into model nwt
I0608 16:26:00.926653 213876736 cuckoo_watch.h:45] 3ms in ProcessBatch(bathces_data/aaaaby.batch) [including 0ms in LoadMessage; 0ms in InitializeTheta; 0ms in CreateRegularizerAgents; 0ms in InitializeSparseNdw; 2ms in InferThetaAndUpdateNwtSparse; 0ms in UpdateCacheEntry; 0ms in CalculateScore(^^^ItemsProcessedScore^^^); ]
I0608 16:26:00.926839 213340160 cuckoo_watch.h:45] 3ms in ProcessBatch(bathces_data/aaaaat.batch) [including 0ms in LoadMessage; 0ms in InitializeTheta; 0ms in CreateRegularizerAgents; 0ms in InitializeSparseNdw; 2ms in InferThetaAndUpdateNwtSparse; 0ms in UpdateCacheEntry; 0ms in CalculateScore(^^^ItemsProcessedScore^^^); ]
I0608 16:26:00.927130 214413312 processor.cc:292] Processor: complete processing batch e7c68810-0ca1-429f-9d4b-fbcac7437c83 into model nwt
I0608 16:26:00.927310 213340160 processor.cc:158] Processor: start processing batch 7e6efff3-eddc-4ebd-859f-7d17bf64f856 into model nwt
I0608 16:26:00.927449 214413312 cuckoo_watch.h:45] 4ms in ProcessBatch(bathces_data/aaaabb.batch) [including 0ms in LoadMessage; 0ms in InitializeTheta; 0ms in CreateRegularizerAgents; 0ms in InitializeSparseNdw; 2ms in InferThetaAndUpdateNwtSparse; 0ms in UpdateCacheEntry; 0ms in CalculateScore(^^^ItemsProcessedScore^^^); ]
I0608 16:26:00.927937 213876736 processor.cc:158] Processor: start processing batch c0aa49fe-0090-495a-b259-f1d2d33431f7 into model nwt
I0608 16:26:00.928714 214413312 processor.cc:158] Processor: start processing batch 194ae328-ef87-4421-bc06-813c3cabd6a6 into model nwt
I0608 16:26:00.930359 213340160 processor.cc:292] Processor: complete processing batch 7e6efff3-eddc-4ebd-859f-7d17bf64f856 into model nwt
I0608 16:26:00.930603 213340160 cuckoo_watch.h:45] 3ms in ProcessBatch(bathces_data/aaaaao.batch) [including 0ms in LoadMessage; 0ms in InitializeTheta; 0ms in CreateRegularizerAgents; 0ms in InitializeSparseNdw; 2ms in InferThetaAndUpdateNwtSparse; 0ms in UpdateCacheEntry; 0ms in CalculateScore(^^^ItemsProcessedScore^^^); ]
I0608 16:26:00.931322 213340160 processor.cc:158] Processor: start processing batch 4494eee2-83f6-46be-bcab-dbd35bbaee48 into model nwt
I0608 16:26:00.933696 214949888 processor.cc:292] Processor: complete processing batch 1a4b5aa1-08f5-4bdd-a91f-9613f592603f into model nwt
I0608 16:26:00.934528 214949888 cuckoo_watch.h:45] 11ms in ProcessBatch(bathces_data/aaaafg.batch) [including 0ms in LoadMessage; 0ms in InitializeTheta; 0ms in CreateRegularizerAgents; 0ms in InitializeSparseNdw; 7ms in InferThetaAndUpdateNwtSparse; 0ms in UpdateCacheEntry; 1ms in CalculateScore(^^^ItemsProcessedScore^^^); ]
I0608 16:26:00.935192 214949888 processor.cc:158] Processor: start processing batch 90157bc0-fc10-4c92-b3a2-f6fa4e6803d4 into model nwt
I0608 16:26:00.936343 213340160 processor.cc:292] Processor: complete processing batch 4494eee2-83f6-46be-bcab-dbd35bbaee48 into model nwt
I0608 16:26:00.936661 213340160 cuckoo_watch.h:45] 5ms in ProcessBatch(bathces_data/aaaacp.batch) [including 0ms in LoadMessage; 0ms in InitializeTheta; 0ms in CreateRegularizerAgents; 0ms in InitializeSparseNdw; 3ms in InferThetaAndUpdateNwtSparse; 0ms in UpdateCacheEntry; 0ms in CalculateScore(^^^ItemsProcessedScore^^^); ]
I0608 16:26:00.937115 213340160 processor.cc:158] Processor: start processing batch 29dcd187-defd-4a36-ac5b-411efabd6d51 into model nwt
I0608 16:26:00.939812 213340160 processor.cc:292] Processor: complete processing batch 29dcd187-defd-4a36-ac5b-411efabd6d51 into model nwt
I0608 16:26:00.940040 213340160 cuckoo_watch.h:45] 3ms in ProcessBatch(bathces_data/aaaagn.batch) [including 0ms in LoadMessage; 0ms in InitializeTheta; 0ms in CreateRegularizerAgents; 0ms in InitializeSparseNdw; 2ms in InferThetaAndUpdateNwtSparse; 0ms in UpdateCacheEntry; 0ms in CalculateScore(^^^ItemsProcessedScore^^^); ]
I0608 16:26:00.940335 214949888 processor.cc:292] Processor: complete processing batch 90157bc0-fc10-4c92-b3a2-f6fa4e6803d4 into model nwt
I0608 16:26:00.940608 213340160 processor.cc:158] Processor: start processing batch 74d7390f-c7f1-49a0-9e67-853a908aae82 into model nwt
I0608 16:26:00.940650 214949888 cuckoo_watch.h:45] 6ms in ProcessBatch(bathces_data/aaaack.batch) [including 0ms in LoadMessage; 0ms in InitializeTheta; 0ms in CreateRegularizerAgents; 0ms in InitializeSparseNdw; 3ms in InferThetaAndUpdateNwtSparse; 0ms in UpdateCacheEntry; 1ms in CalculateScore(^^^ItemsProcessedScore^^^); ]
I0608 16:26:00.941987 214949888 processor.cc:158] Processor: start processing batch 239d0d90-9373-47f5-9484-a8dd42c61c27 into model nwt
I0608 16:26:00.943802 214413312 processor.cc:292] Processor: complete processing batch 194ae328-ef87-4421-bc06-813c3cabd6a6 into model nwt
I0608 16:26:00.943871 213340160 processor.cc:292] Processor: complete processing batch 74d7390f-c7f1-49a0-9e67-853a908aae82 into model nwt
I0608 16:26:00.944120 213340160 cuckoo_watch.h:45] 4ms in ProcessBatch(bathces_data/aaaadc.batch) [including 0ms in LoadMessage; 0ms in InitializeTheta; 0ms in CreateRegularizerAgents; 0ms in InitializeSparseNdw; 2ms in InferThetaAndUpdateNwtSparse; 0ms in UpdateCacheEntry; 0ms in CalculateScore(^^^ItemsProcessedScore^^^); ]
I0608 16:26:00.944394 214413312 cuckoo_watch.h:45] 16ms in ProcessBatch(bathces_data/aaaaej.batch) [including 1ms in LoadMessage; 0ms in InitializeTheta; 0ms in CreateRegularizerAgents; 0ms in InitializeSparseNdw; 11ms in InferThetaAndUpdateNwtSparse; 0ms in UpdateCacheEntry; 2ms in CalculateScore(^^^ItemsProcessedScore^^^); ]
I0608 16:26:00.944619 213340160 processor.cc:158] Processor: start processing batch 5d4d5162-d67b-4a57-9b5c-c9261fe184dd into model nwt
I0608 16:26:00.945720 214413312 processor.cc:158] Processor: start processing batch 5cf3a7c7-538a-41e1-a5be-190f4167aa27 into model nwt
I0608 16:26:00.946563 213340160 processor.cc:292] Processor: complete processing batch 5d4d5162-d67b-4a57-9b5c-c9261fe184dd into model nwt
I0608 16:26:00.946766 213340160 cuckoo_watch.h:45] 2ms in ProcessBatch(bathces_data/aaaada.batch) [including 0ms in LoadMessage; 0ms in InitializeTheta; 0ms in CreateRegularizerAgents; 0ms in InitializeSparseNdw; 1ms in InferThetaAndUpdateNwtSparse; 0ms in UpdateCacheEntry; 0ms in CalculateScore(^^^ItemsProcessedScore^^^); ]
I0608 16:26:00.947357 213340160 processor.cc:158] Processor: start processing batch 61a11858-2a17-4108-96df-dee8b611f16a into model nwt
I0608 16:26:00.952039 213340160 processor.cc:292] Processor: complete processing batch 61a11858-2a17-4108-96df-dee8b611f16a into model nwt
I0608 16:26:00.952334 213340160 cuckoo_watch.h:45] 5ms in ProcessBatch(bathces_data/aaaacr.batch) [including 0ms in LoadMessage; 0ms in InitializeTheta; 0ms in CreateRegularizerAgents; 0ms in InitializeSparseNdw; 3ms in InferThetaAndUpdateNwtSparse; 0ms in UpdateCacheEntry; 0ms in CalculateScore(^^^ItemsProcessedScore^^^); ]
I0608 16:26:00.952872 213876736 processor.cc:292] Processor: complete processing batch c0aa49fe-0090-495a-b259-f1d2d33431f7 into model nwt
I0608 16:26:00.953003 213340160 processor.cc:158] Processor: start processing batch ede80ecb-ce7b-4cc1-a0b8-73d9bb0b0dfe into model nwt
I0608 16:26:00.954838 213876736 cuckoo_watch.h:45] 28ms in ProcessBatch(bathces_data/aaaaeq.batch) [including 1ms in LoadMessage; 0ms in InitializeTheta; 0ms in CreateRegularizerAgents; 0ms in InitializeSparseNdw; 21ms in InferThetaAndUpdateNwtSparse; 0ms in UpdateCacheEntry; 2ms in CalculateScore(^^^ItemsProcessedScore^^^); ]
I0608 16:26:00.955214 213876736 processor.cc:158] Processor: start processing batch fe9456df-7d0a-46ba-8c0a-2ab3f279c4ff into model nwt
I0608 16:26:00.957504 213876736 processor.cc:292] Processor: complete processing batch fe9456df-7d0a-46ba-8c0a-2ab3f279c4ff into model nwt
I0608 16:26:00.957705 213876736 cuckoo_watch.h:45] 2ms in ProcessBatch(bathces_data/aaaagl.batch) [including 0ms in LoadMessage; 0ms in InitializeTheta; 0ms in CreateRegularizerAgents; 0ms in InitializeSparseNdw; 1ms in InferThetaAndUpdateNwtSparse; 0ms in UpdateCacheEntry; 0ms in CalculateScore(^^^ItemsProcessedScore^^^); ]
I0608 16:26:00.957796 214949888 processor.cc:292] Processor: complete processing batch 239d0d90-9373-47f5-9484-a8dd42c61c27 into model nwt
I0608 16:26:00.958357 214949888 cuckoo_watch.h:45] 17ms in ProcessBatch(bathces_data/aaaadx.batch) [including 1ms in LoadMessage; 0ms in InitializeTheta; 0ms in CreateRegularizerAgents; 0ms in InitializeSparseNdw; 13ms in InferThetaAndUpdateNwtSparse; 0ms in UpdateCacheEntry; 1ms in CalculateScore(^^^ItemsProcessedScore^^^); ]
I0608 16:26:00.958398 213876736 processor.cc:158] Processor: start processing batch 448072bd-14a7-4a48-8640-b3c4a8e4cb8e into model nwt
I0608 16:26:00.958693 213340160 processor.cc:292] Processor: complete processing batch ede80ecb-ce7b-4cc1-a0b8-73d9bb0b0dfe into model nwt
I0608 16:26:00.959559 213340160 cuckoo_watch.h:45] 7ms in ProcessBatch(bathces_data/aaaaci.batch) [including 0ms in LoadMessage; 0ms in InitializeTheta; 0ms in CreateRegularizerAgents; 0ms in InitializeSparseNdw; 4ms in InferThetaAndUpdateNwtSparse; 0ms in UpdateCacheEntry; 1ms in CalculateScore(^^^ItemsProcessedScore^^^); ]
I0608 16:26:00.959856 214949888 processor.cc:158] Processor: start processing batch 18ceded7-fc6f-462a-af65-0e7926d8a8d8 into model nwt
I0608 16:26:00.960052 213340160 processor.cc:158] Processor: start processing batch b0e3fcf2-cb9d-45c0-b7d5-484d8c76f939 into model nwt
I0608 16:26:00.962411 213876736 processor.cc:292] Processor: complete processing batch 448072bd-14a7-4a48-8640-b3c4a8e4cb8e into model nwt
I0608 16:26:00.962709 213876736 cuckoo_watch.h:45] 4ms in ProcessBatch(bathces_data/aaaaav.batch) [including 0ms in LoadMessage; 0ms in InitializeTheta; 0ms in CreateRegularizerAgents; 0ms in InitializeSparseNdw; 3ms in InferThetaAndUpdateNwtSparse; 0ms in UpdateCacheEntry; 0ms in CalculateScore(^^^ItemsProcessedScore^^^); ]
I0608 16:26:00.963510 213340160 processor.cc:292] Processor: complete processing batch b0e3fcf2-cb9d-45c0-b7d5-484d8c76f939 into model nwt
I0608 16:26:00.963819 213340160 cuckoo_watch.h:45] 4ms in ProcessBatch(bathces_data/aaaaam.batch) [including 0ms in LoadMessage; 0ms in InitializeTheta; 0ms in CreateRegularizerAgents; 0ms in InitializeSparseNdw; 2ms in InferThetaAndUpdateNwtSparse; 0ms in UpdateCacheEntry; 0ms in CalculateScore(^^^ItemsProcessedScore^^^); ]
I0608 16:26:00.964056 213876736 processor.cc:158] Processor: start processing batch 0b89f978-a324-41d6-b297-8b1d75200b20 into model nwt
I0608 16:26:00.965051 213340160 processor.cc:158] Processor: start processing batch 20115902-1508-4a8f-bc06-7f466b4e18c9 into model nwt
I0608 16:26:00.965955 214413312 processor.cc:292] Processor: complete processing batch 5cf3a7c7-538a-41e1-a5be-190f4167aa27 into model nwt
I0608 16:26:00.966688 214413312 cuckoo_watch.h:45] 22ms in ProcessBatch(bathces_data/aaaadz.batch) [including 1ms in LoadMessage; 0ms in InitializeTheta; 0ms in CreateRegularizerAgents; 0ms in InitializeSparseNdw; 17ms in InferThetaAndUpdateNwtSparse; 0ms in UpdateCacheEntry; 2ms in CalculateScore(^^^ItemsProcessedScore^^^); ]
I0608 16:26:00.967042 214413312 processor.cc:158] Processor: start processing batch 522cf78c-8709-4020-85d9-aa7dd10b7cc1 into model nwt
I0608 16:26:00.968415 214413312 processor.cc:292] Processor: complete processing batch 522cf78c-8709-4020-85d9-aa7dd10b7cc1 into model nwt
I0608 16:26:00.968550 214413312 cuckoo_watch.h:45] 1ms in ProcessBatch(bathces_data/aaaaai.batch) [including 0ms in LoadMessage; 0ms in InitializeTheta; 0ms in CreateRegularizerAgents; 0ms in InitializeSparseNdw; 1ms in InferThetaAndUpdateNwtSparse; 0ms in UpdateCacheEntry; 0ms in CalculateScore(^^^ItemsProcessedScore^^^); ]
I0608 16:26:00.969810 214413312 processor.cc:158] Processor: start processing batch 29fad9d0-bde0-4de3-a417-1c3bd8749892 into model nwt
I0608 16:26:00.971268 214949888 processor.cc:292] Processor: complete processing batch 18ceded7-fc6f-462a-af65-0e7926d8a8d8 into model nwt
I0608 16:26:00.971920 214949888 cuckoo_watch.h:45] 13ms in ProcessBatch(bathces_data/aaaaes.batch) [including 1ms in LoadMessage; 0ms in InitializeTheta; 0ms in CreateRegularizerAgents; 0ms in InitializeSparseNdw; 8ms in InferThetaAndUpdateNwtSparse; 0ms in UpdateCacheEntry; 2ms in CalculateScore(^^^ItemsProcessedScore^^^); ]
I0608 16:26:00.972386 214949888 processor.cc:158] Processor: start processing batch 859c0425-0c05-4f33-b63b-76300cc75ef1 into model nwt
I0608 16:26:00.975407 214949888 processor.cc:292] Processor: complete processing batch 859c0425-0c05-4f33-b63b-76300cc75ef1 into model nwt
I0608 16:26:00.975628 214949888 cuckoo_watch.h:45] 3ms in ProcessBatch(bathces_data/aaaaar.batch) [including 0ms in LoadMessage; 0ms in InitializeTheta; 0ms in CreateRegularizerAgents; 0ms in InitializeSparseNdw; 2ms in InferThetaAndUpdateNwtSparse; 0ms in UpdateCacheEntry; 0ms in CalculateScore(^^^ItemsProcessedScore^^^); ]
I0608 16:26:00.976927 214949888 processor.cc:158] Processor: start processing batch cba4a017-127c-4990-ad88-8e24415296c3 into model nwt
I0608 16:26:00.976979 213876736 processor.cc:292] Processor: complete processing batch 0b89f978-a324-41d6-b297-8b1d75200b20 into model nwt
I0608 16:26:00.977660 213876736 cuckoo_watch.h:45] 14ms in ProcessBatch(bathces_data/aaaaeh.batch) [including 1ms in LoadMessage; 0ms in InitializeTheta; 0ms in CreateRegularizerAgents; 0ms in InitializeSparseNdw; 10ms in InferThetaAndUpdateNwtSparse; 0ms in UpdateCacheEntry; 2ms in CalculateScore(^^^ItemsProcessedScore^^^); ]
I0608 16:26:00.978451 213876736 processor.cc:158] Processor: start processing batch e62ce2fa-281e-4722-b9d7-996f672858e6 into model nwt
I0608 16:26:00.978516 213340160 processor.cc:292] Processor: complete processing batch 20115902-1508-4a8f-bc06-7f466b4e18c9 into model nwt
I0608 16:26:00.979156 213340160 cuckoo_watch.h:45] 15ms in ProcessBatch(bathces_data/aaaafe.batch) [including 1ms in LoadMessage; 0ms in InitializeTheta; 0ms in CreateRegularizerAgents; 0ms in InitializeSparseNdw; 10ms in InferThetaAndUpdateNwtSparse; 0ms in UpdateCacheEntry; 2ms in CalculateScore(^^^ItemsProcessedScore^^^); ]
I0608 16:26:00.980542 213340160 processor.cc:158] Processor: start processing batch 1a6231ef-bbaa-406b-b324-6f671471cb66 into model nwt
I0608 16:26:00.983094 214413312 processor.cc:292] Processor: complete processing batch 29fad9d0-bde0-4de3-a417-1c3bd8749892 into model nwt
I0608 16:26:00.983796 214413312 cuckoo_watch.h:45] 15ms in ProcessBatch(bathces_data/aaaael.batch) [including 1ms in LoadMessage; 0ms in InitializeTheta; 0ms in CreateRegularizerAgents; 0ms in InitializeSparseNdw; 10ms in InferThetaAndUpdateNwtSparse; 0ms in UpdateCacheEntry; 2ms in CalculateScore(^^^ItemsProcessedScore^^^); ]
I0608 16:26:00.984426 214413312 processor.cc:158] Processor: start processing batch 43f3072a-17fe-42af-bad9-689378df692e into model nwt
I0608 16:26:00.984683 213876736 processor.cc:292] Processor: complete processing batch e62ce2fa-281e-4722-b9d7-996f672858e6 into model nwt
I0608 16:26:00.985080 213876736 cuckoo_watch.h:45] 7ms in ProcessBatch(bathces_data/aaaafz.batch) [including 0ms in LoadMessage; 0ms in InitializeTheta; 0ms in CreateRegularizerAgents; 0ms in InitializeSparseNdw; 4ms in InferThetaAndUpdateNwtSparse; 0ms in UpdateCacheEntry; 1ms in CalculateScore(^^^ItemsProcessedScore^^^); ]
I0608 16:26:00.985704 213876736 processor.cc:158] Processor: start processing batch 9bb68c3a-a89c-4ee9-9ff9-c9a0b07be637 into model nwt
I0608 16:26:00.988487 214413312 processor.cc:292] Processor: complete processing batch 43f3072a-17fe-42af-bad9-689378df692e into model nwt
I0608 16:26:00.988788 214413312 cuckoo_watch.h:45] 4ms in ProcessBatch(bathces_data/aaaabd.batch) [including 0ms in LoadMessage; 0ms in InitializeTheta; 0ms in CreateRegularizerAgents; 0ms in InitializeSparseNdw; 3ms in InferThetaAndUpdateNwtSparse; 0ms in UpdateCacheEntry; 0ms in CalculateScore(^^^ItemsProcessedScore^^^); ]
I0608 16:26:00.990244 214949888 processor.cc:292] Processor: complete processing batch cba4a017-127c-4990-ad88-8e24415296c3 into model nwt
I0608 16:26:00.990345 213876736 processor.cc:292] Processor: complete processing batch 9bb68c3a-a89c-4ee9-9ff9-c9a0b07be637 into model nwt
I0608 16:26:00.990655 213876736 cuckoo_watch.h:45] 5ms in ProcessBatch(bathces_data/aaaade.batch) [including 0ms in LoadMessage; 0ms in InitializeTheta; 0ms in CreateRegularizerAgents; 0ms in InitializeSparseNdw; 3ms in InferThetaAndUpdateNwtSparse; 0ms in UpdateCacheEntry; 0ms in CalculateScore(^^^ItemsProcessedScore^^^); ]
I0608 16:26:00.990978 214949888 cuckoo_watch.h:45] 15ms in ProcessBatch(bathces_data/aaaaew.batch) [including 1ms in LoadMessage; 0ms in InitializeTheta; 0ms in CreateRegularizerAgents; 0ms in InitializeSparseNdw; 10ms in InferThetaAndUpdateNwtSparse; 0ms in UpdateCacheEntry; 2ms in CalculateScore(^^^ItemsProcessedScore^^^); ]
I0608 16:26:00.991331 213876736 processor.cc:158] Processor: start processing batch 602366fe-c2ef-4543-bb0f-b0e0a206f27f into model nwt
I0608 16:26:00.991346 214949888 processor.cc:158] Processor: start processing batch 343cc4fc-8d44-4a66-885a-9661176f1137 into model nwt
I0608 16:26:00.993254 214413312 processor.cc:158] Processor: start processing batch 2fef437b-0a74-4998-81f8-2c1dfa93ff6a into model nwt
I0608 16:26:00.993348 214949888 processor.cc:292] Processor: complete processing batch 343cc4fc-8d44-4a66-885a-9661176f1137 into model nwt
