I0608 16:26:02.546387 213340160 processor.cc:292] Processor: complete processing batch 90157bc0-fc10-4c92-b3a2-f6fa4e6803d4 into model nwt
I0608 16:26:02.547827 213340160 cuckoo_watch.h:45] 11ms in ProcessBatch(bathces_data/aaaack.batch) [including 0ms in LoadMessage; 0ms in InitializeTheta; 0ms in CreateRegularizerAgents; 0ms in InitializeSparseNdw; 6ms in InferThetaAndUpdateNwtSparse; 0ms in UpdateCacheEntry; 1ms in CalculateScore(^^^ItemsProcessedScore^^^); ]
I0608 16:26:02.549207 214949888 processor.cc:292] Processor: complete processing batch 194ae328-ef87-4421-bc06-813c3cabd6a6 into model nwt
I0608 16:26:02.549221 213340160 processor.cc:158] Processor: start processing batch 239d0d90-9373-47f5-9484-a8dd42c61c27 into model nwt
I0608 16:26:02.549656 213876736 processor.cc:292] Processor: complete processing batch c0aa49fe-0090-495a-b259-f1d2d33431f7 into model nwt
I0608 16:26:02.550026 214949888 cuckoo_watch.h:45] 19ms in ProcessBatch(bathces_data/aaaaej.batch) [including 1ms in LoadMessage; 0ms in InitializeTheta; 0ms in CreateRegularizerAgents; 0ms in InitializeSparseNdw; 12ms in InferThetaAndUpdateNwtSparse; 0ms in UpdateCacheEntry; 4ms in CalculateScore(^^^ItemsProcessedScore^^^); ]
I0608 16:26:02.550642 214949888 processor.cc:158] Processor: start processing batch 5d4d5162-d67b-4a57-9b5c-c9261fe184dd into model nwt
I0608 16:26:02.550670 214413312 processor.cc:292] Processor: complete processing batch 74d7390f-c7f1-49a0-9e67-853a908aae82 into model nwt
I0608 16:26:02.551060 214413312 cuckoo_watch.h:45] 5ms in ProcessBatch(bathces_data/aaaadc.batch) [including 0ms in LoadMessage; 0ms in InitializeTheta; 0ms in CreateRegularizerAgents; 0ms in InitializeSparseNdw; 3ms in InferThetaAndUpdateNwtSparse; 0ms in UpdateCacheEntry; 0ms in CalculateScore(^^^ItemsProcessedScore^^^); ]
I0608 16:26:02.552423 213876736 cuckoo_watch.h:45] 22ms in ProcessBatch(bathces_data/aaaaeq.batch) [including 1ms in LoadMessage; 0ms in InitializeTheta; 0ms in CreateRegularizerAgents; 0ms in InitializeSparseNdw; 13ms in InferThetaAndUpdateNwtSparse; 0ms in UpdateCacheEntry; 4ms in CalculateScore(^^^ItemsProcessedScore^^^); ]
I0608 16:26:02.552963 214949888 processor.cc:292] Processor: complete processing batch 5d4d5162-d67b-4a57-9b5c-c9261fe184dd into model nwt
I0608 16:26:02.553071 213876736 processor.cc:158] Processor: start processing batch 61a11858-2a17-4108-96df-dee8b611f16a into model nwt
I0608 16:26:02.553153 214949888 cuckoo_watch.h:45] 3ms in ProcessBatch(bathces_data/aaaada.batch) [including 0ms in LoadMessage; 0ms in InitializeTheta; 0ms in CreateRegularizerAgents; 0ms in InitializeSparseNdw; 1ms in InferThetaAndUpdateNwtSparse; 0ms in UpdateCacheEntry; 0ms in CalculateScore(^^^ItemsProcessedScore^^^); ]
I0608 16:26:02.553305 214413312 processor.cc:158] Processor: start processing batch 5cf3a7c7-538a-41e1-a5be-190f4167aa27 into model nwt
I0608 16:26:02.553802 214949888 processor.cc:158] Processor: start processing batch ede80ecb-ce7b-4cc1-a0b8-73d9bb0b0dfe into model nwt
I0608 16:26:02.558467 213876736 processor.cc:292] Processor: complete processing batch 61a11858-2a17-4108-96df-dee8b611f16a into model nwt
I0608 16:26:02.558892 213876736 cuckoo_watch.h:45] 6ms in ProcessBatch(bathces_data/aaaacr.batch) [including 0ms in LoadMessage; 0ms in InitializeTheta; 0ms in CreateRegularizerAgents; 0ms in InitializeSparseNdw; 4ms in InferThetaAndUpdateNwtSparse; 0ms in UpdateCacheEntry; 0ms in CalculateScore(^^^ItemsProcessedScore^^^); ]
I0608 16:26:02.559228 214949888 processor.cc:292] Processor: complete processing batch ede80ecb-ce7b-4cc1-a0b8-73d9bb0b0dfe into model nwt
I0608 16:26:02.559326 213876736 processor.cc:158] Processor: start processing batch fe9456df-7d0a-46ba-8c0a-2ab3f279c4ff into model nwt
I0608 16:26:02.559566 214949888 cuckoo_watch.h:45] 6ms in ProcessBatch(bathces_data/aaaaci.batch) [including 0ms in LoadMessage; 0ms in InitializeTheta; 0ms in CreateRegularizerAgents; 0ms in InitializeSparseNdw; 4ms in InferThetaAndUpdateNwtSparse; 0ms in UpdateCacheEntry; 1ms in CalculateScore(^^^ItemsProcessedScore^^^); ]
I0608 16:26:02.560118 214949888 processor.cc:158] Processor: start processing batch 448072bd-14a7-4a48-8640-b3c4a8e4cb8e into model nwt
I0608 16:26:02.566876 214949888 processor.cc:292] Processor: complete processing batch 448072bd-14a7-4a48-8640-b3c4a8e4cb8e into model nwt
I0608 16:26:02.567467 214949888 cuckoo_watch.h:45] 7ms in ProcessBatch(bathces_data/aaaaav.batch) [including 0ms in LoadMessage; 0ms in InitializeTheta; 0ms in CreateRegularizerAgents; 0ms in InitializeSparseNdw; 4ms in InferThetaAndUpdateNwtSparse; 0ms in UpdateCacheEntry; 2ms in CalculateScore(^^^ItemsProcessedScore^^^); ]
I0608 16:26:02.568238 213340160 processor.cc:292] Processor: complete processing batch 239d0d90-9373-47f5-9484-a8dd42c61c27 into model nwt
I0608 16:26:02.568758 213876736 processor.cc:292] Processor: complete processing batch fe9456df-7d0a-46ba-8c0a-2ab3f279c4ff into model nwt
I0608 16:26:02.569178 213340160 cuckoo_watch.h:45] 21ms in ProcessBatch(bathces_data/aaaadx.batch) [including 1ms in LoadMessage; 0ms in InitializeTheta; 0ms in CreateRegularizerAgents; 0ms in InitializeSparseNdw; 14ms in InferThetaAndUpdateNwtSparse; 0ms in UpdateCacheEntry; 4ms in CalculateScore(^^^ItemsProcessedScore^^^); ]
I0608 16:26:02.569247 213876736 cuckoo_watch.h:45] 10ms in ProcessBatch(bathces_data/aaaagl.batch) [including 0ms in LoadMessage; 0ms in InitializeTheta; 0ms in CreateRegularizerAgents; 0ms in InitializeSparseNdw; 8ms in InferThetaAndUpdateNwtSparse; 0ms in UpdateCacheEntry; 0ms in CalculateScore(^^^ItemsProcessedScore^^^); ]
I0608 16:26:02.569761 213340160 processor.cc:158] Processor: start processing batch b0e3fcf2-cb9d-45c0-b7d5-484d8c76f939 into model nwt
I0608 16:26:02.570538 213876736 processor.cc:158] Processor: start processing batch 0b89f978-a324-41d6-b297-8b1d75200b20 into model nwt
I0608 16:26:02.572072 214949888 processor.cc:158] Processor: start processing batch 18ceded7-fc6f-462a-af65-0e7926d8a8d8 into model nwt
I0608 16:26:02.573724 213340160 processor.cc:292] Processor: complete processing batch b0e3fcf2-cb9d-45c0-b7d5-484d8c76f939 into model nwt
I0608 16:26:02.573976 213340160 cuckoo_watch.h:45] 4ms in ProcessBatch(bathces_data/aaaaam.batch) [including 0ms in LoadMessage; 0ms in InitializeTheta; 0ms in CreateRegularizerAgents; 0ms in InitializeSparseNdw; 2ms in InferThetaAndUpdateNwtSparse; 0ms in UpdateCacheEntry; 0ms in CalculateScore(^^^ItemsProcessedScore^^^); ]
I0608 16:26:02.574486 214413312 processor.cc:292] Processor: complete processing batch 5cf3a7c7-538a-41e1-a5be-190f4167aa27 into model nwt
I0608 16:26:02.575246 214413312 cuckoo_watch.h:45] 24ms in ProcessBatch(bathces_data/aaaadz.batch) [including 2ms in LoadMessage; 0ms in InitializeTheta; 0ms in CreateRegularizerAgents; 0ms in InitializeSparseNdw; 15ms in InferThetaAndUpdateNwtSparse; 0ms in UpdateCacheEntry; 5ms in CalculateScore(^^^ItemsProcessedScore^^^); ]
I0608 16:26:02.575724 213340160 processor.cc:158] Processor: start processing batch 20115902-1508-4a8f-bc06-7f466b4e18c9 into model nwt
I0608 16:26:02.575811 214413312 processor.cc:158] Processor: start processing batch 522cf78c-8709-4020-85d9-aa7dd10b7cc1 into model nwt
I0608 16:26:02.578457 214413312 processor.cc:292] Processor: complete processing batch 522cf78c-8709-4020-85d9-aa7dd10b7cc1 into model nwt
I0608 16:26:02.578637 214413312 cuckoo_watch.h:45] 3ms in ProcessBatch(bathces_data/aaaaai.batch) [including 0ms in LoadMessage; 0ms in InitializeTheta; 0ms in CreateRegularizerAgents; 0ms in InitializeSparseNdw; 2ms in InferThetaAndUpdateNwtSparse; 0ms in UpdateCacheEntry; 0ms in CalculateScore(^^^ItemsProcessedScore^^^); ]
I0608 16:26:02.580284 214413312 processor.cc:158] Processor: start processing batch 29fad9d0-bde0-4de3-a417-1c3bd8749892 into model nwt
I0608 16:26:02.586385 213876736 processor.cc:292] Processor: complete processing batch 0b89f978-a324-41d6-b297-8b1d75200b20 into model nwt
I0608 16:26:02.588848 214949888 processor.cc:292] Processor: complete processing batch 18ceded7-fc6f-462a-af65-0e7926d8a8d8 into model nwt
I0608 16:26:02.589165 213876736 cuckoo_watch.h:45] 19ms in ProcessBatch(bathces_data/aaaaeh.batch) [including 1ms in LoadMessage; 0ms in InitializeTheta; 0ms in CreateRegularizerAgents; 1ms in InitializeSparseNdw; 12ms in InferThetaAndUpdateNwtSparse; 0ms in UpdateCacheEntry; 2ms in CalculateScore(^^^ItemsProcessedScore^^^); ]
I0608 16:26:02.589682 213876736 processor.cc:158] Processor: start processing batch 859c0425-0c05-4f33-b63b-76300cc75ef1 into model nwt
I0608 16:26:02.590250 214949888 cuckoo_watch.h:45] 22ms in ProcessBatch(bathces_data/aaaaes.batch) [including 4ms in LoadMessage; 0ms in InitializeTheta; 0ms in CreateRegularizerAgents; 0ms in InitializeSparseNdw; 13ms in InferThetaAndUpdateNwtSparse; 0ms in UpdateCacheEntry; 2ms in CalculateScore(^^^ItemsProcessedScore^^^); ]
I0608 16:26:02.592000 214949888 processor.cc:158] Processor: start processing batch cba4a017-127c-4990-ad88-8e24415296c3 into model nwt
I0608 16:26:02.592777 213340160 processor.cc:292] Processor: complete processing batch 20115902-1508-4a8f-bc06-7f466b4e18c9 into model nwt
I0608 16:26:02.593914 213340160 cuckoo_watch.h:45] 19ms in ProcessBatch(bathces_data/aaaafe.batch) [including 1ms in LoadMessage; 0ms in InitializeTheta; 0ms in CreateRegularizerAgents; 0ms in InitializeSparseNdw; 13ms in InferThetaAndUpdateNwtSparse; 0ms in UpdateCacheEntry; 3ms in CalculateScore(^^^ItemsProcessedScore^^^); ]
I0608 16:26:02.594328 213876736 processor.cc:292] Processor: complete processing batch 859c0425-0c05-4f33-b63b-76300cc75ef1 into model nwt
I0608 16:26:02.594588 213876736 cuckoo_watch.h:45] 5ms in ProcessBatch(bathces_data/aaaaar.batch) [including 0ms in LoadMessage; 0ms in InitializeTheta; 0ms in CreateRegularizerAgents; 0ms in InitializeSparseNdw; 3ms in InferThetaAndUpdateNwtSparse; 0ms in UpdateCacheEntry; 0ms in CalculateScore(^^^ItemsProcessedScore^^^); ]
I0608 16:26:02.594691 213340160 processor.cc:158] Processor: start processing batch e62ce2fa-281e-4722-b9d7-996f672858e6 into model nwt
I0608 16:26:02.596172 213876736 processor.cc:158] Processor: start processing batch 1a6231ef-bbaa-406b-b324-6f671471cb66 into model nwt
I0608 16:26:02.596604 214413312 processor.cc:292] Processor: complete processing batch 29fad9d0-bde0-4de3-a417-1c3bd8749892 into model nwt
I0608 16:26:02.597213 214413312 cuckoo_watch.h:45] 18ms in ProcessBatch(bathces_data/aaaael.batch) [including 1ms in LoadMessage; 0ms in InitializeTheta; 0ms in CreateRegularizerAgents; 0ms in InitializeSparseNdw; 13ms in InferThetaAndUpdateNwtSparse; 0ms in UpdateCacheEntry; 2ms in CalculateScore(^^^ItemsProcessedScore^^^); ]
I0608 16:26:02.597764 214413312 processor.cc:158] Processor: start processing batch 43f3072a-17fe-42af-bad9-689378df692e into model nwt
I0608 16:26:02.602154 214413312 processor.cc:292] Processor: complete processing batch 43f3072a-17fe-42af-bad9-689378df692e into model nwt
I0608 16:26:02.602341 213340160 processor.cc:292] Processor: complete processing batch e62ce2fa-281e-4722-b9d7-996f672858e6 into model nwt
I0608 16:26:02.602432 214413312 cuckoo_watch.h:45] 5ms in ProcessBatch(bathces_data/aaaabd.batch) [including 0ms in LoadMessage; 0ms in InitializeTheta; 0ms in CreateRegularizerAgents; 0ms in InitializeSparseNdw; 3ms in InferThetaAndUpdateNwtSparse; 0ms in UpdateCacheEntry; 0ms in CalculateScore(^^^ItemsProcessedScore^^^); ]
I0608 16:26:02.602746 213340160 cuckoo_watch.h:45] 8ms in ProcessBatch(bathces_data/aaaafz.batch) [including 0ms in LoadMessage; 0ms in InitializeTheta; 0ms in CreateRegularizerAgents; 0ms in InitializeSparseNdw; 6ms in InferThetaAndUpdateNwtSparse; 0ms in UpdateCacheEntry; 1ms in CalculateScore(^^^ItemsProcessedScore^^^); ]
I0608 16:26:02.603085 214413312 processor.cc:158] Processor: start processing batch 9bb68c3a-a89c-4ee9-9ff9-c9a0b07be637 into model nwt
I0608 16:26:02.603358 213340160 processor.cc:158] Processor: start processing batch 602366fe-c2ef-4543-bb0f-b0e0a206f27f into model nwt
I0608 16:26:02.608615 214949888 processor.cc:292] Processor: complete processing batch cba4a017-127c-4990-ad88-8e24415296c3 into model nwt
I0608 16:26:02.608861 214413312 processor.cc:292] Processor: complete processing batch 9bb68c3a-a89c-4ee9-9ff9-c9a0b07be637 into model nwt
I0608 16:26:02.609203 214413312 cuckoo_watch.h:45] 6ms in ProcessBatch(bathces_data/aaaade.batch) [including 0ms in LoadMessage; 0ms in InitializeTheta; 0ms in CreateRegularizerAgents; 0ms in InitializeSparseNdw; 4ms in InferThetaAndUpdateNwtSparse; 0ms in UpdateCacheEntry; 1ms in CalculateScore(^^^ItemsProcessedScore^^^); ]
I0608 16:26:02.609340 213340160 processor.cc:292] Processor: complete processing batch 602366fe-c2ef-4543-bb0f-b0e0a206f27f into model nwt
I0608 16:26:02.610224 213340160 cuckoo_watch.h:45] 7ms in ProcessBatch(bathces_data/aaaacm.batch) [including 0ms in LoadMessage; 0ms in InitializeTheta; 0ms in CreateRegularizerAgents; 0ms in InitializeSparseNdw; 4ms in InferThetaAndUpdateNwtSparse; 0ms in UpdateCacheEntry; 0ms in CalculateScore(^^^ItemsProcessedScore^^^); ]
I0608 16:26:02.610493 214413312 processor.cc:158] Processor: start processing batch 343cc4fc-8d44-4a66-885a-9661176f1137 into model nwt
I0608 16:26:02.610666 214949888 cuckoo_watch.h:45] 20ms in ProcessBatch(bathces_data/aaaaew.batch) [including 1ms in LoadMessage; 0ms in InitializeTheta; 0ms in CreateRegularizerAgents; 0ms in InitializeSparseNdw; 11ms in InferThetaAndUpdateNwtSparse; 0ms in UpdateCacheEntry; 4ms in CalculateScore(^^^ItemsProcessedScore^^^); ]
I0608 16:26:02.610986 213340160 processor.cc:158] Processor: start processing batch 2fef437b-0a74-4998-81f8-2c1dfa93ff6a into model nwt
I0608 16:26:02.611654 214949888 processor.cc:158] Processor: start processing batch bee53a1d-7c6b-4f06-a5cf-0e6880b0dda2 into model nwt
I0608 16:26:02.612566 214413312 processor.cc:292] Processor: complete processing batch 343cc4fc-8d44-4a66-885a-9661176f1137 into model nwt
I0608 16:26:02.612753 214413312 cuckoo_watch.h:45] 3ms in ProcessBatch(bathces_data/aaaagh.batch) [including 0ms in LoadMessage; 0ms in InitializeTheta; 0ms in CreateRegularizerAgents; 0ms in InitializeSparseNdw; 1ms in InferThetaAndUpdateNwtSparse; 0ms in UpdateCacheEntry; 0ms in CalculateScore(^^^ItemsProcessedScore^^^); ]
I0608 16:26:02.613101 214413312 processor.cc:158] Processor: start processing batch 99b5c0a5-63b6-4921-b76e-70fbe6558d4d into model nwt
I0608 16:26:02.614091 213876736 processor.cc:292] Processor: complete processing batch 1a6231ef-bbaa-406b-b324-6f671471cb66 into model nwt
I0608 16:26:02.614830 214413312 processor.cc:292] Processor: complete processing batch 99b5c0a5-63b6-4921-b76e-70fbe6558d4d into model nwt
I0608 16:26:02.615053 214413312 cuckoo_watch.h:45] 2ms in ProcessBatch(bathces_data/aaaagj.batch) [including 0ms in LoadMessage; 0ms in InitializeTheta; 0ms in CreateRegularizerAgents; 0ms in InitializeSparseNdw; 1ms in InferThetaAndUpdateNwtSparse; 0ms in UpdateCacheEntry; 0ms in CalculateScore(^^^ItemsProcessedScore^^^); ]
I0608 16:26:02.615058 213876736 cuckoo_watch.h:45] 20ms in ProcessBatch(bathces_data/aaaafa.batch) [including 1ms in LoadMessage; 0ms in InitializeTheta; 0ms in CreateRegularizerAgents; 0ms in InitializeSparseNdw; 14ms in InferThetaAndUpdateNwtSparse; 0ms in UpdateCacheEntry; 2ms in CalculateScore(^^^ItemsProcessedScore^^^); ]
I0608 16:26:02.615468 213876736 processor.cc:158] Processor: start processing batch 55f6d00c-0988-4746-af87-1217b787c54a into model nwt
I0608 16:26:02.615831 214413312 processor.cc:158] Processor: start processing batch 9fe76b2d-bf28-4030-b0f0-6d48442cdd0a into model nwt
I0608 16:26:02.616796 213876736 processor.cc:292] Processor: complete processing batch 55f6d00c-0988-4746-af87-1217b787c54a into model nwt
I0608 16:26:02.616922 213876736 cuckoo_watch.h:45] 1ms in ProcessBatch(bathces_data/aaaagq.batch) [including 0ms in LoadMessage; 0ms in InitializeTheta; 0ms in CreateRegularizerAgents; 0ms in InitializeSparseNdw; 0ms in InferThetaAndUpdateNwtSparse; 0ms in UpdateCacheEntry; 0ms in CalculateScore(^^^ItemsProcessedScore^^^); ]
I0608 16:26:02.617170 213340160 processor.cc:292] Processor: complete processing batch 2fef437b-0a74-4998-81f8-2c1dfa93ff6a into model nwt
I0608 16:26:02.617790 213876736 processor.cc:158] Processor: start processing batch 8458efe2-ba21-4a2e-9590-9b4317a07417 into model nwt
I0608 16:26:02.618022 213340160 cuckoo_watch.h:45] 7ms in ProcessBatch(bathces_data/aaaacv.batch) [including 0ms in LoadMessage; 0ms in InitializeTheta; 0ms in CreateRegularizerAgents; 0ms in InitializeSparseNdw; 4ms in InferThetaAndUpdateNwtSparse; 0ms in UpdateCacheEntry; 1ms in CalculateScore(^^^ItemsProcessedScore^^^); ]
I0608 16:26:02.619020 213340160 processor.cc:158] Processor: start processing batch 38600b48-d791-4a49-a289-6e80f0f8447a into model nwt
I0608 16:26:02.619926 213876736 processor.cc:292] Processor: complete processing batch 8458efe2-ba21-4a2e-9590-9b4317a07417 into model nwt
I0608 16:26:02.620137 213876736 cuckoo_watch.h:45] 3ms in ProcessBatch(bathces_data/aaaadg.batch) [including 0ms in LoadMessage; 0ms in InitializeTheta; 0ms in CreateRegularizerAgents; 0ms in InitializeSparseNdw; 1ms in InferThetaAndUpdateNwtSparse; 0ms in UpdateCacheEntry; 0ms in CalculateScore(^^^ItemsProcessedScore^^^); ]
I0608 16:26:02.621402 213876736 processor.cc:158] Processor: start processing batch 36472727-4821-4fc1-8af6-62a226c9accd into model nwt
I0608 16:26:02.621997 214413312 processor.cc:292] Processor: complete processing batch 9fe76b2d-bf28-4030-b0f0-6d48442cdd0a into model nwt
I0608 16:26:02.622267 214949888 processor.cc:292] Processor: complete processing batch bee53a1d-7c6b-4f06-a5cf-0e6880b0dda2 into model nwt
I0608 16:26:02.622575 214413312 cuckoo_watch.h:45] 7ms in ProcessBatch(bathces_data/aaaact.batch) [including 0ms in LoadMessage; 0ms in InitializeTheta; 0ms in CreateRegularizerAgents; 0ms in InitializeSparseNdw; 4ms in InferThetaAndUpdateNwtSparse; 0ms in UpdateCacheEntry; 1ms in CalculateScore(^^^ItemsProcessedScore^^^); ]
I0608 16:26:02.622941 214949888 cuckoo_watch.h:45] 12ms in ProcessBatch(bathces_data/aaaaco.batch) [including 0ms in LoadMessage; 0ms in InitializeTheta; 0ms in CreateRegularizerAgents; 0ms in InitializeSparseNdw; 8ms in InferThetaAndUpdateNwtSparse; 0ms in UpdateCacheEntry; 2ms in CalculateScore(^^^ItemsProcessedScore^^^); ]
I0608 16:26:02.623121 214413312 processor.cc:158] Processor: start processing batch 8c76c09a-1c36-442b-9732-c2eb79e6cefa into model nwt
I0608 16:26:02.623790 214949888 processor.cc:158] Processor: start processing batch 06f6221f-93c5-4d12-89df-c5bfe348412f into model nwt
I0608 16:26:02.625957 214949888 processor.cc:292] Processor: complete processing batch 06f6221f-93c5-4d12-89df-c5bfe348412f into model nwt
I0608 16:26:02.626143 214949888 cuckoo_watch.h:45] 2ms in ProcessBatch(bathces_data/aaaaak.batch) [including 0ms in LoadMessage; 0ms in InitializeTheta; 0ms in CreateRegularizerAgents; 0ms in InitializeSparseNdw; 1ms in InferThetaAndUpdateNwtSparse; 0ms in UpdateCacheEntry; 0ms in CalculateScore(^^^ItemsProcessedScore^^^); ]
I0608 16:26:02.626787 214413312 processor.cc:292] Processor: complete processing batch 8c76c09a-1c36-442b-9732-c2eb79e6cefa into model nwt
I0608 16:26:02.627058 214413312 cuckoo_watch.h:45] 4ms in ProcessBatch(bathces_data/aaaabf.batch) [including 0ms in LoadMessage; 0ms in InitializeTheta; 0ms in CreateRegularizerAgents; 0ms in InitializeSparseNdw; 2ms in InferThetaAndUpdateNwtSparse; 0ms in UpdateCacheEntry; 0ms in CalculateScore(^^^ItemsProcessedScore^^^); ]
I0608 16:26:02.627362 214949888 processor.cc:158] Processor: start processing batch ea488b60-b88b-410e-a885-44a6dd3141ab into model nwt
I0608 16:26:02.627578 214413312 processor.cc:158] Processor: start processing batch da17d8de-47f5-41fc-a083-b459ce3ed339 into model nwt
I0608 16:26:02.630944 214413312 processor.cc:292] Processor: complete processing batch da17d8de-47f5-41fc-a083-b459ce3ed339 into model nwt
I0608 16:26:02.631217 214413312 cuckoo_watch.h:45] 4ms in ProcessBatch(bathces_data/aaaaap.batch) [including 0ms in LoadMessage; 0ms in InitializeTheta; 0ms in CreateRegularizerAgents; 0ms in InitializeSparseNdw; 2ms in InferThetaAndUpdateNwtSparse; 0ms in UpdateCacheEntry; 0ms in CalculateScore(^^^ItemsProcessedScore^^^); ]
I0608 16:26:02.632310 213340160 processor.cc:292] Processor: complete processing batch 38600b48-d791-4a49-a289-6e80f0f8447a into model nwt
I0608 16:26:02.632588 214413312 processor.cc:158] Processor: start processing batch 045b48bf-62a1-4883-b89c-8c2bca045d15 into model nwt
I0608 16:26:02.632819 213340160 cuckoo_watch.h:45] 14ms in ProcessBatch(bathces_data/aaaafx.batch) [including 0ms in LoadMessage; 0ms in InitializeTheta; 0ms in CreateRegularizerAgents; 0ms in InitializeSparseNdw; 10ms in InferThetaAndUpdateNwtSparse; 0ms in UpdateCacheEntry; 2ms in CalculateScore(^^^ItemsProcessedScore^^^); ]
I0608 16:26:02.633136 213340160 processor.cc:158] Processor: start processing batch 44ea1744-5064-49cd-bba7-8688fc0924cb into model nwt
I0608 16:26:02.634428 213340160 processor.cc:292] Processor: complete processing batch 44ea1744-5064-49cd-bba7-8688fc0924cb into model nwt
I0608 16:26:02.634553 213340160 cuckoo_watch.h:45] 1ms in ProcessBatch(bathces_data/aaaagm.batch) [including 0ms in LoadMessage; 0ms in InitializeTheta; 0ms in CreateRegularizerAgents; 0ms in InitializeSparseNdw; 0ms in InferThetaAndUpdateNwtSparse; 0ms in UpdateCacheEntry; 0ms in CalculateScore(^^^ItemsProcessedScore^^^); ]
I0608 16:26:02.635125 213340160 processor.cc:158] Processor: start processing batch db24eb5e-ff60-4bc0-b331-658fdf695c9f into model nwt
I0608 16:26:02.636783 213876736 processor.cc:292] Processor: complete processing batch 36472727-4821-4fc1-8af6-62a226c9accd into model nwt
I0608 16:26:02.637799 213876736 cuckoo_watch.h:45] 17ms in ProcessBatch(bathces_data/aaaafc.batch) [including 1ms in LoadMessage; 0ms in InitializeTheta; 0ms in CreateRegularizerAgents; 0ms in InitializeSparseNdw; 12ms in InferThetaAndUpdateNwtSparse; 0ms in UpdateCacheEntry; 2ms in CalculateScore(^^^ItemsProcessedScore^^^); ]
I0608 16:26:02.638527 213876736 processor.cc:158] Processor: start processing batch e5af00b7-298f-49c6-af40-8f160d1cf1f8 into model nwt
I0608 16:26:02.640327 213340160 processor.cc:292] Processor: complete processing batch db24eb5e-ff60-4bc0-b331-658fdf695c9f into model nwt
I0608 16:26:02.640666 213340160 cuckoo_watch.h:45] 6ms in ProcessBatch(bathces_data/aaaach.batch) [including 0ms in LoadMessage; 0ms in InitializeTheta; 0ms in CreateRegularizerAgents; 0ms in InitializeSparseNdw; 4ms in InferThetaAndUpdateNwtSparse; 0ms in UpdateCacheEntry; 0ms in CalculateScore(^^^ItemsProcessedScore^^^); ]
I0608 16:26:02.641180 213340160 processor.cc:158] Processor: start processing batch f376c2c0-f277-4c7b-ad27-73cd29d7e970 into model nwt
I0608 16:26:02.642315 214949888 processor.cc:292] Processor: complete processing batch ea488b60-b88b-410e-a885-44a6dd3141ab into model nwt
I0608 16:26:02.643007 214949888 cuckoo_watch.h:45] 16ms in ProcessBatch(bathces_data/aaaaen.batch) [including 1ms in LoadMessage; 0ms in InitializeTheta; 0ms in CreateRegularizerAgents; 0ms in InitializeSparseNdw; 12ms in InferThetaAndUpdateNwtSparse; 0ms in UpdateCacheEntry; 2ms in CalculateScore(^^^ItemsProcessedScore^^^); ]
I0608 16:26:02.643267 213876736 processor.cc:292] Processor: complete processing batch e5af00b7-298f-49c6-af40-8f160d1cf1f8 into model nwt
I0608 16:26:02.643944 213876736 cuckoo_watch.h:45] 6ms in ProcessBatch(bathces_data/aaaacs.batch) [including 0ms in LoadMessage; 0ms in InitializeTheta; 0ms in CreateRegularizerAgents; 1ms in InitializeSparseNdw; 2ms in InferThetaAndUpdateNwtSparse; 0ms in UpdateCacheEntry; 0ms in CalculateScore(^^^ItemsProcessedScore^^^); ]
I0608 16:26:02.644089 214949888 processor.cc:158] Processor: start processing batch 84eedbe8-7dfb-4185-9af1-99eff429d7f7 into model nwt
I0608 16:26:02.644433 213340160 processor.cc:292] Processor: complete processing batch f376c2c0-f277-4c7b-ad27-73cd29d7e970 into model nwt
I0608 16:26:02.644722 213340160 cuckoo_watch.h:45] 3ms in ProcessBatch(bathces_data/aaaabz.batch) [including 0ms in LoadMessage; 0ms in InitializeTheta; 0ms in CreateRegularizerAgents; 0ms in InitializeSparseNdw; 2ms in InferThetaAndUpdateNwtSparse; 0ms in UpdateCacheEntry; 0ms in CalculateScore(^^^ItemsProcessedScore^^^); ]
I0608 16:26:02.645197 213876736 processor.cc:158] Processor: start processing batch 60bed1b3-1def-412d-afeb-903dd8efd951 into model nwt
I0608 16:26:02.646595 213340160 processor.cc:158] Processor: start processing batch f547ef23-6eb7-4c3d-bd0b-34d94f6bd8ec into model nwt
I0608 16:26:02.647015 214949888 processor.cc:292] Processor: complete processing batch 84eedbe8-7dfb-4185-9af1-99eff429d7f7 into model nwt
I0608 16:26:02.647254 214949888 cuckoo_watch.h:45] 4ms in ProcessBatch(bathces_data/aaaaba.batch) [including 0ms in LoadMessage; 0ms in InitializeTheta; 0ms in CreateRegularizerAgents; 0ms in InitializeSparseNdw; 2ms in InferThetaAndUpdateNwtSparse; 0ms in UpdateCacheEntry; 0ms in CalculateScore(^^^ItemsProcessedScore^^^); ]
I0608 16:26:02.647627 214949888 processor.cc:158] Processor: start processing batch 2bda07ec-bcf8-4c0a-82f3-5f41c72e4f13 into model nwt
I0608 16:26:02.648048 214413312 processor.cc:292] Processor: complete processing batch 045b48bf-62a1-4883-b89c-8c2bca045d15 into model nwt
I0608 16:26:02.648712 214413312 cuckoo_watch.h:45] 17ms in ProcessBatch(bathces_data/aaaaeu.batch) [including 1ms in LoadMessage; 0ms in InitializeTheta; 0ms in CreateRegularizerAgents; 0ms in InitializeSparseNdw; 12ms in InferThetaAndUpdateNwtSparse; 0ms in UpdateCacheEntry; 2ms in CalculateScore(^^^ItemsProcessedScore^^^); ]
I0608 16:26:02.649111 214949888 processor.cc:292] Processor: complete processing batch 2bda07ec-bcf8-4c0a-82f3-5f41c72e4f13 into model nwt
I0608 16:26:02.649271 214949888 cuckoo_watch.h:45] 1ms in ProcessBatch(bathces_data/aaaaal.batch) [including 0ms in LoadMessage; 0ms in InitializeTheta; 0ms in CreateRegularizerAgents; 0ms in InitializeSparseNdw; 1ms in InferThetaAndUpdateNwtSparse; 0ms in UpdateCacheEntry; 0ms in CalculateScore(^^^ItemsProcessedScore^^^); ]
I0608 16:26:02.649747 214949888 processor.cc:158] Processor: start processing batch 58f31918-3d7a-40e2-803e-4aebc0b86fe0 into model nwt
I0608 16:26:02.650077 214413312 processor.cc:158] Processor: start processing batch 400162a5-6a8d-4f1b-a3fe-161ec6bdaa9f into model nwt
I0608 16:26:02.651958 214949888 processor.cc:292] Processor: complete processing batch 58f31918-3d7a-40e2-803e-4aebc0b86fe0 into model nwt
I0608 16:26:02.652130 214949888 cuckoo_watch.h:45] 2ms in ProcessBatch(bathces_data/aaaaaw.batch) [including 0ms in LoadMessage; 0ms in InitializeTheta; 0ms in CreateRegularizerAgents; 0ms in InitializeSparseNdw; 1ms in InferThetaAndUpdateNwtSparse; 0ms in UpdateCacheEntry; 0ms in CalculateScore(^^^ItemsProcessedScore^^^); ]
I0608 16:26:02.653429 214949888 processor.cc:158] Processor: start processing batch ffcce34f-0c74-471a-9704-961a40bf7607 into model nwt
I0608 16:26:02.658377 213876736 processor.cc:292] Processor: complete processing batch 60bed1b3-1def-412d-afeb-903dd8efd951 into model nwt
I0608 16:26:02.659529 213876736 cuckoo_watch.h:45] 15ms in ProcessBatch(bathces_data/aaaafd.batch) [including 1ms in LoadMessage; 0ms in InitializeTheta; 0ms in CreateRegularizerAgents; 0ms in InitializeSparseNdw; 10ms in InferThetaAndUpdateNwtSparse; 0ms in UpdateCacheEntry; 2ms in CalculateScore(^^^ItemsProcessedScore^^^); ]
I0608 16:26:02.660068 213876736 processor.cc:158] Processor: start processing batch 74bd3178-738c-4ba2-813a-d2d2d141da0c into model nwt
I0608 16:26:02.660975 213340160 processor.cc:292] Processor: complete processing batch f547ef23-6eb7-4c3d-bd0b-34d94f6bd8ec into model nwt
I0608 16:26:02.661552 213340160 cuckoo_watch.h:45] 16ms in ProcessBatch(bathces_data/aaaaei.batch) [including 1ms in LoadMessage; 0ms in InitializeTheta; 0ms in CreateRegularizerAgents; 0ms in InitializeSparseNdw; 10ms in InferThetaAndUpdateNwtSparse; 0ms in UpdateCacheEntry; 2ms in CalculateScore(^^^ItemsProcessedScore^^^); ]
I0608 16:26:02.662665 213340160 processor.cc:158] Processor: start processing batch 74e7d505-9518-44b0-ab82-143f219155f0 into model nwt
I0608 16:26:02.664937 213876736 processor.cc:292] Processor: complete processing batch 74bd3178-738c-4ba2-813a-d2d2d141da0c into model nwt
I0608 16:26:02.665546 213876736 cuckoo_watch.h:45] 5ms in ProcessBatch(bathces_data/aaaaan.batch) [including 0ms in LoadMessage; 0ms in InitializeTheta; 0ms in CreateRegularizerAgents; 0ms in InitializeSparseNdw; 4ms in InferThetaAndUpdateNwtSparse; 0ms in UpdateCacheEntry; 0ms in CalculateScore(^^^ItemsProcessedScore^^^); ]
I0608 16:26:02.666026 213876736 processor.cc:158] Processor: start processing batch cf3cbc34-5563-4dad-95a1-8b2e942d3334 into model nwt
I0608 16:26:02.666311 214949888 processor.cc:292] Processor: complete processing batch ffcce34f-0c74-471a-9704-961a40bf7607 into model nwt
I0608 16:26:02.667009 214949888 cuckoo_watch.h:45] 14ms in ProcessBatch(bathces_data/aaaaek.batch) [including 1ms in LoadMessage; 0ms in InitializeTheta; 0ms in CreateRegularizerAgents; 0ms in InitializeSparseNdw; 10ms in InferThetaAndUpdateNwtSparse; 0ms in UpdateCacheEntry; 2ms in CalculateScore(^^^ItemsProcessedScore^^^); ]
I0608 16:26:02.667430 214413312 processor.cc:292] Processor: complete processing batch 400162a5-6a8d-4f1b-a3fe-161ec6bdaa9f into model nwt
I0608 16:26:02.667466 214949888 processor.cc:158] Processor: start processing batch 15e652fd-1721-4f7a-825c-3bcef9138df2 into model nwt
I0608 16:26:02.668104 214413312 cuckoo_watch.h:45] 19ms in ProcessBatch(bathces_data/aaaaer.batch) [including 1ms in LoadMessage; 0ms in InitializeTheta; 0ms in CreateRegularizerAgents; 0ms in InitializeSparseNdw; 13ms in InferThetaAndUpdateNwtSparse; 0ms in UpdateCacheEntry; 3ms in CalculateScore(^^^ItemsProcessedScore^^^); ]
I0608 16:26:02.668588 214413312 processor.cc:158] Processor: start processing batch 62bdd13b-b9bc-468c-a9b5-693a4852e5fd into model nwt
I0608 16:26:02.668905 213876736 processor.cc:292] Processor: complete processing batch cf3cbc34-5563-4dad-95a1-8b2e942d3334 into model nwt
I0608 16:26:02.669162 213876736 cuckoo_watch.h:45] 3ms in ProcessBatch(bathces_data/aaaaau.batch) [including 0ms in LoadMessage; 0ms in InitializeTheta; 0ms in CreateRegularizerAgents; 0ms in InitializeSparseNdw; 2ms in InferThetaAndUpdateNwtSparse; 0ms in UpdateCacheEntry; 0ms in CalculateScore(^^^ItemsProcessedScore^^^); ]
I0608 16:26:02.670065 214949888 processor.cc:292] Processor: complete processing batch 15e652fd-1721-4f7a-825c-3bcef9138df2 into model nwt
I0608 16:26:02.670671 214949888 cuckoo_watch.h:45] 3ms in ProcessBatch(bathces_data/aaaabx.batch) [including 0ms in LoadMessage; 0ms in InitializeTheta; 0ms in CreateRegularizerAgents; 0ms in InitializeSparseNdw; 2ms in InferThetaAndUpdateNwtSparse; 0ms in UpdateCacheEntry; 0ms in CalculateScore(^^^ItemsProcessedScore^^^); ]
I0608 16:26:02.671128 213876736 processor.cc:158] Processor: start processing batch 6d6b6a8e-f799-49f3-a75c-7ba963a62cb7 into model nwt
I0608 16:26:02.673076 214949888 processor.cc:158] Processor: start processing batch 25429c28-2c6d-472a-91d1-e422fd399922 into model nwt
I0608 16:26:02.673312 214413312 processor.cc:292] Processor: complete processing batch 62bdd13b-b9bc-468c-a9b5-693a4852e5fd into model nwt
I0608 16:26:02.673677 214413312 cuckoo_watch.h:45] 5ms in ProcessBatch(bathces_data/aaaabc.batch) [including 0ms in LoadMessage; 0ms in InitializeTheta; 0ms in CreateRegularizerAgents; 0ms in InitializeSparseNdw; 3ms in InferThetaAndUpdateNwtSparse; 0ms in UpdateCacheEntry; 0ms in CalculateScore(^^^ItemsProcessedScore^^^); ]
I0608 16:26:02.674022 214413312 processor.cc:158] Processor: start processing batch 1f30a252-2512-42dd-908d-3ad0448028d4 into model nwt
I0608 16:26:02.675700 214413312 processor.cc:292] Processor: complete processing batch 1f30a252-2512-42dd-908d-3ad0448028d4 into model nwt
I0608 16:26:02.675858 214413312 cuckoo_watch.h:45] 2ms in ProcessBatch(bathces_data/aaaadb.batch) [including 0ms in LoadMessage; 0ms in InitializeTheta; 0ms in CreateRegularizerAgents; 0ms in InitializeSparseNdw; 1ms in InferThetaAndUpdateNwtSparse; 0ms in UpdateCacheEntry; 0ms in CalculateScore(^^^ItemsProcessedScore^^^); ]
I0608 16:26:02.675968 213340160 processor.cc:292] Processor: complete processing batch 74e7d505-9518-44b0-ab82-143f219155f0 into model nwt
I0608 16:26:02.676972 214413312 processor.cc:158] Processor: start processing batch ed2d59a6-9828-4dcc-81aa-8a6ddf2f3cad into model nwt
I0608 16:26:02.677505 213340160 cuckoo_watch.h:45] 15ms in ProcessBatch(bathces_data/aaaaep.batch) [including 1ms in LoadMessage; 0ms in InitializeTheta; 0ms in CreateRegularizerAgents; 0ms in InitializeSparseNdw; 10ms in InferThetaAndUpdateNwtSparse; 0ms in UpdateCacheEntry; 2ms in CalculateScore(^^^ItemsProcessedScore^^^); ]
I0608 16:26:02.678133 214413312 processor.cc:292] Processor: complete processing batch ed2d59a6-9828-4dcc-81aa-8a6ddf2f3cad into model nwt
I0608 16:26:02.678190 213340160 processor.cc:158] Processor: start processing batch 9271d279-46f3-410e-b1e6-1dbbc377530e into model nwt
I0608 16:26:02.678251 214413312 cuckoo_watch.h:45] 2ms in ProcessBatch(bathces_data/aaaago.batch) [including 1ms in LoadMessage; 0ms in InitializeTheta; 0ms in CreateRegularizerAgents; 0ms in InitializeSparseNdw; 0ms in InferThetaAndUpdateNwtSparse; 0ms in UpdateCacheEntry; 0ms in CalculateScore(^^^ItemsProcessedScore^^^); ]
I0608 16:26:02.678848 214413312 processor.cc:158] Processor: start processing batch 2a24aea4-1cf3-40df-a328-0c31efa60e84 into model nwt
I0608 16:26:02.681627 213876736 processor.cc:292] Processor: complete processing batch 6d6b6a8e-f799-49f3-a75c-7ba963a62cb7 into model nwt
I0608 16:26:02.682770 213876736 cuckoo_watch.h:45] 13ms in ProcessBatch(bathces_data/aaaaff.batch) [including 1ms in LoadMessage; 0ms in InitializeTheta; 0ms in CreateRegularizerAgents; 0ms in InitializeSparseNdw; 8ms in InferThetaAndUpdateNwtSparse; 0ms in UpdateCacheEntry; 1ms in CalculateScore(^^^ItemsProcessedScore^^^); ]
I0608 16:26:02.683382 213876736 processor.cc:158] Processor: start processing batch 0e4efa37-2b8a-4c9e-8fbc-3eeaba23673f into model nwt
I0608 16:26:02.683938 214413312 processor.cc:292] Processor: complete processing batch 2a24aea4-1cf3-40df-a328-0c31efa60e84 into model nwt
I0608 16:26:02.684288 213340160 processor.cc:292] Processor: complete processing batch 9271d279-46f3-410e-b1e6-1dbbc377530e into model nwt
I0608 16:26:02.684531 214413312 cuckoo_watch.h:45] 6ms in ProcessBatch(bathces_data/aaaacq.batch) [including 0ms in LoadMessage; 0ms in InitializeTheta; 0ms in CreateRegularizerAgents; 0ms in InitializeSparseNdw; 3ms in InferThetaAndUpdateNwtSparse; 0ms in UpdateCacheEntry; 1ms in CalculateScore(^^^ItemsProcessedScore^^^); ]
I0608 16:26:02.684594 213340160 cuckoo_watch.h:45] 6ms in ProcessBatch(bathces_data/aaaacj.batch) [including 0ms in LoadMessage; 0ms in InitializeTheta; 0ms in CreateRegularizerAgents; 0ms in InitializeSparseNdw; 4ms in InferThetaAndUpdateNwtSparse; 0ms in UpdateCacheEntry; 0ms in CalculateScore(^^^ItemsProcessedScore^^^); ]
I0608 16:26:02.684933 213340160 processor.cc:158] Processor: start processing batch b28a2e89-415e-4b9e-9fdf-b2bf7525b4c9 into model nwt
I0608 16:26:02.685413 214413312 processor.cc:158] Processor: start processing batch e9b77291-d3b2-432a-9af3-1ee77a4a4a04 into model nwt
I0608 16:26:02.687199 213340160 processor.cc:292] Processor: complete processing batch b28a2e89-415e-4b9e-9fdf-b2bf7525b4c9 into model nwt
I0608 16:26:02.687505 213340160 cuckoo_watch.h:45] 2ms in ProcessBatch(bathces_data/aaaagp.batch) [including 0ms in LoadMessage; 0ms in InitializeTheta; 0ms in CreateRegularizerAgents; 0ms in InitializeSparseNdw; 1ms in InferThetaAndUpdateNwtSparse; 0ms in UpdateCacheEntry; 0ms in CalculateScore(^^^ItemsProcessedScore^^^); ]
I0608 16:26:02.687829 213340160 processor.cc:158] Processor: start processing batch 28c5b144-30a6-4387-afb1-548d8c366f8c into model nwt
I0608 16:26:02.689026 213876736 processor.cc:292] Processor: complete processing batch 0e4efa37-2b8a-4c9e-8fbc-3eeaba23673f into model nwt
I0608 16:26:02.689235 213340160 processor.cc:292] Processor: complete processing batch 28c5b144-30a6-4387-afb1-548d8c366f8c into model nwt
I0608 16:26:02.689626 213340160 cuckoo_watch.h:45] 2ms in ProcessBatch(bathces_data/aaaagk.batch) [including 0ms in LoadMessage; 0ms in InitializeTheta; 0ms in CreateRegularizerAgents; 0ms in InitializeSparseNdw; 1ms in InferThetaAndUpdateNwtSparse; 0ms in UpdateCacheEntry; 0ms in CalculateScore(^^^ItemsProcessedScore^^^); ]
I0608 16:26:02.689702 213876736 cuckoo_watch.h:45] 6ms in ProcessBatch(bathces_data/aaaadf.batch) [including 0ms in LoadMessage; 0ms in InitializeTheta; 0ms in CreateRegularizerAgents; 0ms in InitializeSparseNdw; 3ms in InferThetaAndUpdateNwtSparse; 0ms in UpdateCacheEntry; 1ms in CalculateScore(^^^ItemsProcessedScore^^^); ]
I0608 16:26:02.690488 213340160 processor.cc:158] Processor: start processing batch b10af20b-da95-4e49-9648-197fb80ac8a5 into model nwt
I0608 16:26:02.691108 213876736 processor.cc:158] Processor: start processing batch 55ad4501-ba2d-4aa2-bebb-439e6f5e603b into model nwt
I0608 16:26:02.691651 214949888 processor.cc:292] Processor: complete processing batch 25429c28-2c6d-472a-91d1-e422fd399922 into model nwt
I0608 16:26:02.692134 214413312 processor.cc:292] Processor: complete processing batch e9b77291-d3b2-432a-9af3-1ee77a4a4a04 into model nwt
I0608 16:26:02.692504 214413312 cuckoo_watch.h:45] 7ms in ProcessBatch(bathces_data/aaaacu.batch) [including 0ms in LoadMessage; 0ms in InitializeTheta; 0ms in CreateRegularizerAgents; 0ms in InitializeSparseNdw; 5ms in InferThetaAndUpdateNwtSparse; 0ms in UpdateCacheEntry; 1ms in CalculateScore(^^^ItemsProcessedScore^^^); ]
I0608 16:26:02.692996 214413312 processor.cc:158] Processor: start processing batch 4372b145-1b41-441e-a61a-1fa83457fdea into model nwt
I0608 16:26:02.693042 214949888 cuckoo_watch.h:45] 22ms in ProcessBatch(bathces_data/aaaady.batch) [including 2ms in LoadMessage; 0ms in InitializeTheta; 0ms in CreateRegularizerAgents; 0ms in InitializeSparseNdw; 14ms in InferThetaAndUpdateNwtSparse; 0ms in UpdateCacheEntry; 3ms in CalculateScore(^^^ItemsProcessedScore^^^); ]
I0608 16:26:02.694414 214949888 processor.cc:158] Processor: start processing batch 3925fa19-5e83-4829-a582-7f73405dcc48 into model nwt
I0608 16:26:02.696871 214413312 processor.cc:292] Processor: complete processing batch 4372b145-1b41-441e-a61a-1fa83457fdea into model nwt
I0608 16:26:02.697371 214413312 cuckoo_watch.h:45] 4ms in ProcessBatch(bathces_data/aaaaaq.batch) [including 0ms in LoadMessage; 0ms in InitializeTheta; 0ms in CreateRegularizerAgents; 0ms in InitializeSparseNdw; 3ms in InferThetaAndUpdateNwtSparse; 0ms in UpdateCacheEntry; 0ms in CalculateScore(^^^ItemsProcessedScore^^^); ]
I0608 16:26:02.697540 213340160 processor.cc:292] Processor: complete processing batch b10af20b-da95-4e49-9648-197fb80ac8a5 into model nwt
I0608 16:26:02.697749 214413312 processor.cc:158] Processor: start processing batch 05ada9a6-c690-4cdb-921e-802e66229374 into model nwt
I0608 16:26:02.697950 213340160 cuckoo_watch.h:45] 8ms in ProcessBatch(bathces_data/aaaacn.batch) [including 0ms in LoadMessage; 0ms in InitializeTheta; 0ms in CreateRegularizerAgents; 0ms in InitializeSparseNdw; 5ms in InferThetaAndUpdateNwtSparse; 0ms in UpdateCacheEntry; 1ms in CalculateScore(^^^ItemsProcessedScore^^^); ]
I0608 16:26:02.698431 213340160 processor.cc:158] Processor: start processing batch 63f51d28-761f-4ca3-8c27-ee519e730288 into model nwt
I0608 16:26:02.699353 214413312 processor.cc:292] Processor: complete processing batch 05ada9a6-c690-4cdb-921e-802e66229374 into model nwt
I0608 16:26:02.699496 214413312 cuckoo_watch.h:45] 2ms in ProcessBatch(bathces_data/aaaaaj.batch) [including 0ms in LoadMessage; 0ms in InitializeTheta; 0ms in CreateRegularizerAgents; 0ms in InitializeSparseNdw; 1ms in InferThetaAndUpdateNwtSparse; 0ms in UpdateCacheEntry; 0ms in CalculateScore(^^^ItemsProcessedScore^^^); ]
I0608 16:26:02.700619 214413312 processor.cc:158] Processor: start processing batch 6c3e6a3b-2808-4ca3-8423-12302d275ce0 into model nwt
I0608 16:26:02.701484 213340160 processor.cc:292] Processor: complete processing batch 63f51d28-761f-4ca3-8c27-ee519e730288 into model nwt
I0608 16:26:02.701715 213340160 cuckoo_watch.h:45] 3ms in ProcessBatch(bathces_data/aaaabg.batch) [including 0ms in LoadMessage; 0ms in InitializeTheta; 0ms in CreateRegularizerAgents; 0ms in InitializeSparseNdw; 2ms in InferThetaAndUpdateNwtSparse; 0ms in UpdateCacheEntry; 0ms in CalculateScore(^^^ItemsProcessedScore^^^); ]
I0608 16:26:02.702706 213340160 processor.cc:158] Processor: start processing batch 13e7b968-7436-4cc2-9134-45c011ffb5c7 into model nwt
I0608 16:26:02.710636 214949888 processor.cc:292] Processor: complete processing batch 3925fa19-5e83-4829-a582-7f73405dcc48 into model nwt
I0608 16:26:02.711658 214949888 cuckoo_watch.h:45] 18ms in ProcessBatch(bathces_data/aaaaeo.batch) [including 1ms in LoadMessage; 0ms in InitializeTheta; 0ms in CreateRegularizerAgents; 0ms in InitializeSparseNdw; 13ms in InferThetaAndUpdateNwtSparse; 0ms in UpdateCacheEntry; 2ms in CalculateScore(^^^ItemsProcessedScore^^^); ]
I0608 16:26:02.712374 213876736 processor.cc:292] Processor: complete processing batch 55ad4501-ba2d-4aa2-bebb-439e6f5e603b into model nwt
I0608 16:26:02.712421 214949888 processor.cc:158] Processor: start processing batch 78a348de-23b2-4927-888a-dcdeb0329086 into model nwt
I0608 16:26:02.713532 213876736 cuckoo_watch.h:45] 23ms in ProcessBatch(bathces_data/aaaaet.batch) [including 1ms in LoadMessage; 0ms in InitializeTheta; 0ms in CreateRegularizerAgents; 0ms in InitializeSparseNdw; 16ms in InferThetaAndUpdateNwtSparse; 0ms in UpdateCacheEntry; 3ms in CalculateScore(^^^ItemsProcessedScore^^^); ]
I0608 16:26:02.714692 213876736 processor.cc:158] Processor: start processing batch 4a80f06b-ab58-408f-aa59-4ecb2918a1e1 into model nwt
I0608 16:26:02.714759 214413312 processor.cc:292] Processor: complete processing batch 6c3e6a3b-2808-4ca3-8423-12302d275ce0 into model nwt
I0608 16:26:02.717020 214413312 cuckoo_watch.h:45] 17ms in ProcessBatch(bathces_data/aaaafb.batch) [including 1ms in LoadMessage; 0ms in InitializeTheta; 0ms in CreateRegularizerAgents; 0ms in InitializeSparseNdw; 11ms in InferThetaAndUpdateNwtSparse; 0ms in UpdateCacheEntry; 2ms in CalculateScore(^^^ItemsProcessedScore^^^); ]
I0608 16:26:02.717111 213340160 processor.cc:292] Processor: complete processing batch 13e7b968-7436-4cc2-9134-45c011ffb5c7 into model nwt
I0608 16:26:02.717651 214413312 processor.cc:158] Processor: start processing batch dae5b099-b400-4180-be1c-0e58468ee507 into model nwt
I0608 16:26:02.717736 213340160 cuckoo_watch.h:45] 15ms in ProcessBatch(bathces_data/aaaafy.batch) [including 0ms in LoadMessage; 0ms in InitializeTheta; 0ms in CreateRegularizerAgents; 0ms in InitializeSparseNdw; 12ms in InferThetaAndUpdateNwtSparse; 0ms in UpdateCacheEntry; 1ms in CalculateScore(^^^ItemsProcessedScore^^^); ]
I0608 16:26:02.718643 214949888 processor.cc:292] Processor: complete processing batch 78a348de-23b2-4927-888a-dcdeb0329086 into model nwt
I0608 16:26:02.719136 213340160 processor.cc:158] Processor: start processing batch f29931c2-12a1-494e-b03d-1e2434ba55d4 into model nwt
I0608 16:26:02.719297 214949888 cuckoo_watch.h:45] 7ms in ProcessBatch(bathces_data/aaaabe.batch) [including 0ms in LoadMessage; 0ms in InitializeTheta; 0ms in CreateRegularizerAgents; 0ms in InitializeSparseNdw; 4ms in InferThetaAndUpdateNwtSparse; 0ms in UpdateCacheEntry; 1ms in CalculateScore(^^^ItemsProcessedScore^^^); ]
I0608 16:26:02.719532 214949888 processor.cc:158] Processor: start processing batch 4a6f6717-2023-4a79-8fda-f5b9b8378631 into model nwt
I0608 16:26:02.720233 214949888 processor.cc:292] Processor: complete processing batch 4a6f6717-2023-4a79-8fda-f5b9b8378631 into model nwt
I0608 16:26:02.720314 214949888 cuckoo_watch.h:45] 0ms in ProcessBatch(bathces_data/aaaaah.batch) [including 0ms in LoadMessage; 0ms in InitializeTheta; 0ms in CreateRegularizerAgents; 0ms in InitializeSparseNdw; 0ms in InferThetaAndUpdateNwtSparse; 0ms in UpdateCacheEntry; 0ms in CalculateScore(^^^ItemsProcessedScore^^^); ]
I0608 16:26:02.720935 214949888 processor.cc:158] Processor: start processing batch 8747a948-99da-4461-ad37-6c38a282253c into model nwt
I0608 16:26:02.723322 214413312 processor.cc:292] Processor: complete processing batch dae5b099-b400-4180-be1c-0e58468ee507 into model nwt
I0608 16:26:02.723918 214413312 cuckoo_watch.h:45] 6ms in ProcessBatch(bathces_data/aaaaas.batch) [including 0ms in LoadMessage; 0ms in InitializeTheta; 0ms in CreateRegularizerAgents; 0ms in InitializeSparseNdw; 4ms in InferThetaAndUpdateNwtSparse; 0ms in UpdateCacheEntry; 0ms in CalculateScore(^^^ItemsProcessedScore^^^); ]
I0608 16:26:02.724248 214413312 processor.cc:158] Processor: start processing batch 5d193494-e8ba-45e0-925d-3cf93251d46b into model nwt
I0608 16:26:02.725374 214413312 processor.cc:292] Processor: complete processing batch 5d193494-e8ba-45e0-925d-3cf93251d46b into model nwt
I0608 16:26:02.725492 214413312 cuckoo_watch.h:45] 1ms in ProcessBatch(bathces_data/aaaagi.batch) [including 0ms in LoadMessage; 0ms in InitializeTheta; 0ms in CreateRegularizerAgents; 0ms in InitializeSparseNdw; 0ms in InferThetaAndUpdateNwtSparse; 0ms in UpdateCacheEntry; 0ms in CalculateScore(^^^ItemsProcessedScore^^^); ]
I0608 16:26:02.726019 214949888 processor.cc:292] Processor: complete processing batch 8747a948-99da-4461-ad37-6c38a282253c into model nwt
I0608 16:26:02.726336 214949888 cuckoo_watch.h:45] 5ms in ProcessBatch(bathces_data/aaaacw.batch) [including 0ms in LoadMessage; 0ms in InitializeTheta; 0ms in CreateRegularizerAgents; 0ms in InitializeSparseNdw; 3ms in InferThetaAndUpdateNwtSparse; 0ms in UpdateCacheEntry; 0ms in CalculateScore(^^^ItemsProcessedScore^^^); ]
I0608 16:26:02.727207 214949888 processor.cc:158] Processor: start processing batch c6836c1f-7a07-439e-a083-b197516cdbb1 into model nwt
I0608 16:26:02.727210 214413312 processor.cc:158] Processor: start processing batch 74280751-3756-49a7-b970-d9e066e296e5 into model nwt
I0608 16:26:02.728657 213876736 processor.cc:292] Processor: complete processing batch 4a80f06b-ab58-408f-aa59-4ecb2918a1e1 into model nwt
I0608 16:26:02.728813 214413312 processor.cc:292] Processor: complete processing batch 74280751-3756-49a7-b970-d9e066e296e5 into model nwt
I0608 16:26:02.729077 214413312 cuckoo_watch.h:45] 3ms in ProcessBatch(bathces_data/aaaacl.batch) [including 1ms in LoadMessage; 0ms in InitializeTheta; 0ms in CreateRegularizerAgents; 0ms in InitializeSparseNdw; 1ms in InferThetaAndUpdateNwtSparse; 0ms in UpdateCacheEntry; 0ms in CalculateScore(^^^ItemsProcessedScore^^^); ]
I0608 16:26:02.729423 213876736 cuckoo_watch.h:45] 15ms in ProcessBatch(bathces_data/aaaaev.batch) [including 1ms in LoadMessage; 0ms in InitializeTheta; 0ms in CreateRegularizerAgents; 0ms in InitializeSparseNdw; 10ms in InferThetaAndUpdateNwtSparse; 0ms in UpdateCacheEntry; 2ms in CalculateScore(^^^ItemsProcessedScore^^^); ]
I0608 16:26:02.729779 214413312 processor.cc:158] Processor: start processing batch ad39cde3-39f8-45c3-88d5-0d0988df3ad7 into model nwt
I0608 16:26:02.730298 213876736 processor.cc:158] Processor: start processing batch 1582c2e4-538e-4a86-89df-746c63f8e3ec into model nwt
I0608 16:26:02.731742 214949888 processor.cc:292] Processor: complete processing batch c6836c1f-7a07-439e-a083-b197516cdbb1 into model nwt
I0608 16:26:02.732089 214949888 cuckoo_watch.h:45] 5ms in ProcessBatch(bathces_data/aaaadd.batch) [including 0ms in LoadMessage; 0ms in InitializeTheta; 0ms in CreateRegularizerAgents; 0ms in InitializeSparseNdw; 3ms in InferThetaAndUpdateNwtSparse; 0ms in UpdateCacheEntry; 0ms in CalculateScore(^^^ItemsProcessedScore^^^); ]
I0608 16:26:02.732715 214949888 processor.cc:158] Processor: start processing batch cc10f937-43dc-4a9e-b189-9f34d10b88a7 into model nwt
I0608 16:26:02.733238 214413312 processor.cc:292] Processor: complete processing batch ad39cde3-39f8-45c3-88d5-0d0988df3ad7 into model nwt
I0608 16:26:02.733501 214413312 cuckoo_watch.h:45] 4ms in ProcessBatch(bathces_data/aaaadh.batch) [including 0ms in LoadMessage; 0ms in InitializeTheta; 0ms in CreateRegularizerAgents; 0ms in InitializeSparseNdw; 2ms in InferThetaAndUpdateNwtSparse; 0ms in UpdateCacheEntry; 0ms in CalculateScore(^^^ItemsProcessedScore^^^); ]
I0608 16:26:02.735149 214413312 processor.cc:158] Processor: start processing batch 760d5c57-956b-4541-9397-00f10436adf7 into model nwt
I0608 16:26:02.736232 213340160 processor.cc:292] Processor: complete processing batch f29931c2-12a1-494e-b03d-1e2434ba55d4 into model nwt
I0608 16:26:02.737323 213340160 cuckoo_watch.h:45] 19ms in ProcessBatch(bathces_data/aaaaem.batch) [including 1ms in LoadMessage; 0ms in InitializeTheta; 0ms in CreateRegularizerAgents; 0ms in InitializeSparseNdw; 12ms in InferThetaAndUpdateNwtSparse; 0ms in UpdateCacheEntry; 4ms in CalculateScore(^^^ItemsProcessedScore^^^); ]
I0608 16:26:02.737560 214949888 processor.cc:292] Processor: complete processing batch cc10f937-43dc-4a9e-b189-9f34d10b88a7 into model nwt
I0608 16:26:02.737931 214949888 cuckoo_watch.h:45] 5ms in ProcessBatch(bathces_data/aaaage.batch) [including 0ms in LoadMessage; 0ms in InitializeTheta; 0ms in CreateRegularizerAgents; 0ms in InitializeSparseNdw; 3ms in InferThetaAndUpdateNwtSparse; 0ms in UpdateCacheEntry; 0ms in CalculateScore(^^^ItemsProcessedScore^^^); ]
I0608 16:26:02.738314 214949888 processor.cc:158] Processor: start processing batch c43a1533-a3f6-4cb5-9af8-9afe79928225 into model nwt
