I0608 16:26:02.115732 213876736 processor.cc:158] Processor: start processing batch 6f749baf-80c6-43b5-8624-ecabefbe29b8 into model nwt
I0608 16:26:02.117941 213876736 processor.cc:292] Processor: complete processing batch 6f749baf-80c6-43b5-8624-ecabefbe29b8 into model nwt
I0608 16:26:02.118129 213876736 cuckoo_watch.h:45] 2ms in ProcessBatch(bathces_data/aaaaaf.batch) [including 0ms in LoadMessage; 0ms in InitializeTheta; 0ms in CreateRegularizerAgents; 0ms in InitializeSparseNdw; 1ms in InferThetaAndUpdateNwtSparse; 0ms in UpdateCacheEntry; 0ms in CalculateScore(^^^ItemsProcessedScore^^^); ]
I0608 16:26:02.118742 213876736 processor.cc:158] Processor: start processing batch b0cbd785-e19a-4a5e-8362-6c218084b87c into model nwt
I0608 16:26:02.119508 213340160 processor.cc:292] Processor: complete processing batch f7e76c72-3abc-42fb-ab88-8265854bd948 into model nwt
I0608 16:26:02.120427 213340160 cuckoo_watch.h:45] 15ms in ProcessBatch(bathces_data/aaaafu.batch) [including 1ms in LoadMessage; 0ms in InitializeTheta; 0ms in CreateRegularizerAgents; 0ms in InitializeSparseNdw; 10ms in InferThetaAndUpdateNwtSparse; 0ms in UpdateCacheEntry; 2ms in CalculateScore(^^^ItemsProcessedScore^^^); ]
I0608 16:26:02.120880 213340160 processor.cc:158] Processor: start processing batch 7ccb6c84-fe41-4f2f-a127-930e22601405 into model nwt
I0608 16:26:02.122609 214413312 processor.cc:292] Processor: complete processing batch b73f5202-771a-4a2c-a8cc-b809e410cfff into model nwt
I0608 16:26:02.123131 213876736 processor.cc:292] Processor: complete processing batch b0cbd785-e19a-4a5e-8362-6c218084b87c into model nwt
I0608 16:26:02.123972 213876736 cuckoo_watch.h:45] 5ms in ProcessBatch(bathces_data/aaaacy.batch) [including 0ms in LoadMessage; 0ms in InitializeTheta; 0ms in CreateRegularizerAgents; 0ms in InitializeSparseNdw; 3ms in InferThetaAndUpdateNwtSparse; 0ms in UpdateCacheEntry; 0ms in CalculateScore(^^^ItemsProcessedScore^^^); ]
I0608 16:26:02.124523 213876736 processor.cc:158] Processor: start processing batch 6794328a-a04f-4522-b6be-e7eb0ee6dbac into model nwt
I0608 16:26:02.124655 214413312 cuckoo_watch.h:45] 17ms in ProcessBatch(bathces_data/aaaaex.batch) [including 1ms in LoadMessage; 0ms in InitializeTheta; 0ms in CreateRegularizerAgents; 0ms in InitializeSparseNdw; 11ms in InferThetaAndUpdateNwtSparse; 0ms in UpdateCacheEntry; 2ms in CalculateScore(^^^ItemsProcessedScore^^^); ]
I0608 16:26:02.125219 214413312 processor.cc:158] Processor: start processing batch 9f0e2912-a783-4e3a-938c-514f369ac689 into model nwt
I0608 16:26:02.125351 213340160 processor.cc:292] Processor: complete processing batch 7ccb6c84-fe41-4f2f-a127-930e22601405 into model nwt
I0608 16:26:02.125821 213340160 cuckoo_watch.h:45] 5ms in ProcessBatch(bathces_data/aaaagg.batch) [including 0ms in LoadMessage; 0ms in InitializeTheta; 0ms in CreateRegularizerAgents; 0ms in InitializeSparseNdw; 3ms in InferThetaAndUpdateNwtSparse; 0ms in UpdateCacheEntry; 0ms in CalculateScore(^^^ItemsProcessedScore^^^); ]
I0608 16:26:02.126154 214949888 processor.cc:292] Processor: complete processing batch 9d72662c-2759-4350-9135-59ca4c121429 into model nwt
I0608 16:26:02.126523 213340160 processor.cc:158] Processor: start processing batch fc237a1e-47f6-4146-80d2-45cf1ceef852 into model nwt
I0608 16:26:02.127406 214949888 cuckoo_watch.h:45] 16ms in ProcessBatch(bathces_data/aaaaec.batch) [including 1ms in LoadMessage; 0ms in InitializeTheta; 0ms in CreateRegularizerAgents; 0ms in InitializeSparseNdw; 10ms in InferThetaAndUpdateNwtSparse; 0ms in UpdateCacheEntry; 3ms in CalculateScore(^^^ItemsProcessedScore^^^); ]
I0608 16:26:02.128414 214949888 processor.cc:158] Processor: start processing batch 5f107caa-9a08-4802-b841-b9ed009e8d2c into model nwt
I0608 16:26:02.128610 213876736 processor.cc:292] Processor: complete processing batch 6794328a-a04f-4522-b6be-e7eb0ee6dbac into model nwt
I0608 16:26:02.129048 213876736 cuckoo_watch.h:45] 5ms in ProcessBatch(bathces_data/aaaacb.batch) [including 0ms in LoadMessage; 0ms in InitializeTheta; 0ms in CreateRegularizerAgents; 0ms in InitializeSparseNdw; 3ms in InferThetaAndUpdateNwtSparse; 0ms in UpdateCacheEntry; 0ms in CalculateScore(^^^ItemsProcessedScore^^^); ]
I0608 16:26:02.129297 214413312 processor.cc:292] Processor: complete processing batch 9f0e2912-a783-4e3a-938c-514f369ac689 into model nwt
I0608 16:26:02.129539 214413312 cuckoo_watch.h:45] 4ms in ProcessBatch(bathces_data/aaaadj.batch) [including 0ms in LoadMessage; 0ms in InitializeTheta; 0ms in CreateRegularizerAgents; 0ms in InitializeSparseNdw; 3ms in InferThetaAndUpdateNwtSparse; 0ms in UpdateCacheEntry; 0ms in CalculateScore(^^^ItemsProcessedScore^^^); ]
I0608 16:26:02.129629 213876736 processor.cc:158] Processor: start processing batch d4d0526f-9a1c-429f-b115-e33ae4e544a0 into model nwt
I0608 16:26:02.130723 214413312 processor.cc:158] Processor: start processing batch 27535d8f-e3cc-4a2c-8762-d1c3001b0bea into model nwt
I0608 16:26:02.131831 213340160 processor.cc:292] Processor: complete processing batch fc237a1e-47f6-4146-80d2-45cf1ceef852 into model nwt
I0608 16:26:02.132180 213340160 cuckoo_watch.h:45] 6ms in ProcessBatch(bathces_data/aaaadq.batch) [including 0ms in LoadMessage; 0ms in InitializeTheta; 0ms in CreateRegularizerAgents; 0ms in InitializeSparseNdw; 4ms in InferThetaAndUpdateNwtSparse; 0ms in UpdateCacheEntry; 0ms in CalculateScore(^^^ItemsProcessedScore^^^); ]
I0608 16:26:02.132886 213340160 processor.cc:158] Processor: start processing batch b5275d5d-f9e9-4308-8a47-9f934510cb6d into model nwt
I0608 16:26:02.133549 213876736 processor.cc:292] Processor: complete processing batch d4d0526f-9a1c-429f-b115-e33ae4e544a0 into model nwt
I0608 16:26:02.133841 213876736 cuckoo_watch.h:45] 4ms in ProcessBatch(bathces_data/aaaacf.batch) [including 0ms in LoadMessage; 0ms in InitializeTheta; 0ms in CreateRegularizerAgents; 0ms in InitializeSparseNdw; 3ms in InferThetaAndUpdateNwtSparse; 0ms in UpdateCacheEntry; 0ms in CalculateScore(^^^ItemsProcessedScore^^^); ]
I0608 16:26:02.134382 213876736 processor.cc:158] Processor: start processing batch 22132740-da45-4226-ae70-286848ce9d1c into model nwt
I0608 16:26:02.137075 213340160 processor.cc:292] Processor: complete processing batch b5275d5d-f9e9-4308-8a47-9f934510cb6d into model nwt
I0608 16:26:02.137394 213340160 cuckoo_watch.h:45] 5ms in ProcessBatch(bathces_data/aaaadn.batch) [including 0ms in LoadMessage; 0ms in InitializeTheta; 0ms in CreateRegularizerAgents; 0ms in InitializeSparseNdw; 3ms in InferThetaAndUpdateNwtSparse; 0ms in UpdateCacheEntry; 0ms in CalculateScore(^^^ItemsProcessedScore^^^); ]
I0608 16:26:02.137516 213876736 processor.cc:292] Processor: complete processing batch 22132740-da45-4226-ae70-286848ce9d1c into model nwt
I0608 16:26:02.137962 213876736 cuckoo_watch.h:45] 4ms in ProcessBatch(bathces_data/aaaabt.batch) [including 0ms in LoadMessage; 0ms in InitializeTheta; 0ms in CreateRegularizerAgents; 0ms in InitializeSparseNdw; 2ms in InferThetaAndUpdateNwtSparse; 0ms in UpdateCacheEntry; 0ms in CalculateScore(^^^ItemsProcessedScore^^^); ]
I0608 16:26:02.138484 213876736 processor.cc:158] Processor: start processing batch c706c324-97ca-41e7-b51d-ac1b8f37e039 into model nwt
I0608 16:26:02.138829 213340160 processor.cc:158] Processor: start processing batch 2821b8d8-90d9-4c2a-8269-7a4652ba4cb6 into model nwt
I0608 16:26:02.138931 214949888 processor.cc:292] Processor: complete processing batch 5f107caa-9a08-4802-b841-b9ed009e8d2c into model nwt
I0608 16:26:02.139511 214949888 cuckoo_watch.h:45] 12ms in ProcessBatch(bathces_data/aaaagc.batch) [including 0ms in LoadMessage; 0ms in InitializeTheta; 0ms in CreateRegularizerAgents; 0ms in InitializeSparseNdw; 7ms in InferThetaAndUpdateNwtSparse; 0ms in UpdateCacheEntry; 2ms in CalculateScore(^^^ItemsProcessedScore^^^); ]
I0608 16:26:02.140261 214949888 processor.cc:158] Processor: start processing batch cfcd3a29-ab0c-439f-8689-757b92e7030b into model nwt
I0608 16:26:02.141455 213876736 processor.cc:292] Processor: complete processing batch c706c324-97ca-41e7-b51d-ac1b8f37e039 into model nwt
I0608 16:26:02.141700 213876736 cuckoo_watch.h:45] 3ms in ProcessBatch(bathces_data/aaaabo.batch) [including 0ms in LoadMessage; 0ms in InitializeTheta; 0ms in CreateRegularizerAgents; 0ms in InitializeSparseNdw; 2ms in InferThetaAndUpdateNwtSparse; 0ms in UpdateCacheEntry; 0ms in CalculateScore(^^^ItemsProcessedScore^^^); ]
I0608 16:26:02.142647 213876736 processor.cc:158] Processor: start processing batch c00e20bc-4865-46b4-85c4-df97353b6198 into model nwt
I0608 16:26:02.146661 214949888 processor.cc:292] Processor: complete processing batch cfcd3a29-ab0c-439f-8689-757b92e7030b into model nwt
I0608 16:26:02.147154 214413312 processor.cc:292] Processor: complete processing batch 27535d8f-e3cc-4a2c-8762-d1c3001b0bea into model nwt
I0608 16:26:02.147439 214949888 cuckoo_watch.h:45] 7ms in ProcessBatch(bathces_data/aaaafj.batch) [including 0ms in LoadMessage; 0ms in InitializeTheta; 0ms in CreateRegularizerAgents; 0ms in InitializeSparseNdw; 4ms in InferThetaAndUpdateNwtSparse; 0ms in UpdateCacheEntry; 1ms in CalculateScore(^^^ItemsProcessedScore^^^); ]
I0608 16:26:02.147784 214413312 cuckoo_watch.h:45] 18ms in ProcessBatch(bathces_data/aaaadu.batch) [including 1ms in LoadMessage; 0ms in InitializeTheta; 0ms in CreateRegularizerAgents; 0ms in InitializeSparseNdw; 10ms in InferThetaAndUpdateNwtSparse; 0ms in UpdateCacheEntry; 5ms in CalculateScore(^^^ItemsProcessedScore^^^); ]
I0608 16:26:02.147862 214949888 processor.cc:158] Processor: start processing batch 75b9fdef-0291-4634-8110-fb3d39e091dd into model nwt
I0608 16:26:02.148293 214413312 processor.cc:158] Processor: start processing batch 947868ed-9413-471b-b56c-1a70390878d2 into model nwt
I0608 16:26:02.149782 214949888 processor.cc:292] Processor: complete processing batch 75b9fdef-0291-4634-8110-fb3d39e091dd into model nwt
I0608 16:26:02.149968 214949888 cuckoo_watch.h:45] 2ms in ProcessBatch(bathces_data/aaaaab.batch) [including 0ms in LoadMessage; 0ms in InitializeTheta; 0ms in CreateRegularizerAgents; 0ms in InitializeSparseNdw; 1ms in InferThetaAndUpdateNwtSparse; 0ms in UpdateCacheEntry; 0ms in CalculateScore(^^^ItemsProcessedScore^^^); ]
I0608 16:26:02.151331 214949888 processor.cc:158] Processor: start processing batch 71eedfb6-f0e4-4231-b8a6-de798a0e4f80 into model nwt
I0608 16:26:02.151861 214413312 processor.cc:292] Processor: complete processing batch 947868ed-9413-471b-b56c-1a70390878d2 into model nwt
I0608 16:26:02.152055 213340160 processor.cc:292] Processor: complete processing batch 2821b8d8-90d9-4c2a-8269-7a4652ba4cb6 into model nwt
I0608 16:26:02.152420 214413312 cuckoo_watch.h:45] 4ms in ProcessBatch(bathces_data/aaaaay.batch) [including 0ms in LoadMessage; 0ms in InitializeTheta; 0ms in CreateRegularizerAgents; 0ms in InitializeSparseNdw; 2ms in InferThetaAndUpdateNwtSparse; 0ms in UpdateCacheEntry; 0ms in CalculateScore(^^^ItemsProcessedScore^^^); ]
I0608 16:26:02.153095 214413312 processor.cc:158] Processor: start processing batch 78211737-0e97-4ec2-a48a-6b779b494cd1 into model nwt
I0608 16:26:02.153131 213340160 cuckoo_watch.h:45] 15ms in ProcessBatch(bathces_data/aaaafq.batch) [including 1ms in LoadMessage; 0ms in InitializeTheta; 0ms in CreateRegularizerAgents; 0ms in InitializeSparseNdw; 10ms in InferThetaAndUpdateNwtSparse; 0ms in UpdateCacheEntry; 2ms in CalculateScore(^^^ItemsProcessedScore^^^); ]
I0608 16:26:02.154357 213340160 processor.cc:158] Processor: start processing batch 627a31dc-7814-4960-b597-ea7586c70e22 into model nwt
I0608 16:26:02.155725 213876736 processor.cc:292] Processor: complete processing batch c00e20bc-4865-46b4-85c4-df97353b6198 into model nwt
I0608 16:26:02.156808 213876736 cuckoo_watch.h:45] 15ms in ProcessBatch(bathces_data/aaaaeg.batch) [including 0ms in LoadMessage; 0ms in InitializeTheta; 0ms in CreateRegularizerAgents; 0ms in InitializeSparseNdw; 10ms in InferThetaAndUpdateNwtSparse; 0ms in UpdateCacheEntry; 2ms in CalculateScore(^^^ItemsProcessedScore^^^); ]
I0608 16:26:02.156855 214413312 processor.cc:292] Processor: complete processing batch 78211737-0e97-4ec2-a48a-6b779b494cd1 into model nwt
I0608 16:26:02.157126 214413312 cuckoo_watch.h:45] 4ms in ProcessBatch(bathces_data/aaaabv.batch) [including 0ms in LoadMessage; 0ms in InitializeTheta; 0ms in CreateRegularizerAgents; 0ms in InitializeSparseNdw; 2ms in InferThetaAndUpdateNwtSparse; 0ms in UpdateCacheEntry; 0ms in CalculateScore(^^^ItemsProcessedScore^^^); ]
I0608 16:26:02.157490 213876736 processor.cc:158] Processor: start processing batch fa81f781-83e5-4d92-8e76-6e80eb513dbf into model nwt
I0608 16:26:02.158301 214413312 processor.cc:158] Processor: start processing batch d862dd7b-ebce-477a-991c-094f8c9f790f into model nwt
I0608 16:26:02.160691 213876736 processor.cc:292] Processor: complete processing batch fa81f781-83e5-4d92-8e76-6e80eb513dbf into model nwt
I0608 16:26:02.160943 213876736 cuckoo_watch.h:45] 4ms in ProcessBatch(bathces_data/aaaabm.batch) [including 0ms in LoadMessage; 0ms in InitializeTheta; 0ms in CreateRegularizerAgents; 0ms in InitializeSparseNdw; 2ms in InferThetaAndUpdateNwtSparse; 0ms in UpdateCacheEntry; 0ms in CalculateScore(^^^ItemsProcessedScore^^^); ]
I0608 16:26:02.162245 213876736 processor.cc:158] Processor: start processing batch 0472198a-340e-4575-940f-9310f10d8338 into model nwt
I0608 16:26:02.164798 214949888 processor.cc:292] Processor: complete processing batch 71eedfb6-f0e4-4231-b8a6-de798a0e4f80 into model nwt
I0608 16:26:02.165452 214949888 cuckoo_watch.h:45] 15ms in ProcessBatch(bathces_data/aaaaee.batch) [including 1ms in LoadMessage; 0ms in InitializeTheta; 0ms in CreateRegularizerAgents; 0ms in InitializeSparseNdw; 10ms in InferThetaAndUpdateNwtSparse; 0ms in UpdateCacheEntry; 2ms in CalculateScore(^^^ItemsProcessedScore^^^); ]
I0608 16:26:02.165904 214949888 processor.cc:158] Processor: start processing batch c39af309-2d3d-4c9a-845f-9bdcb0b08aea into model nwt
I0608 16:26:02.168068 213340160 processor.cc:292] Processor: complete processing batch 627a31dc-7814-4960-b597-ea7586c70e22 into model nwt
I0608 16:26:02.168382 214949888 processor.cc:292] Processor: complete processing batch c39af309-2d3d-4c9a-845f-9bdcb0b08aea into model nwt
I0608 16:26:02.168584 214949888 cuckoo_watch.h:45] 3ms in ProcessBatch(bathces_data/aaaadl.batch) [including 0ms in LoadMessage; 0ms in InitializeTheta; 0ms in CreateRegularizerAgents; 0ms in InitializeSparseNdw; 1ms in InferThetaAndUpdateNwtSparse; 0ms in UpdateCacheEntry; 0ms in CalculateScore(^^^ItemsProcessedScore^^^); ]
I0608 16:26:02.168726 213340160 cuckoo_watch.h:45] 15ms in ProcessBatch(bathces_data/aaaafs.batch) [including 1ms in LoadMessage; 0ms in InitializeTheta; 0ms in CreateRegularizerAgents; 0ms in InitializeSparseNdw; 10ms in InferThetaAndUpdateNwtSparse; 0ms in UpdateCacheEntry; 2ms in CalculateScore(^^^ItemsProcessedScore^^^); ]
I0608 16:26:02.169394 213340160 processor.cc:158] Processor: start processing batch 796374f3-1819-40a0-9633-608be7dfee21 into model nwt
I0608 16:26:02.169521 214949888 processor.cc:158] Processor: start processing batch 4a0106b0-f76d-40a9-b931-5b1d9ce9f38c into model nwt
I0608 16:26:02.171609 214413312 processor.cc:292] Processor: complete processing batch d862dd7b-ebce-477a-991c-094f8c9f790f into model nwt
I0608 16:26:02.172307 214413312 cuckoo_watch.h:45] 15ms in ProcessBatch(bathces_data/aaaafh.batch) [including 1ms in LoadMessage; 0ms in InitializeTheta; 0ms in CreateRegularizerAgents; 0ms in InitializeSparseNdw; 10ms in InferThetaAndUpdateNwtSparse; 0ms in UpdateCacheEntry; 2ms in CalculateScore(^^^ItemsProcessedScore^^^); ]
I0608 16:26:02.172789 214413312 processor.cc:158] Processor: start processing batch 69417935-16d2-47bb-bede-1e0c1eec1690 into model nwt
I0608 16:26:02.173082 213340160 processor.cc:292] Processor: complete processing batch 796374f3-1819-40a0-9633-608be7dfee21 into model nwt
I0608 16:26:02.174032 213340160 cuckoo_watch.h:45] 5ms in ProcessBatch(bathces_data/aaaacd.batch) [including 0ms in LoadMessage; 0ms in InitializeTheta; 0ms in CreateRegularizerAgents; 0ms in InitializeSparseNdw; 2ms in InferThetaAndUpdateNwtSparse; 0ms in UpdateCacheEntry; 0ms in CalculateScore(^^^ItemsProcessedScore^^^); ]
I0608 16:26:02.175105 214413312 processor.cc:292] Processor: complete processing batch 69417935-16d2-47bb-bede-1e0c1eec1690 into model nwt
I0608 16:26:02.175510 214413312 cuckoo_watch.h:45] 3ms in ProcessBatch(bathces_data/aaaaag.batch) [including 0ms in LoadMessage; 0ms in InitializeTheta; 0ms in CreateRegularizerAgents; 0ms in InitializeSparseNdw; 1ms in InferThetaAndUpdateNwtSparse; 0ms in UpdateCacheEntry; 0ms in CalculateScore(^^^ItemsProcessedScore^^^); ]
I0608 16:26:02.175563 213340160 processor.cc:158] Processor: start processing batch fab211b6-a95b-4b1f-ab20-041202ac319b into model nwt
I0608 16:26:02.176690 214413312 processor.cc:158] Processor: start processing batch 13d7e95c-6555-47b1-810d-c030ab7d28ef into model nwt
I0608 16:26:02.176935 214949888 processor.cc:292] Processor: complete processing batch 4a0106b0-f76d-40a9-b931-5b1d9ce9f38c into model nwt
I0608 16:26:02.177561 213876736 processor.cc:292] Processor: complete processing batch 0472198a-340e-4575-940f-9310f10d8338 into model nwt
I0608 16:26:02.177641 214949888 cuckoo_watch.h:45] 8ms in ProcessBatch(bathces_data/aaaaga.batch) [including 0ms in LoadMessage; 0ms in InitializeTheta; 0ms in CreateRegularizerAgents; 0ms in InitializeSparseNdw; 5ms in InferThetaAndUpdateNwtSparse; 0ms in UpdateCacheEntry; 1ms in CalculateScore(^^^ItemsProcessedScore^^^); ]
I0608 16:26:02.179162 213876736 cuckoo_watch.h:45] 18ms in ProcessBatch(bathces_data/aaaadw.batch) [including 1ms in LoadMessage; 0ms in InitializeTheta; 0ms in CreateRegularizerAgents; 0ms in InitializeSparseNdw; 12ms in InferThetaAndUpdateNwtSparse; 0ms in UpdateCacheEntry; 2ms in CalculateScore(^^^ItemsProcessedScore^^^); ]
I0608 16:26:02.179626 213876736 processor.cc:158] Processor: start processing batch f1b19382-8805-4f5d-b0fd-e8aba29f3940 into model nwt
I0608 16:26:02.180063 214949888 processor.cc:158] Processor: start processing batch ae9e0de1-f453-4419-a04e-858eb32743a1 into model nwt
I0608 16:26:02.182482 213876736 processor.cc:292] Processor: complete processing batch f1b19382-8805-4f5d-b0fd-e8aba29f3940 into model nwt
I0608 16:26:02.182704 213876736 cuckoo_watch.h:45] 3ms in ProcessBatch(bathces_data/aaaabq.batch) [including 0ms in LoadMessage; 0ms in InitializeTheta; 0ms in CreateRegularizerAgents; 0ms in InitializeSparseNdw; 2ms in InferThetaAndUpdateNwtSparse; 0ms in UpdateCacheEntry; 0ms in CalculateScore(^^^ItemsProcessedScore^^^); ]
I0608 16:26:02.183545 213876736 processor.cc:158] Processor: start processing batch 18dddd3c-7cbf-4fbf-8de6-477149755473 into model nwt
I0608 16:26:02.188246 213340160 processor.cc:292] Processor: complete processing batch fab211b6-a95b-4b1f-ab20-041202ac319b into model nwt
I0608 16:26:02.188936 213340160 cuckoo_watch.h:45] 14ms in ProcessBatch(bathces_data/aaaaeb.batch) [including 1ms in LoadMessage; 0ms in InitializeTheta; 0ms in CreateRegularizerAgents; 0ms in InitializeSparseNdw; 9ms in InferThetaAndUpdateNwtSparse; 0ms in UpdateCacheEntry; 2ms in CalculateScore(^^^ItemsProcessedScore^^^); ]
I0608 16:26:02.189534 213340160 processor.cc:158] Processor: start processing batch bf8a79a4-b59a-485b-8e09-087a3cfd8577 into model nwt
I0608 16:26:02.189877 214413312 processor.cc:292] Processor: complete processing batch 13d7e95c-6555-47b1-810d-c030ab7d28ef into model nwt
I0608 16:26:02.190518 214413312 cuckoo_watch.h:45] 14ms in ProcessBatch(bathces_data/aaaaey.batch) [including 1ms in LoadMessage; 0ms in InitializeTheta; 0ms in CreateRegularizerAgents; 0ms in InitializeSparseNdw; 10ms in InferThetaAndUpdateNwtSparse; 0ms in UpdateCacheEntry; 2ms in CalculateScore(^^^ItemsProcessedScore^^^); ]
I0608 16:26:02.191256 214413312 processor.cc:158] Processor: start processing batch 27093343-1016-4a73-b477-fb3d83b31609 into model nwt
I0608 16:26:02.191457 213876736 processor.cc:292] Processor: complete processing batch 18dddd3c-7cbf-4fbf-8de6-477149755473 into model nwt
I0608 16:26:02.191901 213876736 cuckoo_watch.h:45] 9ms in ProcessBatch(bathces_data/aaaafo.batch) [including 0ms in LoadMessage; 0ms in InitializeTheta; 0ms in CreateRegularizerAgents; 0ms in InitializeSparseNdw; 6ms in InferThetaAndUpdateNwtSparse; 0ms in UpdateCacheEntry; 1ms in CalculateScore(^^^ItemsProcessedScore^^^); ]
I0608 16:26:02.193009 213340160 processor.cc:292] Processor: complete processing batch bf8a79a4-b59a-485b-8e09-087a3cfd8577 into model nwt
I0608 16:26:02.193289 213340160 cuckoo_watch.h:45] 4ms in ProcessBatch(bathces_data/aaaabj.batch) [including 0ms in LoadMessage; 0ms in InitializeTheta; 0ms in CreateRegularizerAgents; 0ms in InitializeSparseNdw; 2ms in InferThetaAndUpdateNwtSparse; 0ms in UpdateCacheEntry; 0ms in CalculateScore(^^^ItemsProcessedScore^^^); ]
I0608 16:26:02.193841 213340160 processor.cc:158] Processor: start processing batch d5e3d4a3-3c81-46d6-a1a2-6b466ab1b9c5 into model nwt
I0608 16:26:02.194180 214949888 processor.cc:292] Processor: complete processing batch ae9e0de1-f453-4419-a04e-858eb32743a1 into model nwt
I0608 16:26:02.195156 213876736 processor.cc:158] Processor: start processing batch 9c1b5d3d-1af4-40ed-a004-80d119b21887 into model nwt
I0608 16:26:02.195611 214949888 cuckoo_watch.h:45] 17ms in ProcessBatch(bathces_data/aaaaft.batch) [including 2ms in LoadMessage; 0ms in InitializeTheta; 0ms in CreateRegularizerAgents; 0ms in InitializeSparseNdw; 11ms in InferThetaAndUpdateNwtSparse; 0ms in UpdateCacheEntry; 2ms in CalculateScore(^^^ItemsProcessedScore^^^); ]
I0608 16:26:02.195933 214949888 processor.cc:158] Processor: start processing batch b7450b7d-f245-48a8-8993-dda7a75254cd into model nwt
I0608 16:26:02.197239 213340160 processor.cc:292] Processor: complete processing batch d5e3d4a3-3c81-46d6-a1a2-6b466ab1b9c5 into model nwt
I0608 16:26:02.197415 214949888 processor.cc:292] Processor: complete processing batch b7450b7d-f245-48a8-8993-dda7a75254cd into model nwt
I0608 16:26:02.197520 214413312 processor.cc:292] Processor: complete processing batch 27093343-1016-4a73-b477-fb3d83b31609 into model nwt
I0608 16:26:02.197569 214949888 cuckoo_watch.h:45] 1ms in ProcessBatch(bathces_data/aaaagf.batch) [including 0ms in LoadMessage; 0ms in InitializeTheta; 0ms in CreateRegularizerAgents; 0ms in InitializeSparseNdw; 1ms in InferThetaAndUpdateNwtSparse; 0ms in UpdateCacheEntry; 0ms in CalculateScore(^^^ItemsProcessedScore^^^); ]
I0608 16:26:02.198175 213340160 cuckoo_watch.h:45] 4ms in ProcessBatch(bathces_data/aaaacc.batch) [including 0ms in LoadMessage; 0ms in InitializeTheta; 0ms in CreateRegularizerAgents; 0ms in InitializeSparseNdw; 2ms in InferThetaAndUpdateNwtSparse; 0ms in UpdateCacheEntry; 0ms in CalculateScore(^^^ItemsProcessedScore^^^); ]
I0608 16:26:02.198247 214949888 processor.cc:158] Processor: start processing batch c0064576-24d8-4afc-806b-562428791788 into model nwt
I0608 16:26:02.198460 214413312 cuckoo_watch.h:45] 7ms in ProcessBatch(bathces_data/aaaadp.batch) [including 0ms in LoadMessage; 0ms in InitializeTheta; 0ms in CreateRegularizerAgents; 0ms in InitializeSparseNdw; 4ms in InferThetaAndUpdateNwtSparse; 0ms in UpdateCacheEntry; 1ms in CalculateScore(^^^ItemsProcessedScore^^^); ]
I0608 16:26:02.198853 213876736 processor.cc:292] Processor: complete processing batch 9c1b5d3d-1af4-40ed-a004-80d119b21887 into model nwt
I0608 16:26:02.199041 213340160 processor.cc:158] Processor: start processing batch 70045989-97e7-4a0c-8fd2-a48dfd7057bb into model nwt
I0608 16:26:02.199452 213876736 cuckoo_watch.h:45] 7ms in ProcessBatch(bathces_data/aaaadk.batch) [including 3ms in LoadMessage; 0ms in InitializeTheta; 0ms in CreateRegularizerAgents; 0ms in InitializeSparseNdw; 3ms in InferThetaAndUpdateNwtSparse; 0ms in UpdateCacheEntry; 0ms in CalculateScore(^^^ItemsProcessedScore^^^); ]
I0608 16:26:02.200027 214413312 processor.cc:158] Processor: start processing batch dadf12c6-a7d9-47e9-b31d-4c712087b387 into model nwt
I0608 16:26:02.200094 213876736 processor.cc:158] Processor: start processing batch b69d03cf-a55a-4fb1-818c-21a97648ed44 into model nwt
I0608 16:26:02.201731 214949888 processor.cc:292] Processor: complete processing batch c0064576-24d8-4afc-806b-562428791788 into model nwt
I0608 16:26:02.202010 214949888 cuckoo_watch.h:45] 4ms in ProcessBatch(bathces_data/aaaacx.batch) [including 0ms in LoadMessage; 0ms in InitializeTheta; 0ms in CreateRegularizerAgents; 0ms in InitializeSparseNdw; 2ms in InferThetaAndUpdateNwtSparse; 0ms in UpdateCacheEntry; 0ms in CalculateScore(^^^ItemsProcessedScore^^^); ]
I0608 16:26:02.202466 213340160 processor.cc:292] Processor: complete processing batch 70045989-97e7-4a0c-8fd2-a48dfd7057bb into model nwt
I0608 16:26:02.202811 214949888 processor.cc:158] Processor: start processing batch 80aa0aee-db75-4280-a673-d83efd86ae32 into model nwt
I0608 16:26:02.203033 213340160 cuckoo_watch.h:45] 4ms in ProcessBatch(bathces_data/aaaaca.batch) [including 0ms in LoadMessage; 0ms in InitializeTheta; 0ms in CreateRegularizerAgents; 0ms in InitializeSparseNdw; 2ms in InferThetaAndUpdateNwtSparse; 0ms in UpdateCacheEntry; 0ms in CalculateScore(^^^ItemsProcessedScore^^^); ]
I0608 16:26:02.203661 213340160 processor.cc:158] Processor: start processing batch 0b548b3d-dbc0-41b5-a412-292df85482be into model nwt
I0608 16:26:02.204591 213876736 processor.cc:292] Processor: complete processing batch b69d03cf-a55a-4fb1-818c-21a97648ed44 into model nwt
I0608 16:26:02.204892 213876736 cuckoo_watch.h:45] 5ms in ProcessBatch(bathces_data/aaaacz.batch) [including 0ms in LoadMessage; 0ms in InitializeTheta; 0ms in CreateRegularizerAgents; 0ms in InitializeSparseNdw; 3ms in InferThetaAndUpdateNwtSparse; 0ms in UpdateCacheEntry; 0ms in CalculateScore(^^^ItemsProcessedScore^^^); ]
I0608 16:26:02.205943 213876736 processor.cc:158] Processor: start processing batch 0e91059f-593c-4bc2-88f7-45595c0d4052 into model nwt
I0608 16:26:02.207087 213340160 processor.cc:292] Processor: complete processing batch 0b548b3d-dbc0-41b5-a412-292df85482be into model nwt
I0608 16:26:02.207351 213340160 cuckoo_watch.h:45] 4ms in ProcessBatch(bathces_data/aaaadi.batch) [including 0ms in LoadMessage; 0ms in InitializeTheta; 0ms in CreateRegularizerAgents; 0ms in InitializeSparseNdw; 2ms in InferThetaAndUpdateNwtSparse; 0ms in UpdateCacheEntry; 0ms in CalculateScore(^^^ItemsProcessedScore^^^); ]
I0608 16:26:02.207870 213340160 processor.cc:158] Processor: start processing batch ef6a3547-2fe8-47f0-bce9-e13e8b08dbd3 into model nwt
I0608 16:26:02.208967 214413312 processor.cc:292] Processor: complete processing batch dadf12c6-a7d9-47e9-b31d-4c712087b387 into model nwt
I0608 16:26:02.209458 214413312 cuckoo_watch.h:45] 10ms in ProcessBatch(bathces_data/aaaagd.batch) [including 1ms in LoadMessage; 0ms in InitializeTheta; 0ms in CreateRegularizerAgents; 0ms in InitializeSparseNdw; 7ms in InferThetaAndUpdateNwtSparse; 0ms in UpdateCacheEntry; 1ms in CalculateScore(^^^ItemsProcessedScore^^^); ]
I0608 16:26:02.209573 214949888 processor.cc:292] Processor: complete processing batch 80aa0aee-db75-4280-a673-d83efd86ae32 into model nwt
I0608 16:26:02.209985 214949888 cuckoo_watch.h:45] 7ms in ProcessBatch(bathces_data/aaaadr.batch) [including 0ms in LoadMessage; 0ms in InitializeTheta; 0ms in CreateRegularizerAgents; 0ms in InitializeSparseNdw; 5ms in InferThetaAndUpdateNwtSparse; 0ms in UpdateCacheEntry; 1ms in CalculateScore(^^^ItemsProcessedScore^^^); ]
I0608 16:26:02.210151 214413312 processor.cc:158] Processor: start processing batch d049012b-c905-49d2-ba27-de0bb3b62914 into model nwt
I0608 16:26:02.210631 214949888 processor.cc:158] Processor: start processing batch e75459f1-1df2-46c6-a00f-dbe3e79fac27 into model nwt
I0608 16:26:02.210867 213340160 processor.cc:292] Processor: complete processing batch ef6a3547-2fe8-47f0-bce9-e13e8b08dbd3 into model nwt
I0608 16:26:02.211102 213340160 cuckoo_watch.h:45] 3ms in ProcessBatch(bathces_data/aaaabs.batch) [including 0ms in LoadMessage; 0ms in InitializeTheta; 0ms in CreateRegularizerAgents; 0ms in InitializeSparseNdw; 2ms in InferThetaAndUpdateNwtSparse; 0ms in UpdateCacheEntry; 0ms in CalculateScore(^^^ItemsProcessedScore^^^); ]
I0608 16:26:02.211443 213340160 processor.cc:158] Processor: start processing batch 6ba5c6ef-a1e1-4dd0-ba53-509361327359 into model nwt
I0608 16:26:02.213040 213340160 processor.cc:292] Processor: complete processing batch 6ba5c6ef-a1e1-4dd0-ba53-509361327359 into model nwt
I0608 16:26:02.213192 213340160 cuckoo_watch.h:45] 2ms in ProcessBatch(bathces_data/aaaaae.batch) [including 0ms in LoadMessage; 0ms in InitializeTheta; 0ms in CreateRegularizerAgents; 0ms in InitializeSparseNdw; 1ms in InferThetaAndUpdateNwtSparse; 0ms in UpdateCacheEntry; 0ms in CalculateScore(^^^ItemsProcessedScore^^^); ]
I0608 16:26:02.214349 213340160 processor.cc:158] Processor: start processing batch e74273f1-cbdc-4950-8c5d-8e7d8a50732d into model nwt
I0608 16:26:02.215342 214949888 processor.cc:292] Processor: complete processing batch e75459f1-1df2-46c6-a00f-dbe3e79fac27 into model nwt
I0608 16:26:02.215394 214413312 processor.cc:292] Processor: complete processing batch d049012b-c905-49d2-ba27-de0bb3b62914 into model nwt
I0608 16:26:02.215689 214949888 cuckoo_watch.h:45] 5ms in ProcessBatch(bathces_data/aaaabh.batch) [including 0ms in LoadMessage; 0ms in InitializeTheta; 0ms in CreateRegularizerAgents; 0ms in InitializeSparseNdw; 3ms in InferThetaAndUpdateNwtSparse; 0ms in UpdateCacheEntry; 0ms in CalculateScore(^^^ItemsProcessedScore^^^); ]
I0608 16:26:02.215739 214413312 cuckoo_watch.h:45] 6ms in ProcessBatch(bathces_data/aaaafm.batch) [including 0ms in LoadMessage; 0ms in InitializeTheta; 0ms in CreateRegularizerAgents; 0ms in InitializeSparseNdw; 3ms in InferThetaAndUpdateNwtSparse; 0ms in UpdateCacheEntry; 1ms in CalculateScore(^^^ItemsProcessedScore^^^); ]
I0608 16:26:02.216212 214949888 processor.cc:158] Processor: start processing batch 24ee21d6-cd3d-4e7e-ad7b-c7f376181e4e into model nwt
I0608 16:26:02.216759 214413312 processor.cc:158] Processor: start processing batch 52aa8e8d-efbe-4288-b946-5523a6f64c53 into model nwt
I0608 16:26:02.216979 213876736 processor.cc:292] Processor: complete processing batch 0e91059f-593c-4bc2-88f7-45595c0d4052 into model nwt
I0608 16:26:02.217530 213876736 cuckoo_watch.h:45] 12ms in ProcessBatch(bathces_data/aaaafv.batch) [including 0ms in LoadMessage; 0ms in InitializeTheta; 0ms in CreateRegularizerAgents; 0ms in InitializeSparseNdw; 8ms in InferThetaAndUpdateNwtSparse; 0ms in UpdateCacheEntry; 2ms in CalculateScore(^^^ItemsProcessedScore^^^); ]
I0608 16:26:02.217962 213876736 processor.cc:158] Processor: start processing batch 6263b595-41c7-42cd-96af-9aae5a175d87 into model nwt
I0608 16:26:02.219206 214949888 processor.cc:292] Processor: complete processing batch 24ee21d6-cd3d-4e7e-ad7b-c7f376181e4e into model nwt
I0608 16:26:02.219444 214949888 cuckoo_watch.h:45] 3ms in ProcessBatch(bathces_data/aaaabl.batch) [including 0ms in LoadMessage; 0ms in InitializeTheta; 0ms in CreateRegularizerAgents; 0ms in InitializeSparseNdw; 2ms in InferThetaAndUpdateNwtSparse; 0ms in UpdateCacheEntry; 0ms in CalculateScore(^^^ItemsProcessedScore^^^); ]
I0608 16:26:02.219978 214949888 processor.cc:158] Processor: start processing batch f9e703e1-500a-4b72-8d28-d4b7fb8e7d1d into model nwt
I0608 16:26:02.220757 213876736 processor.cc:292] Processor: complete processing batch 6263b595-41c7-42cd-96af-9aae5a175d87 into model nwt
I0608 16:26:02.221009 213876736 cuckoo_watch.h:45] 3ms in ProcessBatch(bathces_data/aaaabw.batch) [including 0ms in LoadMessage; 0ms in InitializeTheta; 0ms in CreateRegularizerAgents; 0ms in InitializeSparseNdw; 2ms in InferThetaAndUpdateNwtSparse; 0ms in UpdateCacheEntry; 0ms in CalculateScore(^^^ItemsProcessedScore^^^); ]
I0608 16:26:02.221248 213876736 processor.cc:158] Processor: start processing batch e41a47f5-5cf9-43a3-b21a-648e614f05d9 into model nwt
I0608 16:26:02.221913 213876736 processor.cc:292] Processor: complete processing batch e41a47f5-5cf9-43a3-b21a-648e614f05d9 into model nwt
I0608 16:26:02.221990 213876736 cuckoo_watch.h:45] 0ms in ProcessBatch(bathces_data/aaaaaa.batch) [including 0ms in LoadMessage; 0ms in InitializeTheta; 0ms in CreateRegularizerAgents; 0ms in InitializeSparseNdw; 0ms in InferThetaAndUpdateNwtSparse; 0ms in UpdateCacheEntry; 0ms in CalculateScore(^^^ItemsProcessedScore^^^); ]
I0608 16:26:02.223547 213876736 processor.cc:158] Processor: start processing batch 8b98a485-c777-4ed7-9f2b-02acc6a99380 into model nwt
I0608 16:26:02.223925 214949888 processor.cc:292] Processor: complete processing batch f9e703e1-500a-4b72-8d28-d4b7fb8e7d1d into model nwt
I0608 16:26:02.224212 214949888 cuckoo_watch.h:45] 4ms in ProcessBatch(bathces_data/aaaaaz.batch) [including 0ms in LoadMessage; 0ms in InitializeTheta; 0ms in CreateRegularizerAgents; 0ms in InitializeSparseNdw; 2ms in InferThetaAndUpdateNwtSparse; 0ms in UpdateCacheEntry; 0ms in CalculateScore(^^^ItemsProcessedScore^^^); ]
I0608 16:26:02.224800 214949888 processor.cc:158] Processor: start processing batch 4349d591-ed6e-4abf-befb-5cf3926ee7b2 into model nwt
I0608 16:26:02.224916 213340160 processor.cc:292] Processor: complete processing batch e74273f1-cbdc-4950-8c5d-8e7d8a50732d into model nwt
I0608 16:26:02.226397 213340160 cuckoo_watch.h:45] 13ms in ProcessBatch(bathces_data/aaaafi.batch) [including 1ms in LoadMessage; 0ms in InitializeTheta; 0ms in CreateRegularizerAgents; 0ms in InitializeSparseNdw; 8ms in InferThetaAndUpdateNwtSparse; 0ms in UpdateCacheEntry; 2ms in CalculateScore(^^^ItemsProcessedScore^^^); ]
I0608 16:26:02.227046 213340160 processor.cc:158] Processor: start processing batch 4cb7f322-3d5a-4590-8168-fd450d875c7b into model nwt
I0608 16:26:02.228495 214413312 processor.cc:292] Processor: complete processing batch 52aa8e8d-efbe-4288-b946-5523a6f64c53 into model nwt
I0608 16:26:02.228652 214949888 processor.cc:292] Processor: complete processing batch 4349d591-ed6e-4abf-befb-5cf3926ee7b2 into model nwt
I0608 16:26:02.228930 214949888 cuckoo_watch.h:45] 4ms in ProcessBatch(bathces_data/aaaace.batch) [including 0ms in LoadMessage; 0ms in InitializeTheta; 0ms in CreateRegularizerAgents; 0ms in InitializeSparseNdw; 2ms in InferThetaAndUpdateNwtSparse; 0ms in UpdateCacheEntry; 0ms in CalculateScore(^^^ItemsProcessedScore^^^); ]
I0608 16:26:02.229046 214413312 cuckoo_watch.h:45] 13ms in ProcessBatch(bathces_data/aaaafr.batch) [including 0ms in LoadMessage; 0ms in InitializeTheta; 0ms in CreateRegularizerAgents; 0ms in InitializeSparseNdw; 9ms in InferThetaAndUpdateNwtSparse; 0ms in UpdateCacheEntry; 2ms in CalculateScore(^^^ItemsProcessedScore^^^); ]
I0608 16:26:02.229720 214413312 processor.cc:158] Processor: start processing batch 430ad8a9-3c82-41c6-9afc-e4625987b8eb into model nwt
I0608 16:26:02.230149 214949888 processor.cc:158] Processor: start processing batch 0fc4a44d-4c23-489d-a3c4-fa8a2732bbbd into model nwt
I0608 16:26:02.231256 213340160 processor.cc:292] Processor: complete processing batch 4cb7f322-3d5a-4590-8168-fd450d875c7b into model nwt
I0608 16:26:02.231875 213340160 cuckoo_watch.h:45] 5ms in ProcessBatch(bathces_data/aaaadm.batch) [including 0ms in LoadMessage; 0ms in InitializeTheta; 0ms in CreateRegularizerAgents; 0ms in InitializeSparseNdw; 3ms in InferThetaAndUpdateNwtSparse; 0ms in UpdateCacheEntry; 0ms in CalculateScore(^^^ItemsProcessedScore^^^); ]
I0608 16:26:02.232692 213340160 processor.cc:158] Processor: start processing batch 10981fa1-5e30-40cb-87c5-ec13c5394e7a into model nwt
I0608 16:26:02.234441 214413312 processor.cc:292] Processor: complete processing batch 430ad8a9-3c82-41c6-9afc-e4625987b8eb into model nwt
I0608 16:26:02.234764 214413312 cuckoo_watch.h:45] 5ms in ProcessBatch(bathces_data/aaaado.batch) [including 0ms in LoadMessage; 0ms in InitializeTheta; 0ms in CreateRegularizerAgents; 0ms in InitializeSparseNdw; 3ms in InferThetaAndUpdateNwtSparse; 0ms in UpdateCacheEntry; 0ms in CalculateScore(^^^ItemsProcessedScore^^^); ]
I0608 16:26:02.235399 214413312 processor.cc:158] Processor: start processing batch d0ba9996-e792-405f-aa4c-0ba5b56ff43e into model nwt
I0608 16:26:02.237166 213876736 processor.cc:292] Processor: complete processing batch 8b98a485-c777-4ed7-9f2b-02acc6a99380 into model nwt
I0608 16:26:02.238194 213876736 cuckoo_watch.h:45] 15ms in ProcessBatch(bathces_data/aaaaed.batch) [including 1ms in LoadMessage; 0ms in InitializeTheta; 0ms in CreateRegularizerAgents; 0ms in InitializeSparseNdw; 10ms in InferThetaAndUpdateNwtSparse; 0ms in UpdateCacheEntry; 2ms in CalculateScore(^^^ItemsProcessedScore^^^); ]
I0608 16:26:02.238667 213876736 processor.cc:158] Processor: start processing batch c06d4d13-6294-4019-90c8-0e305a6bf494 into model nwt
I0608 16:26:02.239310 214413312 processor.cc:292] Processor: complete processing batch d0ba9996-e792-405f-aa4c-0ba5b56ff43e into model nwt
I0608 16:26:02.239351 213340160 processor.cc:292] Processor: complete processing batch 10981fa1-5e30-40cb-87c5-ec13c5394e7a into model nwt
I0608 16:26:02.239684 214413312 cuckoo_watch.h:45] 4ms in ProcessBatch(bathces_data/aaaacg.batch) [including 0ms in LoadMessage; 0ms in InitializeTheta; 0ms in CreateRegularizerAgents; 0ms in InitializeSparseNdw; 2ms in InferThetaAndUpdateNwtSparse; 0ms in UpdateCacheEntry; 0ms in CalculateScore(^^^ItemsProcessedScore^^^); ]
I0608 16:26:02.239763 213340160 cuckoo_watch.h:45] 7ms in ProcessBatch(bathces_data/aaaadt.batch) [including 0ms in LoadMessage; 0ms in InitializeTheta; 0ms in CreateRegularizerAgents; 0ms in InitializeSparseNdw; 5ms in InferThetaAndUpdateNwtSparse; 0ms in UpdateCacheEntry; 1ms in CalculateScore(^^^ItemsProcessedScore^^^); ]
I0608 16:26:02.240078 213340160 processor.cc:158] Processor: start processing batch b635a4f4-7d33-436b-b8cb-6c4186290b5c into model nwt
I0608 16:26:02.240324 214413312 processor.cc:158] Processor: start processing batch 77729c31-27f8-45c6-a44e-2ff24a7a8fc9 into model nwt
I0608 16:26:02.241403 213876736 processor.cc:292] Processor: complete processing batch c06d4d13-6294-4019-90c8-0e305a6bf494 into model nwt
I0608 16:26:02.241483 213340160 processor.cc:292] Processor: complete processing batch b635a4f4-7d33-436b-b8cb-6c4186290b5c into model nwt
I0608 16:26:02.241617 213876736 cuckoo_watch.h:45] 3ms in ProcessBatch(bathces_data/aaaagb.batch) [including 0ms in LoadMessage; 0ms in InitializeTheta; 0ms in CreateRegularizerAgents; 0ms in InitializeSparseNdw; 2ms in InferThetaAndUpdateNwtSparse; 0ms in UpdateCacheEntry; 0ms in CalculateScore(^^^ItemsProcessedScore^^^); ]
I0608 16:26:02.241650 213340160 cuckoo_watch.h:45] 1ms in ProcessBatch(bathces_data/aaaaac.batch) [including 0ms in LoadMessage; 0ms in InitializeTheta; 0ms in CreateRegularizerAgents; 0ms in InitializeSparseNdw; 1ms in InferThetaAndUpdateNwtSparse; 0ms in UpdateCacheEntry; 0ms in CalculateScore(^^^ItemsProcessedScore^^^); ]
I0608 16:26:02.242574 213340160 processor.cc:158] Processor: start processing batch 4fbcf1a6-70db-4412-9a5a-fb788926a97e into model nwt
I0608 16:26:02.243059 213876736 processor.cc:158] Processor: start processing batch 03dff15b-c29e-4767-98f7-a1b8e90bc374 into model nwt
I0608 16:26:02.244787 214413312 processor.cc:292] Processor: complete processing batch 77729c31-27f8-45c6-a44e-2ff24a7a8fc9 into model nwt
I0608 16:26:02.245072 214413312 cuckoo_watch.h:45] 5ms in ProcessBatch(bathces_data/aaaaax.batch) [including 0ms in LoadMessage; 0ms in InitializeTheta; 0ms in CreateRegularizerAgents; 0ms in InitializeSparseNdw; 3ms in InferThetaAndUpdateNwtSparse; 0ms in UpdateCacheEntry; 0ms in CalculateScore(^^^ItemsProcessedScore^^^); ]
I0608 16:26:02.245599 214413312 processor.cc:158] Processor: start processing batch 1c1bac2a-52df-4c0b-b30c-c65dc9fe043b into model nwt
I0608 16:26:02.248315 214413312 processor.cc:292] Processor: complete processing batch 1c1bac2a-52df-4c0b-b30c-c65dc9fe043b into model nwt
I0608 16:26:02.248549 214413312 cuckoo_watch.h:45] 3ms in ProcessBatch(bathces_data/aaaabn.batch) [including 0ms in LoadMessage; 0ms in InitializeTheta; 0ms in CreateRegularizerAgents; 0ms in InitializeSparseNdw; 2ms in InferThetaAndUpdateNwtSparse; 0ms in UpdateCacheEntry; 0ms in CalculateScore(^^^ItemsProcessedScore^^^); ]
I0608 16:26:02.248558 213340160 processor.cc:292] Processor: complete processing batch 4fbcf1a6-70db-4412-9a5a-fb788926a97e into model nwt
I0608 16:26:02.248839 213340160 cuckoo_watch.h:45] 7ms in ProcessBatch(bathces_data/aaaafk.batch) [including 0ms in LoadMessage; 0ms in InitializeTheta; 0ms in CreateRegularizerAgents; 0ms in InitializeSparseNdw; 4ms in InferThetaAndUpdateNwtSparse; 0ms in UpdateCacheEntry; 1ms in CalculateScore(^^^ItemsProcessedScore^^^); ]
I0608 16:26:02.249171 213340160 processor.cc:158] Processor: start processing batch 9b6c54bc-5002-462a-a5ac-dcb50e1af906 into model nwt
I0608 16:26:02.249748 214413312 processor.cc:158] Processor: start processing batch 41b70b8b-8dfe-4f50-a08d-621712d37f57 into model nwt
I0608 16:26:02.249819 214949888 processor.cc:292] Processor: complete processing batch 0fc4a44d-4c23-489d-a3c4-fa8a2732bbbd into model nwt
I0608 16:26:02.250859 214949888 cuckoo_watch.h:45] 21ms in ProcessBatch(bathces_data/aaaadv.batch) [including 1ms in LoadMessage; 0ms in InitializeTheta; 0ms in CreateRegularizerAgents; 0ms in InitializeSparseNdw; 10ms in InferThetaAndUpdateNwtSparse; 0ms in UpdateCacheEntry; 8ms in CalculateScore(^^^ItemsProcessedScore^^^); ]
I0608 16:26:02.251667 213340160 processor.cc:292] Processor: complete processing batch 9b6c54bc-5002-462a-a5ac-dcb50e1af906 into model nwt
I0608 16:26:02.251807 213340160 cuckoo_watch.h:45] 2ms in ProcessBatch(bathces_data/aaaabu.batch) [including 0ms in LoadMessage; 0ms in InitializeTheta; 0ms in CreateRegularizerAgents; 0ms in InitializeSparseNdw; 2ms in InferThetaAndUpdateNwtSparse; 0ms in UpdateCacheEntry; 0ms in CalculateScore(^^^ItemsProcessedScore^^^); ]
I0608 16:26:02.256880 213876736 processor.cc:292] Processor: complete processing batch 03dff15b-c29e-4767-98f7-a1b8e90bc374 into model nwt
I0608 16:26:02.257292 213876736 cuckoo_watch.h:45] 15ms in ProcessBatch(bathces_data/aaaaef.batch) [including 1ms in LoadMessage; 0ms in InitializeTheta; 0ms in CreateRegularizerAgents; 0ms in InitializeSparseNdw; 10ms in InferThetaAndUpdateNwtSparse; 0ms in UpdateCacheEntry; 2ms in CalculateScore(^^^ItemsProcessedScore^^^); ]
I0608 16:26:02.260309 214413312 processor.cc:292] Processor: complete processing batch 41b70b8b-8dfe-4f50-a08d-621712d37f57 into model nwt
I0608 16:26:02.260701 214413312 cuckoo_watch.h:45] 12ms in ProcessBatch(bathces_data/aaaafp.batch) [including 1ms in LoadMessage; 0ms in InitializeTheta; 0ms in CreateRegularizerAgents; 0ms in InitializeSparseNdw; 8ms in InferThetaAndUpdateNwtSparse; 0ms in UpdateCacheEntry; 1ms in CalculateScore(^^^ItemsProcessedScore^^^); ]
I0608 16:26:02.261209 409949632 master_component.cc:1442] RegularizeModelArgs: rwt_target_name=rwt, pwt_source_name=pwt, nwt_source_name=nwt
I0608 16:26:02.261229 409949632 master_component.cc:975] MasterComponent: start regularizing model pwt
I0608 16:26:02.274766 214949888 processor.cc:74] No data in processing queue, waiting...
I0608 16:26:02.276052 213340160 processor.cc:74] No data in processing queue, waiting...
I0608 16:26:02.281015 213876736 processor.cc:74] No data in processing queue, waiting...
I0608 16:26:02.284909 214413312 processor.cc:74] No data in processing queue, waiting...
I0608 16:26:02.358057 409949632 master_component.cc:1001] MasterComponent: complete regularizing model pwt
I0608 16:26:02.358100 409949632 master_component.cc:1455] NormalizeModelArgs: pwt_target_name=pwt, nwt_source_name=nwt, rwt_source_name=rwt
I0608 16:26:02.358106 409949632 master_component.cc:1005] MasterComponent: start normalizing model nwt
I0608 16:26:02.418735 409949632 master_component.cc:1033] MasterComponent: complete normalizing model nwt
I0608 16:26:02.497665 409949632 master_component.cc:1479] DisposeModel rwt
I0608 16:26:02.511571 409949632 master_component.cc:1058] FitOffline: ItemsProcessed, num_items=1728, num_batches=173, token_weight=808522, token_weight_in_effect=808522
I0608 16:26:02.512354 409949632 c_interface.cc:389] Pass FitOfflineMasterModelArgs, batch_filename_size=173, batch_weight_size=173, num_collection_passes=1, reset_nwt=yes to MN4artm4core15MasterComponentEFvRKNS_25FitOfflineMasterModelArgsEE
I0608 16:26:02.512392 409949632 master_component.cc:1404] ProcessBatchesArgs: nwt_target_name=nwt, batch_filename_size=173, batch_size=0, batch_weight_size=173, pwt_source_name=pwt, num_document_passes=10, regularizer=(name:BCG_ADDER, tau:100000), reuse_theta=no, opt_for_avx=yes, predict_class_id=, reset_nwt=yes
I0608 16:26:02.525456 213340160 processor.cc:81] Processing queue has data, processing started
I0608 16:26:02.526048 214949888 processor.cc:81] Processing queue has data, processing started
I0608 16:26:02.526094 213876736 processor.cc:81] Processing queue has data, processing started
I0608 16:26:02.526168 213340160 processor.cc:158] Processor: start processing batch 1a4b5aa1-08f5-4bdd-a91f-9613f592603f into model nwt
I0608 16:26:02.526466 213876736 processor.cc:158] Processor: start processing batch da3a1b1b-9f16-4c7a-9a1f-b7adc80a3d50 into model nwt
I0608 16:26:02.526492 214413312 processor.cc:81] Processing queue has data, processing started
I0608 16:26:02.526686 214949888 processor.cc:158] Processor: start processing batch e7c68810-0ca1-429f-9d4b-fbcac7437c83 into model nwt
I0608 16:26:02.526888 214413312 processor.cc:158] Processor: start processing batch 850c02e4-06dc-4988-9442-7419bec7b1db into model nwt
I0608 16:26:02.529515 213876736 processor.cc:292] Processor: complete processing batch da3a1b1b-9f16-4c7a-9a1f-b7adc80a3d50 into model nwt
I0608 16:26:02.529753 213876736 cuckoo_watch.h:45] 3ms in ProcessBatch(bathces_data/aaaaby.batch) [including 0ms in LoadMessage; 0ms in InitializeTheta; 0ms in CreateRegularizerAgents; 0ms in InitializeSparseNdw; 2ms in InferThetaAndUpdateNwtSparse; 0ms in UpdateCacheEntry; 0ms in CalculateScore(^^^ItemsProcessedScore^^^); ]
I0608 16:26:02.529976 214413312 processor.cc:292] Processor: complete processing batch 850c02e4-06dc-4988-9442-7419bec7b1db into model nwt
I0608 16:26:02.530241 214413312 cuckoo_watch.h:45] 3ms in ProcessBatch(bathces_data/aaaaat.batch) [including 0ms in LoadMessage; 0ms in InitializeTheta; 0ms in CreateRegularizerAgents; 0ms in InitializeSparseNdw; 2ms in InferThetaAndUpdateNwtSparse; 0ms in UpdateCacheEntry; 0ms in CalculateScore(^^^ItemsProcessedScore^^^); ]
I0608 16:26:02.530242 214949888 processor.cc:292] Processor: complete processing batch e7c68810-0ca1-429f-9d4b-fbcac7437c83 into model nwt
I0608 16:26:02.530506 214949888 cuckoo_watch.h:45] 4ms in ProcessBatch(bathces_data/aaaabb.batch) [including 0ms in LoadMessage; 0ms in InitializeTheta; 0ms in CreateRegularizerAgents; 0ms in InitializeSparseNdw; 2ms in InferThetaAndUpdateNwtSparse; 0ms in UpdateCacheEntry; 0ms in CalculateScore(^^^ItemsProcessedScore^^^); ]
I0608 16:26:02.530900 214413312 processor.cc:158] Processor: start processing batch 7e6efff3-eddc-4ebd-859f-7d17bf64f856 into model nwt
I0608 16:26:02.531126 213876736 processor.cc:158] Processor: start processing batch c0aa49fe-0090-495a-b259-f1d2d33431f7 into model nwt
I0608 16:26:02.531780 214949888 processor.cc:158] Processor: start processing batch 194ae328-ef87-4421-bc06-813c3cabd6a6 into model nwt
I0608 16:26:02.533913 214413312 processor.cc:292] Processor: complete processing batch 7e6efff3-eddc-4ebd-859f-7d17bf64f856 into model nwt
I0608 16:26:02.534716 214413312 cuckoo_watch.h:45] 4ms in ProcessBatch(bathces_data/aaaaao.batch) [including 0ms in LoadMessage; 0ms in InitializeTheta; 0ms in CreateRegularizerAgents; 0ms in InitializeSparseNdw; 2ms in InferThetaAndUpdateNwtSparse; 0ms in UpdateCacheEntry; 0ms in CalculateScore(^^^ItemsProcessedScore^^^); ]
I0608 16:26:02.535391 214413312 processor.cc:158] Processor: start processing batch 4494eee2-83f6-46be-bcab-dbd35bbaee48 into model nwt
I0608 16:26:02.536026 213340160 processor.cc:292] Processor: complete processing batch 1a4b5aa1-08f5-4bdd-a91f-9613f592603f into model nwt
I0608 16:26:02.536548 213340160 cuckoo_watch.h:45] 11ms in ProcessBatch(bathces_data/aaaafg.batch) [including 0ms in LoadMessage; 0ms in InitializeTheta; 0ms in CreateRegularizerAgents; 0ms in InitializeSparseNdw; 7ms in InferThetaAndUpdateNwtSparse; 0ms in UpdateCacheEntry; 1ms in CalculateScore(^^^ItemsProcessedScore^^^); ]
I0608 16:26:02.537206 213340160 processor.cc:158] Processor: start processing batch 90157bc0-fc10-4c92-b3a2-f6fa4e6803d4 into model nwt
I0608 16:26:02.540129 214413312 processor.cc:292] Processor: complete processing batch 4494eee2-83f6-46be-bcab-dbd35bbaee48 into model nwt
I0608 16:26:02.540760 214413312 cuckoo_watch.h:45] 5ms in ProcessBatch(bathces_data/aaaacp.batch) [including 0ms in LoadMessage; 0ms in InitializeTheta; 0ms in CreateRegularizerAgents; 0ms in InitializeSparseNdw; 3ms in InferThetaAndUpdateNwtSparse; 0ms in UpdateCacheEntry; 0ms in CalculateScore(^^^ItemsProcessedScore^^^); ]
I0608 16:26:02.541231 214413312 processor.cc:158] Processor: start processing batch 29dcd187-defd-4a36-ac5b-411efabd6d51 into model nwt
I0608 16:26:02.544874 214413312 processor.cc:292] Processor: complete processing batch 29dcd187-defd-4a36-ac5b-411efabd6d51 into model nwt
I0608 16:26:02.545101 214413312 cuckoo_watch.h:45] 4ms in ProcessBatch(bathces_data/aaaagn.batch) [including 0ms in LoadMessage; 0ms in InitializeTheta; 0ms in CreateRegularizerAgents; 0ms in InitializeSparseNdw; 2ms in InferThetaAndUpdateNwtSparse; 0ms in UpdateCacheEntry; 0ms in CalculateScore(^^^ItemsProcessedScore^^^); ]
I0608 16:26:02.546051 214413312 processor.cc:158] Processor: start processing batch 74d7390f-c7f1-49a0-9e67-853a908aae82 into model nwt
